[0.079s] DEBUG:colcon:Command line arguments: ['/usr/bin/colcon', 'build']
[0.079s] DEBUG:colcon:Parsed command line arguments: Namespace(log_base=None, log_level=None, verb_name='build', build_base='build', install_base='install', merge_install=False, symlink_install=False, test_result_base=None, continue_on_error=False, executor='parallel', parallel_workers=12, event_handlers=None, ignore_user_meta=False, metas=['./colcon.meta'], base_paths=['.'], packages_ignore=None, packages_ignore_regex=None, paths=None, packages_up_to=None, packages_up_to_regex=None, packages_above=None, packages_above_and_dependencies=None, packages_above_depth=None, packages_select_by_dep=None, packages_skip_by_dep=None, packages_skip_up_to=None, packages_select_build_failed=False, packages_skip_build_finished=False, packages_select_test_failures=False, packages_skip_test_passed=False, packages_select=None, packages_skip=None, packages_select_regex=None, packages_skip_regex=None, packages_start=None, packages_end=None, allow_overriding=[], cmake_args=None, cmake_target=None, cmake_target_skip_unavailable=False, cmake_clean_cache=False, cmake_clean_first=False, cmake_force_configure=False, ament_cmake_args=None, catkin_cmake_args=None, catkin_skip_building_tests=False, mixin_files=None, mixin=None, verb_parser=<colcon_mixin.mixin.mixin_argument.MixinArgumentDecorator object at 0x7576dd845ea0>, verb_extension=<colcon_core.verb.build.BuildVerb object at 0x7576dd95ae60>, main=<bound method BuildVerb.main of <colcon_core.verb.build.BuildVerb object at 0x7576dd95ae60>>, mixin_verb=('build',))
[0.203s] Level 1:colcon.colcon_core.package_discovery:discover_packages(colcon_meta) check parameters
[0.203s] Level 1:colcon.colcon_core.package_discovery:discover_packages(recursive) check parameters
[0.203s] Level 1:colcon.colcon_core.package_discovery:discover_packages(ignore) check parameters
[0.203s] Level 1:colcon.colcon_core.package_discovery:discover_packages(path) check parameters
[0.204s] Level 1:colcon.colcon_core.package_discovery:discover_packages(colcon_meta) discover
[0.204s] Level 1:colcon.colcon_core.package_discovery:discover_packages(recursive) discover
[0.204s] INFO:colcon.colcon_core.package_discovery:Crawling recursively for packages in '/home/manish/eiratech_ws'
[0.204s] Level 1:colcon.colcon_core.package_identification:_identify(.) by extensions ['ignore', 'ignore_ament_install']
[0.204s] Level 1:colcon.colcon_core.package_identification:_identify(.) by extension 'ignore'
[0.204s] Level 1:colcon.colcon_core.package_identification:_identify(.) by extension 'ignore_ament_install'
[0.204s] Level 1:colcon.colcon_core.package_identification:_identify(.) by extensions ['colcon_pkg']
[0.204s] Level 1:colcon.colcon_core.package_identification:_identify(.) by extension 'colcon_pkg'
[0.204s] Level 1:colcon.colcon_core.package_identification:_identify(.) by extensions ['colcon_meta']
[0.204s] Level 1:colcon.colcon_core.package_identification:_identify(.) by extension 'colcon_meta'
[0.204s] Level 1:colcon.colcon_core.package_identification:_identify(.) by extensions ['ros']
[0.204s] Level 1:colcon.colcon_core.package_identification:_identify(.) by extension 'ros'
[0.211s] Level 1:colcon.colcon_core.package_identification:_identify(.) by extensions ['cmake', 'python']
[0.211s] Level 1:colcon.colcon_core.package_identification:_identify(.) by extension 'cmake'
[0.211s] Level 1:colcon.colcon_core.package_identification:_identify(.) by extension 'python'
[0.211s] Level 1:colcon.colcon_core.package_identification:_identify(.) by extensions ['python_setup_py']
[0.211s] Level 1:colcon.colcon_core.package_identification:_identify(.) by extension 'python_setup_py'
[0.211s] Level 1:colcon.colcon_core.package_identification:_identify(build) by extensions ['ignore', 'ignore_ament_install']
[0.212s] Level 1:colcon.colcon_core.package_identification:_identify(build) by extension 'ignore'
[0.212s] Level 1:colcon.colcon_core.package_identification:_identify(build) ignored
[0.212s] Level 1:colcon.colcon_core.package_identification:_identify(install) by extensions ['ignore', 'ignore_ament_install']
[0.212s] Level 1:colcon.colcon_core.package_identification:_identify(install) by extension 'ignore'
[0.212s] Level 1:colcon.colcon_core.package_identification:_identify(install) ignored
[0.212s] Level 1:colcon.colcon_core.package_identification:_identify(log) by extensions ['ignore', 'ignore_ament_install']
[0.212s] Level 1:colcon.colcon_core.package_identification:_identify(log) by extension 'ignore'
[0.212s] Level 1:colcon.colcon_core.package_identification:_identify(log) ignored
[0.212s] Level 1:colcon.colcon_core.package_identification:_identify(src) by extensions ['ignore', 'ignore_ament_install']
[0.212s] Level 1:colcon.colcon_core.package_identification:_identify(src) by extension 'ignore'
[0.212s] Level 1:colcon.colcon_core.package_identification:_identify(src) by extension 'ignore_ament_install'
[0.212s] Level 1:colcon.colcon_core.package_identification:_identify(src) by extensions ['colcon_pkg']
[0.212s] Level 1:colcon.colcon_core.package_identification:_identify(src) by extension 'colcon_pkg'
[0.212s] Level 1:colcon.colcon_core.package_identification:_identify(src) by extensions ['colcon_meta']
[0.212s] Level 1:colcon.colcon_core.package_identification:_identify(src) by extension 'colcon_meta'
[0.212s] Level 1:colcon.colcon_core.package_identification:_identify(src) by extensions ['ros']
[0.212s] Level 1:colcon.colcon_core.package_identification:_identify(src) by extension 'ros'
[0.212s] Level 1:colcon.colcon_core.package_identification:_identify(src) by extensions ['cmake', 'python']
[0.212s] Level 1:colcon.colcon_core.package_identification:_identify(src) by extension 'cmake'
[0.212s] Level 1:colcon.colcon_core.package_identification:_identify(src) by extension 'python'
[0.212s] Level 1:colcon.colcon_core.package_identification:_identify(src) by extensions ['python_setup_py']
[0.212s] Level 1:colcon.colcon_core.package_identification:_identify(src) by extension 'python_setup_py'
[0.213s] Level 1:colcon.colcon_core.package_identification:_identify(src/cropmap_nav2) by extensions ['ignore', 'ignore_ament_install']
[0.213s] Level 1:colcon.colcon_core.package_identification:_identify(src/cropmap_nav2) by extension 'ignore'
[0.213s] Level 1:colcon.colcon_core.package_identification:_identify(src/cropmap_nav2) by extension 'ignore_ament_install'
[0.213s] Level 1:colcon.colcon_core.package_identification:_identify(src/cropmap_nav2) by extensions ['colcon_pkg']
[0.213s] Level 1:colcon.colcon_core.package_identification:_identify(src/cropmap_nav2) by extension 'colcon_pkg'
[0.213s] Level 1:colcon.colcon_core.package_identification:_identify(src/cropmap_nav2) by extensions ['colcon_meta']
[0.213s] Level 1:colcon.colcon_core.package_identification:_identify(src/cropmap_nav2) by extension 'colcon_meta'
[0.213s] Level 1:colcon.colcon_core.package_identification:_identify(src/cropmap_nav2) by extensions ['ros']
[0.213s] Level 1:colcon.colcon_core.package_identification:_identify(src/cropmap_nav2) by extension 'ros'
[0.215s] DEBUG:colcon.colcon_core.package_identification:Package 'src/cropmap_nav2' with type 'ros.ament_cmake' and name 'cropmap_nav2'
[0.215s] Level 1:colcon.colcon_core.package_identification:_identify(src/robot_bringup) by extensions ['ignore', 'ignore_ament_install']
[0.215s] Level 1:colcon.colcon_core.package_identification:_identify(src/robot_bringup) by extension 'ignore'
[0.215s] Level 1:colcon.colcon_core.package_identification:_identify(src/robot_bringup) by extension 'ignore_ament_install'
[0.215s] Level 1:colcon.colcon_core.package_identification:_identify(src/robot_bringup) by extensions ['colcon_pkg']
[0.215s] Level 1:colcon.colcon_core.package_identification:_identify(src/robot_bringup) by extension 'colcon_pkg'
[0.215s] Level 1:colcon.colcon_core.package_identification:_identify(src/robot_bringup) by extensions ['colcon_meta']
[0.215s] Level 1:colcon.colcon_core.package_identification:_identify(src/robot_bringup) by extension 'colcon_meta'
[0.215s] Level 1:colcon.colcon_core.package_identification:_identify(src/robot_bringup) by extensions ['ros']
[0.215s] Level 1:colcon.colcon_core.package_identification:_identify(src/robot_bringup) by extension 'ros'
[0.216s] DEBUG:colcon.colcon_core.package_identification:Package 'src/robot_bringup' with type 'ros.ament_cmake' and name 'robot_bringup'
[0.216s] Level 1:colcon.colcon_core.package_identification:_identify(src/robot_control) by extensions ['ignore', 'ignore_ament_install']
[0.216s] Level 1:colcon.colcon_core.package_identification:_identify(src/robot_control) by extension 'ignore'
[0.217s] Level 1:colcon.colcon_core.package_identification:_identify(src/robot_control) by extension 'ignore_ament_install'
[0.217s] Level 1:colcon.colcon_core.package_identification:_identify(src/robot_control) by extensions ['colcon_pkg']
[0.217s] Level 1:colcon.colcon_core.package_identification:_identify(src/robot_control) by extension 'colcon_pkg'
[0.217s] Level 1:colcon.colcon_core.package_identification:_identify(src/robot_control) by extensions ['colcon_meta']
[0.217s] Level 1:colcon.colcon_core.package_identification:_identify(src/robot_control) by extension 'colcon_meta'
[0.217s] Level 1:colcon.colcon_core.package_identification:_identify(src/robot_control) by extensions ['ros']
[0.217s] Level 1:colcon.colcon_core.package_identification:_identify(src/robot_control) by extension 'ros'
[0.217s] DEBUG:colcon.colcon_core.package_identification:Package 'src/robot_control' with type 'ros.ament_cmake' and name 'robot_control'
[0.217s] Level 1:colcon.colcon_core.package_identification:_identify(src/robot_description) by extensions ['ignore', 'ignore_ament_install']
[0.217s] Level 1:colcon.colcon_core.package_identification:_identify(src/robot_description) by extension 'ignore'
[0.217s] Level 1:colcon.colcon_core.package_identification:_identify(src/robot_description) by extension 'ignore_ament_install'
[0.217s] Level 1:colcon.colcon_core.package_identification:_identify(src/robot_description) by extensions ['colcon_pkg']
[0.218s] Level 1:colcon.colcon_core.package_identification:_identify(src/robot_description) by extension 'colcon_pkg'
[0.218s] Level 1:colcon.colcon_core.package_identification:_identify(src/robot_description) by extensions ['colcon_meta']
[0.218s] Level 1:colcon.colcon_core.package_identification:_identify(src/robot_description) by extension 'colcon_meta'
[0.218s] Level 1:colcon.colcon_core.package_identification:_identify(src/robot_description) by extensions ['ros']
[0.218s] Level 1:colcon.colcon_core.package_identification:_identify(src/robot_description) by extension 'ros'
[0.218s] DEBUG:colcon.colcon_core.package_identification:Package 'src/robot_description' with type 'ros.ament_cmake' and name 'robot_description'
[0.218s] Level 1:colcon.colcon_core.package_discovery:discover_packages(recursive) using defaults
[0.218s] Level 1:colcon.colcon_core.package_discovery:discover_packages(ignore) discover
[0.218s] Level 1:colcon.colcon_core.package_discovery:discover_packages(ignore) using defaults
[0.218s] Level 1:colcon.colcon_core.package_discovery:discover_packages(path) discover
[0.218s] Level 1:colcon.colcon_core.package_discovery:discover_packages(path) using defaults
[0.238s] Level 1:colcon.colcon_core.package_discovery:discover_packages(prefix_path) check parameters
[0.238s] Level 1:colcon.colcon_core.package_discovery:discover_packages(prefix_path) discover
[0.239s] DEBUG:colcon.colcon_installed_package_information.package_discovery:Found 4 installed packages in /home/manish/eiratech_ws/install
[0.241s] DEBUG:colcon.colcon_installed_package_information.package_discovery:Found 420 installed packages in /opt/ros/humble
[0.242s] Level 1:colcon.colcon_core.package_discovery:discover_packages(prefix_path) using defaults
[0.278s] Level 5:colcon.colcon_core.verb:set package 'cropmap_nav2' build argument 'cmake_args' from command line to 'None'
[0.278s] Level 5:colcon.colcon_core.verb:set package 'cropmap_nav2' build argument 'cmake_target' from command line to 'None'
[0.278s] Level 5:colcon.colcon_core.verb:set package 'cropmap_nav2' build argument 'cmake_target_skip_unavailable' from command line to 'False'
[0.278s] Level 5:colcon.colcon_core.verb:set package 'cropmap_nav2' build argument 'cmake_clean_cache' from command line to 'False'
[0.278s] Level 5:colcon.colcon_core.verb:set package 'cropmap_nav2' build argument 'cmake_clean_first' from command line to 'False'
[0.278s] Level 5:colcon.colcon_core.verb:set package 'cropmap_nav2' build argument 'cmake_force_configure' from command line to 'False'
[0.278s] Level 5:colcon.colcon_core.verb:set package 'cropmap_nav2' build argument 'ament_cmake_args' from command line to 'None'
[0.278s] Level 5:colcon.colcon_core.verb:set package 'cropmap_nav2' build argument 'catkin_cmake_args' from command line to 'None'
[0.278s] Level 5:colcon.colcon_core.verb:set package 'cropmap_nav2' build argument 'catkin_skip_building_tests' from command line to 'False'
[0.278s] DEBUG:colcon.colcon_core.verb:Building package 'cropmap_nav2' with the following arguments: {'ament_cmake_args': None, 'build_base': '/home/manish/eiratech_ws/build/cropmap_nav2', 'catkin_cmake_args': None, 'catkin_skip_building_tests': False, 'cmake_args': None, 'cmake_clean_cache': False, 'cmake_clean_first': False, 'cmake_force_configure': False, 'cmake_target': None, 'cmake_target_skip_unavailable': False, 'install_base': '/home/manish/eiratech_ws/install/cropmap_nav2', 'merge_install': False, 'path': '/home/manish/eiratech_ws/src/cropmap_nav2', 'symlink_install': False, 'test_result_base': None}
[0.279s] Level 5:colcon.colcon_core.verb:set package 'robot_control' build argument 'cmake_args' from command line to 'None'
[0.279s] Level 5:colcon.colcon_core.verb:set package 'robot_control' build argument 'cmake_target' from command line to 'None'
[0.279s] Level 5:colcon.colcon_core.verb:set package 'robot_control' build argument 'cmake_target_skip_unavailable' from command line to 'False'
[0.279s] Level 5:colcon.colcon_core.verb:set package 'robot_control' build argument 'cmake_clean_cache' from command line to 'False'
[0.279s] Level 5:colcon.colcon_core.verb:set package 'robot_control' build argument 'cmake_clean_first' from command line to 'False'
[0.279s] Level 5:colcon.colcon_core.verb:set package 'robot_control' build argument 'cmake_force_configure' from command line to 'False'
[0.279s] Level 5:colcon.colcon_core.verb:set package 'robot_control' build argument 'ament_cmake_args' from command line to 'None'
[0.279s] Level 5:colcon.colcon_core.verb:set package 'robot_control' build argument 'catkin_cmake_args' from command line to 'None'
[0.279s] Level 5:colcon.colcon_core.verb:set package 'robot_control' build argument 'catkin_skip_building_tests' from command line to 'False'
[0.279s] DEBUG:colcon.colcon_core.verb:Building package 'robot_control' with the following arguments: {'ament_cmake_args': None, 'build_base': '/home/manish/eiratech_ws/build/robot_control', 'catkin_cmake_args': None, 'catkin_skip_building_tests': False, 'cmake_args': None, 'cmake_clean_cache': False, 'cmake_clean_first': False, 'cmake_force_configure': False, 'cmake_target': None, 'cmake_target_skip_unavailable': False, 'install_base': '/home/manish/eiratech_ws/install/robot_control', 'merge_install': False, 'path': '/home/manish/eiratech_ws/src/robot_control', 'symlink_install': False, 'test_result_base': None}
[0.279s] Level 5:colcon.colcon_core.verb:set package 'robot_description' build argument 'cmake_args' from command line to 'None'
[0.279s] Level 5:colcon.colcon_core.verb:set package 'robot_description' build argument 'cmake_target' from command line to 'None'
[0.279s] Level 5:colcon.colcon_core.verb:set package 'robot_description' build argument 'cmake_target_skip_unavailable' from command line to 'False'
[0.279s] Level 5:colcon.colcon_core.verb:set package 'robot_description' build argument 'cmake_clean_cache' from command line to 'False'
[0.279s] Level 5:colcon.colcon_core.verb:set package 'robot_description' build argument 'cmake_clean_first' from command line to 'False'
[0.279s] Level 5:colcon.colcon_core.verb:set package 'robot_description' build argument 'cmake_force_configure' from command line to 'False'
[0.279s] Level 5:colcon.colcon_core.verb:set package 'robot_description' build argument 'ament_cmake_args' from command line to 'None'
[0.279s] Level 5:colcon.colcon_core.verb:set package 'robot_description' build argument 'catkin_cmake_args' from command line to 'None'
[0.279s] Level 5:colcon.colcon_core.verb:set package 'robot_description' build argument 'catkin_skip_building_tests' from command line to 'False'
[0.279s] DEBUG:colcon.colcon_core.verb:Building package 'robot_description' with the following arguments: {'ament_cmake_args': None, 'build_base': '/home/manish/eiratech_ws/build/robot_description', 'catkin_cmake_args': None, 'catkin_skip_building_tests': False, 'cmake_args': None, 'cmake_clean_cache': False, 'cmake_clean_first': False, 'cmake_force_configure': False, 'cmake_target': None, 'cmake_target_skip_unavailable': False, 'install_base': '/home/manish/eiratech_ws/install/robot_description', 'merge_install': False, 'path': '/home/manish/eiratech_ws/src/robot_description', 'symlink_install': False, 'test_result_base': None}
[0.279s] Level 5:colcon.colcon_core.verb:set package 'robot_bringup' build argument 'cmake_args' from command line to 'None'
[0.279s] Level 5:colcon.colcon_core.verb:set package 'robot_bringup' build argument 'cmake_target' from command line to 'None'
[0.279s] Level 5:colcon.colcon_core.verb:set package 'robot_bringup' build argument 'cmake_target_skip_unavailable' from command line to 'False'
[0.279s] Level 5:colcon.colcon_core.verb:set package 'robot_bringup' build argument 'cmake_clean_cache' from command line to 'False'
[0.279s] Level 5:colcon.colcon_core.verb:set package 'robot_bringup' build argument 'cmake_clean_first' from command line to 'False'
[0.279s] Level 5:colcon.colcon_core.verb:set package 'robot_bringup' build argument 'cmake_force_configure' from command line to 'False'
[0.279s] Level 5:colcon.colcon_core.verb:set package 'robot_bringup' build argument 'ament_cmake_args' from command line to 'None'
[0.280s] Level 5:colcon.colcon_core.verb:set package 'robot_bringup' build argument 'catkin_cmake_args' from command line to 'None'
[0.280s] Level 5:colcon.colcon_core.verb:set package 'robot_bringup' build argument 'catkin_skip_building_tests' from command line to 'False'
[0.280s] DEBUG:colcon.colcon_core.verb:Building package 'robot_bringup' with the following arguments: {'ament_cmake_args': None, 'build_base': '/home/manish/eiratech_ws/build/robot_bringup', 'catkin_cmake_args': None, 'catkin_skip_building_tests': False, 'cmake_args': None, 'cmake_clean_cache': False, 'cmake_clean_first': False, 'cmake_force_configure': False, 'cmake_target': None, 'cmake_target_skip_unavailable': False, 'install_base': '/home/manish/eiratech_ws/install/robot_bringup', 'merge_install': False, 'path': '/home/manish/eiratech_ws/src/robot_bringup', 'symlink_install': False, 'test_result_base': None}
[0.280s] INFO:colcon.colcon_core.executor:Executing jobs using 'parallel' executor
[0.280s] DEBUG:colcon.colcon_parallel_executor.executor.parallel:run_until_complete
[0.281s] INFO:colcon.colcon_ros.task.ament_cmake.build:Building ROS package in '/home/manish/eiratech_ws/src/robot_description' with build type 'ament_cmake'
[0.281s] INFO:colcon.colcon_cmake.task.cmake.build:Building CMake package in '/home/manish/eiratech_ws/src/robot_description'
[0.282s] INFO:colcon.colcon_core.plugin_system:Skipping extension 'colcon_core.shell.bat': Not used on non-Windows systems
[0.282s] INFO:colcon.colcon_core.shell:Skip shell extension 'powershell' for command environment: Not usable outside of PowerShell
[0.282s] DEBUG:colcon.colcon_core.shell:Skip shell extension 'dsv' for command environment
[0.285s] INFO:colcon.colcon_ros.task.ament_cmake.build:Building ROS package in '/home/manish/eiratech_ws/src/cropmap_nav2' with build type 'ament_cmake'
[0.285s] INFO:colcon.colcon_cmake.task.cmake.build:Building CMake package in '/home/manish/eiratech_ws/src/cropmap_nav2'
[0.285s] INFO:colcon.colcon_core.shell:Skip shell extension 'powershell' for command environment: Not usable outside of PowerShell
[0.285s] DEBUG:colcon.colcon_core.shell:Skip shell extension 'dsv' for command environment
[0.287s] INFO:colcon.colcon_ros.task.ament_cmake.build:Building ROS package in '/home/manish/eiratech_ws/src/robot_control' with build type 'ament_cmake'
[0.287s] INFO:colcon.colcon_cmake.task.cmake.build:Building CMake package in '/home/manish/eiratech_ws/src/robot_control'
[0.288s] INFO:colcon.colcon_core.shell:Skip shell extension 'powershell' for command environment: Not usable outside of PowerShell
[0.288s] DEBUG:colcon.colcon_core.shell:Skip shell extension 'dsv' for command environment
[0.293s] DEBUG:colcon.colcon_core.event_handler.log_command:Invoking command in '/home/manish/eiratech_ws/build/robot_description': CMAKE_PREFIX_PATH=${CMAKE_PREFIX_PATH}:/opt/ros/humble /usr/bin/cmake --build /home/manish/eiratech_ws/build/robot_description -- -j12 -l12
[0.297s] DEBUG:colcon.colcon_core.event_handler.log_command:Invoking command in '/home/manish/eiratech_ws/build/cropmap_nav2': CMAKE_PREFIX_PATH=${CMAKE_PREFIX_PATH}:/opt/ros/humble /usr/bin/cmake --build /home/manish/eiratech_ws/build/cropmap_nav2 -- -j12 -l12
[0.300s] DEBUG:colcon.colcon_core.event_handler.log_command:Invoking command in '/home/manish/eiratech_ws/build/robot_control': CMAKE_PREFIX_PATH=${CMAKE_PREFIX_PATH}:/opt/ros/humble /usr/bin/cmake --build /home/manish/eiratech_ws/build/robot_control -- -j12 -l12
[0.322s] DEBUG:colcon.colcon_core.event_handler.log_command:Invoked command in '/home/manish/eiratech_ws/build/cropmap_nav2' returned '0': CMAKE_PREFIX_PATH=${CMAKE_PREFIX_PATH}:/opt/ros/humble /usr/bin/cmake --build /home/manish/eiratech_ws/build/cropmap_nav2 -- -j12 -l12
[0.328s] DEBUG:colcon.colcon_core.event_handler.log_command:Invoking command in '/home/manish/eiratech_ws/build/cropmap_nav2': CMAKE_PREFIX_PATH=${CMAKE_PREFIX_PATH}:/opt/ros/humble /usr/bin/cmake --install /home/manish/eiratech_ws/build/cropmap_nav2
[0.328s] DEBUG:colcon.colcon_core.event_handler.log_command:Invoked command in '/home/manish/eiratech_ws/build/robot_description' returned '0': CMAKE_PREFIX_PATH=${CMAKE_PREFIX_PATH}:/opt/ros/humble /usr/bin/cmake --build /home/manish/eiratech_ws/build/robot_description -- -j12 -l12
[0.329s] DEBUG:colcon.colcon_core.event_handler.log_command:Invoking command in '/home/manish/eiratech_ws/build/robot_description': CMAKE_PREFIX_PATH=${CMAKE_PREFIX_PATH}:/opt/ros/humble /usr/bin/cmake --install /home/manish/eiratech_ws/build/robot_description
[0.330s] DEBUG:colcon.colcon_core.event_handler.log_command:Invoked command in '/home/manish/eiratech_ws/build/robot_control' returned '0': CMAKE_PREFIX_PATH=${CMAKE_PREFIX_PATH}:/opt/ros/humble /usr/bin/cmake --build /home/manish/eiratech_ws/build/robot_control -- -j12 -l12
[0.331s] DEBUG:colcon.colcon_core.event_handler.log_command:Invoking command in '/home/manish/eiratech_ws/build/robot_control': CMAKE_PREFIX_PATH=${CMAKE_PREFIX_PATH}:/opt/ros/humble /usr/bin/cmake --install /home/manish/eiratech_ws/build/robot_control
[0.336s] Level 1:colcon.colcon_core.environment:create_environment_scripts_only(cropmap_nav2)
[0.339s] DEBUG:colcon.colcon_core.event_handler.log_command:Invoked command in '/home/manish/eiratech_ws/build/cropmap_nav2' returned '0': CMAKE_PREFIX_PATH=${CMAKE_PREFIX_PATH}:/opt/ros/humble /usr/bin/cmake --install /home/manish/eiratech_ws/build/cropmap_nav2
[0.341s] Level 1:colcon.colcon_core.environment:checking '/home/manish/eiratech_ws/install/cropmap_nav2' for CMake module files
[0.342s] Level 1:colcon.colcon_core.environment:checking '/home/manish/eiratech_ws/install/cropmap_nav2' for CMake config files
[0.342s] Level 1:colcon.colcon_core.shell:create_environment_hook('cropmap_nav2', 'cmake_prefix_path')
[0.342s] INFO:colcon.colcon_core.shell:Creating environment hook '/home/manish/eiratech_ws/install/cropmap_nav2/share/cropmap_nav2/hook/cmake_prefix_path.ps1'
[0.342s] INFO:colcon.colcon_core.shell:Creating environment descriptor '/home/manish/eiratech_ws/install/cropmap_nav2/share/cropmap_nav2/hook/cmake_prefix_path.dsv'
[0.343s] INFO:colcon.colcon_core.shell:Creating environment hook '/home/manish/eiratech_ws/install/cropmap_nav2/share/cropmap_nav2/hook/cmake_prefix_path.sh'
[0.344s] Level 1:colcon.colcon_core.environment:checking '/home/manish/eiratech_ws/install/cropmap_nav2/bin'
[0.344s] Level 1:colcon.colcon_core.environment:checking '/home/manish/eiratech_ws/install/cropmap_nav2/lib/pkgconfig/cropmap_nav2.pc'
[0.344s] Level 1:colcon.colcon_core.environment:checking '/home/manish/eiratech_ws/install/cropmap_nav2/lib/python3.10/site-packages'
[0.344s] Level 1:colcon.colcon_core.environment:checking '/home/manish/eiratech_ws/install/cropmap_nav2/bin'
[0.344s] INFO:colcon.colcon_core.shell:Creating package script '/home/manish/eiratech_ws/install/cropmap_nav2/share/cropmap_nav2/package.ps1'
[0.345s] INFO:colcon.colcon_core.shell:Creating package descriptor '/home/manish/eiratech_ws/install/cropmap_nav2/share/cropmap_nav2/package.dsv'
[0.345s] INFO:colcon.colcon_core.shell:Creating package script '/home/manish/eiratech_ws/install/cropmap_nav2/share/cropmap_nav2/package.sh'
[0.346s] INFO:colcon.colcon_core.shell:Creating package script '/home/manish/eiratech_ws/install/cropmap_nav2/share/cropmap_nav2/package.bash'
[0.346s] INFO:colcon.colcon_core.shell:Creating package script '/home/manish/eiratech_ws/install/cropmap_nav2/share/cropmap_nav2/package.zsh'
[0.347s] Level 1:colcon.colcon_core.environment:create_file_with_runtime_dependencies(/home/manish/eiratech_ws/install/cropmap_nav2/share/colcon-core/packages/cropmap_nav2)
[0.347s] Level 1:colcon.colcon_core.environment:create_environment_scripts_only(cropmap_nav2)
[0.347s] Level 1:colcon.colcon_core.environment:checking '/home/manish/eiratech_ws/install/cropmap_nav2' for CMake module files
[0.348s] Level 1:colcon.colcon_core.environment:checking '/home/manish/eiratech_ws/install/cropmap_nav2' for CMake config files
[0.348s] Level 1:colcon.colcon_core.shell:create_environment_hook('cropmap_nav2', 'cmake_prefix_path')
[0.348s] INFO:colcon.colcon_core.shell:Creating environment hook '/home/manish/eiratech_ws/install/cropmap_nav2/share/cropmap_nav2/hook/cmake_prefix_path.ps1'
[0.348s] INFO:colcon.colcon_core.shell:Creating environment descriptor '/home/manish/eiratech_ws/install/cropmap_nav2/share/cropmap_nav2/hook/cmake_prefix_path.dsv'
[0.349s] INFO:colcon.colcon_core.shell:Creating environment hook '/home/manish/eiratech_ws/install/cropmap_nav2/share/cropmap_nav2/hook/cmake_prefix_path.sh'
[0.349s] Level 1:colcon.colcon_core.environment:checking '/home/manish/eiratech_ws/install/cropmap_nav2/bin'
[0.349s] Level 1:colcon.colcon_core.environment:checking '/home/manish/eiratech_ws/install/cropmap_nav2/lib/pkgconfig/cropmap_nav2.pc'
[0.349s] Level 1:colcon.colcon_core.environment:checking '/home/manish/eiratech_ws/install/cropmap_nav2/lib/python3.10/site-packages'
[0.349s] Level 1:colcon.colcon_core.environment:checking '/home/manish/eiratech_ws/install/cropmap_nav2/bin'
[0.349s] INFO:colcon.colcon_core.shell:Creating package script '/home/manish/eiratech_ws/install/cropmap_nav2/share/cropmap_nav2/package.ps1'
[0.350s] INFO:colcon.colcon_core.shell:Creating package descriptor '/home/manish/eiratech_ws/install/cropmap_nav2/share/cropmap_nav2/package.dsv'
[0.350s] INFO:colcon.colcon_core.shell:Creating package script '/home/manish/eiratech_ws/install/cropmap_nav2/share/cropmap_nav2/package.sh'
[0.350s] INFO:colcon.colcon_core.shell:Creating package script '/home/manish/eiratech_ws/install/cropmap_nav2/share/cropmap_nav2/package.bash'
[0.351s] INFO:colcon.colcon_core.shell:Creating package script '/home/manish/eiratech_ws/install/cropmap_nav2/share/cropmap_nav2/package.zsh'
[0.351s] Level 1:colcon.colcon_core.environment:create_file_with_runtime_dependencies(/home/manish/eiratech_ws/install/cropmap_nav2/share/colcon-core/packages/cropmap_nav2)
[0.352s] Level 1:colcon.colcon_core.environment:create_environment_scripts_only(robot_control)
[0.352s] Level 1:colcon.colcon_core.environment:checking '/home/manish/eiratech_ws/install/robot_control' for CMake module files
[0.352s] DEBUG:colcon.colcon_core.event_handler.log_command:Invoked command in '/home/manish/eiratech_ws/build/robot_control' returned '0': CMAKE_PREFIX_PATH=${CMAKE_PREFIX_PATH}:/opt/ros/humble /usr/bin/cmake --install /home/manish/eiratech_ws/build/robot_control
[0.353s] Level 1:colcon.colcon_core.environment:checking '/home/manish/eiratech_ws/install/robot_control' for CMake config files
[0.353s] Level 1:colcon.colcon_core.shell:create_environment_hook('robot_control', 'cmake_prefix_path')
[0.353s] INFO:colcon.colcon_core.shell:Creating environment hook '/home/manish/eiratech_ws/install/robot_control/share/robot_control/hook/cmake_prefix_path.ps1'
[0.353s] INFO:colcon.colcon_core.shell:Creating environment descriptor '/home/manish/eiratech_ws/install/robot_control/share/robot_control/hook/cmake_prefix_path.dsv'
[0.353s] INFO:colcon.colcon_core.shell:Creating environment hook '/home/manish/eiratech_ws/install/robot_control/share/robot_control/hook/cmake_prefix_path.sh'
[0.354s] Level 1:colcon.colcon_core.environment:checking '/home/manish/eiratech_ws/install/robot_control/bin'
[0.354s] Level 1:colcon.colcon_core.environment:checking '/home/manish/eiratech_ws/install/robot_control/lib/pkgconfig/robot_control.pc'
[0.354s] Level 1:colcon.colcon_core.environment:checking '/home/manish/eiratech_ws/install/robot_control/lib/python3.10/site-packages'
[0.354s] Level 1:colcon.colcon_core.environment:checking '/home/manish/eiratech_ws/install/robot_control/bin'
[0.354s] INFO:colcon.colcon_core.shell:Creating package script '/home/manish/eiratech_ws/install/robot_control/share/robot_control/package.ps1'
[0.355s] INFO:colcon.colcon_core.shell:Creating package descriptor '/home/manish/eiratech_ws/install/robot_control/share/robot_control/package.dsv'
[0.355s] INFO:colcon.colcon_core.shell:Creating package script '/home/manish/eiratech_ws/install/robot_control/share/robot_control/package.sh'
[0.355s] INFO:colcon.colcon_core.shell:Creating package script '/home/manish/eiratech_ws/install/robot_control/share/robot_control/package.bash'
[0.355s] INFO:colcon.colcon_core.shell:Creating package script '/home/manish/eiratech_ws/install/robot_control/share/robot_control/package.zsh'
[0.356s] Level 1:colcon.colcon_core.environment:create_file_with_runtime_dependencies(/home/manish/eiratech_ws/install/robot_control/share/colcon-core/packages/robot_control)
[0.356s] Level 1:colcon.colcon_core.environment:create_environment_scripts_only(robot_control)
[0.356s] Level 1:colcon.colcon_core.environment:checking '/home/manish/eiratech_ws/install/robot_control' for CMake module files
[0.356s] Level 1:colcon.colcon_core.environment:checking '/home/manish/eiratech_ws/install/robot_control' for CMake config files
[0.356s] Level 1:colcon.colcon_core.shell:create_environment_hook('robot_control', 'cmake_prefix_path')
[0.357s] INFO:colcon.colcon_core.shell:Creating environment hook '/home/manish/eiratech_ws/install/robot_control/share/robot_control/hook/cmake_prefix_path.ps1'
[0.357s] INFO:colcon.colcon_core.shell:Creating environment descriptor '/home/manish/eiratech_ws/install/robot_control/share/robot_control/hook/cmake_prefix_path.dsv'
[0.357s] INFO:colcon.colcon_core.shell:Creating environment hook '/home/manish/eiratech_ws/install/robot_control/share/robot_control/hook/cmake_prefix_path.sh'
[0.357s] Level 1:colcon.colcon_core.environment:checking '/home/manish/eiratech_ws/install/robot_control/bin'
[0.357s] Level 1:colcon.colcon_core.environment:checking '/home/manish/eiratech_ws/install/robot_control/lib/pkgconfig/robot_control.pc'
[0.358s] Level 1:colcon.colcon_core.environment:checking '/home/manish/eiratech_ws/install/robot_control/lib/python3.10/site-packages'
[0.358s] Level 1:colcon.colcon_core.environment:checking '/home/manish/eiratech_ws/install/robot_control/bin'
[0.358s] INFO:colcon.colcon_core.shell:Creating package script '/home/manish/eiratech_ws/install/robot_control/share/robot_control/package.ps1'
[0.358s] INFO:colcon.colcon_core.shell:Creating package descriptor '/home/manish/eiratech_ws/install/robot_control/share/robot_control/package.dsv'
[0.359s] INFO:colcon.colcon_core.shell:Creating package script '/home/manish/eiratech_ws/install/robot_control/share/robot_control/package.sh'
[0.359s] INFO:colcon.colcon_core.shell:Creating package script '/home/manish/eiratech_ws/install/robot_control/share/robot_control/package.bash'
[0.359s] INFO:colcon.colcon_core.shell:Creating package script '/home/manish/eiratech_ws/install/robot_control/share/robot_control/package.zsh'
[0.360s] Level 1:colcon.colcon_core.environment:create_file_with_runtime_dependencies(/home/manish/eiratech_ws/install/robot_control/share/colcon-core/packages/robot_control)
[0.360s] Level 1:colcon.colcon_core.environment:create_environment_scripts_only(robot_description)
[0.360s] Level 1:colcon.colcon_core.environment:checking '/home/manish/eiratech_ws/install/robot_description' for CMake module files
[0.360s] DEBUG:colcon.colcon_core.event_handler.log_command:Invoked command in '/home/manish/eiratech_ws/build/robot_description' returned '0': CMAKE_PREFIX_PATH=${CMAKE_PREFIX_PATH}:/opt/ros/humble /usr/bin/cmake --install /home/manish/eiratech_ws/build/robot_description
[0.361s] Level 1:colcon.colcon_core.environment:checking '/home/manish/eiratech_ws/install/robot_description' for CMake config files
[0.361s] Level 1:colcon.colcon_core.shell:create_environment_hook('robot_description', 'cmake_prefix_path')
[0.361s] INFO:colcon.colcon_core.shell:Creating environment hook '/home/manish/eiratech_ws/install/robot_description/share/robot_description/hook/cmake_prefix_path.ps1'
[0.361s] INFO:colcon.colcon_core.shell:Creating environment descriptor '/home/manish/eiratech_ws/install/robot_description/share/robot_description/hook/cmake_prefix_path.dsv'
[0.361s] INFO:colcon.colcon_core.shell:Creating environment hook '/home/manish/eiratech_ws/install/robot_description/share/robot_description/hook/cmake_prefix_path.sh'
[0.362s] Level 1:colcon.colcon_core.environment:checking '/home/manish/eiratech_ws/install/robot_description/bin'
[0.362s] Level 1:colcon.colcon_core.environment:checking '/home/manish/eiratech_ws/install/robot_description/lib/pkgconfig/robot_description.pc'
[0.362s] Level 1:colcon.colcon_core.environment:checking '/home/manish/eiratech_ws/install/robot_description/lib/python3.10/site-packages'
[0.362s] Level 1:colcon.colcon_core.environment:checking '/home/manish/eiratech_ws/install/robot_description/bin'
[0.363s] INFO:colcon.colcon_core.shell:Creating package script '/home/manish/eiratech_ws/install/robot_description/share/robot_description/package.ps1'
[0.363s] INFO:colcon.colcon_core.shell:Creating package descriptor '/home/manish/eiratech_ws/install/robot_description/share/robot_description/package.dsv'
[0.363s] INFO:colcon.colcon_core.shell:Creating package script '/home/manish/eiratech_ws/install/robot_description/share/robot_description/package.sh'
[0.364s] INFO:colcon.colcon_core.shell:Creating package script '/home/manish/eiratech_ws/install/robot_description/share/robot_description/package.bash'
[0.364s] INFO:colcon.colcon_core.shell:Creating package script '/home/manish/eiratech_ws/install/robot_description/share/robot_description/package.zsh'
[0.364s] Level 1:colcon.colcon_core.environment:create_file_with_runtime_dependencies(/home/manish/eiratech_ws/install/robot_description/share/colcon-core/packages/robot_description)
[0.365s] Level 1:colcon.colcon_core.environment:create_environment_scripts_only(robot_description)
[0.365s] Level 1:colcon.colcon_core.environment:checking '/home/manish/eiratech_ws/install/robot_description' for CMake module files
[0.366s] Level 1:colcon.colcon_core.environment:checking '/home/manish/eiratech_ws/install/robot_description' for CMake config files
[0.366s] Level 1:colcon.colcon_core.shell:create_environment_hook('robot_description', 'cmake_prefix_path')
[0.366s] INFO:colcon.colcon_core.shell:Creating environment hook '/home/manish/eiratech_ws/install/robot_description/share/robot_description/hook/cmake_prefix_path.ps1'
[0.367s] INFO:colcon.colcon_core.shell:Creating environment descriptor '/home/manish/eiratech_ws/install/robot_description/share/robot_description/hook/cmake_prefix_path.dsv'
[0.367s] INFO:colcon.colcon_core.shell:Creating environment hook '/home/manish/eiratech_ws/install/robot_description/share/robot_description/hook/cmake_prefix_path.sh'
[0.367s] Level 1:colcon.colcon_core.environment:checking '/home/manish/eiratech_ws/install/robot_description/bin'
[0.367s] Level 1:colcon.colcon_core.environment:checking '/home/manish/eiratech_ws/install/robot_description/lib/pkgconfig/robot_description.pc'
[0.367s] Level 1:colcon.colcon_core.environment:checking '/home/manish/eiratech_ws/install/robot_description/lib/python3.10/site-packages'
[0.368s] Level 1:colcon.colcon_core.environment:checking '/home/manish/eiratech_ws/install/robot_description/bin'
[0.368s] INFO:colcon.colcon_core.shell:Creating package script '/home/manish/eiratech_ws/install/robot_description/share/robot_description/package.ps1'
[0.369s] INFO:colcon.colcon_core.shell:Creating package descriptor '/home/manish/eiratech_ws/install/robot_description/share/robot_description/package.dsv'
[0.369s] INFO:colcon.colcon_core.shell:Creating package script '/home/manish/eiratech_ws/install/robot_description/share/robot_description/package.sh'
[0.370s] INFO:colcon.colcon_core.shell:Creating package script '/home/manish/eiratech_ws/install/robot_description/share/robot_description/package.bash'
[0.370s] INFO:colcon.colcon_core.shell:Creating package script '/home/manish/eiratech_ws/install/robot_description/share/robot_description/package.zsh'
[0.370s] Level 1:colcon.colcon_core.environment:create_file_with_runtime_dependencies(/home/manish/eiratech_ws/install/robot_description/share/colcon-core/packages/robot_description)
[0.370s] INFO:colcon.colcon_ros.task.ament_cmake.build:Building ROS package in '/home/manish/eiratech_ws/src/robot_bringup' with build type 'ament_cmake'
[0.370s] INFO:colcon.colcon_cmake.task.cmake.build:Building CMake package in '/home/manish/eiratech_ws/src/robot_bringup'
[0.371s] INFO:colcon.colcon_core.shell:Skip shell extension 'powershell' for command environment: Not usable outside of PowerShell
[0.371s] DEBUG:colcon.colcon_core.shell:Skip shell extension 'dsv' for command environment
[0.376s] DEBUG:colcon.colcon_core.event_handler.log_command:Invoking command in '/home/manish/eiratech_ws/build/robot_bringup': CMAKE_PREFIX_PATH=/home/manish/eiratech_ws/install/robot_description:/home/manish/eiratech_ws/install/robot_bringup:/home/manish/eiratech_ws/install/robot_control:/home/manish/eiratech_ws/install/cropmap_nav2:/opt/ros/humble /usr/bin/cmake --build /home/manish/eiratech_ws/build/robot_bringup -- -j12 -l12
[0.402s] DEBUG:colcon.colcon_core.event_handler.log_command:Invoked command in '/home/manish/eiratech_ws/build/robot_bringup' returned '0': CMAKE_PREFIX_PATH=/home/manish/eiratech_ws/install/robot_description:/home/manish/eiratech_ws/install/robot_bringup:/home/manish/eiratech_ws/install/robot_control:/home/manish/eiratech_ws/install/cropmap_nav2:/opt/ros/humble /usr/bin/cmake --build /home/manish/eiratech_ws/build/robot_bringup -- -j12 -l12
[0.403s] DEBUG:colcon.colcon_core.event_handler.log_command:Invoking command in '/home/manish/eiratech_ws/build/robot_bringup': CMAKE_PREFIX_PATH=/home/manish/eiratech_ws/install/robot_description:/home/manish/eiratech_ws/install/robot_bringup:/home/manish/eiratech_ws/install/robot_control:/home/manish/eiratech_ws/install/cropmap_nav2:/opt/ros/humble /usr/bin/cmake --install /home/manish/eiratech_ws/build/robot_bringup
[0.409s] Level 1:colcon.colcon_core.environment:create_environment_scripts_only(robot_bringup)
[0.409s] Level 1:colcon.colcon_core.environment:checking '/home/manish/eiratech_ws/install/robot_bringup' for CMake module files
[0.410s] DEBUG:colcon.colcon_core.event_handler.log_command:Invoked command in '/home/manish/eiratech_ws/build/robot_bringup' returned '0': CMAKE_PREFIX_PATH=/home/manish/eiratech_ws/install/robot_description:/home/manish/eiratech_ws/install/robot_bringup:/home/manish/eiratech_ws/install/robot_control:/home/manish/eiratech_ws/install/cropmap_nav2:/opt/ros/humble /usr/bin/cmake --install /home/manish/eiratech_ws/build/robot_bringup
[0.410s] Level 1:colcon.colcon_core.environment:checking '/home/manish/eiratech_ws/install/robot_bringup' for CMake config files
[0.410s] Level 1:colcon.colcon_core.shell:create_environment_hook('robot_bringup', 'cmake_prefix_path')
[0.410s] INFO:colcon.colcon_core.shell:Creating environment hook '/home/manish/eiratech_ws/install/robot_bringup/share/robot_bringup/hook/cmake_prefix_path.ps1'
[0.410s] INFO:colcon.colcon_core.shell:Creating environment descriptor '/home/manish/eiratech_ws/install/robot_bringup/share/robot_bringup/hook/cmake_prefix_path.dsv'
[0.411s] INFO:colcon.colcon_core.shell:Creating environment hook '/home/manish/eiratech_ws/install/robot_bringup/share/robot_bringup/hook/cmake_prefix_path.sh'
[0.411s] Level 1:colcon.colcon_core.environment:checking '/home/manish/eiratech_ws/install/robot_bringup/bin'
[0.411s] Level 1:colcon.colcon_core.environment:checking '/home/manish/eiratech_ws/install/robot_bringup/lib/pkgconfig/robot_bringup.pc'
[0.411s] Level 1:colcon.colcon_core.environment:checking '/home/manish/eiratech_ws/install/robot_bringup/lib/python3.10/site-packages'
[0.411s] Level 1:colcon.colcon_core.environment:checking '/home/manish/eiratech_ws/install/robot_bringup/bin'
[0.412s] INFO:colcon.colcon_core.shell:Creating package script '/home/manish/eiratech_ws/install/robot_bringup/share/robot_bringup/package.ps1'
[0.412s] INFO:colcon.colcon_core.shell:Creating package descriptor '/home/manish/eiratech_ws/install/robot_bringup/share/robot_bringup/package.dsv'
[0.412s] INFO:colcon.colcon_core.shell:Creating package script '/home/manish/eiratech_ws/install/robot_bringup/share/robot_bringup/package.sh'
[0.413s] INFO:colcon.colcon_core.shell:Creating package script '/home/manish/eiratech_ws/install/robot_bringup/share/robot_bringup/package.bash'
[0.413s] INFO:colcon.colcon_core.shell:Creating package script '/home/manish/eiratech_ws/install/robot_bringup/share/robot_bringup/package.zsh'
[0.413s] Level 1:colcon.colcon_core.environment:create_file_with_runtime_dependencies(/home/manish/eiratech_ws/install/robot_bringup/share/colcon-core/packages/robot_bringup)
[0.414s] Level 1:colcon.colcon_core.environment:create_environment_scripts_only(robot_bringup)
[0.414s] Level 1:colcon.colcon_core.environment:checking '/home/manish/eiratech_ws/install/robot_bringup' for CMake module files
[0.414s] Level 1:colcon.colcon_core.environment:checking '/home/manish/eiratech_ws/install/robot_bringup' for CMake config files
[0.414s] Level 1:colcon.colcon_core.shell:create_environment_hook('robot_bringup', 'cmake_prefix_path')
[0.414s] INFO:colcon.colcon_core.shell:Creating environment hook '/home/manish/eiratech_ws/install/robot_bringup/share/robot_bringup/hook/cmake_prefix_path.ps1'
[0.415s] INFO:colcon.colcon_core.shell:Creating environment descriptor '/home/manish/eiratech_ws/install/robot_bringup/share/robot_bringup/hook/cmake_prefix_path.dsv'
[0.415s] INFO:colcon.colcon_core.shell:Creating environment hook '/home/manish/eiratech_ws/install/robot_bringup/share/robot_bringup/hook/cmake_prefix_path.sh'
[0.415s] Level 1:colcon.colcon_core.environment:checking '/home/manish/eiratech_ws/install/robot_bringup/bin'
[0.415s] Level 1:colcon.colcon_core.environment:checking '/home/manish/eiratech_ws/install/robot_bringup/lib/pkgconfig/robot_bringup.pc'
[0.416s] Level 1:colcon.colcon_core.environment:checking '/home/manish/eiratech_ws/install/robot_bringup/lib/python3.10/site-packages'
[0.416s] Level 1:colcon.colcon_core.environment:checking '/home/manish/eiratech_ws/install/robot_bringup/bin'
[0.416s] INFO:colcon.colcon_core.shell:Creating package script '/home/manish/eiratech_ws/install/robot_bringup/share/robot_bringup/package.ps1'
[0.416s] INFO:colcon.colcon_core.shell:Creating package descriptor '/home/manish/eiratech_ws/install/robot_bringup/share/robot_bringup/package.dsv'
[0.417s] INFO:colcon.colcon_core.shell:Creating package script '/home/manish/eiratech_ws/install/robot_bringup/share/robot_bringup/package.sh'
[0.417s] INFO:colcon.colcon_core.shell:Creating package script '/home/manish/eiratech_ws/install/robot_bringup/share/robot_bringup/package.bash'
[0.417s] INFO:colcon.colcon_core.shell:Creating package script '/home/manish/eiratech_ws/install/robot_bringup/share/robot_bringup/package.zsh'
[0.418s] Level 1:colcon.colcon_core.environment:create_file_with_runtime_dependencies(/home/manish/eiratech_ws/install/robot_bringup/share/colcon-core/packages/robot_bringup)
[0.418s] DEBUG:colcon.colcon_parallel_executor.executor.parallel:closing loop
[0.418s] DEBUG:colcon.colcon_parallel_executor.executor.parallel:loop closed
[0.418s] DEBUG:colcon.colcon_parallel_executor.executor.parallel:run_until_complete finished with '0'
[0.419s] DEBUG:colcon.colcon_core.event_reactor:joining thread
[0.422s] INFO:colcon.colcon_core.plugin_system:Skipping extension 'colcon_notification.desktop_notification.terminal_notifier': Not used on non-Darwin systems
[0.422s] INFO:colcon.colcon_core.plugin_system:Skipping extension 'colcon_notification.desktop_notification.win32': Not used on non-Windows systems
[0.422s] INFO:colcon.colcon_notification.desktop_notification:Sending desktop notification using 'notify2'
[0.431s] DEBUG:colcon.colcon_core.event_reactor:joined thread
[0.431s] INFO:colcon.colcon_core.shell:Creating prefix script '/home/manish/eiratech_ws/install/local_setup.ps1'
[0.432s] INFO:colcon.colcon_core.shell:Creating prefix util module '/home/manish/eiratech_ws/install/_local_setup_util_ps1.py'
[0.433s] INFO:colcon.colcon_core.shell:Creating prefix chain script '/home/manish/eiratech_ws/install/setup.ps1'
[0.434s] INFO:colcon.colcon_core.shell:Creating prefix script '/home/manish/eiratech_ws/install/local_setup.sh'
[0.434s] INFO:colcon.colcon_core.shell:Creating prefix util module '/home/manish/eiratech_ws/install/_local_setup_util_sh.py'
[0.434s] INFO:colcon.colcon_core.shell:Creating prefix chain script '/home/manish/eiratech_ws/install/setup.sh'
[0.435s] INFO:colcon.colcon_core.shell:Creating prefix script '/home/manish/eiratech_ws/install/local_setup.bash'
[0.435s] INFO:colcon.colcon_core.shell:Creating prefix chain script '/home/manish/eiratech_ws/install/setup.bash'
[0.436s] INFO:colcon.colcon_core.shell:Creating prefix script '/home/manish/eiratech_ws/install/local_setup.zsh'
[0.437s] INFO:colcon.colcon_core.shell:Creating prefix chain script '/home/manish/eiratech_ws/install/setup.zsh'
