[ 33%] Built target map_manager
[ 66%] Built target osm_map_manager
[100%] Built target map_manager_no_gps
-- Install configuration: ""
-- Up-to-date: /home/manish/eiratech_ws/install/vox_nav_map_server/lib/vox_nav_map_server/map_manager
-- Up-to-date: /home/manish/eiratech_ws/install/vox_nav_map_server/lib/vox_nav_map_server/map_manager_no_gps
-- Up-to-date: /home/manish/eiratech_ws/install/vox_nav_map_server/lib/vox_nav_map_server/osm_map_manager
-- Up-to-date: /home/manish/eiratech_ws/install/vox_nav_map_server/include/
-- Up-to-date: /home/manish/eiratech_ws/install/vox_nav_map_server/include//vox_nav_map_server
-- Up-to-date: /home/manish/eiratech_ws/install/vox_nav_map_server/include//vox_nav_map_server/map_manager.hpp
-- Up-to-date: /home/manish/eiratech_ws/install/vox_nav_map_server/include//vox_nav_map_server/map_manager_no_gps.hpp
-- Up-to-date: /home/manish/eiratech_ws/install/vox_nav_map_server/include//vox_nav_map_server/osm_map_manager.hpp
-- Up-to-date: /home/manish/eiratech_ws/install/vox_nav_map_server/share/vox_nav_map_server/config
-- Up-to-date: /home/manish/eiratech_ws/install/vox_nav_map_server/share/vox_nav_map_server/config/osm.rviz
-- Up-to-date: /home/manish/eiratech_ws/install/vox_nav_map_server/share/vox_nav_map_server/config/rl_sim.yaml
-- Up-to-date: /home/manish/eiratech_ws/install/vox_nav_map_server/share/vox_nav_map_server/config/vox_nav_empty_map.yaml
-- Up-to-date: /home/manish/eiratech_ws/install/vox_nav_map_server/share/vox_nav_map_server/config/osm_map.yaml
-- Up-to-date: /home/manish/eiratech_ws/install/vox_nav_map_server/share/vox_nav_map_server/config/rl_sim_no_map.yaml
-- Up-to-date: /home/manish/eiratech_ws/install/vox_nav_map_server/share/vox_nav_map_server/launch
-- Up-to-date: /home/manish/eiratech_ws/install/vox_nav_map_server/share/vox_nav_map_server/launch/test.launch.py
-- Up-to-date: /home/manish/eiratech_ws/install/vox_nav_map_server/share/vox_nav_map_server/launch/test_no_map.launch.py
-- Up-to-date: /home/manish/eiratech_ws/install/vox_nav_map_server/share/vox_nav_map_server/urdf
-- Up-to-date: /home/manish/eiratech_ws/install/vox_nav_map_server/share/vox_nav_map_server/urdf/Materials.meta
-- Up-to-date: /home/manish/eiratech_ws/install/vox_nav_map_server/share/vox_nav_map_server/urdf/Materials
-- Up-to-date: /home/manish/eiratech_ws/install/vox_nav_map_server/share/vox_nav_map_server/urdf/Materials/rubber.001.mat
-- Up-to-date: /home/manish/eiratech_ws/install/vox_nav_map_server/share/vox_nav_map_server/urdf/Materials/rim.002.mat.meta
-- Up-to-date: /home/manish/eiratech_ws/install/vox_nav_map_server/share/vox_nav_map_server/urdf/Materials/rubber.001.mat.meta
-- Up-to-date: /home/manish/eiratech_ws/install/vox_nav_map_server/share/vox_nav_map_server/urdf/Materials/Default.mat
-- Up-to-date: /home/manish/eiratech_ws/install/vox_nav_map_server/share/vox_nav_map_server/urdf/Materials/Default.mat.meta
-- Up-to-date: /home/manish/eiratech_ws/install/vox_nav_map_server/share/vox_nav_map_server/urdf/Materials/rim.002.mat
-- Up-to-date: /home/manish/eiratech_ws/install/vox_nav_map_server/share/vox_nav_map_server/urdf/dobbie.urdf.meta
-- Up-to-date: /home/manish/eiratech_ws/install/vox_nav_map_server/share/vox_nav_map_server/urdf/dobbie.urdf
-- Up-to-date: /home/manish/eiratech_ws/install/vox_nav_map_server/share/vox_nav_map_server/meshes
-- Up-to-date: /home/manish/eiratech_ws/install/vox_nav_map_server/share/vox_nav_map_server/meshes/Cylinder.asset
-- Up-to-date: /home/manish/eiratech_ws/install/vox_nav_map_server/share/vox_nav_map_server/meshes/dae
-- Up-to-date: /home/manish/eiratech_ws/install/vox_nav_map_server/share/vox_nav_map_server/meshes/dae/Circle.004.dae
-- Up-to-date: /home/manish/eiratech_ws/install/vox_nav_map_server/share/vox_nav_map_server/meshes/dae/Cube.004.dae
-- Up-to-date: /home/manish/eiratech_ws/install/vox_nav_map_server/share/vox_nav_map_server/meshes/dae/Circle.005.dae.meta
-- Up-to-date: /home/manish/eiratech_ws/install/vox_nav_map_server/share/vox_nav_map_server/meshes/dae/Circle.001.dae
-- Up-to-date: /home/manish/eiratech_ws/install/vox_nav_map_server/share/vox_nav_map_server/meshes/dae/Cube.114_2.asset
-- Up-to-date: /home/manish/eiratech_ws/install/vox_nav_map_server/share/vox_nav_map_server/meshes/dae/Cube.091.dae.meta
-- Up-to-date: /home/manish/eiratech_ws/install/vox_nav_map_server/share/vox_nav_map_server/meshes/dae/Cube.004.dae.meta
-- Up-to-date: /home/manish/eiratech_ws/install/vox_nav_map_server/share/vox_nav_map_server/meshes/dae/Cube.114.dae.meta
-- Up-to-date: /home/manish/eiratech_ws/install/vox_nav_map_server/share/vox_nav_map_server/meshes/dae/Circle.005.dae
-- Up-to-date: /home/manish/eiratech_ws/install/vox_nav_map_server/share/vox_nav_map_server/meshes/dae/Circle.002.dae
-- Up-to-date: /home/manish/eiratech_ws/install/vox_nav_map_server/share/vox_nav_map_server/meshes/dae/Circle.002.dae.meta
-- Up-to-date: /home/manish/eiratech_ws/install/vox_nav_map_server/share/vox_nav_map_server/meshes/dae/Cube.114_1.asset
-- Up-to-date: /home/manish/eiratech_ws/install/vox_nav_map_server/share/vox_nav_map_server/meshes/dae/Circle.003.dae
-- Up-to-date: /home/manish/eiratech_ws/install/vox_nav_map_server/share/vox_nav_map_server/meshes/dae/Circle.006.dae
-- Up-to-date: /home/manish/eiratech_ws/install/vox_nav_map_server/share/vox_nav_map_server/meshes/dae/Circle.004.dae.meta
-- Up-to-date: /home/manish/eiratech_ws/install/vox_nav_map_server/share/vox_nav_map_server/meshes/dae/Circle.007.dae
-- Up-to-date: /home/manish/eiratech_ws/install/vox_nav_map_server/share/vox_nav_map_server/meshes/dae/Circle.023.dae
-- Up-to-date: /home/manish/eiratech_ws/install/vox_nav_map_server/share/vox_nav_map_server/meshes/dae/Cube.114.dae
-- Up-to-date: /home/manish/eiratech_ws/install/vox_nav_map_server/share/vox_nav_map_server/meshes/dae/Circle.006.dae.meta
-- Up-to-date: /home/manish/eiratech_ws/install/vox_nav_map_server/share/vox_nav_map_server/meshes/dae/Circle.003.dae.meta
-- Up-to-date: /home/manish/eiratech_ws/install/vox_nav_map_server/share/vox_nav_map_server/meshes/dae/Circle.007.dae.meta
-- Up-to-date: /home/manish/eiratech_ws/install/vox_nav_map_server/share/vox_nav_map_server/meshes/dae/Circle.023.dae.meta
-- Up-to-date: /home/manish/eiratech_ws/install/vox_nav_map_server/share/vox_nav_map_server/meshes/dae/Cube.114_1.asset.meta
-- Up-to-date: /home/manish/eiratech_ws/install/vox_nav_map_server/share/vox_nav_map_server/meshes/dae/Circle.001.dae.meta
-- Up-to-date: /home/manish/eiratech_ws/install/vox_nav_map_server/share/vox_nav_map_server/meshes/dae/Cube.091.dae
-- Up-to-date: /home/manish/eiratech_ws/install/vox_nav_map_server/share/vox_nav_map_server/meshes/dae/Cube.114_2.asset.meta
-- Up-to-date: /home/manish/eiratech_ws/install/vox_nav_map_server/share/vox_nav_map_server/meshes/Cylinder.asset.meta
-- Up-to-date: /home/manish/eiratech_ws/install/vox_nav_map_server/share/vox_nav_map_server/meshes/dae.meta
-- Up-to-date: /home/manish/eiratech_ws/install/vox_nav_map_server/share/ament_index/resource_index/package_run_dependencies/vox_nav_map_server
-- Up-to-date: /home/manish/eiratech_ws/install/vox_nav_map_server/share/ament_index/resource_index/parent_prefix_path/vox_nav_map_server
-- Installing: /home/manish/eiratech_ws/install/vox_nav_map_server/share/vox_nav_map_server/environment/ament_prefix_path.sh
-- Up-to-date: /home/manish/eiratech_ws/install/vox_nav_map_server/share/vox_nav_map_server/environment/ament_prefix_path.dsv
-- Installing: /home/manish/eiratech_ws/install/vox_nav_map_server/share/vox_nav_map_server/environment/path.sh
-- Up-to-date: /home/manish/eiratech_ws/install/vox_nav_map_server/share/vox_nav_map_server/environment/path.dsv
-- Up-to-date: /home/manish/eiratech_ws/install/vox_nav_map_server/share/vox_nav_map_server/local_setup.bash
-- Up-to-date: /home/manish/eiratech_ws/install/vox_nav_map_server/share/vox_nav_map_server/local_setup.sh
-- Up-to-date: /home/manish/eiratech_ws/install/vox_nav_map_server/share/vox_nav_map_server/local_setup.zsh
-- Up-to-date: /home/manish/eiratech_ws/install/vox_nav_map_server/share/vox_nav_map_server/local_setup.dsv
-- Installing: /home/manish/eiratech_ws/install/vox_nav_map_server/share/vox_nav_map_server/package.dsv
-- Up-to-date: /home/manish/eiratech_ws/install/vox_nav_map_server/share/ament_index/resource_index/packages/vox_nav_map_server
-- Up-to-date: /home/manish/eiratech_ws/install/vox_nav_map_server/share/vox_nav_map_server/cmake/ament_cmake_export_include_directories-extras.cmake
-- Up-to-date: /home/manish/eiratech_ws/install/vox_nav_map_server/share/vox_nav_map_server/cmake/vox_nav_map_serverConfig.cmake
-- Up-to-date: /home/manish/eiratech_ws/install/vox_nav_map_server/share/vox_nav_map_server/cmake/vox_nav_map_serverConfig-version.cmake
-- Up-to-date: /home/manish/eiratech_ws/install/vox_nav_map_server/share/vox_nav_map_server/package.xml
