[0.009s] Invoking command in '/home/manish/eiratech_ws/build/robot_control': CMAKE_PREFIX_PATH=${CMAKE_PREFIX_PATH}:/opt/ros/humble /usr/bin/cmake /home/manish/eiratech_ws/src/robot_control -DCMAKE_BUILD_TYPE=Release -DCMAKE_INSTALL_PREFIX=/home/manish/eiratech_ws/install/robot_control
[0.044s] -- The C compiler identification is GNU 11.4.0
[0.081s] -- The CXX compiler identification is GNU 11.4.0
[0.086s] -- Detecting C compiler ABI info
[0.132s] -- Detecting C compiler ABI info - done
[0.138s] -- Check for working C compiler: /usr/bin/cc - skipped
[0.138s] -- Detecting C compile features
[0.138s] -- Detecting C compile features - done
[0.141s] -- Detecting CXX compiler ABI info
[0.196s] -- Detecting CXX compiler ABI info - done
[0.203s] -- Check for working CXX compiler: /usr/bin/c++ - skipped
[0.203s] -- Detecting CXX compile features
[0.203s] -- Detecting CXX compile features - done
[0.205s] -- Found ament_cmake: 1.3.11 (/opt/ros/humble/share/ament_cmake/cmake)
[0.315s] -- Found Python3: /usr/bin/python3 (found version "3.10.12") found components: Interpreter 
[0.390s] -- Found rclcpp: 16.0.12 (/opt/ros/humble/share/rclcpp/cmake)
[0.421s] -- Found rosidl_generator_c: 3.1.6 (/opt/ros/humble/share/rosidl_generator_c/cmake)
[0.425s] -- Found rosidl_adapter: 3.1.6 (/opt/ros/humble/share/rosidl_adapter/cmake)
[0.431s] -- Found rosidl_generator_cpp: 3.1.6 (/opt/ros/humble/share/rosidl_generator_cpp/cmake)
[0.441s] -- Using all available rosidl_typesupport_c: rosidl_typesupport_fastrtps_c;rosidl_typesupport_introspection_c
[0.454s] -- Using all available rosidl_typesupport_cpp: rosidl_typesupport_fastrtps_cpp;rosidl_typesupport_introspection_cpp
[0.488s] -- Found rmw_implementation_cmake: 6.1.2 (/opt/ros/humble/share/rmw_implementation_cmake/cmake)
[0.490s] -- Found rmw_fastrtps_cpp: 6.2.7 (/opt/ros/humble/share/rmw_fastrtps_cpp/cmake)
[0.549s] -- Found OpenSSL: /usr/lib/x86_64-linux-gnu/libcrypto.so (found version "3.0.2")  
[0.570s] -- Found FastRTPS: /opt/ros/humble/include  
[0.601s] -- Using RMW implementation 'rmw_fastrtps_cpp' as default
[0.607s] -- Looking for pthread.h
[0.656s] -- Looking for pthread.h - found
[0.657s] -- Performing Test CMAKE_HAVE_LIBC_PTHREAD
[0.705s] -- Performing Test CMAKE_HAVE_LIBC_PTHREAD - Success
[0.706s] -- Found Threads: TRUE  
[0.748s] -- Found controller_manager: 2.50.0 (/opt/ros/humble/share/controller_manager/cmake)
[0.898s] -- Found diff_drive_controller: 2.45.0 (/opt/ros/humble/share/diff_drive_controller/cmake)
[0.959s] -- Found joint_state_broadcaster: 2.45.0 (/opt/ros/humble/share/joint_state_broadcaster/cmake)
[0.970s] -- Found robot_state_publisher: 3.0.3 (/opt/ros/humble/share/robot_state_publisher/cmake)
[0.977s] -- Found eigen3_cmake_module: 0.1.1 (/opt/ros/humble/share/eigen3_cmake_module/cmake)
[0.978s] -- Found Eigen3: TRUE (found version "3.4.0") 
[0.978s] -- Ensuring Eigen3 include directory is part of orocos-kdl CMake target
[1.015s] -- Found ament_lint_auto: 0.12.12 (/opt/ros/humble/share/ament_lint_auto/cmake)
[1.071s] -- Added test 'copyright' to check source files copyright and LICENSE
[1.072s] -- Added test 'flake8' to check Python code syntax and style conventions
[1.072s] -- Added test 'lint_cmake' to check CMake code style
[1.072s] -- Added test 'pep257' to check Python code against some of the docstring style conventions in PEP 257
[1.073s] -- Added test 'xmllint' to check XML markup files
[1.074s] -- Configuring done
[1.077s] -- Generating done
[1.079s] -- Build files have been written to: /home/manish/eiratech_ws/build/robot_control
[1.087s] Invoked command in '/home/manish/eiratech_ws/build/robot_control' returned '0': CMAKE_PREFIX_PATH=${CMAKE_PREFIX_PATH}:/opt/ros/humble /usr/bin/cmake /home/manish/eiratech_ws/src/robot_control -DCMAKE_BUILD_TYPE=Release -DCMAKE_INSTALL_PREFIX=/home/manish/eiratech_ws/install/robot_control
[1.087s] Invoking command in '/home/manish/eiratech_ws/build/robot_control': CMAKE_PREFIX_PATH=${CMAKE_PREFIX_PATH}:/opt/ros/humble /usr/bin/cmake --build /home/manish/eiratech_ws/build/robot_control -- -j12 -l12
[1.114s] Invoked command in '/home/manish/eiratech_ws/build/robot_control' returned '0': CMAKE_PREFIX_PATH=${CMAKE_PREFIX_PATH}:/opt/ros/humble /usr/bin/cmake --build /home/manish/eiratech_ws/build/robot_control -- -j12 -l12
[1.116s] Invoking command in '/home/manish/eiratech_ws/build/robot_control': CMAKE_PREFIX_PATH=${CMAKE_PREFIX_PATH}:/opt/ros/humble /usr/bin/cmake --install /home/manish/eiratech_ws/build/robot_control
[1.121s] -- Install configuration: "Release"
[1.121s] -- Installing: /home/manish/eiratech_ws/install/robot_control/share/robot_control//launch
[1.121s] -- Installing: /home/manish/eiratech_ws/install/robot_control/share/robot_control//launch/controller_manager.launch.py
[1.121s] -- Installing: /home/manish/eiratech_ws/install/robot_control/share/robot_control//config
[1.121s] -- Installing: /home/manish/eiratech_ws/install/robot_control/share/robot_control//config/controller_config.yaml
[1.121s] -- Installing: /home/manish/eiratech_ws/install/robot_control/share/robot_control//config/teleop_config.yaml
[1.121s] -- Installing: /home/manish/eiratech_ws/install/robot_control/share/ament_index/resource_index/package_run_dependencies/robot_control
[1.121s] -- Installing: /home/manish/eiratech_ws/install/robot_control/share/ament_index/resource_index/parent_prefix_path/robot_control
[1.122s] -- Installing: /home/manish/eiratech_ws/install/robot_control/share/robot_control/environment/ament_prefix_path.sh
[1.122s] -- Installing: /home/manish/eiratech_ws/install/robot_control/share/robot_control/environment/ament_prefix_path.dsv
[1.122s] -- Installing: /home/manish/eiratech_ws/install/robot_control/share/robot_control/environment/path.sh
[1.122s] -- Installing: /home/manish/eiratech_ws/install/robot_control/share/robot_control/environment/path.dsv
[1.122s] -- Installing: /home/manish/eiratech_ws/install/robot_control/share/robot_control/local_setup.bash
[1.122s] -- Installing: /home/manish/eiratech_ws/install/robot_control/share/robot_control/local_setup.sh
[1.122s] -- Installing: /home/manish/eiratech_ws/install/robot_control/share/robot_control/local_setup.zsh
[1.122s] -- Installing: /home/manish/eiratech_ws/install/robot_control/share/robot_control/local_setup.dsv
[1.122s] -- Installing: /home/manish/eiratech_ws/install/robot_control/share/robot_control/package.dsv
[1.122s] -- Installing: /home/manish/eiratech_ws/install/robot_control/share/ament_index/resource_index/packages/robot_control
[1.122s] -- Installing: /home/manish/eiratech_ws/install/robot_control/share/robot_control/cmake/robot_controlConfig.cmake
[1.122s] -- Installing: /home/manish/eiratech_ws/install/robot_control/share/robot_control/cmake/robot_controlConfig-version.cmake
[1.123s] -- Installing: /home/manish/eiratech_ws/install/robot_control/share/robot_control/package.xml
[1.124s] Invoked command in '/home/manish/eiratech_ws/build/robot_control' returned '0': CMAKE_PREFIX_PATH=${CMAKE_PREFIX_PATH}:/opt/ros/humble /usr/bin/cmake --install /home/manish/eiratech_ws/build/robot_control
