[0.005s] Invoking command in '/home/student/eiratech_ws/build/robot_control': DEBUGINFOD_URLS=https://debuginfod.ubuntu.com /usr/bin/cmake /home/student/eiratech_ws/src/robot_control -DCMAKE_INSTALL_PREFIX=/home/student/eiratech_ws/install/robot_control
[0.017s] [31mCMake Error at CMakeLists.txt:9 (find_package):
[0.017s]   By not providing "Findament_cmake.cmake" in CMAKE_MODULE_PATH this project
[0.017s]   has asked CMake to find a package configuration file provided by
[0.017s]   "ament_cmake", but CMake did not find one.
[0.017s] 
[0.017s]   Could not find a package configuration file provided by "ament_cmake" with
[0.017s]   any of the following names:
[0.017s] 
[0.017s]     ament_cmakeConfig.cmake
[0.017s]     ament_cmake-config.cmake
[0.017s] 
[0.017s]   Add the installation prefix of "ament_cmake" to CMAKE_PREFIX_PATH or set
[0.017s]   "ament_cmake_DIR" to a directory containing one of the above files.  If
[0.017s]   "ament_cmake" provides a separate development package or SDK, be sure it
[0.017s]   has been installed.
[0.017s] 
[0.017s] [0m
[0.017s] -- Configuring incomplete, errors occurred!
[0.018s] Invoked command in '/home/student/eiratech_ws/build/robot_control' returned '1': DEBUGINFOD_URLS=https://debuginfod.ubuntu.com /usr/bin/cmake /home/student/eiratech_ws/src/robot_control -DCMAKE_INSTALL_PREFIX=/home/student/eiratech_ws/install/robot_control
