-- Install configuration: ""
-- Up-to-date: /home/manish/eiratech_ws/install/robot_bringup/share/robot_bringup/launch
-- Up-to-date: /home/manish/eiratech_ws/install/robot_bringup/share/robot_bringup/launch/gz_sim.launch.py
-- Up-to-date: /home/manish/eiratech_ws/install/robot_bringup/share/robot_bringup/launch/teleop.launch.py
-- Up-to-date: /home/manish/eiratech_ws/install/robot_bringup/share/robot_bringup/launch/bridge.launch.py
-- Up-to-date: /home/manish/eiratech_ws/install/robot_bringup/share/robot_bringup/launch/safety.launch.py
-- Up-to-date: /home/manish/eiratech_ws/install/robot_bringup/share/robot_bringup/launch/gazebo_sim.launch.py
-- Up-to-date: /home/manish/eiratech_ws/install/robot_bringup/share/robot_bringup/rviz
-- Up-to-date: /home/manish/eiratech_ws/install/robot_bringup/share/robot_bringup/rviz/robot_gazebo.rviz
-- Up-to-date: /home/manish/eiratech_ws/install/robot_bringup/share/robot_bringup/worlds
-- Up-to-date: /home/manish/eiratech_ws/install/robot_bringup/share/robot_bringup/worlds/terrain_5_integrated.world
-- Up-to-date: /home/manish/eiratech_ws/install/robot_bringup/share/robot_bringup/worlds/sdf.py
-- Up-to-date: /home/manish/eiratech_ws/install/robot_bringup/share/robot_bringup/worlds/fix_heightmaps.py
-- Up-to-date: /home/manish/eiratech_ws/install/robot_bringup/share/robot_bringup/worlds/terrain_3_wavy.world
-- Installing: /home/manish/eiratech_ws/install/robot_bringup/share/robot_bringup/worlds/terrain_1.world
-- Up-to-date: /home/manish/eiratech_ws/install/robot_bringup/share/robot_bringup/worlds/media
-- Up-to-date: /home/manish/eiratech_ws/install/robot_bringup/share/robot_bringup/worlds/media/materials
-- Up-to-date: /home/manish/eiratech_ws/install/robot_bringup/share/robot_bringup/worlds/media/materials/textures
-- Up-to-date: /home/manish/eiratech_ws/install/robot_bringup/share/robot_bringup/worlds/media/materials/textures/grass.png
-- Up-to-date: /home/manish/eiratech_ws/install/robot_bringup/share/robot_bringup/worlds/media/materials/textures/flat_normal.png
-- Up-to-date: /home/manish/eiratech_ws/install/robot_bringup/share/robot_bringup/worlds/farm_world.world
-- Up-to-date: /home/manish/eiratech_ws/install/robot_bringup/share/robot_bringup/worlds/terrain_4_obstacle_heightmap.png
-- Up-to-date: /home/manish/eiratech_ws/install/robot_bringup/share/robot_bringup/worlds/my_field_map.png
-- Up-to-date: /home/manish/eiratech_ws/install/robot_bringup/share/robot_bringup/worlds/terrain_1_slope_heightmap.png
-- Up-to-date: /home/manish/eiratech_ws/install/robot_bringup/share/robot_bringup/worlds/terrain_1_slope.world
-- Up-to-date: /home/manish/eiratech_ws/install/robot_bringup/share/robot_bringup/worlds/terrain_5_integrated_heightmap.png
-- Up-to-date: /home/manish/eiratech_ws/install/robot_bringup/share/robot_bringup/worlds/test_terrain_5_integrated.launch.py
-- Up-to-date: /home/manish/eiratech_ws/install/robot_bringup/share/robot_bringup/worlds/field_obstacles.world
-- Up-to-date: /home/manish/eiratech_ws/install/robot_bringup/share/robot_bringup/worlds/terrain_4_obstacle.world
-- Up-to-date: /home/manish/eiratech_ws/install/robot_bringup/share/robot_bringup/worlds/generated_obstacles.world
-- Up-to-date: /home/manish/eiratech_ws/install/robot_bringup/share/robot_bringup/worlds/terrain_2_crater_heightmap.png
-- Up-to-date: /home/manish/eiratech_ws/install/robot_bringup/share/robot_bringup/worlds/terrain_3_wavy_heightmap.png
-- Up-to-date: /home/manish/eiratech_ws/install/robot_bringup/share/robot_bringup/worlds/test_terrain_4_obstacle.launch.py
-- Up-to-date: /home/manish/eiratech_ws/install/robot_bringup/share/robot_bringup/worlds/test_terrain_1_slope.launch.py
-- Up-to-date: /home/manish/eiratech_ws/install/robot_bringup/share/robot_bringup/worlds/test_terrain_2_crater.launch.py
-- Up-to-date: /home/manish/eiratech_ws/install/robot_bringup/share/robot_bringup/worlds/test_terrain_3_wavy.launch.py
-- Up-to-date: /home/manish/eiratech_ws/install/robot_bringup/share/robot_bringup/worlds/terrain_2_crater.world
-- Up-to-date: /home/manish/eiratech_ws/install/robot_bringup/share/ament_index/resource_index/package_run_dependencies/robot_bringup
-- Up-to-date: /home/manish/eiratech_ws/install/robot_bringup/share/ament_index/resource_index/parent_prefix_path/robot_bringup
-- Installing: /home/manish/eiratech_ws/install/robot_bringup/share/robot_bringup/environment/ament_prefix_path.sh
-- Up-to-date: /home/manish/eiratech_ws/install/robot_bringup/share/robot_bringup/environment/ament_prefix_path.dsv
-- Installing: /home/manish/eiratech_ws/install/robot_bringup/share/robot_bringup/environment/path.sh
-- Up-to-date: /home/manish/eiratech_ws/install/robot_bringup/share/robot_bringup/environment/path.dsv
-- Up-to-date: /home/manish/eiratech_ws/install/robot_bringup/share/robot_bringup/local_setup.bash
-- Up-to-date: /home/manish/eiratech_ws/install/robot_bringup/share/robot_bringup/local_setup.sh
-- Up-to-date: /home/manish/eiratech_ws/install/robot_bringup/share/robot_bringup/local_setup.zsh
-- Up-to-date: /home/manish/eiratech_ws/install/robot_bringup/share/robot_bringup/local_setup.dsv
-- Installing: /home/manish/eiratech_ws/install/robot_bringup/share/robot_bringup/package.dsv
-- Up-to-date: /home/manish/eiratech_ws/install/robot_bringup/share/ament_index/resource_index/packages/robot_bringup
-- Up-to-date: /home/manish/eiratech_ws/install/robot_bringup/share/robot_bringup/cmake/robot_bringupConfig.cmake
-- Up-to-date: /home/manish/eiratech_ws/install/robot_bringup/share/robot_bringup/cmake/robot_bringupConfig-version.cmake
-- Up-to-date: /home/manish/eiratech_ws/install/robot_bringup/share/robot_bringup/package.xml
