-- The C compiler identification is GNU 11.4.0
-- The CXX compiler identification is GNU 11.4.0
-- Detecting C compiler ABI info
-- Detecting C compiler ABI info - done
-- Check for working C compiler: /usr/bin/cc - skipped
-- Detecting C compile features
-- Detecting C compile features - done
-- Detecting CXX compiler ABI info
-- Detecting CXX compiler ABI info - done
-- Check for working CXX compiler: /usr/bin/c++ - skipped
-- Detecting CXX compile features
-- Detecting CXX compile features - done
-- Found ament_cmake: 1.3.11 (/opt/ros/humble/share/ament_cmake/cmake)
-- Found Python3: /usr/bin/python3 (found version "3.10.12") found components: Interpreter 
-- Found rclcpp: 16.0.12 (/opt/ros/humble/share/rclcpp/cmake)
-- Found rosidl_generator_c: 3.1.6 (/opt/ros/humble/share/rosidl_generator_c/cmake)
-- Found rosidl_adapter: 3.1.6 (/opt/ros/humble/share/rosidl_adapter/cmake)
-- Found rosidl_generator_cpp: 3.1.6 (/opt/ros/humble/share/rosidl_generator_cpp/cmake)
-- Using all available rosidl_typesupport_c: rosidl_typesupport_fastrtps_c;rosidl_typesupport_introspection_c
-- Using all available rosidl_typesupport_cpp: rosidl_typesupport_fastrtps_cpp;rosidl_typesupport_introspection_cpp
-- Found rmw_implementation_cmake: 6.1.2 (/opt/ros/humble/share/rmw_implementation_cmake/cmake)
-- Found rmw_fastrtps_cpp: 6.2.7 (/opt/ros/humble/share/rmw_fastrtps_cpp/cmake)
-- Found OpenSSL: /usr/lib/x86_64-linux-gnu/libcrypto.so (found version "3.0.2")  
-- Found FastRTPS: /opt/ros/humble/include  
-- Using RMW implementation 'rmw_fastrtps_cpp' as default
-- Looking for pthread.h
-- Looking for pthread.h - found
-- Performing Test CMAKE_HAVE_LIBC_PTHREAD
-- Performing Test CMAKE_HAVE_LIBC_PTHREAD - Success
-- Found Threads: TRUE  
-- Found rclcpp_action: 16.0.12 (/opt/ros/humble/share/rclcpp_action/cmake)
-- Found visualization_msgs: 4.9.0 (/opt/ros/humble/share/visualization_msgs/cmake)
-- Found tf2_geometry_msgs: 0.25.13 (/opt/ros/humble/share/tf2_geometry_msgs/cmake)
-- Found eigen3_cmake_module: 0.1.1 (/opt/ros/humble/share/eigen3_cmake_module/cmake)
-- Found Eigen3: TRUE (found version "3.4.0") 
-- Ensuring Eigen3 include directory is part of orocos-kdl CMake target
-- Found vox_nav_msgs: 0.0.0 (/home/manish/eiratech_ws/install/vox_nav_msgs/share/vox_nav_msgs/cmake)
-- Found robot_localization: 3.5.3 (/opt/ros/humble/share/robot_localization/cmake)
-- Found vox_nav_utilities: 0.0.0 (/home/manish/eiratech_ws/install/vox_nav_utilities/share/vox_nav_utilities/cmake)
-- Checking for module 'eigen3'
--   Found eigen3, version 3.4.0
-- Found Eigen: /usr/include/eigen3 (Required is at least version "3.1") 
-- Eigen found (include: /usr/include/eigen3, version: 3.4.0)
-- Checking for module 'flann'
--   Found flann, version 1.9.1
-- Found FLANN: /usr/lib/x86_64-linux-gnu/libflann_cpp.so  
-- FLANN found (include: /usr/include, lib: /usr/lib/x86_64-linux-gnu/libflann_cpp.so)
-- Checking for module 'libusb-1.0'
--   Found libusb-1.0, version 1.0.25
-- Found libusb: /usr/lib/x86_64-linux-gnu/libusb-1.0.so  
-- OpenNI found (version: 1.5.4.0, include: /usr/include/ni, lib: /usr/lib/libOpenNI.so;libusb::libusb)
-- OpenNI2 found (version: 2.2.0.33, include: /usr/include/openni2, lib: /usr/lib/x86_64-linux-gnu/libOpenNI2.so;libusb::libusb)
-- Eigen found (include: /usr/include/eigen3, version: 3.4.0)
-- OpenNI found (version: 1.5.4.0, include: /usr/include/ni, lib: /usr/lib/libOpenNI.so;libusb::libusb)
-- OpenNI2 found (version: 2.2.0.33, include: /usr/include/openni2, lib: /usr/lib/x86_64-linux-gnu/libOpenNI2.so;libusb::libusb)
-- Found Qhull version 8.0.2
-- OpenNI found (version: 1.5.4.0, include: /usr/include/ni, lib: /usr/lib/libOpenNI.so;libusb::libusb)
-- Found PCL_COMMON: /usr/lib/x86_64-linux-gnu/libpcl_common.so  
-- Found PCL_KDTREE: /usr/lib/x86_64-linux-gnu/libpcl_kdtree.so  
-- Found PCL_OCTREE: /usr/lib/x86_64-linux-gnu/libpcl_octree.so  
-- Found PCL_SEARCH: /usr/lib/x86_64-linux-gnu/libpcl_search.so  
-- Found PCL_SAMPLE_CONSENSUS: /usr/lib/x86_64-linux-gnu/libpcl_sample_consensus.so  
-- Found PCL_FILTERS: /usr/lib/x86_64-linux-gnu/libpcl_filters.so  
-- Found PCL_2D: /usr/include/pcl-1.12  
-- Found PCL_GEOMETRY: /usr/include/pcl-1.12  
-- Found PCL_IO: /usr/lib/x86_64-linux-gnu/libpcl_io.so  
-- Found PCL_FEATURES: /usr/lib/x86_64-linux-gnu/libpcl_features.so  
-- Found PCL_ML: /usr/lib/x86_64-linux-gnu/libpcl_ml.so  
-- Found PCL_SEGMENTATION: /usr/lib/x86_64-linux-gnu/libpcl_segmentation.so  
-- Found PCL_VISUALIZATION: /usr/lib/x86_64-linux-gnu/libpcl_visualization.so  
-- Found PCL_SURFACE: /usr/lib/x86_64-linux-gnu/libpcl_surface.so  
-- Found PCL_REGISTRATION: /usr/lib/x86_64-linux-gnu/libpcl_registration.so  
-- Found PCL_KEYPOINTS: /usr/lib/x86_64-linux-gnu/libpcl_keypoints.so  
-- Found PCL_TRACKING: /usr/lib/x86_64-linux-gnu/libpcl_tracking.so  
-- Found PCL_RECOGNITION: /usr/lib/x86_64-linux-gnu/libpcl_recognition.so  
-- Found PCL_STEREO: /usr/lib/x86_64-linux-gnu/libpcl_stereo.so  
-- Found PCL_APPS: /usr/lib/x86_64-linux-gnu/libpcl_apps.so  
-- Found PCL_IN_HAND_SCANNER: /usr/include/pcl-1.12  
-- Found PCL_MODELER: /usr/include/pcl-1.12  
-- Found PCL_POINT_CLOUD_EDITOR: /usr/include/pcl-1.12  
-- Found PCL_OUTOFCORE: /usr/lib/x86_64-linux-gnu/libpcl_outofcore.so  
-- Found PCL_PEOPLE: /usr/lib/x86_64-linux-gnu/libpcl_people.so  
-- Found rviz_default_plugins: 11.2.17 (/opt/ros/humble/share/rviz_default_plugins/cmake)
-- library: /usr/lib/x86_64-linux-gnu/libcurl.so
-- Setting assimp_DIR to: '/opt/ros/humble/share/rviz_assimp_vendor/cmake/../../../opt/rviz_assimp_vendor/lib/cmake/assimp-4.1'
-- Setting OGRE_DIR to: '/opt/ros/humble/share/rviz_ogre_vendor/cmake/../../../opt/rviz_ogre_vendor/lib/OGRE/cmake'
-- Found OGRE
--   static     : OFF
--   components : HLMS;MeshLodGenerator;Overlay;Paging;Property;RTShaderSystem;Terrain;Volume
--   plugins    : Plugin_BSPSceneManager;Plugin_OctreeSceneManager;Plugin_PCZSceneManager;Plugin_ParticleFX;RenderSystem_GL;RenderSystem_GL3Plus;Codec_STBI
--   media      : /opt/ros/humble/opt/rviz_ogre_vendor/share/OGRE/Media
-- OGRE_LIBRARIES: OgreHLMS;OgreMeshLodGenerator;OgreOverlay;OgrePaging;OgreProperty;OgreRTShaderSystem;OgreTerrain;OgreVolume;OgreMain
-- OGRE_LIBRARY_DIRS: /opt/ros/humble/opt/rviz_ogre_vendor/lib
-- OGRE_PLUGINS: Plugin_BSPSceneManager;Plugin_OctreeSceneManager;Plugin_PCZSceneManager;Plugin_ParticleFX;RenderSystem_GL;RenderSystem_GL3Plus;Codec_STBI
-- OGRE_PLUGIN_DIR: /opt/ros/humble/opt/rviz_ogre_vendor/lib/OGRE
-- rviz_ogre_vendor::OgreOverlay for IMPORTED_LOCATION_RELEASE: /opt/ros/humble/opt/rviz_ogre_vendor/lib/libOgreOverlay.so
-- rviz_ogre_vendor::OgreOverlay for IMPORTED_LOCATION_DEBUG: /opt/ros/humble/opt/rviz_ogre_vendor/lib/libOgreOverlay.so
-- rviz_ogre_vendor::OgreMain for IMPORTED_LOCATION_RELEASE: /opt/ros/humble/opt/rviz_ogre_vendor/lib/libOgreMain.so
-- rviz_ogre_vendor::OgreMain for IMPORTED_LOCATION_DEBUG: /opt/ros/humble/opt/rviz_ogre_vendor/lib/libOgreMain.so
-- Found ZLIB: /usr/lib/x86_64-linux-gnu/libz.so (found version "1.2.11") 
-- Found OpenGL: /usr/lib/x86_64-linux-gnu/libOpenGL.so   
-- Found X11: /usr/include   
-- Found ament_lint_auto: 0.12.12 (/opt/ros/humble/share/ament_lint_auto/cmake)
-- Added test 'copyright' to check source files copyright and LICENSE
-- Added test 'cppcheck' to perform static code analysis on C / C++ code
-- Configured cppcheck include dirs: /home/manish/eiratech_ws/src/vox_nav/vox_nav_map_server/include
-- Configured cppcheck exclude dirs and/or files: 
-- Added test 'cpplint' to check C / C++ code against the Google style
-- Configured cpplint exclude dirs and/or files: 
-- Added test 'flake8' to check Python code syntax and style conventions
-- Added test 'lint_cmake' to check CMake code style
-- Added test 'pep257' to check Python code against some of the docstring style conventions in PEP 257
-- Added test 'uncrustify' to check C / C++ code style
-- Configured uncrustify additional arguments: 
-- Added test 'xmllint' to check XML markup files
-- Configuring done
-- Generating done
-- Build files have been written to: /home/manish/eiratech_ws/build/vox_nav_map_server
[ 50%] [32mBuilding CXX object CMakeFiles/map_manager_no_gps.dir/src/map_manager_no_gps.cpp.o[0m
[ 50%] [32mBuilding CXX object CMakeFiles/osm_map_manager.dir/src/osm_map_manager.cpp.o[0m
[ 50%] [32mBuilding CXX object CMakeFiles/map_manager.dir/src/map_manager.cpp.o[0m
[ 66%] [32m[1mLinking CXX executable map_manager_no_gps[0m
[ 83%] [32m[1mLinking CXX executable map_manager[0m
[ 83%] Built target map_manager_no_gps
[ 83%] Built target map_manager
[100%] [32m[1mLinking CXX executable osm_map_manager[0m
[100%] Built target osm_map_manager
-- Install configuration: ""
-- Installing: /home/manish/eiratech_ws/install/vox_nav_map_server/lib/vox_nav_map_server/map_manager
-- Set runtime path of "/home/manish/eiratech_ws/install/vox_nav_map_server/lib/vox_nav_map_server/map_manager" to ""
-- Installing: /home/manish/eiratech_ws/install/vox_nav_map_server/lib/vox_nav_map_server/map_manager_no_gps
-- Set runtime path of "/home/manish/eiratech_ws/install/vox_nav_map_server/lib/vox_nav_map_server/map_manager_no_gps" to ""
-- Installing: /home/manish/eiratech_ws/install/vox_nav_map_server/lib/vox_nav_map_server/osm_map_manager
-- Set runtime path of "/home/manish/eiratech_ws/install/vox_nav_map_server/lib/vox_nav_map_server/osm_map_manager" to ""
-- Installing: /home/manish/eiratech_ws/install/vox_nav_map_server/include/
-- Installing: /home/manish/eiratech_ws/install/vox_nav_map_server/include//vox_nav_map_server
-- Installing: /home/manish/eiratech_ws/install/vox_nav_map_server/include//vox_nav_map_server/map_manager.hpp
-- Installing: /home/manish/eiratech_ws/install/vox_nav_map_server/include//vox_nav_map_server/map_manager_no_gps.hpp
-- Installing: /home/manish/eiratech_ws/install/vox_nav_map_server/include//vox_nav_map_server/osm_map_manager.hpp
-- Installing: /home/manish/eiratech_ws/install/vox_nav_map_server/share/vox_nav_map_server/config
-- Installing: /home/manish/eiratech_ws/install/vox_nav_map_server/share/vox_nav_map_server/config/osm.rviz
-- Installing: /home/manish/eiratech_ws/install/vox_nav_map_server/share/vox_nav_map_server/config/rl_sim.yaml
-- Installing: /home/manish/eiratech_ws/install/vox_nav_map_server/share/vox_nav_map_server/config/vox_nav_empty_map.yaml
-- Installing: /home/manish/eiratech_ws/install/vox_nav_map_server/share/vox_nav_map_server/config/osm_map.yaml
-- Installing: /home/manish/eiratech_ws/install/vox_nav_map_server/share/vox_nav_map_server/config/rl_sim_no_map.yaml
-- Installing: /home/manish/eiratech_ws/install/vox_nav_map_server/share/vox_nav_map_server/launch
-- Installing: /home/manish/eiratech_ws/install/vox_nav_map_server/share/vox_nav_map_server/launch/test.launch.py
-- Installing: /home/manish/eiratech_ws/install/vox_nav_map_server/share/vox_nav_map_server/launch/test_no_map.launch.py
-- Installing: /home/manish/eiratech_ws/install/vox_nav_map_server/share/vox_nav_map_server/urdf
-- Installing: /home/manish/eiratech_ws/install/vox_nav_map_server/share/vox_nav_map_server/urdf/Materials.meta
-- Installing: /home/manish/eiratech_ws/install/vox_nav_map_server/share/vox_nav_map_server/urdf/Materials
-- Installing: /home/manish/eiratech_ws/install/vox_nav_map_server/share/vox_nav_map_server/urdf/Materials/rubber.001.mat
-- Installing: /home/manish/eiratech_ws/install/vox_nav_map_server/share/vox_nav_map_server/urdf/Materials/rim.002.mat.meta
-- Installing: /home/manish/eiratech_ws/install/vox_nav_map_server/share/vox_nav_map_server/urdf/Materials/rubber.001.mat.meta
-- Installing: /home/manish/eiratech_ws/install/vox_nav_map_server/share/vox_nav_map_server/urdf/Materials/Default.mat
-- Installing: /home/manish/eiratech_ws/install/vox_nav_map_server/share/vox_nav_map_server/urdf/Materials/Default.mat.meta
-- Installing: /home/manish/eiratech_ws/install/vox_nav_map_server/share/vox_nav_map_server/urdf/Materials/rim.002.mat
-- Installing: /home/manish/eiratech_ws/install/vox_nav_map_server/share/vox_nav_map_server/urdf/dobbie.urdf.meta
-- Installing: /home/manish/eiratech_ws/install/vox_nav_map_server/share/vox_nav_map_server/urdf/dobbie.urdf
-- Installing: /home/manish/eiratech_ws/install/vox_nav_map_server/share/vox_nav_map_server/meshes
-- Installing: /home/manish/eiratech_ws/install/vox_nav_map_server/share/vox_nav_map_server/meshes/Cylinder.asset
-- Installing: /home/manish/eiratech_ws/install/vox_nav_map_server/share/vox_nav_map_server/meshes/dae
-- Installing: /home/manish/eiratech_ws/install/vox_nav_map_server/share/vox_nav_map_server/meshes/dae/Circle.004.dae
-- Installing: /home/manish/eiratech_ws/install/vox_nav_map_server/share/vox_nav_map_server/meshes/dae/Cube.004.dae
-- Installing: /home/manish/eiratech_ws/install/vox_nav_map_server/share/vox_nav_map_server/meshes/dae/Circle.005.dae.meta
-- Installing: /home/manish/eiratech_ws/install/vox_nav_map_server/share/vox_nav_map_server/meshes/dae/Circle.001.dae
-- Installing: /home/manish/eiratech_ws/install/vox_nav_map_server/share/vox_nav_map_server/meshes/dae/Cube.114_2.asset
-- Installing: /home/manish/eiratech_ws/install/vox_nav_map_server/share/vox_nav_map_server/meshes/dae/Cube.091.dae.meta
-- Installing: /home/manish/eiratech_ws/install/vox_nav_map_server/share/vox_nav_map_server/meshes/dae/Cube.004.dae.meta
-- Installing: /home/manish/eiratech_ws/install/vox_nav_map_server/share/vox_nav_map_server/meshes/dae/Cube.114.dae.meta
-- Installing: /home/manish/eiratech_ws/install/vox_nav_map_server/share/vox_nav_map_server/meshes/dae/Circle.005.dae
-- Installing: /home/manish/eiratech_ws/install/vox_nav_map_server/share/vox_nav_map_server/meshes/dae/Circle.002.dae
-- Installing: /home/manish/eiratech_ws/install/vox_nav_map_server/share/vox_nav_map_server/meshes/dae/Circle.002.dae.meta
-- Installing: /home/manish/eiratech_ws/install/vox_nav_map_server/share/vox_nav_map_server/meshes/dae/Cube.114_1.asset
-- Installing: /home/manish/eiratech_ws/install/vox_nav_map_server/share/vox_nav_map_server/meshes/dae/Circle.003.dae
-- Installing: /home/manish/eiratech_ws/install/vox_nav_map_server/share/vox_nav_map_server/meshes/dae/Circle.006.dae
-- Installing: /home/manish/eiratech_ws/install/vox_nav_map_server/share/vox_nav_map_server/meshes/dae/Circle.004.dae.meta
-- Installing: /home/manish/eiratech_ws/install/vox_nav_map_server/share/vox_nav_map_server/meshes/dae/Circle.007.dae
-- Installing: /home/manish/eiratech_ws/install/vox_nav_map_server/share/vox_nav_map_server/meshes/dae/Circle.023.dae
-- Installing: /home/manish/eiratech_ws/install/vox_nav_map_server/share/vox_nav_map_server/meshes/dae/Cube.114.dae
-- Installing: /home/manish/eiratech_ws/install/vox_nav_map_server/share/vox_nav_map_server/meshes/dae/Circle.006.dae.meta
-- Installing: /home/manish/eiratech_ws/install/vox_nav_map_server/share/vox_nav_map_server/meshes/dae/Circle.003.dae.meta
-- Installing: /home/manish/eiratech_ws/install/vox_nav_map_server/share/vox_nav_map_server/meshes/dae/Circle.007.dae.meta
-- Installing: /home/manish/eiratech_ws/install/vox_nav_map_server/share/vox_nav_map_server/meshes/dae/Circle.023.dae.meta
-- Installing: /home/manish/eiratech_ws/install/vox_nav_map_server/share/vox_nav_map_server/meshes/dae/Cube.114_1.asset.meta
-- Installing: /home/manish/eiratech_ws/install/vox_nav_map_server/share/vox_nav_map_server/meshes/dae/Circle.001.dae.meta
-- Installing: /home/manish/eiratech_ws/install/vox_nav_map_server/share/vox_nav_map_server/meshes/dae/Cube.091.dae
-- Installing: /home/manish/eiratech_ws/install/vox_nav_map_server/share/vox_nav_map_server/meshes/dae/Cube.114_2.asset.meta
-- Installing: /home/manish/eiratech_ws/install/vox_nav_map_server/share/vox_nav_map_server/meshes/Cylinder.asset.meta
-- Installing: /home/manish/eiratech_ws/install/vox_nav_map_server/share/vox_nav_map_server/meshes/dae.meta
-- Installing: /home/manish/eiratech_ws/install/vox_nav_map_server/share/ament_index/resource_index/package_run_dependencies/vox_nav_map_server
-- Installing: /home/manish/eiratech_ws/install/vox_nav_map_server/share/ament_index/resource_index/parent_prefix_path/vox_nav_map_server
-- Installing: /home/manish/eiratech_ws/install/vox_nav_map_server/share/vox_nav_map_server/environment/ament_prefix_path.sh
-- Installing: /home/manish/eiratech_ws/install/vox_nav_map_server/share/vox_nav_map_server/environment/ament_prefix_path.dsv
-- Installing: /home/manish/eiratech_ws/install/vox_nav_map_server/share/vox_nav_map_server/environment/path.sh
-- Installing: /home/manish/eiratech_ws/install/vox_nav_map_server/share/vox_nav_map_server/environment/path.dsv
-- Installing: /home/manish/eiratech_ws/install/vox_nav_map_server/share/vox_nav_map_server/local_setup.bash
-- Installing: /home/manish/eiratech_ws/install/vox_nav_map_server/share/vox_nav_map_server/local_setup.sh
-- Installing: /home/manish/eiratech_ws/install/vox_nav_map_server/share/vox_nav_map_server/local_setup.zsh
-- Installing: /home/manish/eiratech_ws/install/vox_nav_map_server/share/vox_nav_map_server/local_setup.dsv
-- Installing: /home/manish/eiratech_ws/install/vox_nav_map_server/share/vox_nav_map_server/package.dsv
-- Installing: /home/manish/eiratech_ws/install/vox_nav_map_server/share/ament_index/resource_index/packages/vox_nav_map_server
-- Installing: /home/manish/eiratech_ws/install/vox_nav_map_server/share/vox_nav_map_server/cmake/ament_cmake_export_include_directories-extras.cmake
-- Installing: /home/manish/eiratech_ws/install/vox_nav_map_server/share/vox_nav_map_server/cmake/vox_nav_map_serverConfig.cmake
-- Installing: /home/manish/eiratech_ws/install/vox_nav_map_server/share/vox_nav_map_server/cmake/vox_nav_map_serverConfig-version.cmake
-- Installing: /home/manish/eiratech_ws/install/vox_nav_map_server/share/vox_nav_map_server/package.xml
