[0.013s] Invoking command in '/home/manish/eiratech_ws/build/cropmap_nav2': CMAKE_PREFIX_PATH=${CMAKE_PREFIX_PATH}:/opt/ros/humble /usr/bin/cmake /home/manish/eiratech_ws/src/cropmap_nav2 -DCMAKE_INSTALL_PREFIX=/home/manish/eiratech_ws/install/cropmap_nav2
[0.093s] -- The C compiler identification is GNU 11.4.0
[0.158s] -- The CXX compiler identification is GNU 11.4.0
[0.165s] -- Detecting C compiler ABI info
[0.224s] -- Detecting C compiler ABI info - done
[0.232s] -- Check for working C compiler: /usr/bin/cc - skipped
[0.233s] -- Detecting C compile features
[0.233s] -- Detecting C compile features - done
[0.236s] -- Detecting CXX compiler ABI info
[0.303s] -- Detecting CXX compiler ABI info - done
[0.311s] -- Check for working CXX compiler: /usr/bin/c++ - skipped
[0.312s] -- Detecting CXX compile features
[0.312s] -- Detecting CXX compile features - done
[0.315s] -- Found ament_cmake: 1.3.11 (/opt/ros/humble/share/ament_cmake/cmake)
[0.460s] -- Found Python3: /usr/bin/python3 (found version "3.10.12") found components: Interpreter 
[0.629s] -- Configuring done
[0.633s] -- Generating done
[0.635s] -- Build files have been written to: /home/manish/eiratech_ws/build/cropmap_nav2
[0.644s] Invoked command in '/home/manish/eiratech_ws/build/cropmap_nav2' returned '0': CMAKE_PREFIX_PATH=${CMAKE_PREFIX_PATH}:/opt/ros/humble /usr/bin/cmake /home/manish/eiratech_ws/src/cropmap_nav2 -DCMAKE_INSTALL_PREFIX=/home/manish/eiratech_ws/install/cropmap_nav2
[0.645s] Invoking command in '/home/manish/eiratech_ws/build/cropmap_nav2': CMAKE_PREFIX_PATH=${CMAKE_PREFIX_PATH}:/opt/ros/humble /usr/bin/cmake --build /home/manish/eiratech_ws/build/cropmap_nav2 -- -j12 -l12
[0.677s] Invoked command in '/home/manish/eiratech_ws/build/cropmap_nav2' returned '0': CMAKE_PREFIX_PATH=${CMAKE_PREFIX_PATH}:/opt/ros/humble /usr/bin/cmake --build /home/manish/eiratech_ws/build/cropmap_nav2 -- -j12 -l12
[0.685s] Invoking command in '/home/manish/eiratech_ws/build/cropmap_nav2': CMAKE_PREFIX_PATH=${CMAKE_PREFIX_PATH}:/opt/ros/humble /usr/bin/cmake --install /home/manish/eiratech_ws/build/cropmap_nav2
[0.691s] -- Install configuration: ""
[0.691s] -- Installing: /home/manish/eiratech_ws/install/cropmap_nav2/share/cropmap_nav2/launch
[0.691s] -- Installing: /home/manish/eiratech_ws/install/cropmap_nav2/share/cropmap_nav2/launch/cropmap_navigation_backup.launch.py
[0.691s] -- Installing: /home/manish/eiratech_ws/install/cropmap_nav2/share/cropmap_nav2/launch/cropmap_navigation.launch.py
[0.691s] -- Installing: /home/manish/eiratech_ws/install/cropmap_nav2/share/cropmap_nav2/launch/~
[0.692s] -- Installing: /home/manish/eiratech_ws/install/cropmap_nav2/share/cropmap_nav2/launch/.intergarted_nav2_voxnav.launch.py.swp
[0.692s] -- Installing: /home/manish/eiratech_ws/install/cropmap_nav2/share/cropmap_nav2/launch/cropmap_navigation_slam.launch.py
[0.692s] -- Installing: /home/manish/eiratech_ws/install/cropmap_nav2/share/cropmap_nav2/launch/.cropmap_vox_nav.launch.py.swo
[0.692s] -- Installing: /home/manish/eiratech_ws/install/cropmap_nav2/share/cropmap_nav2/launch/keepout_fliter.launch.py
[0.692s] -- Installing: /home/manish/eiratech_ws/install/cropmap_nav2/share/cropmap_nav2/launch/.cropmap_navigation_voxnav.launch.py.swo
[0.692s] -- Installing: /home/manish/eiratech_ws/install/cropmap_nav2/share/cropmap_nav2/config
[0.693s] -- Installing: /home/manish/eiratech_ws/install/cropmap_nav2/share/cropmap_nav2/config/nav_t_params.yaml
[0.693s] -- Installing: /home/manish/eiratech_ws/install/cropmap_nav2/share/cropmap_nav2/config/nav2_params.yaml
[0.693s] -- Installing: /home/manish/eiratech_ws/install/cropmap_nav2/share/cropmap_nav2/config/nav2_slam_params.yaml
[0.693s] -- Installing: /home/manish/eiratech_ws/install/cropmap_nav2/share/cropmap_nav2/config/nav2_params_backup.yaml
[0.693s] -- Installing: /home/manish/eiratech_ws/install/cropmap_nav2/share/cropmap_nav2/config/keepout_fliter_params.yaml
[0.694s] -- Installing: /home/manish/eiratech_ws/install/cropmap_nav2/share/cropmap_nav2/config/nav2_params_2D.yaml
[0.694s] -- Installing: /home/manish/eiratech_ws/install/cropmap_nav2/share/cropmap_nav2/config/flat_terrain_voxnav_params.yaml
[0.694s] -- Installing: /home/manish/eiratech_ws/install/cropmap_nav2/share/cropmap_nav2/config/voxnav_params.yaml
[0.694s] -- Installing: /home/manish/eiratech_ws/install/cropmap_nav2/share/cropmap_nav2/maps
[0.694s] -- Installing: /home/manish/eiratech_ws/install/cropmap_nav2/share/cropmap_nav2/maps/Walls.yaml
[0.694s] -- Installing: /home/manish/eiratech_ws/install/cropmap_nav2/share/cropmap_nav2/maps/cropmap_map_wth_keepout.png
[0.695s] -- Installing: /home/manish/eiratech_ws/install/cropmap_nav2/share/cropmap_nav2/maps/Nav2Testing.png
[0.695s] -- Installing: /home/manish/eiratech_ws/install/cropmap_nav2/share/cropmap_nav2/maps/single_layer_map.yaml
[0.695s] -- Installing: /home/manish/eiratech_ws/install/cropmap_nav2/share/cropmap_nav2/maps/Block_map.yaml
[0.695s] -- Installing: /home/manish/eiratech_ws/install/cropmap_nav2/share/cropmap_nav2/maps/uneven_world.pcd
[0.726s] -- Installing: /home/manish/eiratech_ws/install/cropmap_nav2/share/cropmap_nav2/maps/my_field_map.png
[0.726s] -- Installing: /home/manish/eiratech_ws/install/cropmap_nav2/share/cropmap_nav2/maps/Nav2Testing.yaml
[0.726s] -- Installing: /home/manish/eiratech_ws/install/cropmap_nav2/share/cropmap_nav2/maps/cropmap_map.yaml
[0.726s] -- Installing: /home/manish/eiratech_ws/install/cropmap_nav2/share/cropmap_nav2/maps/cropmap_map.png
[0.726s] -- Installing: /home/manish/eiratech_ws/install/cropmap_nav2/share/cropmap_nav2/maps/single_layer_map.png
[0.727s] -- Installing: /home/manish/eiratech_ws/install/cropmap_nav2/share/cropmap_nav2/maps/Block_map.png
[0.727s] -- Installing: /home/manish/eiratech_ws/install/cropmap_nav2/share/cropmap_nav2/maps/my_field_map.yaml
[0.728s] -- Installing: /home/manish/eiratech_ws/install/cropmap_nav2/share/cropmap_nav2/maps/Walls.png
[0.728s] -- Installing: /home/manish/eiratech_ws/install/cropmap_nav2/share/cropmap_nav2/maps/cropmap_map_wth_keepout.yaml
[0.728s] -- Installing: /home/manish/eiratech_ws/install/cropmap_nav2/share/cropmap_nav2/rviz2
[0.728s] -- Installing: /home/manish/eiratech_ws/install/cropmap_nav2/share/cropmap_nav2/rviz2/carter_navigation.rviz
[0.728s] -- Installing: /home/manish/eiratech_ws/install/cropmap_nav2/share/cropmap_nav2/rviz2/voxnav_navigation.rviz
[0.729s] -- Installing: /home/manish/eiratech_ws/install/cropmap_nav2/share/cropmap_nav2/rviz2/.carter_navigation.rviz.swp
[0.729s] -- Installing: /home/manish/eiratech_ws/install/cropmap_nav2/share/cropmap_nav2/rviz2/carter_navigation_namespaced.rviz
[0.729s] -- Installing: /home/manish/eiratech_ws/install/cropmap_nav2/share/ament_index/resource_index/package_run_dependencies/cropmap_nav2
[0.729s] -- Installing: /home/manish/eiratech_ws/install/cropmap_nav2/share/ament_index/resource_index/parent_prefix_path/cropmap_nav2
[0.729s] -- Installing: /home/manish/eiratech_ws/install/cropmap_nav2/share/cropmap_nav2/environment/ament_prefix_path.sh
[0.730s] -- Installing: /home/manish/eiratech_ws/install/cropmap_nav2/share/cropmap_nav2/environment/ament_prefix_path.dsv
[0.730s] -- Installing: /home/manish/eiratech_ws/install/cropmap_nav2/share/cropmap_nav2/environment/path.sh
[0.730s] -- Installing: /home/manish/eiratech_ws/install/cropmap_nav2/share/cropmap_nav2/environment/path.dsv
[0.730s] -- Installing: /home/manish/eiratech_ws/install/cropmap_nav2/share/cropmap_nav2/local_setup.bash
[0.730s] -- Installing: /home/manish/eiratech_ws/install/cropmap_nav2/share/cropmap_nav2/local_setup.sh
[0.730s] -- Installing: /home/manish/eiratech_ws/install/cropmap_nav2/share/cropmap_nav2/local_setup.zsh
[0.730s] -- Installing: /home/manish/eiratech_ws/install/cropmap_nav2/share/cropmap_nav2/local_setup.dsv
[0.730s] -- Installing: /home/manish/eiratech_ws/install/cropmap_nav2/share/cropmap_nav2/package.dsv
[0.730s] -- Installing: /home/manish/eiratech_ws/install/cropmap_nav2/share/ament_index/resource_index/packages/cropmap_nav2
[0.730s] -- Installing: /home/manish/eiratech_ws/install/cropmap_nav2/share/cropmap_nav2/cmake/cropmap_nav2Config.cmake
[0.730s] -- Installing: /home/manish/eiratech_ws/install/cropmap_nav2/share/cropmap_nav2/cmake/cropmap_nav2Config-version.cmake
[0.731s] -- Installing: /home/manish/eiratech_ws/install/cropmap_nav2/share/cropmap_nav2/package.xml
[0.731s] -- Installing: /home/manish/eiratech_ws/install/cropmap_nav2/lib/cropmap_nav2/safety_monitor.py
[0.731s] -- Installing: /home/manish/eiratech_ws/install/cropmap_nav2/lib/cropmap_nav2/acceptance_test.py
[0.732s] Invoked command in '/home/manish/eiratech_ws/build/cropmap_nav2' returned '0': CMAKE_PREFIX_PATH=${CMAKE_PREFIX_PATH}:/opt/ros/humble /usr/bin/cmake --install /home/manish/eiratech_ws/build/cropmap_nav2
