[0.007s] Invoking command in '/home/student/eiratech_ws/build/robot_bringup': CMAKE_PREFIX_PATH=/home/student/eiratech_ws/install/robot_description:/home/student/eiratech_ws/install/robot_bringup:/opt/ros/jazzy/opt/gz_sim_vendor:/opt/ros/jazzy/opt/gz_sensors_vendor:/opt/ros/jazzy/opt/gz_physics_vendor:/opt/ros/jazzy/opt/sdformat_vendor:/opt/ros/jazzy/opt/gz_gui_vendor:/opt/ros/jazzy/opt/gz_transport_vendor:/opt/ros/jazzy/opt/gz_rendering_vendor:/opt/ros/jazzy/opt/gz_plugin_vendor:/opt/ros/jazzy/opt/gz_fuel_tools_vendor:/opt/ros/jazzy/opt/gz_msgs_vendor:/opt/ros/jazzy/opt/gz_common_vendor:/opt/ros/jazzy/opt/gz_math_vendor:/opt/ros/jazzy/opt/gz_utils_vendor:/opt/ros/jazzy/opt/gz_tools_vendor:/opt/ros/jazzy/opt/gz_ogre_next_vendor:/opt/ros/jazzy/opt/gz_dartsim_vendor:/opt/ros/jazzy/opt/gz_cmake_vendor:/opt/ros/jazzy DEBUGINFOD_URLS=https://debuginfod.ubuntu.com /usr/bin/cmake /home/student/eiratech_ws/src/robot_bringup -DCMAKE_INSTALL_PREFIX=/home/student/eiratech_ws/install/robot_bringup
[0.016s] -- Found ament_cmake: 2.5.4 (/opt/ros/jazzy/share/ament_cmake/cmake)
[0.187s] -- Found ament_lint_auto: 0.17.2 (/opt/ros/jazzy/share/ament_lint_auto/cmake)
[0.238s] -- Added test 'copyright' to check source files copyright and LICENSE
[0.239s] -- Added test 'flake8' to check Python code syntax and style conventions
[0.239s] -- Configured 'flake8' exclude dirs and/or files: 
[0.239s] -- Added test 'lint_cmake' to check CMake code style
[0.239s] -- Added test 'pep257' to check Python code against some of the docstring style conventions in PEP 257
[0.240s] -- Added test 'xmllint' to check XML markup files
[0.240s] -- Configuring done (0.2s)
[0.241s] -- Generating done (0.0s)
[0.242s] -- Build files have been written to: /home/student/eiratech_ws/build/robot_bringup
[0.244s] Invoked command in '/home/student/eiratech_ws/build/robot_bringup' returned '0': CMAKE_PREFIX_PATH=/home/student/eiratech_ws/install/robot_description:/home/student/eiratech_ws/install/robot_bringup:/opt/ros/jazzy/opt/gz_sim_vendor:/opt/ros/jazzy/opt/gz_sensors_vendor:/opt/ros/jazzy/opt/gz_physics_vendor:/opt/ros/jazzy/opt/sdformat_vendor:/opt/ros/jazzy/opt/gz_gui_vendor:/opt/ros/jazzy/opt/gz_transport_vendor:/opt/ros/jazzy/opt/gz_rendering_vendor:/opt/ros/jazzy/opt/gz_plugin_vendor:/opt/ros/jazzy/opt/gz_fuel_tools_vendor:/opt/ros/jazzy/opt/gz_msgs_vendor:/opt/ros/jazzy/opt/gz_common_vendor:/opt/ros/jazzy/opt/gz_math_vendor:/opt/ros/jazzy/opt/gz_utils_vendor:/opt/ros/jazzy/opt/gz_tools_vendor:/opt/ros/jazzy/opt/gz_ogre_next_vendor:/opt/ros/jazzy/opt/gz_dartsim_vendor:/opt/ros/jazzy/opt/gz_cmake_vendor:/opt/ros/jazzy DEBUGINFOD_URLS=https://debuginfod.ubuntu.com /usr/bin/cmake /home/student/eiratech_ws/src/robot_bringup -DCMAKE_INSTALL_PREFIX=/home/student/eiratech_ws/install/robot_bringup
[0.245s] Invoking command in '/home/student/eiratech_ws/build/robot_bringup': CMAKE_PREFIX_PATH=/home/student/eiratech_ws/install/robot_description:/home/student/eiratech_ws/install/robot_bringup:/opt/ros/jazzy/opt/gz_sim_vendor:/opt/ros/jazzy/opt/gz_sensors_vendor:/opt/ros/jazzy/opt/gz_physics_vendor:/opt/ros/jazzy/opt/sdformat_vendor:/opt/ros/jazzy/opt/gz_gui_vendor:/opt/ros/jazzy/opt/gz_transport_vendor:/opt/ros/jazzy/opt/gz_rendering_vendor:/opt/ros/jazzy/opt/gz_plugin_vendor:/opt/ros/jazzy/opt/gz_fuel_tools_vendor:/opt/ros/jazzy/opt/gz_msgs_vendor:/opt/ros/jazzy/opt/gz_common_vendor:/opt/ros/jazzy/opt/gz_math_vendor:/opt/ros/jazzy/opt/gz_utils_vendor:/opt/ros/jazzy/opt/gz_tools_vendor:/opt/ros/jazzy/opt/gz_ogre_next_vendor:/opt/ros/jazzy/opt/gz_dartsim_vendor:/opt/ros/jazzy/opt/gz_cmake_vendor:/opt/ros/jazzy DEBUGINFOD_URLS=https://debuginfod.ubuntu.com /usr/bin/cmake --build /home/student/eiratech_ws/build/robot_bringup -- -j28 -l28
[0.290s] Invoked command in '/home/student/eiratech_ws/build/robot_bringup' returned '0': CMAKE_PREFIX_PATH=/home/student/eiratech_ws/install/robot_description:/home/student/eiratech_ws/install/robot_bringup:/opt/ros/jazzy/opt/gz_sim_vendor:/opt/ros/jazzy/opt/gz_sensors_vendor:/opt/ros/jazzy/opt/gz_physics_vendor:/opt/ros/jazzy/opt/sdformat_vendor:/opt/ros/jazzy/opt/gz_gui_vendor:/opt/ros/jazzy/opt/gz_transport_vendor:/opt/ros/jazzy/opt/gz_rendering_vendor:/opt/ros/jazzy/opt/gz_plugin_vendor:/opt/ros/jazzy/opt/gz_fuel_tools_vendor:/opt/ros/jazzy/opt/gz_msgs_vendor:/opt/ros/jazzy/opt/gz_common_vendor:/opt/ros/jazzy/opt/gz_math_vendor:/opt/ros/jazzy/opt/gz_utils_vendor:/opt/ros/jazzy/opt/gz_tools_vendor:/opt/ros/jazzy/opt/gz_ogre_next_vendor:/opt/ros/jazzy/opt/gz_dartsim_vendor:/opt/ros/jazzy/opt/gz_cmake_vendor:/opt/ros/jazzy DEBUGINFOD_URLS=https://debuginfod.ubuntu.com /usr/bin/cmake --build /home/student/eiratech_ws/build/robot_bringup -- -j28 -l28
[0.307s] Invoking command in '/home/student/eiratech_ws/build/robot_bringup': CMAKE_PREFIX_PATH=/home/student/eiratech_ws/install/robot_description:/home/student/eiratech_ws/install/robot_bringup:/opt/ros/jazzy/opt/gz_sim_vendor:/opt/ros/jazzy/opt/gz_sensors_vendor:/opt/ros/jazzy/opt/gz_physics_vendor:/opt/ros/jazzy/opt/sdformat_vendor:/opt/ros/jazzy/opt/gz_gui_vendor:/opt/ros/jazzy/opt/gz_transport_vendor:/opt/ros/jazzy/opt/gz_rendering_vendor:/opt/ros/jazzy/opt/gz_plugin_vendor:/opt/ros/jazzy/opt/gz_fuel_tools_vendor:/opt/ros/jazzy/opt/gz_msgs_vendor:/opt/ros/jazzy/opt/gz_common_vendor:/opt/ros/jazzy/opt/gz_math_vendor:/opt/ros/jazzy/opt/gz_utils_vendor:/opt/ros/jazzy/opt/gz_tools_vendor:/opt/ros/jazzy/opt/gz_ogre_next_vendor:/opt/ros/jazzy/opt/gz_dartsim_vendor:/opt/ros/jazzy/opt/gz_cmake_vendor:/opt/ros/jazzy DEBUGINFOD_URLS=https://debuginfod.ubuntu.com /usr/bin/cmake --install /home/student/eiratech_ws/build/robot_bringup
[0.320s] -- Install configuration: "Release"
[0.320s] -- Up-to-date: /home/student/eiratech_ws/install/robot_bringup/share/robot_bringup/launch
[0.320s] -- Up-to-date: /home/student/eiratech_ws/install/robot_bringup/share/robot_bringup/launch/basic_test.launch.py
[0.321s] -- Up-to-date: /home/student/eiratech_ws/install/robot_bringup/share/robot_bringup/launch/rviz.launch.py
[0.321s] -- Installing: /home/student/eiratech_ws/install/robot_bringup/share/robot_bringup/launch/gazebo_sim.launch.py
[0.321s] -- Up-to-date: /home/student/eiratech_ws/install/robot_bringup/share/robot_bringup/launch/teleop.launch.py
[0.321s] -- Up-to-date: /home/student/eiratech_ws/install/robot_bringup/share/robot_bringup/launch/bridge.launch.py
[0.321s] -- Up-to-date: /home/student/eiratech_ws/install/robot_bringup/share/robot_bringup/launch/test.launch.py
[0.321s] -- Up-to-date: /home/student/eiratech_ws/install/robot_bringup/share/robot_bringup/launch/complete_demo.launch.py
[0.321s] -- Up-to-date: /home/student/eiratech_ws/install/robot_bringup/share/robot_bringup/worlds
[0.321s] -- Up-to-date: /home/student/eiratech_ws/install/robot_bringup/share/robot_bringup/worlds/farm_world.world
[0.322s] -- Up-to-date: /home/student/eiratech_ws/install/robot_bringup/share/ament_index/resource_index/package_run_dependencies/robot_bringup
[0.322s] -- Installing: /home/student/eiratech_ws/install/robot_bringup/share/ament_index/resource_index/parent_prefix_path/robot_bringup
[0.322s] -- Up-to-date: /home/student/eiratech_ws/install/robot_bringup/share/robot_bringup/environment/ament_prefix_path.sh
[0.322s] -- Up-to-date: /home/student/eiratech_ws/install/robot_bringup/share/robot_bringup/environment/ament_prefix_path.dsv
[0.322s] -- Up-to-date: /home/student/eiratech_ws/install/robot_bringup/share/robot_bringup/environment/path.sh
[0.322s] -- Up-to-date: /home/student/eiratech_ws/install/robot_bringup/share/robot_bringup/environment/path.dsv
[0.322s] -- Up-to-date: /home/student/eiratech_ws/install/robot_bringup/share/robot_bringup/local_setup.bash
[0.322s] -- Up-to-date: /home/student/eiratech_ws/install/robot_bringup/share/robot_bringup/local_setup.sh
[0.322s] -- Up-to-date: /home/student/eiratech_ws/install/robot_bringup/share/robot_bringup/local_setup.zsh
[0.322s] -- Up-to-date: /home/student/eiratech_ws/install/robot_bringup/share/robot_bringup/local_setup.dsv
[0.323s] -- Up-to-date: /home/student/eiratech_ws/install/robot_bringup/share/robot_bringup/package.dsv
[0.323s] -- Up-to-date: /home/student/eiratech_ws/install/robot_bringup/share/ament_index/resource_index/packages/robot_bringup
[0.323s] -- Up-to-date: /home/student/eiratech_ws/install/robot_bringup/share/robot_bringup/cmake/robot_bringupConfig.cmake
[0.323s] -- Up-to-date: /home/student/eiratech_ws/install/robot_bringup/share/robot_bringup/cmake/robot_bringupConfig-version.cmake
[0.323s] -- Up-to-date: /home/student/eiratech_ws/install/robot_bringup/share/robot_bringup/package.xml
[0.325s] Invoked command in '/home/student/eiratech_ws/build/robot_bringup' returned '0': CMAKE_PREFIX_PATH=/home/student/eiratech_ws/install/robot_description:/home/student/eiratech_ws/install/robot_bringup:/opt/ros/jazzy/opt/gz_sim_vendor:/opt/ros/jazzy/opt/gz_sensors_vendor:/opt/ros/jazzy/opt/gz_physics_vendor:/opt/ros/jazzy/opt/sdformat_vendor:/opt/ros/jazzy/opt/gz_gui_vendor:/opt/ros/jazzy/opt/gz_transport_vendor:/opt/ros/jazzy/opt/gz_rendering_vendor:/opt/ros/jazzy/opt/gz_plugin_vendor:/opt/ros/jazzy/opt/gz_fuel_tools_vendor:/opt/ros/jazzy/opt/gz_msgs_vendor:/opt/ros/jazzy/opt/gz_common_vendor:/opt/ros/jazzy/opt/gz_math_vendor:/opt/ros/jazzy/opt/gz_utils_vendor:/opt/ros/jazzy/opt/gz_tools_vendor:/opt/ros/jazzy/opt/gz_ogre_next_vendor:/opt/ros/jazzy/opt/gz_dartsim_vendor:/opt/ros/jazzy/opt/gz_cmake_vendor:/opt/ros/jazzy DEBUGINFOD_URLS=https://debuginfod.ubuntu.com /usr/bin/cmake --install /home/student/eiratech_ws/build/robot_bringup
