[0.012s] Invoking command in '/home/manish/eiratech_ws/build/cropmap_nav2': CMAKE_PREFIX_PATH=${CMAKE_PREFIX_PATH}:/opt/ros/humble /usr/bin/cmake --build /home/manish/eiratech_ws/build/cropmap_nav2 -- -j12 -l12
[0.037s] Invoked command in '/home/manish/eiratech_ws/build/cropmap_nav2' returned '0': CMAKE_PREFIX_PATH=${CMAKE_PREFIX_PATH}:/opt/ros/humble /usr/bin/cmake --build /home/manish/eiratech_ws/build/cropmap_nav2 -- -j12 -l12
[0.044s] Invoking command in '/home/manish/eiratech_ws/build/cropmap_nav2': CMAKE_PREFIX_PATH=${CMAKE_PREFIX_PATH}:/opt/ros/humble /usr/bin/cmake --install /home/manish/eiratech_ws/build/cropmap_nav2
[0.049s] -- Install configuration: "Release"
[0.049s] -- Up-to-date: /home/manish/eiratech_ws/install/cropmap_nav2/share/cropmap_nav2/launch
[0.049s] -- Up-to-date: /home/manish/eiratech_ws/install/cropmap_nav2/share/cropmap_nav2/launch/frames_2025-06-16_11.39.24.gv
[0.049s] -- Up-to-date: /home/manish/eiratech_ws/install/cropmap_nav2/share/cropmap_nav2/launch/cropmap_navigation.launch.py
[0.049s] -- Up-to-date: /home/manish/eiratech_ws/install/cropmap_nav2/share/cropmap_nav2/launch/cropmap_navigation_slam.launch.py
[0.049s] -- Up-to-date: /home/manish/eiratech_ws/install/cropmap_nav2/share/cropmap_nav2/launch/frames_2025-06-16_11.14.47.gv
[0.049s] -- Up-to-date: /home/manish/eiratech_ws/install/cropmap_nav2/share/cropmap_nav2/launch/simple_nav.launch.py
[0.049s] -- Up-to-date: /home/manish/eiratech_ws/install/cropmap_nav2/share/cropmap_nav2/launch/keepout_fliter.launch.py
[0.050s] -- Up-to-date: /home/manish/eiratech_ws/install/cropmap_nav2/share/cropmap_nav2/launch/frames_2025-06-16_11.14.47.pdf
[0.050s] -- Up-to-date: /home/manish/eiratech_ws/install/cropmap_nav2/share/cropmap_nav2/launch/frames_2025-06-16_11.39.24.pdf
[0.050s] -- Up-to-date: /home/manish/eiratech_ws/install/cropmap_nav2/share/cropmap_nav2/config
[0.050s] -- Up-to-date: /home/manish/eiratech_ws/install/cropmap_nav2/share/cropmap_nav2/config/nav2_params.yaml
[0.050s] -- Up-to-date: /home/manish/eiratech_ws/install/cropmap_nav2/share/cropmap_nav2/config/frames_2025-06-16_09.39.30.pdf
[0.050s] -- Up-to-date: /home/manish/eiratech_ws/install/cropmap_nav2/share/cropmap_nav2/config/nav2_slam_params.yaml
[0.050s] -- Up-to-date: /home/manish/eiratech_ws/install/cropmap_nav2/share/cropmap_nav2/config/frames_2025-06-16_09.35.09.gv
[0.050s] -- Up-to-date: /home/manish/eiratech_ws/install/cropmap_nav2/share/cropmap_nav2/config/frames_2025-06-16_09.39.30.gv
[0.050s] -- Up-to-date: /home/manish/eiratech_ws/install/cropmap_nav2/share/cropmap_nav2/config/frames_2025-06-16_09.35.09.pdf
[0.050s] -- Up-to-date: /home/manish/eiratech_ws/install/cropmap_nav2/share/cropmap_nav2/config/keepout_fliter_params.yaml
[0.050s] -- Up-to-date: /home/manish/eiratech_ws/install/cropmap_nav2/share/cropmap_nav2/maps
[0.050s] -- Up-to-date: /home/manish/eiratech_ws/install/cropmap_nav2/share/cropmap_nav2/maps/Walls.yaml
[0.050s] -- Up-to-date: /home/manish/eiratech_ws/install/cropmap_nav2/share/cropmap_nav2/maps/cropmap_map_wth_keepout.png
[0.050s] -- Up-to-date: /home/manish/eiratech_ws/install/cropmap_nav2/share/cropmap_nav2/maps/Nav2Testing.png
[0.050s] -- Up-to-date: /home/manish/eiratech_ws/install/cropmap_nav2/share/cropmap_nav2/maps/single_layer_map.yaml
[0.050s] -- Up-to-date: /home/manish/eiratech_ws/install/cropmap_nav2/share/cropmap_nav2/maps/Block_map.yaml
[0.050s] -- Up-to-date: /home/manish/eiratech_ws/install/cropmap_nav2/share/cropmap_nav2/maps/my_field_map.png
[0.050s] -- Up-to-date: /home/manish/eiratech_ws/install/cropmap_nav2/share/cropmap_nav2/maps/Nav2Testing.yaml
[0.051s] -- Up-to-date: /home/manish/eiratech_ws/install/cropmap_nav2/share/cropmap_nav2/maps/cropmap_map.yaml
[0.051s] -- Up-to-date: /home/manish/eiratech_ws/install/cropmap_nav2/share/cropmap_nav2/maps/cropmap_map.png
[0.051s] -- Up-to-date: /home/manish/eiratech_ws/install/cropmap_nav2/share/cropmap_nav2/maps/single_layer_map.png
[0.051s] -- Up-to-date: /home/manish/eiratech_ws/install/cropmap_nav2/share/cropmap_nav2/maps/Block_map.png
[0.051s] -- Up-to-date: /home/manish/eiratech_ws/install/cropmap_nav2/share/cropmap_nav2/maps/my_field_map.yaml
[0.051s] -- Up-to-date: /home/manish/eiratech_ws/install/cropmap_nav2/share/cropmap_nav2/maps/Walls.png
[0.051s] -- Up-to-date: /home/manish/eiratech_ws/install/cropmap_nav2/share/cropmap_nav2/maps/cropmap_map_wth_keepout.yaml
[0.051s] -- Up-to-date: /home/manish/eiratech_ws/install/cropmap_nav2/share/cropmap_nav2/rviz2
[0.051s] -- Up-to-date: /home/manish/eiratech_ws/install/cropmap_nav2/share/cropmap_nav2/rviz2/carter_navigation.rviz
[0.051s] -- Up-to-date: /home/manish/eiratech_ws/install/cropmap_nav2/share/cropmap_nav2/rviz2/carter_navigation_namespaced.rviz
[0.051s] -- Up-to-date: /home/manish/eiratech_ws/install/cropmap_nav2/share/ament_index/resource_index/package_run_dependencies/cropmap_nav2
[0.051s] -- Up-to-date: /home/manish/eiratech_ws/install/cropmap_nav2/share/ament_index/resource_index/parent_prefix_path/cropmap_nav2
[0.052s] -- Up-to-date: /home/manish/eiratech_ws/install/cropmap_nav2/share/cropmap_nav2/environment/ament_prefix_path.sh
[0.052s] -- Up-to-date: /home/manish/eiratech_ws/install/cropmap_nav2/share/cropmap_nav2/environment/ament_prefix_path.dsv
[0.052s] -- Up-to-date: /home/manish/eiratech_ws/install/cropmap_nav2/share/cropmap_nav2/environment/path.sh
[0.052s] -- Up-to-date: /home/manish/eiratech_ws/install/cropmap_nav2/share/cropmap_nav2/environment/path.dsv
[0.052s] -- Up-to-date: /home/manish/eiratech_ws/install/cropmap_nav2/share/cropmap_nav2/local_setup.bash
[0.052s] -- Up-to-date: /home/manish/eiratech_ws/install/cropmap_nav2/share/cropmap_nav2/local_setup.sh
[0.052s] -- Up-to-date: /home/manish/eiratech_ws/install/cropmap_nav2/share/cropmap_nav2/local_setup.zsh
[0.052s] -- Up-to-date: /home/manish/eiratech_ws/install/cropmap_nav2/share/cropmap_nav2/local_setup.dsv
[0.052s] -- Installing: /home/manish/eiratech_ws/install/cropmap_nav2/share/cropmap_nav2/package.dsv
[0.052s] -- Up-to-date: /home/manish/eiratech_ws/install/cropmap_nav2/share/ament_index/resource_index/packages/cropmap_nav2
[0.052s] -- Up-to-date: /home/manish/eiratech_ws/install/cropmap_nav2/share/cropmap_nav2/cmake/cropmap_nav2Config.cmake
[0.052s] -- Up-to-date: /home/manish/eiratech_ws/install/cropmap_nav2/share/cropmap_nav2/cmake/cropmap_nav2Config-version.cmake
[0.052s] -- Up-to-date: /home/manish/eiratech_ws/install/cropmap_nav2/share/cropmap_nav2/package.xml
[0.055s] Invoked command in '/home/manish/eiratech_ws/build/cropmap_nav2' returned '0': CMAKE_PREFIX_PATH=${CMAKE_PREFIX_PATH}:/opt/ros/humble /usr/bin/cmake --install /home/manish/eiratech_ws/build/cropmap_nav2
