[ 33%] Built target lyapunov_controller
[ 55%] Built target mpc_controller_casadi
[ 77%] Built target vox_nav_controller_server
[100%] Built target traversability_based_plan_refiner
-- Install configuration: ""
-- Up-to-date: /home/manish/eiratech_ws/install/vox_nav_control/lib/vox_nav_control/vox_nav_controller_server
-- Up-to-date: /home/manish/eiratech_ws/install/vox_nav_control/lib/libmpc_controller_casadi.so
-- Up-to-date: /home/manish/eiratech_ws/install/vox_nav_control/lib/liblyapunov_controller.so
-- Up-to-date: /home/manish/eiratech_ws/install/vox_nav_control/lib/libtraversability_based_plan_refiner.so
-- Up-to-date: /home/manish/eiratech_ws/install/vox_nav_control/share/vox_nav_control/plugins.xml
-- Up-to-date: /home/manish/eiratech_ws/install/vox_nav_control/share/vox_nav_control/launch
-- Up-to-date: /home/manish/eiratech_ws/install/vox_nav_control/share/vox_nav_control/launch/acado_code_generation.launch.py
-- Up-to-date: /home/manish/eiratech_ws/install/vox_nav_control/share/vox_nav_control/plugins.xml
-- Up-to-date: /home/manish/eiratech_ws/install/vox_nav_control/share/ament_index/resource_index/package_run_dependencies/vox_nav_control
-- Up-to-date: /home/manish/eiratech_ws/install/vox_nav_control/share/ament_index/resource_index/parent_prefix_path/vox_nav_control
-- Up-to-date: /home/manish/eiratech_ws/install/vox_nav_control/share/vox_nav_control/environment/ament_prefix_path.sh
-- Up-to-date: /home/manish/eiratech_ws/install/vox_nav_control/share/vox_nav_control/environment/ament_prefix_path.dsv
-- Up-to-date: /home/manish/eiratech_ws/install/vox_nav_control/share/vox_nav_control/environment/path.sh
-- Up-to-date: /home/manish/eiratech_ws/install/vox_nav_control/share/vox_nav_control/environment/path.dsv
-- Up-to-date: /home/manish/eiratech_ws/install/vox_nav_control/share/vox_nav_control/local_setup.bash
-- Up-to-date: /home/manish/eiratech_ws/install/vox_nav_control/share/vox_nav_control/local_setup.sh
-- Up-to-date: /home/manish/eiratech_ws/install/vox_nav_control/share/vox_nav_control/local_setup.zsh
-- Up-to-date: /home/manish/eiratech_ws/install/vox_nav_control/share/vox_nav_control/local_setup.dsv
-- Installing: /home/manish/eiratech_ws/install/vox_nav_control/share/vox_nav_control/package.dsv
-- Up-to-date: /home/manish/eiratech_ws/install/vox_nav_control/share/ament_index/resource_index/packages/vox_nav_control
-- Up-to-date: /home/manish/eiratech_ws/install/vox_nav_control/share/ament_index/resource_index/vox_nav_control__pluginlib__plugin/vox_nav_control
-- Up-to-date: /home/manish/eiratech_ws/install/vox_nav_control/share/vox_nav_control/cmake/vox_nav_controlConfig.cmake
-- Up-to-date: /home/manish/eiratech_ws/install/vox_nav_control/share/vox_nav_control/cmake/vox_nav_controlConfig-version.cmake
-- Up-to-date: /home/manish/eiratech_ws/install/vox_nav_control/share/vox_nav_control/package.xml
