[0.018s] Invoking command in '/home/manish/eiratech_ws/build/vox_nav_control': CMAKE_PREFIX_PATH=/home/manish/eiratech_ws/install/vox_nav_utilities:/home/manish/eiratech_ws/install/vox_nav_msgs:/home/manish/eiratech_ws/install/vox_nav_waypoint_nav_clients:/home/manish/eiratech_ws/install/vox_nav_bringup:/home/manish/eiratech_ws/install/vox_nav_planning:/home/manish/eiratech_ws/install/vox_nav_navigators:/home/manish/eiratech_ws/install/vox_nav_map_server:/home/manish/eiratech_ws/install/vox_nav_control:/home/manish/eiratech_ws/install/robot_bringup:/home/manish/eiratech_ws/install/robot_description:/home/manish/eiratech_ws/install/robot_control:/home/manish/eiratech_ws/install/cropmap_nav2:/opt/ros/humble LD_LIBRARY_PATH=/home/manish/eiratech_ws/install/vox_nav_utilities/lib:/home/manish/eiratech_ws/install/vox_nav_msgs/lib:/home/manish/eiratech_ws/install/vox_nav_planning/lib:/home/manish/eiratech_ws/install/vox_nav_navigators/lib:/home/manish/eiratech_ws/install/vox_nav_control/lib:/usr/lib/x86_64-linux-gnu/gazebo-11/plugins:/opt/ros/humble/opt/rviz_ogre_vendor/lib:/opt/ros/humble/lib/x86_64-linux-gnu:/opt/ros/humble/lib /usr/bin/cmake --build /home/manish/eiratech_ws/build/vox_nav_control -- -j12 -l12
[0.167s] [ 33%] Built target lyapunov_controller
[0.167s] [ 55%] Built target mpc_controller_casadi
[0.168s] [ 77%] Built target vox_nav_controller_server
[0.177s] [100%] Built target traversability_based_plan_refiner
[0.185s] Invoked command in '/home/manish/eiratech_ws/build/vox_nav_control' returned '0': CMAKE_PREFIX_PATH=/home/manish/eiratech_ws/install/vox_nav_utilities:/home/manish/eiratech_ws/install/vox_nav_msgs:/home/manish/eiratech_ws/install/vox_nav_waypoint_nav_clients:/home/manish/eiratech_ws/install/vox_nav_bringup:/home/manish/eiratech_ws/install/vox_nav_planning:/home/manish/eiratech_ws/install/vox_nav_navigators:/home/manish/eiratech_ws/install/vox_nav_map_server:/home/manish/eiratech_ws/install/vox_nav_control:/home/manish/eiratech_ws/install/robot_bringup:/home/manish/eiratech_ws/install/robot_description:/home/manish/eiratech_ws/install/robot_control:/home/manish/eiratech_ws/install/cropmap_nav2:/opt/ros/humble LD_LIBRARY_PATH=/home/manish/eiratech_ws/install/vox_nav_utilities/lib:/home/manish/eiratech_ws/install/vox_nav_msgs/lib:/home/manish/eiratech_ws/install/vox_nav_planning/lib:/home/manish/eiratech_ws/install/vox_nav_navigators/lib:/home/manish/eiratech_ws/install/vox_nav_control/lib:/usr/lib/x86_64-linux-gnu/gazebo-11/plugins:/opt/ros/humble/opt/rviz_ogre_vendor/lib:/opt/ros/humble/lib/x86_64-linux-gnu:/opt/ros/humble/lib /usr/bin/cmake --build /home/manish/eiratech_ws/build/vox_nav_control -- -j12 -l12
[0.187s] Invoking command in '/home/manish/eiratech_ws/build/vox_nav_control': CMAKE_PREFIX_PATH=/home/manish/eiratech_ws/install/vox_nav_utilities:/home/manish/eiratech_ws/install/vox_nav_msgs:/home/manish/eiratech_ws/install/vox_nav_waypoint_nav_clients:/home/manish/eiratech_ws/install/vox_nav_bringup:/home/manish/eiratech_ws/install/vox_nav_planning:/home/manish/eiratech_ws/install/vox_nav_navigators:/home/manish/eiratech_ws/install/vox_nav_map_server:/home/manish/eiratech_ws/install/vox_nav_control:/home/manish/eiratech_ws/install/robot_bringup:/home/manish/eiratech_ws/install/robot_description:/home/manish/eiratech_ws/install/robot_control:/home/manish/eiratech_ws/install/cropmap_nav2:/opt/ros/humble LD_LIBRARY_PATH=/home/manish/eiratech_ws/install/vox_nav_utilities/lib:/home/manish/eiratech_ws/install/vox_nav_msgs/lib:/home/manish/eiratech_ws/install/vox_nav_planning/lib:/home/manish/eiratech_ws/install/vox_nav_navigators/lib:/home/manish/eiratech_ws/install/vox_nav_control/lib:/usr/lib/x86_64-linux-gnu/gazebo-11/plugins:/opt/ros/humble/opt/rviz_ogre_vendor/lib:/opt/ros/humble/lib/x86_64-linux-gnu:/opt/ros/humble/lib /usr/bin/cmake --install /home/manish/eiratech_ws/build/vox_nav_control
[0.194s] -- Install configuration: ""
[0.194s] -- Up-to-date: /home/manish/eiratech_ws/install/vox_nav_control/lib/vox_nav_control/vox_nav_controller_server
[0.198s] -- Up-to-date: /home/manish/eiratech_ws/install/vox_nav_control/lib/libmpc_controller_casadi.so
[0.198s] -- Up-to-date: /home/manish/eiratech_ws/install/vox_nav_control/lib/liblyapunov_controller.so
[0.198s] -- Up-to-date: /home/manish/eiratech_ws/install/vox_nav_control/lib/libtraversability_based_plan_refiner.so
[0.198s] -- Up-to-date: /home/manish/eiratech_ws/install/vox_nav_control/share/vox_nav_control/plugins.xml
[0.198s] -- Up-to-date: /home/manish/eiratech_ws/install/vox_nav_control/share/vox_nav_control/launch
[0.198s] -- Up-to-date: /home/manish/eiratech_ws/install/vox_nav_control/share/vox_nav_control/launch/acado_code_generation.launch.py
[0.198s] -- Up-to-date: /home/manish/eiratech_ws/install/vox_nav_control/share/vox_nav_control/plugins.xml
[0.198s] -- Up-to-date: /home/manish/eiratech_ws/install/vox_nav_control/share/ament_index/resource_index/package_run_dependencies/vox_nav_control
[0.198s] -- Up-to-date: /home/manish/eiratech_ws/install/vox_nav_control/share/ament_index/resource_index/parent_prefix_path/vox_nav_control
[0.198s] -- Up-to-date: /home/manish/eiratech_ws/install/vox_nav_control/share/vox_nav_control/environment/ament_prefix_path.sh
[0.198s] -- Up-to-date: /home/manish/eiratech_ws/install/vox_nav_control/share/vox_nav_control/environment/ament_prefix_path.dsv
[0.199s] -- Up-to-date: /home/manish/eiratech_ws/install/vox_nav_control/share/vox_nav_control/environment/path.sh
[0.199s] -- Up-to-date: /home/manish/eiratech_ws/install/vox_nav_control/share/vox_nav_control/environment/path.dsv
[0.199s] -- Up-to-date: /home/manish/eiratech_ws/install/vox_nav_control/share/vox_nav_control/local_setup.bash
[0.199s] -- Up-to-date: /home/manish/eiratech_ws/install/vox_nav_control/share/vox_nav_control/local_setup.sh
[0.199s] -- Up-to-date: /home/manish/eiratech_ws/install/vox_nav_control/share/vox_nav_control/local_setup.zsh
[0.199s] -- Up-to-date: /home/manish/eiratech_ws/install/vox_nav_control/share/vox_nav_control/local_setup.dsv
[0.199s] -- Installing: /home/manish/eiratech_ws/install/vox_nav_control/share/vox_nav_control/package.dsv
[0.199s] -- Up-to-date: /home/manish/eiratech_ws/install/vox_nav_control/share/ament_index/resource_index/packages/vox_nav_control
[0.199s] -- Up-to-date: /home/manish/eiratech_ws/install/vox_nav_control/share/ament_index/resource_index/vox_nav_control__pluginlib__plugin/vox_nav_control
[0.199s] -- Up-to-date: /home/manish/eiratech_ws/install/vox_nav_control/share/vox_nav_control/cmake/vox_nav_controlConfig.cmake
[0.199s] -- Up-to-date: /home/manish/eiratech_ws/install/vox_nav_control/share/vox_nav_control/cmake/vox_nav_controlConfig-version.cmake
[0.199s] -- Up-to-date: /home/manish/eiratech_ws/install/vox_nav_control/share/vox_nav_control/package.xml
[0.214s] Invoked command in '/home/manish/eiratech_ws/build/vox_nav_control' returned '0': CMAKE_PREFIX_PATH=/home/manish/eiratech_ws/install/vox_nav_utilities:/home/manish/eiratech_ws/install/vox_nav_msgs:/home/manish/eiratech_ws/install/vox_nav_waypoint_nav_clients:/home/manish/eiratech_ws/install/vox_nav_bringup:/home/manish/eiratech_ws/install/vox_nav_planning:/home/manish/eiratech_ws/install/vox_nav_navigators:/home/manish/eiratech_ws/install/vox_nav_map_server:/home/manish/eiratech_ws/install/vox_nav_control:/home/manish/eiratech_ws/install/robot_bringup:/home/manish/eiratech_ws/install/robot_description:/home/manish/eiratech_ws/install/robot_control:/home/manish/eiratech_ws/install/cropmap_nav2:/opt/ros/humble LD_LIBRARY_PATH=/home/manish/eiratech_ws/install/vox_nav_utilities/lib:/home/manish/eiratech_ws/install/vox_nav_msgs/lib:/home/manish/eiratech_ws/install/vox_nav_planning/lib:/home/manish/eiratech_ws/install/vox_nav_navigators/lib:/home/manish/eiratech_ws/install/vox_nav_control/lib:/usr/lib/x86_64-linux-gnu/gazebo-11/plugins:/opt/ros/humble/opt/rviz_ogre_vendor/lib:/opt/ros/humble/lib/x86_64-linux-gnu:/opt/ros/humble/lib /usr/bin/cmake --install /home/manish/eiratech_ws/build/vox_nav_control
