[0.215s] DEBUG:colcon:Command line arguments: ['/usr/bin/colcon', 'build', '--packages-select', 'vox_nav_navigators']
[0.216s] DEBUG:colcon:Parsed command line arguments: Namespace(log_base=None, log_level=None, verb_name='build', build_base='build', install_base='install', merge_install=False, symlink_install=False, test_result_base=None, continue_on_error=False, executor='parallel', parallel_workers=12, event_handlers=None, ignore_user_meta=False, metas=['./colcon.meta'], base_paths=['.'], packages_ignore=None, packages_ignore_regex=None, paths=None, packages_up_to=None, packages_up_to_regex=None, packages_above=None, packages_above_and_dependencies=None, packages_above_depth=None, packages_select_by_dep=None, packages_skip_by_dep=None, packages_skip_up_to=None, packages_select_build_failed=False, packages_skip_build_finished=False, packages_select_test_failures=False, packages_skip_test_passed=False, packages_select=['vox_nav_navigators'], packages_skip=None, packages_select_regex=None, packages_skip_regex=None, packages_start=None, packages_end=None, allow_overriding=[], cmake_args=None, cmake_target=None, cmake_target_skip_unavailable=False, cmake_clean_cache=False, cmake_clean_first=False, cmake_force_configure=False, ament_cmake_args=None, catkin_cmake_args=None, catkin_skip_building_tests=False, mixin_files=None, mixin=None, verb_parser=<colcon_mixin.mixin.mixin_argument.MixinArgumentDecorator object at 0x7e4435d2e440>, verb_extension=<colcon_core.verb.build.BuildVerb object at 0x7e4435e13400>, main=<bound method BuildVerb.main of <colcon_core.verb.build.BuildVerb object at 0x7e4435e13400>>, mixin_verb=('build',))
[0.518s] Level 1:colcon.colcon_core.package_discovery:discover_packages(colcon_meta) check parameters
[0.519s] Level 1:colcon.colcon_core.package_discovery:discover_packages(recursive) check parameters
[0.519s] Level 1:colcon.colcon_core.package_discovery:discover_packages(ignore) check parameters
[0.519s] Level 1:colcon.colcon_core.package_discovery:discover_packages(path) check parameters
[0.519s] Level 1:colcon.colcon_core.package_discovery:discover_packages(colcon_meta) discover
[0.519s] Level 1:colcon.colcon_core.package_discovery:discover_packages(recursive) discover
[0.519s] INFO:colcon.colcon_core.package_discovery:Crawling recursively for packages in '/home/manish/eiratech_ws'
[0.519s] Level 1:colcon.colcon_core.package_identification:_identify(.) by extensions ['ignore', 'ignore_ament_install']
[0.520s] Level 1:colcon.colcon_core.package_identification:_identify(.) by extension 'ignore'
[0.520s] Level 1:colcon.colcon_core.package_identification:_identify(.) by extension 'ignore_ament_install'
[0.520s] Level 1:colcon.colcon_core.package_identification:_identify(.) by extensions ['colcon_pkg']
[0.520s] Level 1:colcon.colcon_core.package_identification:_identify(.) by extension 'colcon_pkg'
[0.520s] Level 1:colcon.colcon_core.package_identification:_identify(.) by extensions ['colcon_meta']
[0.520s] Level 1:colcon.colcon_core.package_identification:_identify(.) by extension 'colcon_meta'
[0.520s] Level 1:colcon.colcon_core.package_identification:_identify(.) by extensions ['ros']
[0.520s] Level 1:colcon.colcon_core.package_identification:_identify(.) by extension 'ros'
[0.537s] Level 1:colcon.colcon_core.package_identification:_identify(.) by extensions ['cmake', 'python']
[0.538s] Level 1:colcon.colcon_core.package_identification:_identify(.) by extension 'cmake'
[0.538s] Level 1:colcon.colcon_core.package_identification:_identify(.) by extension 'python'
[0.538s] Level 1:colcon.colcon_core.package_identification:_identify(.) by extensions ['python_setup_py']
[0.538s] Level 1:colcon.colcon_core.package_identification:_identify(.) by extension 'python_setup_py'
[0.539s] Level 1:colcon.colcon_core.package_identification:_identify(build) by extensions ['ignore', 'ignore_ament_install']
[0.539s] Level 1:colcon.colcon_core.package_identification:_identify(build) by extension 'ignore'
[0.539s] Level 1:colcon.colcon_core.package_identification:_identify(build) ignored
[0.539s] Level 1:colcon.colcon_core.package_identification:_identify(install) by extensions ['ignore', 'ignore_ament_install']
[0.539s] Level 1:colcon.colcon_core.package_identification:_identify(install) by extension 'ignore'
[0.539s] Level 1:colcon.colcon_core.package_identification:_identify(install) ignored
[0.539s] Level 1:colcon.colcon_core.package_identification:_identify(log) by extensions ['ignore', 'ignore_ament_install']
[0.539s] Level 1:colcon.colcon_core.package_identification:_identify(log) by extension 'ignore'
[0.539s] Level 1:colcon.colcon_core.package_identification:_identify(log) ignored
[0.540s] Level 1:colcon.colcon_core.package_identification:_identify(src) by extensions ['ignore', 'ignore_ament_install']
[0.540s] Level 1:colcon.colcon_core.package_identification:_identify(src) by extension 'ignore'
[0.540s] Level 1:colcon.colcon_core.package_identification:_identify(src) by extension 'ignore_ament_install'
[0.540s] Level 1:colcon.colcon_core.package_identification:_identify(src) by extensions ['colcon_pkg']
[0.540s] Level 1:colcon.colcon_core.package_identification:_identify(src) by extension 'colcon_pkg'
[0.540s] Level 1:colcon.colcon_core.package_identification:_identify(src) by extensions ['colcon_meta']
[0.540s] Level 1:colcon.colcon_core.package_identification:_identify(src) by extension 'colcon_meta'
[0.540s] Level 1:colcon.colcon_core.package_identification:_identify(src) by extensions ['ros']
[0.540s] Level 1:colcon.colcon_core.package_identification:_identify(src) by extension 'ros'
[0.540s] Level 1:colcon.colcon_core.package_identification:_identify(src) by extensions ['cmake', 'python']
[0.540s] Level 1:colcon.colcon_core.package_identification:_identify(src) by extension 'cmake'
[0.540s] Level 1:colcon.colcon_core.package_identification:_identify(src) by extension 'python'
[0.540s] Level 1:colcon.colcon_core.package_identification:_identify(src) by extensions ['python_setup_py']
[0.540s] Level 1:colcon.colcon_core.package_identification:_identify(src) by extension 'python_setup_py'
[0.541s] Level 1:colcon.colcon_core.package_identification:_identify(src/cropmap_nav2) by extensions ['ignore', 'ignore_ament_install']
[0.541s] Level 1:colcon.colcon_core.package_identification:_identify(src/cropmap_nav2) by extension 'ignore'
[0.541s] Level 1:colcon.colcon_core.package_identification:_identify(src/cropmap_nav2) by extension 'ignore_ament_install'
[0.541s] Level 1:colcon.colcon_core.package_identification:_identify(src/cropmap_nav2) by extensions ['colcon_pkg']
[0.541s] Level 1:colcon.colcon_core.package_identification:_identify(src/cropmap_nav2) by extension 'colcon_pkg'
[0.541s] Level 1:colcon.colcon_core.package_identification:_identify(src/cropmap_nav2) by extensions ['colcon_meta']
[0.541s] Level 1:colcon.colcon_core.package_identification:_identify(src/cropmap_nav2) by extension 'colcon_meta'
[0.541s] Level 1:colcon.colcon_core.package_identification:_identify(src/cropmap_nav2) by extensions ['ros']
[0.541s] Level 1:colcon.colcon_core.package_identification:_identify(src/cropmap_nav2) by extension 'ros'
[0.545s] DEBUG:colcon.colcon_core.package_identification:Package 'src/cropmap_nav2' with type 'ros.ament_cmake' and name 'cropmap_nav2'
[0.545s] Level 1:colcon.colcon_core.package_identification:_identify(src/robot_bringup) by extensions ['ignore', 'ignore_ament_install']
[0.545s] Level 1:colcon.colcon_core.package_identification:_identify(src/robot_bringup) by extension 'ignore'
[0.545s] Level 1:colcon.colcon_core.package_identification:_identify(src/robot_bringup) by extension 'ignore_ament_install'
[0.545s] Level 1:colcon.colcon_core.package_identification:_identify(src/robot_bringup) by extensions ['colcon_pkg']
[0.545s] Level 1:colcon.colcon_core.package_identification:_identify(src/robot_bringup) by extension 'colcon_pkg'
[0.545s] Level 1:colcon.colcon_core.package_identification:_identify(src/robot_bringup) by extensions ['colcon_meta']
[0.545s] Level 1:colcon.colcon_core.package_identification:_identify(src/robot_bringup) by extension 'colcon_meta'
[0.546s] Level 1:colcon.colcon_core.package_identification:_identify(src/robot_bringup) by extensions ['ros']
[0.546s] Level 1:colcon.colcon_core.package_identification:_identify(src/robot_bringup) by extension 'ros'
[0.550s] DEBUG:colcon.colcon_core.package_identification:Package 'src/robot_bringup' with type 'ros.ament_cmake' and name 'robot_bringup'
[0.551s] Level 1:colcon.colcon_core.package_identification:_identify(src/robot_control) by extensions ['ignore', 'ignore_ament_install']
[0.551s] Level 1:colcon.colcon_core.package_identification:_identify(src/robot_control) by extension 'ignore'
[0.551s] Level 1:colcon.colcon_core.package_identification:_identify(src/robot_control) by extension 'ignore_ament_install'
[0.552s] Level 1:colcon.colcon_core.package_identification:_identify(src/robot_control) by extensions ['colcon_pkg']
[0.552s] Level 1:colcon.colcon_core.package_identification:_identify(src/robot_control) by extension 'colcon_pkg'
[0.552s] Level 1:colcon.colcon_core.package_identification:_identify(src/robot_control) by extensions ['colcon_meta']
[0.552s] Level 1:colcon.colcon_core.package_identification:_identify(src/robot_control) by extension 'colcon_meta'
[0.552s] Level 1:colcon.colcon_core.package_identification:_identify(src/robot_control) by extensions ['ros']
[0.552s] Level 1:colcon.colcon_core.package_identification:_identify(src/robot_control) by extension 'ros'
[0.554s] DEBUG:colcon.colcon_core.package_identification:Package 'src/robot_control' with type 'ros.ament_cmake' and name 'robot_control'
[0.554s] Level 1:colcon.colcon_core.package_identification:_identify(src/robot_description) by extensions ['ignore', 'ignore_ament_install']
[0.554s] Level 1:colcon.colcon_core.package_identification:_identify(src/robot_description) by extension 'ignore'
[0.554s] Level 1:colcon.colcon_core.package_identification:_identify(src/robot_description) by extension 'ignore_ament_install'
[0.554s] Level 1:colcon.colcon_core.package_identification:_identify(src/robot_description) by extensions ['colcon_pkg']
[0.554s] Level 1:colcon.colcon_core.package_identification:_identify(src/robot_description) by extension 'colcon_pkg'
[0.554s] Level 1:colcon.colcon_core.package_identification:_identify(src/robot_description) by extensions ['colcon_meta']
[0.554s] Level 1:colcon.colcon_core.package_identification:_identify(src/robot_description) by extension 'colcon_meta'
[0.554s] Level 1:colcon.colcon_core.package_identification:_identify(src/robot_description) by extensions ['ros']
[0.554s] Level 1:colcon.colcon_core.package_identification:_identify(src/robot_description) by extension 'ros'
[0.555s] DEBUG:colcon.colcon_core.package_identification:Package 'src/robot_description' with type 'ros.ament_cmake' and name 'robot_description'
[0.555s] Level 1:colcon.colcon_core.package_identification:_identify(src/vox_nav) by extensions ['ignore', 'ignore_ament_install']
[0.556s] Level 1:colcon.colcon_core.package_identification:_identify(src/vox_nav) by extension 'ignore'
[0.556s] Level 1:colcon.colcon_core.package_identification:_identify(src/vox_nav) by extension 'ignore_ament_install'
[0.556s] Level 1:colcon.colcon_core.package_identification:_identify(src/vox_nav) by extensions ['colcon_pkg']
[0.556s] Level 1:colcon.colcon_core.package_identification:_identify(src/vox_nav) by extension 'colcon_pkg'
[0.556s] Level 1:colcon.colcon_core.package_identification:_identify(src/vox_nav) by extensions ['colcon_meta']
[0.556s] Level 1:colcon.colcon_core.package_identification:_identify(src/vox_nav) by extension 'colcon_meta'
[0.556s] Level 1:colcon.colcon_core.package_identification:_identify(src/vox_nav) by extensions ['ros']
[0.556s] Level 1:colcon.colcon_core.package_identification:_identify(src/vox_nav) by extension 'ros'
[0.556s] Level 1:colcon.colcon_core.package_identification:_identify(src/vox_nav) by extensions ['cmake', 'python']
[0.556s] Level 1:colcon.colcon_core.package_identification:_identify(src/vox_nav) by extension 'cmake'
[0.556s] Level 1:colcon.colcon_core.package_identification:_identify(src/vox_nav) by extension 'python'
[0.556s] Level 1:colcon.colcon_core.package_identification:_identify(src/vox_nav) by extensions ['python_setup_py']
[0.556s] Level 1:colcon.colcon_core.package_identification:_identify(src/vox_nav) by extension 'python_setup_py'
[0.556s] Level 1:colcon.colcon_core.package_identification:_identify(src/vox_nav/scripts) by extensions ['ignore', 'ignore_ament_install']
[0.556s] Level 1:colcon.colcon_core.package_identification:_identify(src/vox_nav/scripts) by extension 'ignore'
[0.556s] Level 1:colcon.colcon_core.package_identification:_identify(src/vox_nav/scripts) by extension 'ignore_ament_install'
[0.556s] Level 1:colcon.colcon_core.package_identification:_identify(src/vox_nav/scripts) by extensions ['colcon_pkg']
[0.556s] Level 1:colcon.colcon_core.package_identification:_identify(src/vox_nav/scripts) by extension 'colcon_pkg'
[0.556s] Level 1:colcon.colcon_core.package_identification:_identify(src/vox_nav/scripts) by extensions ['colcon_meta']
[0.556s] Level 1:colcon.colcon_core.package_identification:_identify(src/vox_nav/scripts) by extension 'colcon_meta'
[0.557s] Level 1:colcon.colcon_core.package_identification:_identify(src/vox_nav/scripts) by extensions ['ros']
[0.557s] Level 1:colcon.colcon_core.package_identification:_identify(src/vox_nav/scripts) by extension 'ros'
[0.557s] Level 1:colcon.colcon_core.package_identification:_identify(src/vox_nav/scripts) by extensions ['cmake', 'python']
[0.557s] Level 1:colcon.colcon_core.package_identification:_identify(src/vox_nav/scripts) by extension 'cmake'
[0.557s] Level 1:colcon.colcon_core.package_identification:_identify(src/vox_nav/scripts) by extension 'python'
[0.557s] Level 1:colcon.colcon_core.package_identification:_identify(src/vox_nav/scripts) by extensions ['python_setup_py']
[0.557s] Level 1:colcon.colcon_core.package_identification:_identify(src/vox_nav/scripts) by extension 'python_setup_py'
[0.557s] Level 1:colcon.colcon_core.package_identification:_identify(src/vox_nav/vox_nav_bringup) by extensions ['ignore', 'ignore_ament_install']
[0.557s] Level 1:colcon.colcon_core.package_identification:_identify(src/vox_nav/vox_nav_bringup) by extension 'ignore'
[0.557s] Level 1:colcon.colcon_core.package_identification:_identify(src/vox_nav/vox_nav_bringup) by extension 'ignore_ament_install'
[0.557s] Level 1:colcon.colcon_core.package_identification:_identify(src/vox_nav/vox_nav_bringup) by extensions ['colcon_pkg']
[0.557s] Level 1:colcon.colcon_core.package_identification:_identify(src/vox_nav/vox_nav_bringup) by extension 'colcon_pkg'
[0.557s] Level 1:colcon.colcon_core.package_identification:_identify(src/vox_nav/vox_nav_bringup) by extensions ['colcon_meta']
[0.557s] Level 1:colcon.colcon_core.package_identification:_identify(src/vox_nav/vox_nav_bringup) by extension 'colcon_meta'
[0.557s] Level 1:colcon.colcon_core.package_identification:_identify(src/vox_nav/vox_nav_bringup) by extensions ['ros']
[0.557s] Level 1:colcon.colcon_core.package_identification:_identify(src/vox_nav/vox_nav_bringup) by extension 'ros'
[0.560s] DEBUG:colcon.colcon_core.package_identification:Package 'src/vox_nav/vox_nav_bringup' with type 'ros.ament_cmake' and name 'vox_nav_bringup'
[0.560s] Level 1:colcon.colcon_core.package_identification:_identify(src/vox_nav/vox_nav_control) by extensions ['ignore', 'ignore_ament_install']
[0.560s] Level 1:colcon.colcon_core.package_identification:_identify(src/vox_nav/vox_nav_control) by extension 'ignore'
[0.561s] Level 1:colcon.colcon_core.package_identification:_identify(src/vox_nav/vox_nav_control) by extension 'ignore_ament_install'
[0.561s] Level 1:colcon.colcon_core.package_identification:_identify(src/vox_nav/vox_nav_control) by extensions ['colcon_pkg']
[0.561s] Level 1:colcon.colcon_core.package_identification:_identify(src/vox_nav/vox_nav_control) by extension 'colcon_pkg'
[0.561s] Level 1:colcon.colcon_core.package_identification:_identify(src/vox_nav/vox_nav_control) by extensions ['colcon_meta']
[0.561s] Level 1:colcon.colcon_core.package_identification:_identify(src/vox_nav/vox_nav_control) by extension 'colcon_meta'
[0.561s] Level 1:colcon.colcon_core.package_identification:_identify(src/vox_nav/vox_nav_control) by extensions ['ros']
[0.561s] Level 1:colcon.colcon_core.package_identification:_identify(src/vox_nav/vox_nav_control) by extension 'ros'
[0.564s] DEBUG:colcon.colcon_core.package_identification:Package 'src/vox_nav/vox_nav_control' with type 'ros.ament_cmake' and name 'vox_nav_control'
[0.564s] Level 1:colcon.colcon_core.package_identification:_identify(src/vox_nav/vox_nav_map_server) by extensions ['ignore', 'ignore_ament_install']
[0.565s] Level 1:colcon.colcon_core.package_identification:_identify(src/vox_nav/vox_nav_map_server) by extension 'ignore'
[0.565s] Level 1:colcon.colcon_core.package_identification:_identify(src/vox_nav/vox_nav_map_server) by extension 'ignore_ament_install'
[0.565s] Level 1:colcon.colcon_core.package_identification:_identify(src/vox_nav/vox_nav_map_server) by extensions ['colcon_pkg']
[0.565s] Level 1:colcon.colcon_core.package_identification:_identify(src/vox_nav/vox_nav_map_server) by extension 'colcon_pkg'
[0.565s] Level 1:colcon.colcon_core.package_identification:_identify(src/vox_nav/vox_nav_map_server) by extensions ['colcon_meta']
[0.565s] Level 1:colcon.colcon_core.package_identification:_identify(src/vox_nav/vox_nav_map_server) by extension 'colcon_meta'
[0.565s] Level 1:colcon.colcon_core.package_identification:_identify(src/vox_nav/vox_nav_map_server) by extensions ['ros']
[0.565s] Level 1:colcon.colcon_core.package_identification:_identify(src/vox_nav/vox_nav_map_server) by extension 'ros'
[0.567s] DEBUG:colcon.colcon_core.package_identification:Package 'src/vox_nav/vox_nav_map_server' with type 'ros.ament_cmake' and name 'vox_nav_map_server'
[0.568s] Level 1:colcon.colcon_core.package_identification:_identify(src/vox_nav/vox_nav_msgs) by extensions ['ignore', 'ignore_ament_install']
[0.568s] Level 1:colcon.colcon_core.package_identification:_identify(src/vox_nav/vox_nav_msgs) by extension 'ignore'
[0.568s] Level 1:colcon.colcon_core.package_identification:_identify(src/vox_nav/vox_nav_msgs) by extension 'ignore_ament_install'
[0.568s] Level 1:colcon.colcon_core.package_identification:_identify(src/vox_nav/vox_nav_msgs) by extensions ['colcon_pkg']
[0.568s] Level 1:colcon.colcon_core.package_identification:_identify(src/vox_nav/vox_nav_msgs) by extension 'colcon_pkg'
[0.568s] Level 1:colcon.colcon_core.package_identification:_identify(src/vox_nav/vox_nav_msgs) by extensions ['colcon_meta']
[0.568s] Level 1:colcon.colcon_core.package_identification:_identify(src/vox_nav/vox_nav_msgs) by extension 'colcon_meta'
[0.568s] Level 1:colcon.colcon_core.package_identification:_identify(src/vox_nav/vox_nav_msgs) by extensions ['ros']
[0.568s] Level 1:colcon.colcon_core.package_identification:_identify(src/vox_nav/vox_nav_msgs) by extension 'ros'
[0.607s] DEBUG:colcon.colcon_core.package_identification:Package 'src/vox_nav/vox_nav_msgs' with type 'ros.ament_cmake' and name 'vox_nav_msgs'
[0.608s] Level 1:colcon.colcon_core.package_identification:_identify(src/vox_nav/vox_nav_navigators) by extensions ['ignore', 'ignore_ament_install']
[0.608s] Level 1:colcon.colcon_core.package_identification:_identify(src/vox_nav/vox_nav_navigators) by extension 'ignore'
[0.608s] Level 1:colcon.colcon_core.package_identification:_identify(src/vox_nav/vox_nav_navigators) by extension 'ignore_ament_install'
[0.608s] Level 1:colcon.colcon_core.package_identification:_identify(src/vox_nav/vox_nav_navigators) by extensions ['colcon_pkg']
[0.608s] Level 1:colcon.colcon_core.package_identification:_identify(src/vox_nav/vox_nav_navigators) by extension 'colcon_pkg'
[0.608s] Level 1:colcon.colcon_core.package_identification:_identify(src/vox_nav/vox_nav_navigators) by extensions ['colcon_meta']
[0.608s] Level 1:colcon.colcon_core.package_identification:_identify(src/vox_nav/vox_nav_navigators) by extension 'colcon_meta'
[0.608s] Level 1:colcon.colcon_core.package_identification:_identify(src/vox_nav/vox_nav_navigators) by extensions ['ros']
[0.608s] Level 1:colcon.colcon_core.package_identification:_identify(src/vox_nav/vox_nav_navigators) by extension 'ros'
[0.610s] DEBUG:colcon.colcon_core.package_identification:Package 'src/vox_nav/vox_nav_navigators' with type 'ros.ament_cmake' and name 'vox_nav_navigators'
[0.611s] Level 1:colcon.colcon_core.package_identification:_identify(src/vox_nav/vox_nav_planning) by extensions ['ignore', 'ignore_ament_install']
[0.611s] Level 1:colcon.colcon_core.package_identification:_identify(src/vox_nav/vox_nav_planning) by extension 'ignore'
[0.611s] Level 1:colcon.colcon_core.package_identification:_identify(src/vox_nav/vox_nav_planning) by extension 'ignore_ament_install'
[0.611s] Level 1:colcon.colcon_core.package_identification:_identify(src/vox_nav/vox_nav_planning) by extensions ['colcon_pkg']
[0.611s] Level 1:colcon.colcon_core.package_identification:_identify(src/vox_nav/vox_nav_planning) by extension 'colcon_pkg'
[0.611s] Level 1:colcon.colcon_core.package_identification:_identify(src/vox_nav/vox_nav_planning) by extensions ['colcon_meta']
[0.611s] Level 1:colcon.colcon_core.package_identification:_identify(src/vox_nav/vox_nav_planning) by extension 'colcon_meta'
[0.611s] Level 1:colcon.colcon_core.package_identification:_identify(src/vox_nav/vox_nav_planning) by extensions ['ros']
[0.611s] Level 1:colcon.colcon_core.package_identification:_identify(src/vox_nav/vox_nav_planning) by extension 'ros'
[0.615s] DEBUG:colcon.colcon_core.package_identification:Package 'src/vox_nav/vox_nav_planning' with type 'ros.ament_cmake' and name 'vox_nav_planning'
[0.616s] Level 1:colcon.colcon_core.package_identification:_identify(src/vox_nav/vox_nav_utilities) by extensions ['ignore', 'ignore_ament_install']
[0.616s] Level 1:colcon.colcon_core.package_identification:_identify(src/vox_nav/vox_nav_utilities) by extension 'ignore'
[0.616s] Level 1:colcon.colcon_core.package_identification:_identify(src/vox_nav/vox_nav_utilities) by extension 'ignore_ament_install'
[0.616s] Level 1:colcon.colcon_core.package_identification:_identify(src/vox_nav/vox_nav_utilities) by extensions ['colcon_pkg']
[0.616s] Level 1:colcon.colcon_core.package_identification:_identify(src/vox_nav/vox_nav_utilities) by extension 'colcon_pkg'
[0.616s] Level 1:colcon.colcon_core.package_identification:_identify(src/vox_nav/vox_nav_utilities) by extensions ['colcon_meta']
[0.616s] Level 1:colcon.colcon_core.package_identification:_identify(src/vox_nav/vox_nav_utilities) by extension 'colcon_meta'
[0.616s] Level 1:colcon.colcon_core.package_identification:_identify(src/vox_nav/vox_nav_utilities) by extensions ['ros']
[0.616s] Level 1:colcon.colcon_core.package_identification:_identify(src/vox_nav/vox_nav_utilities) by extension 'ros'
[0.618s] DEBUG:colcon.colcon_core.package_identification:Package 'src/vox_nav/vox_nav_utilities' with type 'ros.ament_cmake' and name 'vox_nav_utilities'
[0.619s] Level 1:colcon.colcon_core.package_identification:_identify(src/vox_nav/vox_nav_waypoint_nav_clients) by extensions ['ignore', 'ignore_ament_install']
[0.619s] Level 1:colcon.colcon_core.package_identification:_identify(src/vox_nav/vox_nav_waypoint_nav_clients) by extension 'ignore'
[0.619s] Level 1:colcon.colcon_core.package_identification:_identify(src/vox_nav/vox_nav_waypoint_nav_clients) by extension 'ignore_ament_install'
[0.619s] Level 1:colcon.colcon_core.package_identification:_identify(src/vox_nav/vox_nav_waypoint_nav_clients) by extensions ['colcon_pkg']
[0.619s] Level 1:colcon.colcon_core.package_identification:_identify(src/vox_nav/vox_nav_waypoint_nav_clients) by extension 'colcon_pkg'
[0.619s] Level 1:colcon.colcon_core.package_identification:_identify(src/vox_nav/vox_nav_waypoint_nav_clients) by extensions ['colcon_meta']
[0.619s] Level 1:colcon.colcon_core.package_identification:_identify(src/vox_nav/vox_nav_waypoint_nav_clients) by extension 'colcon_meta'
[0.619s] Level 1:colcon.colcon_core.package_identification:_identify(src/vox_nav/vox_nav_waypoint_nav_clients) by extensions ['ros']
[0.619s] Level 1:colcon.colcon_core.package_identification:_identify(src/vox_nav/vox_nav_waypoint_nav_clients) by extension 'ros'
[0.623s] DEBUG:colcon.colcon_core.package_identification:Package 'src/vox_nav/vox_nav_waypoint_nav_clients' with type 'ros.ament_cmake' and name 'vox_nav_waypoint_nav_clients'
[0.623s] Level 1:colcon.colcon_core.package_discovery:discover_packages(recursive) using defaults
[0.623s] Level 1:colcon.colcon_core.package_discovery:discover_packages(ignore) discover
[0.623s] Level 1:colcon.colcon_core.package_discovery:discover_packages(ignore) using defaults
[0.623s] Level 1:colcon.colcon_core.package_discovery:discover_packages(path) discover
[0.623s] Level 1:colcon.colcon_core.package_discovery:discover_packages(path) using defaults
[0.660s] INFO:colcon.colcon_core.package_selection:Skipping not selected package 'cropmap_nav2' in 'src/cropmap_nav2'
[0.660s] INFO:colcon.colcon_core.package_selection:Skipping not selected package 'robot_control' in 'src/robot_control'
[0.660s] INFO:colcon.colcon_core.package_selection:Skipping not selected package 'robot_description' in 'src/robot_description'
[0.660s] INFO:colcon.colcon_core.package_selection:Skipping not selected package 'vox_nav_msgs' in 'src/vox_nav/vox_nav_msgs'
[0.660s] INFO:colcon.colcon_core.package_selection:Skipping not selected package 'robot_bringup' in 'src/robot_bringup'
[0.660s] INFO:colcon.colcon_core.package_selection:Skipping not selected package 'vox_nav_utilities' in 'src/vox_nav/vox_nav_utilities'
[0.660s] INFO:colcon.colcon_core.package_selection:Skipping not selected package 'vox_nav_control' in 'src/vox_nav/vox_nav_control'
[0.660s] INFO:colcon.colcon_core.package_selection:Skipping not selected package 'vox_nav_map_server' in 'src/vox_nav/vox_nav_map_server'
[0.660s] INFO:colcon.colcon_core.package_selection:Skipping not selected package 'vox_nav_planning' in 'src/vox_nav/vox_nav_planning'
[0.660s] INFO:colcon.colcon_core.package_selection:Skipping not selected package 'vox_nav_waypoint_nav_clients' in 'src/vox_nav/vox_nav_waypoint_nav_clients'
[0.661s] INFO:colcon.colcon_core.package_selection:Skipping not selected package 'vox_nav_bringup' in 'src/vox_nav/vox_nav_bringup'
[0.661s] Level 1:colcon.colcon_core.package_discovery:discover_packages(prefix_path) check parameters
[0.661s] Level 1:colcon.colcon_core.package_discovery:discover_packages(prefix_path) discover
[0.665s] DEBUG:colcon.colcon_installed_package_information.package_discovery:Found 11 installed packages in /home/manish/eiratech_ws/install
[0.668s] DEBUG:colcon.colcon_installed_package_information.package_discovery:Found 449 installed packages in /opt/ros/humble
[0.672s] Level 1:colcon.colcon_core.package_discovery:discover_packages(prefix_path) using defaults
[0.757s] Level 5:colcon.colcon_core.verb:set package 'vox_nav_navigators' build argument 'cmake_args' from command line to 'None'
[0.758s] Level 5:colcon.colcon_core.verb:set package 'vox_nav_navigators' build argument 'cmake_target' from command line to 'None'
[0.758s] Level 5:colcon.colcon_core.verb:set package 'vox_nav_navigators' build argument 'cmake_target_skip_unavailable' from command line to 'False'
[0.758s] Level 5:colcon.colcon_core.verb:set package 'vox_nav_navigators' build argument 'cmake_clean_cache' from command line to 'False'
[0.758s] Level 5:colcon.colcon_core.verb:set package 'vox_nav_navigators' build argument 'cmake_clean_first' from command line to 'False'
[0.758s] Level 5:colcon.colcon_core.verb:set package 'vox_nav_navigators' build argument 'cmake_force_configure' from command line to 'False'
[0.759s] Level 5:colcon.colcon_core.verb:set package 'vox_nav_navigators' build argument 'ament_cmake_args' from command line to 'None'
[0.759s] Level 5:colcon.colcon_core.verb:set package 'vox_nav_navigators' build argument 'catkin_cmake_args' from command line to 'None'
[0.759s] Level 5:colcon.colcon_core.verb:set package 'vox_nav_navigators' build argument 'catkin_skip_building_tests' from command line to 'False'
[0.759s] DEBUG:colcon.colcon_core.verb:Building package 'vox_nav_navigators' with the following arguments: {'ament_cmake_args': None, 'build_base': '/home/manish/eiratech_ws/build/vox_nav_navigators', 'catkin_cmake_args': None, 'catkin_skip_building_tests': False, 'cmake_args': None, 'cmake_clean_cache': False, 'cmake_clean_first': False, 'cmake_force_configure': False, 'cmake_target': None, 'cmake_target_skip_unavailable': False, 'install_base': '/home/manish/eiratech_ws/install/vox_nav_navigators', 'merge_install': False, 'path': '/home/manish/eiratech_ws/src/vox_nav/vox_nav_navigators', 'symlink_install': False, 'test_result_base': None}
[0.760s] INFO:colcon.colcon_core.executor:Executing jobs using 'parallel' executor
[0.762s] DEBUG:colcon.colcon_parallel_executor.executor.parallel:run_until_complete
[0.762s] INFO:colcon.colcon_ros.task.ament_cmake.build:Building ROS package in '/home/manish/eiratech_ws/src/vox_nav/vox_nav_navigators' with build type 'ament_cmake'
[0.762s] INFO:colcon.colcon_cmake.task.cmake.build:Building CMake package in '/home/manish/eiratech_ws/src/vox_nav/vox_nav_navigators'
[0.765s] INFO:colcon.colcon_core.plugin_system:Skipping extension 'colcon_core.shell.bat': Not used on non-Windows systems
[0.765s] INFO:colcon.colcon_core.shell:Skip shell extension 'powershell' for command environment: Not usable outside of PowerShell
[0.765s] DEBUG:colcon.colcon_core.shell:Skip shell extension 'dsv' for command environment
[0.786s] DEBUG:colcon.colcon_core.event_handler.log_command:Invoking command in '/home/manish/eiratech_ws/build/vox_nav_navigators': CMAKE_PREFIX_PATH=/home/manish/eiratech_ws/install/vox_nav_utilities:/home/manish/eiratech_ws/install/vox_nav_msgs:/home/manish/eiratech_ws/install/vox_nav_waypoint_nav_clients:/home/manish/eiratech_ws/install/vox_nav_map_server:/home/manish/eiratech_ws/install/vox_nav_bringup:/home/manish/eiratech_ws/install/vox_nav_planning:/home/manish/eiratech_ws/install/vox_nav_control:/home/manish/eiratech_ws/install/robot_bringup:/home/manish/eiratech_ws/install/robot_description:/home/manish/eiratech_ws/install/robot_control:/home/manish/eiratech_ws/install/cropmap_nav2:/opt/ros/humble LD_LIBRARY_PATH=/home/manish/eiratech_ws/install/vox_nav_utilities/lib:/home/manish/eiratech_ws/install/vox_nav_msgs/lib:/home/manish/eiratech_ws/install/vox_nav_planning/lib:/home/manish/eiratech_ws/install/vox_nav_control/lib:/usr/lib/x86_64-linux-gnu/gazebo-11/plugins:/opt/ros/humble/opt/rviz_ogre_vendor/lib:/opt/ros/humble/lib/x86_64-linux-gnu:/opt/ros/humble/lib /usr/bin/cmake /home/manish/eiratech_ws/src/vox_nav/vox_nav_navigators -DCMAKE_INSTALL_PREFIX=/home/manish/eiratech_ws/install/vox_nav_navigators
[9.267s] DEBUG:colcon.colcon_core.event_handler.log_command:Invoked command in '/home/manish/eiratech_ws/build/vox_nav_navigators' returned '0': CMAKE_PREFIX_PATH=/home/manish/eiratech_ws/install/vox_nav_utilities:/home/manish/eiratech_ws/install/vox_nav_msgs:/home/manish/eiratech_ws/install/vox_nav_waypoint_nav_clients:/home/manish/eiratech_ws/install/vox_nav_map_server:/home/manish/eiratech_ws/install/vox_nav_bringup:/home/manish/eiratech_ws/install/vox_nav_planning:/home/manish/eiratech_ws/install/vox_nav_control:/home/manish/eiratech_ws/install/robot_bringup:/home/manish/eiratech_ws/install/robot_description:/home/manish/eiratech_ws/install/robot_control:/home/manish/eiratech_ws/install/cropmap_nav2:/opt/ros/humble LD_LIBRARY_PATH=/home/manish/eiratech_ws/install/vox_nav_utilities/lib:/home/manish/eiratech_ws/install/vox_nav_msgs/lib:/home/manish/eiratech_ws/install/vox_nav_planning/lib:/home/manish/eiratech_ws/install/vox_nav_control/lib:/usr/lib/x86_64-linux-gnu/gazebo-11/plugins:/opt/ros/humble/opt/rviz_ogre_vendor/lib:/opt/ros/humble/lib/x86_64-linux-gnu:/opt/ros/humble/lib /usr/bin/cmake /home/manish/eiratech_ws/src/vox_nav/vox_nav_navigators -DCMAKE_INSTALL_PREFIX=/home/manish/eiratech_ws/install/vox_nav_navigators
[9.273s] DEBUG:colcon.colcon_core.event_handler.log_command:Invoking command in '/home/manish/eiratech_ws/build/vox_nav_navigators': CMAKE_PREFIX_PATH=/home/manish/eiratech_ws/install/vox_nav_utilities:/home/manish/eiratech_ws/install/vox_nav_msgs:/home/manish/eiratech_ws/install/vox_nav_waypoint_nav_clients:/home/manish/eiratech_ws/install/vox_nav_map_server:/home/manish/eiratech_ws/install/vox_nav_bringup:/home/manish/eiratech_ws/install/vox_nav_planning:/home/manish/eiratech_ws/install/vox_nav_control:/home/manish/eiratech_ws/install/robot_bringup:/home/manish/eiratech_ws/install/robot_description:/home/manish/eiratech_ws/install/robot_control:/home/manish/eiratech_ws/install/cropmap_nav2:/opt/ros/humble LD_LIBRARY_PATH=/home/manish/eiratech_ws/install/vox_nav_utilities/lib:/home/manish/eiratech_ws/install/vox_nav_msgs/lib:/home/manish/eiratech_ws/install/vox_nav_planning/lib:/home/manish/eiratech_ws/install/vox_nav_control/lib:/usr/lib/x86_64-linux-gnu/gazebo-11/plugins:/opt/ros/humble/opt/rviz_ogre_vendor/lib:/opt/ros/humble/lib/x86_64-linux-gnu:/opt/ros/humble/lib /usr/bin/cmake --build /home/manish/eiratech_ws/build/vox_nav_navigators -- -j12 -l12
[49.392s] DEBUG:colcon.colcon_core.event_handler.log_command:Invoked command in '/home/manish/eiratech_ws/build/vox_nav_navigators' returned '0': CMAKE_PREFIX_PATH=/home/manish/eiratech_ws/install/vox_nav_utilities:/home/manish/eiratech_ws/install/vox_nav_msgs:/home/manish/eiratech_ws/install/vox_nav_waypoint_nav_clients:/home/manish/eiratech_ws/install/vox_nav_map_server:/home/manish/eiratech_ws/install/vox_nav_bringup:/home/manish/eiratech_ws/install/vox_nav_planning:/home/manish/eiratech_ws/install/vox_nav_control:/home/manish/eiratech_ws/install/robot_bringup:/home/manish/eiratech_ws/install/robot_description:/home/manish/eiratech_ws/install/robot_control:/home/manish/eiratech_ws/install/cropmap_nav2:/opt/ros/humble LD_LIBRARY_PATH=/home/manish/eiratech_ws/install/vox_nav_utilities/lib:/home/manish/eiratech_ws/install/vox_nav_msgs/lib:/home/manish/eiratech_ws/install/vox_nav_planning/lib:/home/manish/eiratech_ws/install/vox_nav_control/lib:/usr/lib/x86_64-linux-gnu/gazebo-11/plugins:/opt/ros/humble/opt/rviz_ogre_vendor/lib:/opt/ros/humble/lib/x86_64-linux-gnu:/opt/ros/humble/lib /usr/bin/cmake --build /home/manish/eiratech_ws/build/vox_nav_navigators -- -j12 -l12
[49.416s] DEBUG:colcon.colcon_core.event_handler.log_command:Invoking command in '/home/manish/eiratech_ws/build/vox_nav_navigators': CMAKE_PREFIX_PATH=/home/manish/eiratech_ws/install/vox_nav_utilities:/home/manish/eiratech_ws/install/vox_nav_msgs:/home/manish/eiratech_ws/install/vox_nav_waypoint_nav_clients:/home/manish/eiratech_ws/install/vox_nav_map_server:/home/manish/eiratech_ws/install/vox_nav_bringup:/home/manish/eiratech_ws/install/vox_nav_planning:/home/manish/eiratech_ws/install/vox_nav_control:/home/manish/eiratech_ws/install/robot_bringup:/home/manish/eiratech_ws/install/robot_description:/home/manish/eiratech_ws/install/robot_control:/home/manish/eiratech_ws/install/cropmap_nav2:/opt/ros/humble LD_LIBRARY_PATH=/home/manish/eiratech_ws/install/vox_nav_utilities/lib:/home/manish/eiratech_ws/install/vox_nav_msgs/lib:/home/manish/eiratech_ws/install/vox_nav_planning/lib:/home/manish/eiratech_ws/install/vox_nav_control/lib:/usr/lib/x86_64-linux-gnu/gazebo-11/plugins:/opt/ros/humble/opt/rviz_ogre_vendor/lib:/opt/ros/humble/lib/x86_64-linux-gnu:/opt/ros/humble/lib /usr/bin/cmake --install /home/manish/eiratech_ws/build/vox_nav_navigators
[49.463s] Level 1:colcon.colcon_core.environment:create_environment_scripts_only(vox_nav_navigators)
[49.465s] DEBUG:colcon.colcon_core.event_handler.log_command:Invoked command in '/home/manish/eiratech_ws/build/vox_nav_navigators' returned '0': CMAKE_PREFIX_PATH=/home/manish/eiratech_ws/install/vox_nav_utilities:/home/manish/eiratech_ws/install/vox_nav_msgs:/home/manish/eiratech_ws/install/vox_nav_waypoint_nav_clients:/home/manish/eiratech_ws/install/vox_nav_map_server:/home/manish/eiratech_ws/install/vox_nav_bringup:/home/manish/eiratech_ws/install/vox_nav_planning:/home/manish/eiratech_ws/install/vox_nav_control:/home/manish/eiratech_ws/install/robot_bringup:/home/manish/eiratech_ws/install/robot_description:/home/manish/eiratech_ws/install/robot_control:/home/manish/eiratech_ws/install/cropmap_nav2:/opt/ros/humble LD_LIBRARY_PATH=/home/manish/eiratech_ws/install/vox_nav_utilities/lib:/home/manish/eiratech_ws/install/vox_nav_msgs/lib:/home/manish/eiratech_ws/install/vox_nav_planning/lib:/home/manish/eiratech_ws/install/vox_nav_control/lib:/usr/lib/x86_64-linux-gnu/gazebo-11/plugins:/opt/ros/humble/opt/rviz_ogre_vendor/lib:/opt/ros/humble/lib/x86_64-linux-gnu:/opt/ros/humble/lib /usr/bin/cmake --install /home/manish/eiratech_ws/build/vox_nav_navigators
[49.468s] Level 1:colcon.colcon_core.environment:checking '/home/manish/eiratech_ws/install/vox_nav_navigators' for CMake module files
[49.469s] Level 1:colcon.colcon_core.environment:checking '/home/manish/eiratech_ws/install/vox_nav_navigators' for CMake config files
[49.469s] Level 1:colcon.colcon_core.shell:create_environment_hook('vox_nav_navigators', 'cmake_prefix_path')
[49.469s] INFO:colcon.colcon_core.shell:Creating environment hook '/home/manish/eiratech_ws/install/vox_nav_navigators/share/vox_nav_navigators/hook/cmake_prefix_path.ps1'
[49.470s] INFO:colcon.colcon_core.shell:Creating environment descriptor '/home/manish/eiratech_ws/install/vox_nav_navigators/share/vox_nav_navigators/hook/cmake_prefix_path.dsv'
[49.471s] INFO:colcon.colcon_core.shell:Creating environment hook '/home/manish/eiratech_ws/install/vox_nav_navigators/share/vox_nav_navigators/hook/cmake_prefix_path.sh'
[49.472s] Level 1:colcon.colcon_core.environment:checking '/home/manish/eiratech_ws/install/vox_nav_navigators/lib'
[49.472s] Level 1:colcon.colcon_core.shell:create_environment_hook('vox_nav_navigators', 'ld_library_path_lib')
[49.473s] INFO:colcon.colcon_core.shell:Creating environment hook '/home/manish/eiratech_ws/install/vox_nav_navigators/share/vox_nav_navigators/hook/ld_library_path_lib.ps1'
[49.473s] INFO:colcon.colcon_core.shell:Creating environment descriptor '/home/manish/eiratech_ws/install/vox_nav_navigators/share/vox_nav_navigators/hook/ld_library_path_lib.dsv'
[49.474s] INFO:colcon.colcon_core.shell:Creating environment hook '/home/manish/eiratech_ws/install/vox_nav_navigators/share/vox_nav_navigators/hook/ld_library_path_lib.sh'
[49.474s] Level 1:colcon.colcon_core.environment:checking '/home/manish/eiratech_ws/install/vox_nav_navigators/bin'
[49.474s] Level 1:colcon.colcon_core.environment:checking '/home/manish/eiratech_ws/install/vox_nav_navigators/lib/pkgconfig/vox_nav_navigators.pc'
[49.475s] Level 1:colcon.colcon_core.environment:checking '/home/manish/eiratech_ws/install/vox_nav_navigators/lib/python3.10/site-packages'
[49.475s] Level 1:colcon.colcon_core.environment:checking '/home/manish/eiratech_ws/install/vox_nav_navigators/bin'
[49.475s] INFO:colcon.colcon_core.shell:Creating package script '/home/manish/eiratech_ws/install/vox_nav_navigators/share/vox_nav_navigators/package.ps1'
[49.478s] INFO:colcon.colcon_core.shell:Creating package descriptor '/home/manish/eiratech_ws/install/vox_nav_navigators/share/vox_nav_navigators/package.dsv'
[49.479s] INFO:colcon.colcon_core.shell:Creating package script '/home/manish/eiratech_ws/install/vox_nav_navigators/share/vox_nav_navigators/package.sh'
[49.481s] INFO:colcon.colcon_core.shell:Creating package script '/home/manish/eiratech_ws/install/vox_nav_navigators/share/vox_nav_navigators/package.bash'
[49.482s] INFO:colcon.colcon_core.shell:Creating package script '/home/manish/eiratech_ws/install/vox_nav_navigators/share/vox_nav_navigators/package.zsh'
[49.484s] Level 1:colcon.colcon_core.environment:create_file_with_runtime_dependencies(/home/manish/eiratech_ws/install/vox_nav_navigators/share/colcon-core/packages/vox_nav_navigators)
[49.485s] Level 1:colcon.colcon_core.environment:create_environment_scripts_only(vox_nav_navigators)
[49.486s] Level 1:colcon.colcon_core.environment:checking '/home/manish/eiratech_ws/install/vox_nav_navigators' for CMake module files
[49.486s] Level 1:colcon.colcon_core.environment:checking '/home/manish/eiratech_ws/install/vox_nav_navigators' for CMake config files
[49.486s] Level 1:colcon.colcon_core.shell:create_environment_hook('vox_nav_navigators', 'cmake_prefix_path')
[49.487s] INFO:colcon.colcon_core.shell:Creating environment hook '/home/manish/eiratech_ws/install/vox_nav_navigators/share/vox_nav_navigators/hook/cmake_prefix_path.ps1'
[49.487s] INFO:colcon.colcon_core.shell:Creating environment descriptor '/home/manish/eiratech_ws/install/vox_nav_navigators/share/vox_nav_navigators/hook/cmake_prefix_path.dsv'
[49.488s] INFO:colcon.colcon_core.shell:Creating environment hook '/home/manish/eiratech_ws/install/vox_nav_navigators/share/vox_nav_navigators/hook/cmake_prefix_path.sh'
[49.488s] Level 1:colcon.colcon_core.environment:checking '/home/manish/eiratech_ws/install/vox_nav_navigators/lib'
[49.488s] Level 1:colcon.colcon_core.shell:create_environment_hook('vox_nav_navigators', 'ld_library_path_lib')
[49.489s] INFO:colcon.colcon_core.shell:Creating environment hook '/home/manish/eiratech_ws/install/vox_nav_navigators/share/vox_nav_navigators/hook/ld_library_path_lib.ps1'
[49.490s] INFO:colcon.colcon_core.shell:Creating environment descriptor '/home/manish/eiratech_ws/install/vox_nav_navigators/share/vox_nav_navigators/hook/ld_library_path_lib.dsv'
[49.491s] INFO:colcon.colcon_core.shell:Creating environment hook '/home/manish/eiratech_ws/install/vox_nav_navigators/share/vox_nav_navigators/hook/ld_library_path_lib.sh'
[49.492s] Level 1:colcon.colcon_core.environment:checking '/home/manish/eiratech_ws/install/vox_nav_navigators/bin'
[49.492s] Level 1:colcon.colcon_core.environment:checking '/home/manish/eiratech_ws/install/vox_nav_navigators/lib/pkgconfig/vox_nav_navigators.pc'
[49.493s] Level 1:colcon.colcon_core.environment:checking '/home/manish/eiratech_ws/install/vox_nav_navigators/lib/python3.10/site-packages'
[49.493s] Level 1:colcon.colcon_core.environment:checking '/home/manish/eiratech_ws/install/vox_nav_navigators/bin'
[49.494s] INFO:colcon.colcon_core.shell:Creating package script '/home/manish/eiratech_ws/install/vox_nav_navigators/share/vox_nav_navigators/package.ps1'
[49.495s] INFO:colcon.colcon_core.shell:Creating package descriptor '/home/manish/eiratech_ws/install/vox_nav_navigators/share/vox_nav_navigators/package.dsv'
[49.496s] INFO:colcon.colcon_core.shell:Creating package script '/home/manish/eiratech_ws/install/vox_nav_navigators/share/vox_nav_navigators/package.sh'
[49.497s] INFO:colcon.colcon_core.shell:Creating package script '/home/manish/eiratech_ws/install/vox_nav_navigators/share/vox_nav_navigators/package.bash'
[49.497s] INFO:colcon.colcon_core.shell:Creating package script '/home/manish/eiratech_ws/install/vox_nav_navigators/share/vox_nav_navigators/package.zsh'
[49.498s] Level 1:colcon.colcon_core.environment:create_file_with_runtime_dependencies(/home/manish/eiratech_ws/install/vox_nav_navigators/share/colcon-core/packages/vox_nav_navigators)
[49.498s] DEBUG:colcon.colcon_parallel_executor.executor.parallel:closing loop
[49.498s] DEBUG:colcon.colcon_parallel_executor.executor.parallel:loop closed
[49.498s] DEBUG:colcon.colcon_parallel_executor.executor.parallel:run_until_complete finished with '0'
[49.499s] DEBUG:colcon.colcon_core.event_reactor:joining thread
[49.510s] INFO:colcon.colcon_core.plugin_system:Skipping extension 'colcon_notification.desktop_notification.terminal_notifier': Not used on non-Darwin systems
[49.511s] INFO:colcon.colcon_core.plugin_system:Skipping extension 'colcon_notification.desktop_notification.win32': Not used on non-Windows systems
[49.512s] INFO:colcon.colcon_notification.desktop_notification:Sending desktop notification using 'notify2'
[49.539s] DEBUG:colcon.colcon_core.event_reactor:joined thread
[49.540s] INFO:colcon.colcon_core.shell:Creating prefix script '/home/manish/eiratech_ws/install/local_setup.ps1'
[49.542s] INFO:colcon.colcon_core.shell:Creating prefix util module '/home/manish/eiratech_ws/install/_local_setup_util_ps1.py'
[49.545s] INFO:colcon.colcon_core.shell:Creating prefix chain script '/home/manish/eiratech_ws/install/setup.ps1'
[49.549s] INFO:colcon.colcon_core.shell:Creating prefix script '/home/manish/eiratech_ws/install/local_setup.sh'
[49.551s] INFO:colcon.colcon_core.shell:Creating prefix util module '/home/manish/eiratech_ws/install/_local_setup_util_sh.py'
[49.552s] INFO:colcon.colcon_core.shell:Creating prefix chain script '/home/manish/eiratech_ws/install/setup.sh'
[49.554s] INFO:colcon.colcon_core.shell:Creating prefix script '/home/manish/eiratech_ws/install/local_setup.bash'
[49.556s] INFO:colcon.colcon_core.shell:Creating prefix chain script '/home/manish/eiratech_ws/install/setup.bash'
[49.559s] INFO:colcon.colcon_core.shell:Creating prefix script '/home/manish/eiratech_ws/install/local_setup.zsh'
[49.561s] INFO:colcon.colcon_core.shell:Creating prefix chain script '/home/manish/eiratech_ws/install/setup.zsh'
