[0.006s] Invoking command in '/home/student/eiratech_ws/build/cropmap_nav2': CMAKE_PREFIX_PATH=${CMAKE_PREFIX_PATH}:/opt/ros/jazzy DEBUGINFOD_URLS=https://debuginfod.ubuntu.com /usr/bin/cmake /home/student/eiratech_ws/src/cropmap_nav2 -DCMAKE_INSTALL_PREFIX=/home/student/eiratech_ws/install/cropmap_nav2
[0.040s] -- The C compiler identification is GNU 13.3.0
[0.072s] -- The CXX compiler identification is GNU 13.3.0
[0.083s] -- Detecting C compiler ABI info
[0.143s] -- Detecting C compiler ABI info - done
[0.148s] -- Check for working C compiler: /usr/bin/cc - skipped
[0.148s] -- Detecting C compile features
[0.148s] -- Detecting C compile features - done
[0.154s] -- Detecting CXX compiler ABI info
[0.217s] -- Detecting CXX compiler ABI info - done
[0.225s] -- Check for working CXX compiler: /usr/bin/c++ - skipped
[0.225s] -- Detecting CXX compile features
[0.226s] -- Detecting CXX compile features - done
[0.228s] -- Found ament_cmake: 2.5.4 (/opt/ros/jazzy/share/ament_cmake/cmake)
[0.317s] -- Found Python3: /usr/bin/python3 (found version "3.12.3") found components: Interpreter 
[0.380s] -- Found rclcpp: 28.1.9 (/opt/ros/jazzy/share/rclcpp/cmake)
[0.406s] -- Found rosidl_generator_c: 4.6.5 (/opt/ros/jazzy/share/rosidl_generator_c/cmake)
[0.415s] -- Found rosidl_generator_cpp: 4.6.5 (/opt/ros/jazzy/share/rosidl_generator_cpp/cmake)
[0.425s] -- Using all available rosidl_typesupport_c: rosidl_typesupport_fastrtps_c;rosidl_typesupport_introspection_c
[0.436s] -- Using all available rosidl_typesupport_cpp: rosidl_typesupport_fastrtps_cpp;rosidl_typesupport_introspection_cpp
[0.481s] -- Found rmw_implementation_cmake: 7.3.2 (/opt/ros/jazzy/share/rmw_implementation_cmake/cmake)
[0.483s] -- Found rmw_cyclonedds_cpp: 2.2.3 (/opt/ros/jazzy/share/rmw_cyclonedds_cpp/cmake)
[0.514s] -- Using RMW implementation 'rmw_cyclonedds_cpp' as default
[0.553s] -- Found nav2_msgs: 1.3.6 (/opt/ros/jazzy/share/nav2_msgs/cmake)
[0.653s] -- Found nav2_bringup: 1.3.6 (/opt/ros/jazzy/share/nav2_bringup/cmake)
[0.654s] -- Found nav2_common: 1.3.6 (/opt/ros/jazzy/share/nav2_common/cmake)
[0.656s] -- Found sensor_msgs: 5.3.6 (/opt/ros/jazzy/share/sensor_msgs/cmake)
[0.670s] -- Found tf2: 0.36.10 (/opt/ros/jazzy/share/tf2/cmake)
[0.673s] -- Found tf2_ros: 0.36.10 (/opt/ros/jazzy/share/tf2_ros/cmake)
[0.728s] -- Found slam_toolbox: 2.8.3 (/opt/ros/jazzy/share/slam_toolbox/cmake)
[0.779s] -- Found TinyXML2 via Config file: /usr/lib/x86_64-linux-gnu/cmake/tinyxml2
[0.792s] -- Found eigen3_cmake_module: 0.3.0 (/opt/ros/jazzy/share/eigen3_cmake_module/cmake)
[0.792s] -- Found Eigen3: TRUE (found version "3.4.0") 
[0.792s] -- Ensuring Eigen3 include directory is part of orocos-kdl CMake target
[0.859s] -- Setting OGRE_DIR to: '/opt/ros/jazzy/share/rviz_ogre_vendor/cmake/../../../opt/rviz_ogre_vendor/lib/OGRE/cmake'
[0.860s] -- Found OGRE
[0.860s] --   static     : OFF
[0.860s] --   components : MeshLodGenerator;Overlay;Paging;Property;RTShaderSystem;Terrain;Volume
[0.860s] --   plugins    : Plugin_BSPSceneManager;Plugin_OctreeSceneManager;Plugin_PCZSceneManager;Plugin_ParticleFX;RenderSystem_GL;RenderSystem_GL3Plus;Codec_STBI
[0.860s] --   media      : /opt/ros/jazzy/opt/rviz_ogre_vendor/share/OGRE/Media
[0.860s] -- OGRE_LIBRARIES: OgreMeshLodGenerator;OgreOverlay;OgrePaging;OgreProperty;OgreRTShaderSystem;OgreTerrain;OgreVolume;OgreMain
[0.860s] -- OGRE_LIBRARY_DIRS: /opt/ros/jazzy/opt/rviz_ogre_vendor/lib
[0.860s] -- OGRE_PLUGINS: Plugin_BSPSceneManager;Plugin_OctreeSceneManager;Plugin_PCZSceneManager;Plugin_ParticleFX;RenderSystem_GL;RenderSystem_GL3Plus;Codec_STBI
[0.860s] -- OGRE_PLUGIN_DIR: /opt/ros/jazzy/opt/rviz_ogre_vendor/lib/OGRE
[0.860s] -- rviz_ogre_vendor::OgreOverlay for IMPORTED_LOCATION_RELEASE: /opt/ros/jazzy/opt/rviz_ogre_vendor/lib/libOgreOverlay.so
[0.860s] -- rviz_ogre_vendor::OgreOverlay for IMPORTED_LOCATION_DEBUG: /opt/ros/jazzy/opt/rviz_ogre_vendor/lib/libOgreOverlay.so
[0.860s] -- rviz_ogre_vendor::OgreMain for IMPORTED_LOCATION_RELEASE: /opt/ros/jazzy/opt/rviz_ogre_vendor/lib/libOgreMain.so
[0.860s] -- rviz_ogre_vendor::OgreMain for IMPORTED_LOCATION_DEBUG: /opt/ros/jazzy/opt/rviz_ogre_vendor/lib/libOgreMain.so
[0.879s] -- Found ZLIB: /usr/lib/x86_64-linux-gnu/libz.so (found version "1.3")  
[0.885s] -- Found OpenGL: /usr/lib/x86_64-linux-gnu/libOpenGL.so   
[0.988s] -- Found X11: /usr/include   
[0.988s] -- Looking for XOpenDisplay in /usr/lib/x86_64-linux-gnu/libX11.so;/usr/lib/x86_64-linux-gnu/libXext.so
[1.060s] -- Looking for XOpenDisplay in /usr/lib/x86_64-linux-gnu/libX11.so;/usr/lib/x86_64-linux-gnu/libXext.so - found
[1.060s] -- Looking for gethostbyname
[1.122s] -- Looking for gethostbyname - found
[1.122s] -- Looking for connect
[1.178s] -- Looking for connect - found
[1.178s] -- Looking for remove
[1.233s] -- Looking for remove - found
[1.233s] -- Looking for shmat
[1.301s] -- Looking for shmat - found
[1.301s] -- Looking for IceConnectionNumber in ICE
[1.360s] -- Looking for IceConnectionNumber in ICE - found
[1.370s] -- Setting yaml-cpp_DIR to: '/opt/ros/jazzy/share/yaml_cpp_vendor/cmake/../../../opt/yaml_cpp_vendor/share/cmake/yaml-cpp'
[1.437s] -- Found ament_lint_auto: 0.17.2 (/opt/ros/jazzy/share/ament_lint_auto/cmake)
[1.496s] -- Added test 'flake8' to check Python code syntax and style conventions
[1.496s] -- Configured 'flake8' exclude dirs and/or files: 
[1.496s] -- Added test 'lint_cmake' to check CMake code style
[1.496s] -- Added test 'pep257' to check Python code against some of the docstring style conventions in PEP 257
[1.497s] -- Added test 'xmllint' to check XML markup files
[1.498s] -- Configuring done (1.5s)
[1.501s] -- Generating done (0.0s)
[1.503s] -- Build files have been written to: /home/student/eiratech_ws/build/cropmap_nav2
[1.510s] Invoked command in '/home/student/eiratech_ws/build/cropmap_nav2' returned '0': CMAKE_PREFIX_PATH=${CMAKE_PREFIX_PATH}:/opt/ros/jazzy DEBUGINFOD_URLS=https://debuginfod.ubuntu.com /usr/bin/cmake /home/student/eiratech_ws/src/cropmap_nav2 -DCMAKE_INSTALL_PREFIX=/home/student/eiratech_ws/install/cropmap_nav2
[1.511s] Invoking command in '/home/student/eiratech_ws/build/cropmap_nav2': CMAKE_PREFIX_PATH=${CMAKE_PREFIX_PATH}:/opt/ros/jazzy DEBUGINFOD_URLS=https://debuginfod.ubuntu.com /usr/bin/cmake --build /home/student/eiratech_ws/build/cropmap_nav2 -- -j28 -l28
[1.547s] Invoked command in '/home/student/eiratech_ws/build/cropmap_nav2' returned '0': CMAKE_PREFIX_PATH=${CMAKE_PREFIX_PATH}:/opt/ros/jazzy DEBUGINFOD_URLS=https://debuginfod.ubuntu.com /usr/bin/cmake --build /home/student/eiratech_ws/build/cropmap_nav2 -- -j28 -l28
[1.553s] Invoking command in '/home/student/eiratech_ws/build/cropmap_nav2': CMAKE_PREFIX_PATH=${CMAKE_PREFIX_PATH}:/opt/ros/jazzy DEBUGINFOD_URLS=https://debuginfod.ubuntu.com /usr/bin/cmake --install /home/student/eiratech_ws/build/cropmap_nav2
[1.559s] -- Install configuration: ""
[1.559s] -- Installing: /home/student/eiratech_ws/install/cropmap_nav2/share/ament_index/resource_index/package_run_dependencies/cropmap_nav2
[1.559s] -- Installing: /home/student/eiratech_ws/install/cropmap_nav2/share/ament_index/resource_index/parent_prefix_path/cropmap_nav2
[1.559s] -- Installing: /home/student/eiratech_ws/install/cropmap_nav2/share/cropmap_nav2/environment/ament_prefix_path.sh
[1.559s] -- Installing: /home/student/eiratech_ws/install/cropmap_nav2/share/cropmap_nav2/environment/ament_prefix_path.dsv
[1.559s] -- Installing: /home/student/eiratech_ws/install/cropmap_nav2/share/cropmap_nav2/environment/path.sh
[1.559s] -- Installing: /home/student/eiratech_ws/install/cropmap_nav2/share/cropmap_nav2/environment/path.dsv
[1.559s] -- Installing: /home/student/eiratech_ws/install/cropmap_nav2/share/cropmap_nav2/local_setup.bash
[1.559s] -- Installing: /home/student/eiratech_ws/install/cropmap_nav2/share/cropmap_nav2/local_setup.sh
[1.560s] -- Installing: /home/student/eiratech_ws/install/cropmap_nav2/share/cropmap_nav2/local_setup.zsh
[1.560s] -- Installing: /home/student/eiratech_ws/install/cropmap_nav2/share/cropmap_nav2/local_setup.dsv
[1.560s] -- Installing: /home/student/eiratech_ws/install/cropmap_nav2/share/cropmap_nav2/package.dsv
[1.560s] -- Installing: /home/student/eiratech_ws/install/cropmap_nav2/share/ament_index/resource_index/packages/cropmap_nav2
[1.560s] -- Installing: /home/student/eiratech_ws/install/cropmap_nav2/share/cropmap_nav2/cmake/cropmap_nav2Config.cmake
[1.560s] -- Installing: /home/student/eiratech_ws/install/cropmap_nav2/share/cropmap_nav2/cmake/cropmap_nav2Config-version.cmake
[1.560s] -- Installing: /home/student/eiratech_ws/install/cropmap_nav2/share/cropmap_nav2/package.xml
[1.560s] Invoked command in '/home/student/eiratech_ws/build/cropmap_nav2' returned '0': CMAKE_PREFIX_PATH=${CMAKE_PREFIX_PATH}:/opt/ros/jazzy DEBUGINFOD_URLS=https://debuginfod.ubuntu.com /usr/bin/cmake --install /home/student/eiratech_ws/build/cropmap_nav2
