-- Install configuration: "Release"
-- Execute custom install script
-- Up-to-date symlink: /home/manish/eiratech_ws/install/robot_description/share/robot_description/urdf/cropMap_urdf.urdf
-- Up-to-date symlink: /home/manish/eiratech_ws/install/robot_description/share/robot_description/urdf/dummy.urdf
-- Up-to-date symlink: /home/manish/eiratech_ws/install/robot_description/share/robot_description/urdf/robot.urdf.xacro
-- Up-to-date symlink: /home/manish/eiratech_ws/install/robot_description/share/robot_description/urdf/robot.urdf.xacro_backup
-- Up-to-date symlink: /home/manish/eiratech_ws/install/robot_description/share/robot_description/urdf/robot_urdf.urdf
-- Up-to-date symlink: /home/manish/eiratech_ws/install/robot_description/share/robot_description/meshes/TC_V0.STL
-- Up-to-date symlink: /home/manish/eiratech_ws/install/robot_description/share/robot_description/meshes/back_camera.STL
-- Up-to-date symlink: /home/manish/eiratech_ws/install/robot_description/share/robot_description/meshes/base_link.STL
-- Up-to-date symlink: /home/manish/eiratech_ws/install/robot_description/share/robot_description/meshes/front_camera.STL
-- Up-to-date symlink: /home/manish/eiratech_ws/install/robot_description/share/robot_description/meshes/wheel_back_left.STL
-- Up-to-date symlink: /home/manish/eiratech_ws/install/robot_description/share/robot_description/meshes/wheel_back_right.STL
-- Up-to-date symlink: /home/manish/eiratech_ws/install/robot_description/share/robot_description/meshes/wheel_front_left.STL
-- Up-to-date symlink: /home/manish/eiratech_ws/install/robot_description/share/robot_description/meshes/wheel_front_right.STL
-- Up-to-date symlink: /home/manish/eiratech_ws/install/robot_description/share/robot_description/config/config/bridge.yaml
-- Up-to-date symlink: /home/manish/eiratech_ws/install/robot_description/share/robot_description/launch/launch/robot_state.launch.py
-- Up-to-date symlink: /home/manish/eiratech_ws/install/robot_description/share/robot_description/rviz/robot.rviz
-- Up-to-date symlink: /home/manish/eiratech_ws/install/robot_description/share/ament_index/resource_index/package_run_dependencies/robot_description
-- Up-to-date symlink: /home/manish/eiratech_ws/install/robot_description/share/ament_index/resource_index/parent_prefix_path/robot_description
-- Up-to-date symlink: /home/manish/eiratech_ws/install/robot_description/share/robot_description/environment/ament_prefix_path.sh
-- Up-to-date symlink: /home/manish/eiratech_ws/install/robot_description/share/robot_description/environment/ament_prefix_path.dsv
-- Up-to-date symlink: /home/manish/eiratech_ws/install/robot_description/share/robot_description/environment/path.sh
-- Up-to-date symlink: /home/manish/eiratech_ws/install/robot_description/share/robot_description/environment/path.dsv
-- Up-to-date symlink: /home/manish/eiratech_ws/install/robot_description/share/robot_description/local_setup.bash
-- Up-to-date symlink: /home/manish/eiratech_ws/install/robot_description/share/robot_description/local_setup.sh
-- Up-to-date symlink: /home/manish/eiratech_ws/install/robot_description/share/robot_description/local_setup.zsh
-- Up-to-date symlink: /home/manish/eiratech_ws/install/robot_description/share/robot_description/local_setup.dsv
-- Symlinking: /home/manish/eiratech_ws/install/robot_description/share/robot_description/package.dsv
-- Up-to-date symlink: /home/manish/eiratech_ws/install/robot_description/share/ament_index/resource_index/packages/robot_description
-- Up-to-date symlink: /home/manish/eiratech_ws/install/robot_description/share/robot_description/cmake/robot_descriptionConfig.cmake
-- Up-to-date symlink: /home/manish/eiratech_ws/install/robot_description/share/robot_description/cmake/robot_descriptionConfig-version.cmake
-- Up-to-date symlink: /home/manish/eiratech_ws/install/robot_description/share/robot_description/package.xml
