-- Install configuration: "Release"
-- Up-to-date: /home/manish/eiratech_ws/install/cropmap_nav2/share/cropmap_nav2/launch
-- Up-to-date: /home/manish/eiratech_ws/install/cropmap_nav2/share/cropmap_nav2/launch/cropmap_navigation.launch.py
-- Up-to-date: /home/manish/eiratech_ws/install/cropmap_nav2/share/cropmap_nav2/launch/cropmap_navigation_slam.launch.py
-- Up-to-date: /home/manish/eiratech_ws/install/cropmap_nav2/share/cropmap_nav2/launch/simple_nav.launch.py
-- Up-to-date: /home/manish/eiratech_ws/install/cropmap_nav2/share/cropmap_nav2/launch/keepout_fliter.launch.py
-- Up-to-date: /home/manish/eiratech_ws/install/cropmap_nav2/share/cropmap_nav2/config
-- Up-to-date: /home/manish/eiratech_ws/install/cropmap_nav2/share/cropmap_nav2/config/nav2_params.yaml
-- Up-to-date: /home/manish/eiratech_ws/install/cropmap_nav2/share/cropmap_nav2/config/nav2_slam_params.yaml
-- Up-to-date: /home/manish/eiratech_ws/install/cropmap_nav2/share/cropmap_nav2/config/keepout_fliter_params.yaml
-- Up-to-date: /home/manish/eiratech_ws/install/cropmap_nav2/share/cropmap_nav2/maps
-- Up-to-date: /home/manish/eiratech_ws/install/cropmap_nav2/share/cropmap_nav2/maps/Walls.yaml
-- Up-to-date: /home/manish/eiratech_ws/install/cropmap_nav2/share/cropmap_nav2/maps/cropmap_map_wth_keepout.png
-- Up-to-date: /home/manish/eiratech_ws/install/cropmap_nav2/share/cropmap_nav2/maps/Nav2Testing.png
-- Up-to-date: /home/manish/eiratech_ws/install/cropmap_nav2/share/cropmap_nav2/maps/single_layer_map.yaml
-- Up-to-date: /home/manish/eiratech_ws/install/cropmap_nav2/share/cropmap_nav2/maps/Block_map.yaml
-- Up-to-date: /home/manish/eiratech_ws/install/cropmap_nav2/share/cropmap_nav2/maps/Nav2Testing.yaml
-- Up-to-date: /home/manish/eiratech_ws/install/cropmap_nav2/share/cropmap_nav2/maps/cropmap_map.yaml
-- Up-to-date: /home/manish/eiratech_ws/install/cropmap_nav2/share/cropmap_nav2/maps/cropmap_map.png
-- Up-to-date: /home/manish/eiratech_ws/install/cropmap_nav2/share/cropmap_nav2/maps/single_layer_map.png
-- Up-to-date: /home/manish/eiratech_ws/install/cropmap_nav2/share/cropmap_nav2/maps/Block_map.png
-- Up-to-date: /home/manish/eiratech_ws/install/cropmap_nav2/share/cropmap_nav2/maps/Walls.png
-- Up-to-date: /home/manish/eiratech_ws/install/cropmap_nav2/share/cropmap_nav2/maps/cropmap_map_wth_keepout.yaml
-- Up-to-date: /home/manish/eiratech_ws/install/cropmap_nav2/share/cropmap_nav2/rviz2
-- Up-to-date: /home/manish/eiratech_ws/install/cropmap_nav2/share/cropmap_nav2/rviz2/carter_navigation.rviz
-- Up-to-date: /home/manish/eiratech_ws/install/cropmap_nav2/share/cropmap_nav2/rviz2/carter_navigation_namespaced.rviz
-- Up-to-date: /home/manish/eiratech_ws/install/cropmap_nav2/share/ament_index/resource_index/package_run_dependencies/cropmap_nav2
-- Up-to-date: /home/manish/eiratech_ws/install/cropmap_nav2/share/ament_index/resource_index/parent_prefix_path/cropmap_nav2
-- Up-to-date: /home/manish/eiratech_ws/install/cropmap_nav2/share/cropmap_nav2/environment/ament_prefix_path.sh
-- Up-to-date: /home/manish/eiratech_ws/install/cropmap_nav2/share/cropmap_nav2/environment/ament_prefix_path.dsv
-- Up-to-date: /home/manish/eiratech_ws/install/cropmap_nav2/share/cropmap_nav2/environment/path.sh
-- Up-to-date: /home/manish/eiratech_ws/install/cropmap_nav2/share/cropmap_nav2/environment/path.dsv
-- Up-to-date: /home/manish/eiratech_ws/install/cropmap_nav2/share/cropmap_nav2/local_setup.bash
-- Up-to-date: /home/manish/eiratech_ws/install/cropmap_nav2/share/cropmap_nav2/local_setup.sh
-- Up-to-date: /home/manish/eiratech_ws/install/cropmap_nav2/share/cropmap_nav2/local_setup.zsh
-- Up-to-date: /home/manish/eiratech_ws/install/cropmap_nav2/share/cropmap_nav2/local_setup.dsv
-- Up-to-date: /home/manish/eiratech_ws/install/cropmap_nav2/share/cropmap_nav2/package.dsv
-- Up-to-date: /home/manish/eiratech_ws/install/cropmap_nav2/share/ament_index/resource_index/packages/cropmap_nav2
-- Up-to-date: /home/manish/eiratech_ws/install/cropmap_nav2/share/cropmap_nav2/cmake/cropmap_nav2Config.cmake
-- Up-to-date: /home/manish/eiratech_ws/install/cropmap_nav2/share/cropmap_nav2/cmake/cropmap_nav2Config-version.cmake
-- Up-to-date: /home/manish/eiratech_ws/install/cropmap_nav2/share/cropmap_nav2/package.xml
