[0.016s] Invoking command in '/home/manish/eiratech_ws/build/robot_bringup': CMAKE_PREFIX_PATH=/home/manish/eiratech_ws/install/robot_description:/home/manish/eiratech_ws/install/cropmap_nav2:/home/manish/eiratech_ws/install/robot_bringup:/home/manish/eiratech_ws/install/robot_control:/opt/ros/humble /usr/bin/cmake --build /home/manish/eiratech_ws/build/robot_bringup -- -j12 -l12
[0.040s] Invoked command in '/home/manish/eiratech_ws/build/robot_bringup' returned '0': CMAKE_PREFIX_PATH=/home/manish/eiratech_ws/install/robot_description:/home/manish/eiratech_ws/install/cropmap_nav2:/home/manish/eiratech_ws/install/robot_bringup:/home/manish/eiratech_ws/install/robot_control:/opt/ros/humble /usr/bin/cmake --build /home/manish/eiratech_ws/build/robot_bringup -- -j12 -l12
[0.046s] Invoking command in '/home/manish/eiratech_ws/build/robot_bringup': CMAKE_PREFIX_PATH=/home/manish/eiratech_ws/install/robot_description:/home/manish/eiratech_ws/install/cropmap_nav2:/home/manish/eiratech_ws/install/robot_bringup:/home/manish/eiratech_ws/install/robot_control:/opt/ros/humble /usr/bin/cmake --install /home/manish/eiratech_ws/build/robot_bringup
[0.051s] -- Install configuration: ""
[0.051s] -- Up-to-date: /home/manish/eiratech_ws/install/robot_bringup/share/robot_bringup/launch
[0.051s] -- Up-to-date: /home/manish/eiratech_ws/install/robot_bringup/share/robot_bringup/launch/gz_sim.launch.py
[0.051s] -- Up-to-date: /home/manish/eiratech_ws/install/robot_bringup/share/robot_bringup/launch/teleop.launch.py
[0.051s] -- Up-to-date: /home/manish/eiratech_ws/install/robot_bringup/share/robot_bringup/launch/bridge.launch.py
[0.051s] -- Up-to-date: /home/manish/eiratech_ws/install/robot_bringup/share/robot_bringup/launch/safety.launch.py
[0.051s] -- Installing: /home/manish/eiratech_ws/install/robot_bringup/share/robot_bringup/launch/gazebo_sim.launch.py
[0.051s] -- Up-to-date: /home/manish/eiratech_ws/install/robot_bringup/share/robot_bringup/rviz
[0.052s] -- Up-to-date: /home/manish/eiratech_ws/install/robot_bringup/share/robot_bringup/rviz/robot_gazebo.rviz
[0.052s] -- Up-to-date: /home/manish/eiratech_ws/install/robot_bringup/share/robot_bringup/worlds
[0.052s] -- Up-to-date: /home/manish/eiratech_ws/install/robot_bringup/share/robot_bringup/worlds/terrain_5_integrated.world
[0.052s] -- Up-to-date: /home/manish/eiratech_ws/install/robot_bringup/share/robot_bringup/worlds/sdf.py
[0.052s] -- Up-to-date: /home/manish/eiratech_ws/install/robot_bringup/share/robot_bringup/worlds/fix_heightmaps.py
[0.052s] -- Up-to-date: /home/manish/eiratech_ws/install/robot_bringup/share/robot_bringup/worlds/terrain_3_wavy.world
[0.052s] -- Up-to-date: /home/manish/eiratech_ws/install/robot_bringup/share/robot_bringup/worlds/media
[0.052s] -- Up-to-date: /home/manish/eiratech_ws/install/robot_bringup/share/robot_bringup/worlds/media/materials
[0.052s] -- Up-to-date: /home/manish/eiratech_ws/install/robot_bringup/share/robot_bringup/worlds/media/materials/textures
[0.052s] -- Up-to-date: /home/manish/eiratech_ws/install/robot_bringup/share/robot_bringup/worlds/media/materials/textures/grass.png
[0.052s] -- Up-to-date: /home/manish/eiratech_ws/install/robot_bringup/share/robot_bringup/worlds/media/materials/textures/flat_normal.png
[0.052s] -- Up-to-date: /home/manish/eiratech_ws/install/robot_bringup/share/robot_bringup/worlds/farm_world.world
[0.052s] -- Up-to-date: /home/manish/eiratech_ws/install/robot_bringup/share/robot_bringup/worlds/terrain_4_obstacle_heightmap.png
[0.052s] -- Up-to-date: /home/manish/eiratech_ws/install/robot_bringup/share/robot_bringup/worlds/my_field_map.png
[0.052s] -- Up-to-date: /home/manish/eiratech_ws/install/robot_bringup/share/robot_bringup/worlds/terrain_1_slope_heightmap.png
[0.052s] -- Up-to-date: /home/manish/eiratech_ws/install/robot_bringup/share/robot_bringup/worlds/terrain_1_slope.world
[0.052s] -- Up-to-date: /home/manish/eiratech_ws/install/robot_bringup/share/robot_bringup/worlds/terrain_5_integrated_heightmap.png
[0.052s] -- Up-to-date: /home/manish/eiratech_ws/install/robot_bringup/share/robot_bringup/worlds/test_terrain_5_integrated.launch.py
[0.052s] -- Up-to-date: /home/manish/eiratech_ws/install/robot_bringup/share/robot_bringup/worlds/field_obstacles.world
[0.053s] -- Up-to-date: /home/manish/eiratech_ws/install/robot_bringup/share/robot_bringup/worlds/terrain_4_obstacle.world
[0.053s] -- Up-to-date: /home/manish/eiratech_ws/install/robot_bringup/share/robot_bringup/worlds/generated_obstacles.world
[0.053s] -- Up-to-date: /home/manish/eiratech_ws/install/robot_bringup/share/robot_bringup/worlds/terrain_2_crater_heightmap.png
[0.053s] -- Up-to-date: /home/manish/eiratech_ws/install/robot_bringup/share/robot_bringup/worlds/terrain_3_wavy_heightmap.png
[0.053s] -- Up-to-date: /home/manish/eiratech_ws/install/robot_bringup/share/robot_bringup/worlds/test_terrain_4_obstacle.launch.py
[0.053s] -- Up-to-date: /home/manish/eiratech_ws/install/robot_bringup/share/robot_bringup/worlds/test_terrain_1_slope.launch.py
[0.053s] -- Up-to-date: /home/manish/eiratech_ws/install/robot_bringup/share/robot_bringup/worlds/test_terrain_2_crater.launch.py
[0.053s] -- Up-to-date: /home/manish/eiratech_ws/install/robot_bringup/share/robot_bringup/worlds/test_terrain_3_wavy.launch.py
[0.053s] -- Up-to-date: /home/manish/eiratech_ws/install/robot_bringup/share/robot_bringup/worlds/terrain_2_crater.world
[0.053s] -- Up-to-date: /home/manish/eiratech_ws/install/robot_bringup/share/ament_index/resource_index/package_run_dependencies/robot_bringup
[0.053s] -- Up-to-date: /home/manish/eiratech_ws/install/robot_bringup/share/ament_index/resource_index/parent_prefix_path/robot_bringup
[0.053s] -- Up-to-date: /home/manish/eiratech_ws/install/robot_bringup/share/robot_bringup/environment/ament_prefix_path.sh
[0.053s] -- Up-to-date: /home/manish/eiratech_ws/install/robot_bringup/share/robot_bringup/environment/ament_prefix_path.dsv
[0.053s] -- Up-to-date: /home/manish/eiratech_ws/install/robot_bringup/share/robot_bringup/environment/path.sh
[0.053s] -- Up-to-date: /home/manish/eiratech_ws/install/robot_bringup/share/robot_bringup/environment/path.dsv
[0.053s] -- Up-to-date: /home/manish/eiratech_ws/install/robot_bringup/share/robot_bringup/local_setup.bash
[0.053s] -- Up-to-date: /home/manish/eiratech_ws/install/robot_bringup/share/robot_bringup/local_setup.sh
[0.053s] -- Up-to-date: /home/manish/eiratech_ws/install/robot_bringup/share/robot_bringup/local_setup.zsh
[0.053s] -- Up-to-date: /home/manish/eiratech_ws/install/robot_bringup/share/robot_bringup/local_setup.dsv
[0.053s] -- Installing: /home/manish/eiratech_ws/install/robot_bringup/share/robot_bringup/package.dsv
[0.053s] -- Up-to-date: /home/manish/eiratech_ws/install/robot_bringup/share/ament_index/resource_index/packages/robot_bringup
[0.054s] -- Up-to-date: /home/manish/eiratech_ws/install/robot_bringup/share/robot_bringup/cmake/robot_bringupConfig.cmake
[0.054s] -- Up-to-date: /home/manish/eiratech_ws/install/robot_bringup/share/robot_bringup/cmake/robot_bringupConfig-version.cmake
[0.054s] -- Up-to-date: /home/manish/eiratech_ws/install/robot_bringup/share/robot_bringup/package.xml
[0.054s] Invoked command in '/home/manish/eiratech_ws/build/robot_bringup' returned '0': CMAKE_PREFIX_PATH=/home/manish/eiratech_ws/install/robot_description:/home/manish/eiratech_ws/install/cropmap_nav2:/home/manish/eiratech_ws/install/robot_bringup:/home/manish/eiratech_ws/install/robot_control:/opt/ros/humble /usr/bin/cmake --install /home/manish/eiratech_ws/build/robot_bringup
