[0.012s] Invoking command in '/home/manish/eiratech_ws/build/robot_control': CMAKE_PREFIX_PATH=${CMAKE_PREFIX_PATH}:/opt/ros/humble /usr/bin/cmake --build /home/manish/eiratech_ws/build/robot_control -- -j12 -l12
[0.042s] Invoked command in '/home/manish/eiratech_ws/build/robot_control' returned '0': CMAKE_PREFIX_PATH=${CMAKE_PREFIX_PATH}:/opt/ros/humble /usr/bin/cmake --build /home/manish/eiratech_ws/build/robot_control -- -j12 -l12
[0.043s] Invoking command in '/home/manish/eiratech_ws/build/robot_control': CMAKE_PREFIX_PATH=${CMAKE_PREFIX_PATH}:/opt/ros/humble /usr/bin/cmake --install /home/manish/eiratech_ws/build/robot_control
[0.050s] -- Install configuration: "Release"
[0.050s] -- Up-to-date: /home/manish/eiratech_ws/install/robot_control/share/robot_control//launch
[0.050s] -- Up-to-date: /home/manish/eiratech_ws/install/robot_control/share/robot_control//launch/controller_manager.launch.py
[0.050s] -- Up-to-date: /home/manish/eiratech_ws/install/robot_control/share/robot_control//config
[0.050s] -- Up-to-date: /home/manish/eiratech_ws/install/robot_control/share/robot_control//config/controller_config.yaml
[0.050s] -- Up-to-date: /home/manish/eiratech_ws/install/robot_control/share/robot_control//config/teleop_config.yaml
[0.050s] -- Up-to-date: /home/manish/eiratech_ws/install/robot_control/share/ament_index/resource_index/package_run_dependencies/robot_control
[0.050s] -- Up-to-date: /home/manish/eiratech_ws/install/robot_control/share/ament_index/resource_index/parent_prefix_path/robot_control
[0.050s] -- Up-to-date: /home/manish/eiratech_ws/install/robot_control/share/robot_control/environment/ament_prefix_path.sh
[0.050s] -- Up-to-date: /home/manish/eiratech_ws/install/robot_control/share/robot_control/environment/ament_prefix_path.dsv
[0.050s] -- Up-to-date: /home/manish/eiratech_ws/install/robot_control/share/robot_control/environment/path.sh
[0.050s] -- Up-to-date: /home/manish/eiratech_ws/install/robot_control/share/robot_control/environment/path.dsv
[0.050s] -- Up-to-date: /home/manish/eiratech_ws/install/robot_control/share/robot_control/local_setup.bash
[0.050s] -- Up-to-date: /home/manish/eiratech_ws/install/robot_control/share/robot_control/local_setup.sh
[0.050s] -- Up-to-date: /home/manish/eiratech_ws/install/robot_control/share/robot_control/local_setup.zsh
[0.051s] -- Up-to-date: /home/manish/eiratech_ws/install/robot_control/share/robot_control/local_setup.dsv
[0.051s] -- Installing: /home/manish/eiratech_ws/install/robot_control/share/robot_control/package.dsv
[0.051s] -- Up-to-date: /home/manish/eiratech_ws/install/robot_control/share/ament_index/resource_index/packages/robot_control
[0.051s] -- Up-to-date: /home/manish/eiratech_ws/install/robot_control/share/robot_control/cmake/robot_controlConfig.cmake
[0.051s] -- Up-to-date: /home/manish/eiratech_ws/install/robot_control/share/robot_control/cmake/robot_controlConfig-version.cmake
[0.051s] -- Up-to-date: /home/manish/eiratech_ws/install/robot_control/share/robot_control/package.xml
[0.063s] Invoked command in '/home/manish/eiratech_ws/build/robot_control' returned '0': CMAKE_PREFIX_PATH=${CMAKE_PREFIX_PATH}:/opt/ros/humble /usr/bin/cmake --install /home/manish/eiratech_ws/build/robot_control
