[0.005s] Invoking command in '/home/manish/eiratech_ws/build/robot_bringup': CMAKE_PREFIX_PATH=/home/manish/eiratech_ws/install/robot_description:/home/manish/eiratech_ws/install/robot_bringup:/home/manish/eiratech_ws/install/robot_control:/home/manish/eiratech_ws/install/cropmap_nav2:/opt/ros/humble /usr/bin/cmake --build /home/manish/eiratech_ws/build/robot_bringup -- -j12 -l12
[0.030s] Invoked command in '/home/manish/eiratech_ws/build/robot_bringup' returned '0': CMAKE_PREFIX_PATH=/home/manish/eiratech_ws/install/robot_description:/home/manish/eiratech_ws/install/robot_bringup:/home/manish/eiratech_ws/install/robot_control:/home/manish/eiratech_ws/install/cropmap_nav2:/opt/ros/humble /usr/bin/cmake --build /home/manish/eiratech_ws/build/robot_bringup -- -j12 -l12
[0.031s] Invoking command in '/home/manish/eiratech_ws/build/robot_bringup': CMAKE_PREFIX_PATH=/home/manish/eiratech_ws/install/robot_description:/home/manish/eiratech_ws/install/robot_bringup:/home/manish/eiratech_ws/install/robot_control:/home/manish/eiratech_ws/install/cropmap_nav2:/opt/ros/humble /usr/bin/cmake --install /home/manish/eiratech_ws/build/robot_bringup
[0.036s] -- Install configuration: "Release"
[0.036s] -- Up-to-date: /home/manish/eiratech_ws/install/robot_bringup/share/robot_bringup/launch
[0.036s] -- Up-to-date: /home/manish/eiratech_ws/install/robot_bringup/share/robot_bringup/launch/gz_sim.launch.py
[0.036s] -- Up-to-date: /home/manish/eiratech_ws/install/robot_bringup/share/robot_bringup/launch/teleop.launch.py
[0.036s] -- Up-to-date: /home/manish/eiratech_ws/install/robot_bringup/share/robot_bringup/launch/bridge.launch.py
[0.036s] -- Up-to-date: /home/manish/eiratech_ws/install/robot_bringup/share/robot_bringup/launch/safety.launch.py
[0.036s] -- Up-to-date: /home/manish/eiratech_ws/install/robot_bringup/share/robot_bringup/launch/gazebo_sim.launch.py
[0.036s] -- Up-to-date: /home/manish/eiratech_ws/install/robot_bringup/share/robot_bringup/rviz
[0.036s] -- Up-to-date: /home/manish/eiratech_ws/install/robot_bringup/share/robot_bringup/rviz/robot_gazebo.rviz
[0.036s] -- Up-to-date: /home/manish/eiratech_ws/install/robot_bringup/share/robot_bringup/worlds
[0.036s] -- Up-to-date: /home/manish/eiratech_ws/install/robot_bringup/share/robot_bringup/worlds/farm_world.world
[0.036s] -- Up-to-date: /home/manish/eiratech_ws/install/robot_bringup/share/ament_index/resource_index/package_run_dependencies/robot_bringup
[0.036s] -- Up-to-date: /home/manish/eiratech_ws/install/robot_bringup/share/ament_index/resource_index/parent_prefix_path/robot_bringup
[0.036s] -- Up-to-date: /home/manish/eiratech_ws/install/robot_bringup/share/robot_bringup/environment/ament_prefix_path.sh
[0.036s] -- Up-to-date: /home/manish/eiratech_ws/install/robot_bringup/share/robot_bringup/environment/ament_prefix_path.dsv
[0.036s] -- Up-to-date: /home/manish/eiratech_ws/install/robot_bringup/share/robot_bringup/environment/path.sh
[0.036s] -- Up-to-date: /home/manish/eiratech_ws/install/robot_bringup/share/robot_bringup/environment/path.dsv
[0.036s] -- Up-to-date: /home/manish/eiratech_ws/install/robot_bringup/share/robot_bringup/local_setup.bash
[0.036s] -- Up-to-date: /home/manish/eiratech_ws/install/robot_bringup/share/robot_bringup/local_setup.sh
[0.037s] -- Up-to-date: /home/manish/eiratech_ws/install/robot_bringup/share/robot_bringup/local_setup.zsh
[0.037s] -- Up-to-date: /home/manish/eiratech_ws/install/robot_bringup/share/robot_bringup/local_setup.dsv
[0.037s] -- Installing: /home/manish/eiratech_ws/install/robot_bringup/share/robot_bringup/package.dsv
[0.037s] -- Up-to-date: /home/manish/eiratech_ws/install/robot_bringup/share/ament_index/resource_index/packages/robot_bringup
[0.037s] -- Up-to-date: /home/manish/eiratech_ws/install/robot_bringup/share/robot_bringup/cmake/robot_bringupConfig.cmake
[0.037s] -- Up-to-date: /home/manish/eiratech_ws/install/robot_bringup/share/robot_bringup/cmake/robot_bringupConfig-version.cmake
[0.037s] -- Up-to-date: /home/manish/eiratech_ws/install/robot_bringup/share/robot_bringup/package.xml
[0.037s] Invoked command in '/home/manish/eiratech_ws/build/robot_bringup' returned '0': CMAKE_PREFIX_PATH=/home/manish/eiratech_ws/install/robot_description:/home/manish/eiratech_ws/install/robot_bringup:/home/manish/eiratech_ws/install/robot_control:/home/manish/eiratech_ws/install/cropmap_nav2:/opt/ros/humble /usr/bin/cmake --install /home/manish/eiratech_ws/build/robot_bringup
