[0.164s] DEBUG:colcon:Command line arguments: ['/usr/bin/colcon', 'build', '--packages-select', 'cropmap_nav2']
[0.164s] DEBUG:colcon:Parsed command line arguments: Namespace(log_base=None, log_level=None, verb_name='build', build_base='build', install_base='install', merge_install=False, symlink_install=False, test_result_base=None, continue_on_error=False, executor='parallel', parallel_workers=12, event_handlers=None, ignore_user_meta=False, metas=['./colcon.meta'], base_paths=['.'], packages_ignore=None, packages_ignore_regex=None, paths=None, packages_up_to=None, packages_up_to_regex=None, packages_above=None, packages_above_and_dependencies=None, packages_above_depth=None, packages_select_by_dep=None, packages_skip_by_dep=None, packages_skip_up_to=None, packages_select_build_failed=False, packages_skip_build_finished=False, packages_select_test_failures=False, packages_skip_test_passed=False, packages_select=['cropmap_nav2'], packages_skip=None, packages_select_regex=None, packages_skip_regex=None, packages_start=None, packages_end=None, allow_overriding=[], cmake_args=None, cmake_target=None, cmake_target_skip_unavailable=False, cmake_clean_cache=False, cmake_clean_first=False, cmake_force_configure=False, ament_cmake_args=None, catkin_cmake_args=None, catkin_skip_building_tests=False, mixin_files=None, mixin=None, verb_parser=<colcon_mixin.mixin.mixin_argument.MixinArgumentDecorator object at 0x7b7e1033a1a0>, verb_extension=<colcon_core.verb.build.BuildVerb object at 0x7b7e1040b160>, main=<bound method BuildVerb.main of <colcon_core.verb.build.BuildVerb object at 0x7b7e1040b160>>, mixin_verb=('build',))
[0.404s] Level 1:colcon.colcon_core.package_discovery:discover_packages(colcon_meta) check parameters
[0.405s] Level 1:colcon.colcon_core.package_discovery:discover_packages(recursive) check parameters
[0.405s] Level 1:colcon.colcon_core.package_discovery:discover_packages(ignore) check parameters
[0.405s] Level 1:colcon.colcon_core.package_discovery:discover_packages(path) check parameters
[0.405s] Level 1:colcon.colcon_core.package_discovery:discover_packages(colcon_meta) discover
[0.405s] Level 1:colcon.colcon_core.package_discovery:discover_packages(recursive) discover
[0.405s] INFO:colcon.colcon_core.package_discovery:Crawling recursively for packages in '/home/manish/eiratech_ws'
[0.405s] Level 1:colcon.colcon_core.package_identification:_identify(.) by extensions ['ignore', 'ignore_ament_install']
[0.405s] Level 1:colcon.colcon_core.package_identification:_identify(.) by extension 'ignore'
[0.405s] Level 1:colcon.colcon_core.package_identification:_identify(.) by extension 'ignore_ament_install'
[0.405s] Level 1:colcon.colcon_core.package_identification:_identify(.) by extensions ['colcon_pkg']
[0.405s] Level 1:colcon.colcon_core.package_identification:_identify(.) by extension 'colcon_pkg'
[0.405s] Level 1:colcon.colcon_core.package_identification:_identify(.) by extensions ['colcon_meta']
[0.405s] Level 1:colcon.colcon_core.package_identification:_identify(.) by extension 'colcon_meta'
[0.405s] Level 1:colcon.colcon_core.package_identification:_identify(.) by extensions ['ros']
[0.405s] Level 1:colcon.colcon_core.package_identification:_identify(.) by extension 'ros'
[0.422s] Level 1:colcon.colcon_core.package_identification:_identify(.) by extensions ['cmake', 'python']
[0.423s] Level 1:colcon.colcon_core.package_identification:_identify(.) by extension 'cmake'
[0.423s] Level 1:colcon.colcon_core.package_identification:_identify(.) by extension 'python'
[0.423s] Level 1:colcon.colcon_core.package_identification:_identify(.) by extensions ['python_setup_py']
[0.423s] Level 1:colcon.colcon_core.package_identification:_identify(.) by extension 'python_setup_py'
[0.423s] Level 1:colcon.colcon_core.package_identification:_identify(build) by extensions ['ignore', 'ignore_ament_install']
[0.423s] Level 1:colcon.colcon_core.package_identification:_identify(build) by extension 'ignore'
[0.423s] Level 1:colcon.colcon_core.package_identification:_identify(build) ignored
[0.423s] Level 1:colcon.colcon_core.package_identification:_identify(install) by extensions ['ignore', 'ignore_ament_install']
[0.423s] Level 1:colcon.colcon_core.package_identification:_identify(install) by extension 'ignore'
[0.423s] Level 1:colcon.colcon_core.package_identification:_identify(install) ignored
[0.423s] Level 1:colcon.colcon_core.package_identification:_identify(log) by extensions ['ignore', 'ignore_ament_install']
[0.424s] Level 1:colcon.colcon_core.package_identification:_identify(log) by extension 'ignore'
[0.424s] Level 1:colcon.colcon_core.package_identification:_identify(log) ignored
[0.424s] Level 1:colcon.colcon_core.package_identification:_identify(src) by extensions ['ignore', 'ignore_ament_install']
[0.424s] Level 1:colcon.colcon_core.package_identification:_identify(src) by extension 'ignore'
[0.424s] Level 1:colcon.colcon_core.package_identification:_identify(src) by extension 'ignore_ament_install'
[0.424s] Level 1:colcon.colcon_core.package_identification:_identify(src) by extensions ['colcon_pkg']
[0.424s] Level 1:colcon.colcon_core.package_identification:_identify(src) by extension 'colcon_pkg'
[0.424s] Level 1:colcon.colcon_core.package_identification:_identify(src) by extensions ['colcon_meta']
[0.424s] Level 1:colcon.colcon_core.package_identification:_identify(src) by extension 'colcon_meta'
[0.424s] Level 1:colcon.colcon_core.package_identification:_identify(src) by extensions ['ros']
[0.424s] Level 1:colcon.colcon_core.package_identification:_identify(src) by extension 'ros'
[0.424s] Level 1:colcon.colcon_core.package_identification:_identify(src) by extensions ['cmake', 'python']
[0.424s] Level 1:colcon.colcon_core.package_identification:_identify(src) by extension 'cmake'
[0.424s] Level 1:colcon.colcon_core.package_identification:_identify(src) by extension 'python'
[0.424s] Level 1:colcon.colcon_core.package_identification:_identify(src) by extensions ['python_setup_py']
[0.424s] Level 1:colcon.colcon_core.package_identification:_identify(src) by extension 'python_setup_py'
[0.424s] Level 1:colcon.colcon_core.package_identification:_identify(src/cropmap_nav2) by extensions ['ignore', 'ignore_ament_install']
[0.425s] Level 1:colcon.colcon_core.package_identification:_identify(src/cropmap_nav2) by extension 'ignore'
[0.425s] Level 1:colcon.colcon_core.package_identification:_identify(src/cropmap_nav2) by extension 'ignore_ament_install'
[0.425s] Level 1:colcon.colcon_core.package_identification:_identify(src/cropmap_nav2) by extensions ['colcon_pkg']
[0.425s] Level 1:colcon.colcon_core.package_identification:_identify(src/cropmap_nav2) by extension 'colcon_pkg'
[0.425s] Level 1:colcon.colcon_core.package_identification:_identify(src/cropmap_nav2) by extensions ['colcon_meta']
[0.425s] Level 1:colcon.colcon_core.package_identification:_identify(src/cropmap_nav2) by extension 'colcon_meta'
[0.425s] Level 1:colcon.colcon_core.package_identification:_identify(src/cropmap_nav2) by extensions ['ros']
[0.425s] Level 1:colcon.colcon_core.package_identification:_identify(src/cropmap_nav2) by extension 'ros'
[0.429s] DEBUG:colcon.colcon_core.package_identification:Package 'src/cropmap_nav2' with type 'ros.ament_cmake' and name 'cropmap_nav2'
[0.429s] Level 1:colcon.colcon_core.package_identification:_identify(src/robot_bringup) by extensions ['ignore', 'ignore_ament_install']
[0.429s] Level 1:colcon.colcon_core.package_identification:_identify(src/robot_bringup) by extension 'ignore'
[0.429s] Level 1:colcon.colcon_core.package_identification:_identify(src/robot_bringup) by extension 'ignore_ament_install'
[0.429s] Level 1:colcon.colcon_core.package_identification:_identify(src/robot_bringup) by extensions ['colcon_pkg']
[0.429s] Level 1:colcon.colcon_core.package_identification:_identify(src/robot_bringup) by extension 'colcon_pkg'
[0.429s] Level 1:colcon.colcon_core.package_identification:_identify(src/robot_bringup) by extensions ['colcon_meta']
[0.429s] Level 1:colcon.colcon_core.package_identification:_identify(src/robot_bringup) by extension 'colcon_meta'
[0.430s] Level 1:colcon.colcon_core.package_identification:_identify(src/robot_bringup) by extensions ['ros']
[0.430s] Level 1:colcon.colcon_core.package_identification:_identify(src/robot_bringup) by extension 'ros'
[0.432s] DEBUG:colcon.colcon_core.package_identification:Package 'src/robot_bringup' with type 'ros.ament_cmake' and name 'robot_bringup'
[0.432s] Level 1:colcon.colcon_core.package_identification:_identify(src/robot_control) by extensions ['ignore', 'ignore_ament_install']
[0.432s] Level 1:colcon.colcon_core.package_identification:_identify(src/robot_control) by extension 'ignore'
[0.432s] Level 1:colcon.colcon_core.package_identification:_identify(src/robot_control) by extension 'ignore_ament_install'
[0.432s] Level 1:colcon.colcon_core.package_identification:_identify(src/robot_control) by extensions ['colcon_pkg']
[0.432s] Level 1:colcon.colcon_core.package_identification:_identify(src/robot_control) by extension 'colcon_pkg'
[0.432s] Level 1:colcon.colcon_core.package_identification:_identify(src/robot_control) by extensions ['colcon_meta']
[0.432s] Level 1:colcon.colcon_core.package_identification:_identify(src/robot_control) by extension 'colcon_meta'
[0.433s] Level 1:colcon.colcon_core.package_identification:_identify(src/robot_control) by extensions ['ros']
[0.433s] Level 1:colcon.colcon_core.package_identification:_identify(src/robot_control) by extension 'ros'
[0.434s] DEBUG:colcon.colcon_core.package_identification:Package 'src/robot_control' with type 'ros.ament_cmake' and name 'robot_control'
[0.434s] Level 1:colcon.colcon_core.package_identification:_identify(src/robot_description) by extensions ['ignore', 'ignore_ament_install']
[0.435s] Level 1:colcon.colcon_core.package_identification:_identify(src/robot_description) by extension 'ignore'
[0.435s] Level 1:colcon.colcon_core.package_identification:_identify(src/robot_description) by extension 'ignore_ament_install'
[0.436s] Level 1:colcon.colcon_core.package_identification:_identify(src/robot_description) by extensions ['colcon_pkg']
[0.436s] Level 1:colcon.colcon_core.package_identification:_identify(src/robot_description) by extension 'colcon_pkg'
[0.436s] Level 1:colcon.colcon_core.package_identification:_identify(src/robot_description) by extensions ['colcon_meta']
[0.436s] Level 1:colcon.colcon_core.package_identification:_identify(src/robot_description) by extension 'colcon_meta'
[0.437s] Level 1:colcon.colcon_core.package_identification:_identify(src/robot_description) by extensions ['ros']
[0.437s] Level 1:colcon.colcon_core.package_identification:_identify(src/robot_description) by extension 'ros'
[0.439s] DEBUG:colcon.colcon_core.package_identification:Package 'src/robot_description' with type 'ros.ament_cmake' and name 'robot_description'
[0.440s] Level 1:colcon.colcon_core.package_identification:_identify(src/vox_nav) by extensions ['ignore', 'ignore_ament_install']
[0.440s] Level 1:colcon.colcon_core.package_identification:_identify(src/vox_nav) by extension 'ignore'
[0.440s] Level 1:colcon.colcon_core.package_identification:_identify(src/vox_nav) by extension 'ignore_ament_install'
[0.440s] Level 1:colcon.colcon_core.package_identification:_identify(src/vox_nav) by extensions ['colcon_pkg']
[0.440s] Level 1:colcon.colcon_core.package_identification:_identify(src/vox_nav) by extension 'colcon_pkg'
[0.440s] Level 1:colcon.colcon_core.package_identification:_identify(src/vox_nav) by extensions ['colcon_meta']
[0.440s] Level 1:colcon.colcon_core.package_identification:_identify(src/vox_nav) by extension 'colcon_meta'
[0.440s] Level 1:colcon.colcon_core.package_identification:_identify(src/vox_nav) by extensions ['ros']
[0.441s] Level 1:colcon.colcon_core.package_identification:_identify(src/vox_nav) by extension 'ros'
[0.441s] Level 1:colcon.colcon_core.package_identification:_identify(src/vox_nav) by extensions ['cmake', 'python']
[0.441s] Level 1:colcon.colcon_core.package_identification:_identify(src/vox_nav) by extension 'cmake'
[0.441s] Level 1:colcon.colcon_core.package_identification:_identify(src/vox_nav) by extension 'python'
[0.441s] Level 1:colcon.colcon_core.package_identification:_identify(src/vox_nav) by extensions ['python_setup_py']
[0.441s] Level 1:colcon.colcon_core.package_identification:_identify(src/vox_nav) by extension 'python_setup_py'
[0.441s] Level 1:colcon.colcon_core.package_identification:_identify(src/vox_nav/scripts) by extensions ['ignore', 'ignore_ament_install']
[0.441s] Level 1:colcon.colcon_core.package_identification:_identify(src/vox_nav/scripts) by extension 'ignore'
[0.441s] Level 1:colcon.colcon_core.package_identification:_identify(src/vox_nav/scripts) by extension 'ignore_ament_install'
[0.441s] Level 1:colcon.colcon_core.package_identification:_identify(src/vox_nav/scripts) by extensions ['colcon_pkg']
[0.441s] Level 1:colcon.colcon_core.package_identification:_identify(src/vox_nav/scripts) by extension 'colcon_pkg'
[0.441s] Level 1:colcon.colcon_core.package_identification:_identify(src/vox_nav/scripts) by extensions ['colcon_meta']
[0.441s] Level 1:colcon.colcon_core.package_identification:_identify(src/vox_nav/scripts) by extension 'colcon_meta'
[0.442s] Level 1:colcon.colcon_core.package_identification:_identify(src/vox_nav/scripts) by extensions ['ros']
[0.442s] Level 1:colcon.colcon_core.package_identification:_identify(src/vox_nav/scripts) by extension 'ros'
[0.442s] Level 1:colcon.colcon_core.package_identification:_identify(src/vox_nav/scripts) by extensions ['cmake', 'python']
[0.442s] Level 1:colcon.colcon_core.package_identification:_identify(src/vox_nav/scripts) by extension 'cmake'
[0.442s] Level 1:colcon.colcon_core.package_identification:_identify(src/vox_nav/scripts) by extension 'python'
[0.442s] Level 1:colcon.colcon_core.package_identification:_identify(src/vox_nav/scripts) by extensions ['python_setup_py']
[0.442s] Level 1:colcon.colcon_core.package_identification:_identify(src/vox_nav/scripts) by extension 'python_setup_py'
[0.442s] Level 1:colcon.colcon_core.package_identification:_identify(src/vox_nav/vox_nav_bringup) by extensions ['ignore', 'ignore_ament_install']
[0.442s] Level 1:colcon.colcon_core.package_identification:_identify(src/vox_nav/vox_nav_bringup) by extension 'ignore'
[0.442s] Level 1:colcon.colcon_core.package_identification:_identify(src/vox_nav/vox_nav_bringup) by extension 'ignore_ament_install'
[0.442s] Level 1:colcon.colcon_core.package_identification:_identify(src/vox_nav/vox_nav_bringup) by extensions ['colcon_pkg']
[0.442s] Level 1:colcon.colcon_core.package_identification:_identify(src/vox_nav/vox_nav_bringup) by extension 'colcon_pkg'
[0.442s] Level 1:colcon.colcon_core.package_identification:_identify(src/vox_nav/vox_nav_bringup) by extensions ['colcon_meta']
[0.442s] Level 1:colcon.colcon_core.package_identification:_identify(src/vox_nav/vox_nav_bringup) by extension 'colcon_meta'
[0.442s] Level 1:colcon.colcon_core.package_identification:_identify(src/vox_nav/vox_nav_bringup) by extensions ['ros']
[0.442s] Level 1:colcon.colcon_core.package_identification:_identify(src/vox_nav/vox_nav_bringup) by extension 'ros'
[0.447s] DEBUG:colcon.colcon_core.package_identification:Package 'src/vox_nav/vox_nav_bringup' with type 'ros.ament_cmake' and name 'vox_nav_bringup'
[0.447s] Level 1:colcon.colcon_core.package_identification:_identify(src/vox_nav/vox_nav_control) by extensions ['ignore', 'ignore_ament_install']
[0.447s] Level 1:colcon.colcon_core.package_identification:_identify(src/vox_nav/vox_nav_control) by extension 'ignore'
[0.447s] Level 1:colcon.colcon_core.package_identification:_identify(src/vox_nav/vox_nav_control) by extension 'ignore_ament_install'
[0.448s] Level 1:colcon.colcon_core.package_identification:_identify(src/vox_nav/vox_nav_control) by extensions ['colcon_pkg']
[0.448s] Level 1:colcon.colcon_core.package_identification:_identify(src/vox_nav/vox_nav_control) by extension 'colcon_pkg'
[0.448s] Level 1:colcon.colcon_core.package_identification:_identify(src/vox_nav/vox_nav_control) by extensions ['colcon_meta']
[0.448s] Level 1:colcon.colcon_core.package_identification:_identify(src/vox_nav/vox_nav_control) by extension 'colcon_meta'
[0.448s] Level 1:colcon.colcon_core.package_identification:_identify(src/vox_nav/vox_nav_control) by extensions ['ros']
[0.448s] Level 1:colcon.colcon_core.package_identification:_identify(src/vox_nav/vox_nav_control) by extension 'ros'
[0.450s] DEBUG:colcon.colcon_core.package_identification:Package 'src/vox_nav/vox_nav_control' with type 'ros.ament_cmake' and name 'vox_nav_control'
[0.450s] Level 1:colcon.colcon_core.package_identification:_identify(src/vox_nav/vox_nav_map_server) by extensions ['ignore', 'ignore_ament_install']
[0.450s] Level 1:colcon.colcon_core.package_identification:_identify(src/vox_nav/vox_nav_map_server) by extension 'ignore'
[0.450s] Level 1:colcon.colcon_core.package_identification:_identify(src/vox_nav/vox_nav_map_server) by extension 'ignore_ament_install'
[0.450s] Level 1:colcon.colcon_core.package_identification:_identify(src/vox_nav/vox_nav_map_server) by extensions ['colcon_pkg']
[0.450s] Level 1:colcon.colcon_core.package_identification:_identify(src/vox_nav/vox_nav_map_server) by extension 'colcon_pkg'
[0.450s] Level 1:colcon.colcon_core.package_identification:_identify(src/vox_nav/vox_nav_map_server) by extensions ['colcon_meta']
[0.450s] Level 1:colcon.colcon_core.package_identification:_identify(src/vox_nav/vox_nav_map_server) by extension 'colcon_meta'
[0.450s] Level 1:colcon.colcon_core.package_identification:_identify(src/vox_nav/vox_nav_map_server) by extensions ['ros']
[0.450s] Level 1:colcon.colcon_core.package_identification:_identify(src/vox_nav/vox_nav_map_server) by extension 'ros'
[0.452s] DEBUG:colcon.colcon_core.package_identification:Package 'src/vox_nav/vox_nav_map_server' with type 'ros.ament_cmake' and name 'vox_nav_map_server'
[0.453s] Level 1:colcon.colcon_core.package_identification:_identify(src/vox_nav/vox_nav_msgs) by extensions ['ignore', 'ignore_ament_install']
[0.453s] Level 1:colcon.colcon_core.package_identification:_identify(src/vox_nav/vox_nav_msgs) by extension 'ignore'
[0.453s] Level 1:colcon.colcon_core.package_identification:_identify(src/vox_nav/vox_nav_msgs) by extension 'ignore_ament_install'
[0.453s] Level 1:colcon.colcon_core.package_identification:_identify(src/vox_nav/vox_nav_msgs) by extensions ['colcon_pkg']
[0.453s] Level 1:colcon.colcon_core.package_identification:_identify(src/vox_nav/vox_nav_msgs) by extension 'colcon_pkg'
[0.453s] Level 1:colcon.colcon_core.package_identification:_identify(src/vox_nav/vox_nav_msgs) by extensions ['colcon_meta']
[0.453s] Level 1:colcon.colcon_core.package_identification:_identify(src/vox_nav/vox_nav_msgs) by extension 'colcon_meta'
[0.453s] Level 1:colcon.colcon_core.package_identification:_identify(src/vox_nav/vox_nav_msgs) by extensions ['ros']
[0.453s] Level 1:colcon.colcon_core.package_identification:_identify(src/vox_nav/vox_nav_msgs) by extension 'ros'
[0.482s] DEBUG:colcon.colcon_core.package_identification:Package 'src/vox_nav/vox_nav_msgs' with type 'ros.ament_cmake' and name 'vox_nav_msgs'
[0.483s] Level 1:colcon.colcon_core.package_identification:_identify(src/vox_nav/vox_nav_navigators) by extensions ['ignore', 'ignore_ament_install']
[0.483s] Level 1:colcon.colcon_core.package_identification:_identify(src/vox_nav/vox_nav_navigators) by extension 'ignore'
[0.483s] Level 1:colcon.colcon_core.package_identification:_identify(src/vox_nav/vox_nav_navigators) by extension 'ignore_ament_install'
[0.483s] Level 1:colcon.colcon_core.package_identification:_identify(src/vox_nav/vox_nav_navigators) by extensions ['colcon_pkg']
[0.483s] Level 1:colcon.colcon_core.package_identification:_identify(src/vox_nav/vox_nav_navigators) by extension 'colcon_pkg'
[0.483s] Level 1:colcon.colcon_core.package_identification:_identify(src/vox_nav/vox_nav_navigators) by extensions ['colcon_meta']
[0.483s] Level 1:colcon.colcon_core.package_identification:_identify(src/vox_nav/vox_nav_navigators) by extension 'colcon_meta'
[0.483s] Level 1:colcon.colcon_core.package_identification:_identify(src/vox_nav/vox_nav_navigators) by extensions ['ros']
[0.483s] Level 1:colcon.colcon_core.package_identification:_identify(src/vox_nav/vox_nav_navigators) by extension 'ros'
[0.484s] DEBUG:colcon.colcon_core.package_identification:Package 'src/vox_nav/vox_nav_navigators' with type 'ros.ament_cmake' and name 'vox_nav_navigators'
[0.485s] Level 1:colcon.colcon_core.package_identification:_identify(src/vox_nav/vox_nav_planning) by extensions ['ignore', 'ignore_ament_install']
[0.485s] Level 1:colcon.colcon_core.package_identification:_identify(src/vox_nav/vox_nav_planning) by extension 'ignore'
[0.485s] Level 1:colcon.colcon_core.package_identification:_identify(src/vox_nav/vox_nav_planning) by extension 'ignore_ament_install'
[0.485s] Level 1:colcon.colcon_core.package_identification:_identify(src/vox_nav/vox_nav_planning) by extensions ['colcon_pkg']
[0.485s] Level 1:colcon.colcon_core.package_identification:_identify(src/vox_nav/vox_nav_planning) by extension 'colcon_pkg'
[0.485s] Level 1:colcon.colcon_core.package_identification:_identify(src/vox_nav/vox_nav_planning) by extensions ['colcon_meta']
[0.485s] Level 1:colcon.colcon_core.package_identification:_identify(src/vox_nav/vox_nav_planning) by extension 'colcon_meta'
[0.485s] Level 1:colcon.colcon_core.package_identification:_identify(src/vox_nav/vox_nav_planning) by extensions ['ros']
[0.485s] Level 1:colcon.colcon_core.package_identification:_identify(src/vox_nav/vox_nav_planning) by extension 'ros'
[0.488s] DEBUG:colcon.colcon_core.package_identification:Package 'src/vox_nav/vox_nav_planning' with type 'ros.ament_cmake' and name 'vox_nav_planning'
[0.488s] Level 1:colcon.colcon_core.package_identification:_identify(src/vox_nav/vox_nav_utilities) by extensions ['ignore', 'ignore_ament_install']
[0.489s] Level 1:colcon.colcon_core.package_identification:_identify(src/vox_nav/vox_nav_utilities) by extension 'ignore'
[0.489s] Level 1:colcon.colcon_core.package_identification:_identify(src/vox_nav/vox_nav_utilities) by extension 'ignore_ament_install'
[0.489s] Level 1:colcon.colcon_core.package_identification:_identify(src/vox_nav/vox_nav_utilities) by extensions ['colcon_pkg']
[0.489s] Level 1:colcon.colcon_core.package_identification:_identify(src/vox_nav/vox_nav_utilities) by extension 'colcon_pkg'
[0.489s] Level 1:colcon.colcon_core.package_identification:_identify(src/vox_nav/vox_nav_utilities) by extensions ['colcon_meta']
[0.489s] Level 1:colcon.colcon_core.package_identification:_identify(src/vox_nav/vox_nav_utilities) by extension 'colcon_meta'
[0.489s] Level 1:colcon.colcon_core.package_identification:_identify(src/vox_nav/vox_nav_utilities) by extensions ['ros']
[0.489s] Level 1:colcon.colcon_core.package_identification:_identify(src/vox_nav/vox_nav_utilities) by extension 'ros'
[0.491s] DEBUG:colcon.colcon_core.package_identification:Package 'src/vox_nav/vox_nav_utilities' with type 'ros.ament_cmake' and name 'vox_nav_utilities'
[0.492s] Level 1:colcon.colcon_core.package_identification:_identify(src/vox_nav/vox_nav_waypoint_nav_clients) by extensions ['ignore', 'ignore_ament_install']
[0.492s] Level 1:colcon.colcon_core.package_identification:_identify(src/vox_nav/vox_nav_waypoint_nav_clients) by extension 'ignore'
[0.492s] Level 1:colcon.colcon_core.package_identification:_identify(src/vox_nav/vox_nav_waypoint_nav_clients) by extension 'ignore_ament_install'
[0.492s] Level 1:colcon.colcon_core.package_identification:_identify(src/vox_nav/vox_nav_waypoint_nav_clients) by extensions ['colcon_pkg']
[0.492s] Level 1:colcon.colcon_core.package_identification:_identify(src/vox_nav/vox_nav_waypoint_nav_clients) by extension 'colcon_pkg'
[0.492s] Level 1:colcon.colcon_core.package_identification:_identify(src/vox_nav/vox_nav_waypoint_nav_clients) by extensions ['colcon_meta']
[0.492s] Level 1:colcon.colcon_core.package_identification:_identify(src/vox_nav/vox_nav_waypoint_nav_clients) by extension 'colcon_meta'
[0.492s] Level 1:colcon.colcon_core.package_identification:_identify(src/vox_nav/vox_nav_waypoint_nav_clients) by extensions ['ros']
[0.492s] Level 1:colcon.colcon_core.package_identification:_identify(src/vox_nav/vox_nav_waypoint_nav_clients) by extension 'ros'
[0.494s] DEBUG:colcon.colcon_core.package_identification:Package 'src/vox_nav/vox_nav_waypoint_nav_clients' with type 'ros.ament_cmake' and name 'vox_nav_waypoint_nav_clients'
[0.494s] Level 1:colcon.colcon_core.package_discovery:discover_packages(recursive) using defaults
[0.494s] Level 1:colcon.colcon_core.package_discovery:discover_packages(ignore) discover
[0.494s] Level 1:colcon.colcon_core.package_discovery:discover_packages(ignore) using defaults
[0.494s] Level 1:colcon.colcon_core.package_discovery:discover_packages(path) discover
[0.494s] Level 1:colcon.colcon_core.package_discovery:discover_packages(path) using defaults
[0.528s] INFO:colcon.colcon_core.package_selection:Skipping not selected package 'robot_control' in 'src/robot_control'
[0.528s] INFO:colcon.colcon_core.package_selection:Skipping not selected package 'robot_description' in 'src/robot_description'
[0.528s] INFO:colcon.colcon_core.package_selection:Skipping not selected package 'vox_nav_msgs' in 'src/vox_nav/vox_nav_msgs'
[0.528s] INFO:colcon.colcon_core.package_selection:Skipping not selected package 'robot_bringup' in 'src/robot_bringup'
[0.528s] INFO:colcon.colcon_core.package_selection:Skipping not selected package 'vox_nav_utilities' in 'src/vox_nav/vox_nav_utilities'
[0.528s] INFO:colcon.colcon_core.package_selection:Skipping not selected package 'vox_nav_control' in 'src/vox_nav/vox_nav_control'
[0.528s] INFO:colcon.colcon_core.package_selection:Skipping not selected package 'vox_nav_map_server' in 'src/vox_nav/vox_nav_map_server'
[0.528s] INFO:colcon.colcon_core.package_selection:Skipping not selected package 'vox_nav_navigators' in 'src/vox_nav/vox_nav_navigators'
[0.528s] INFO:colcon.colcon_core.package_selection:Skipping not selected package 'vox_nav_planning' in 'src/vox_nav/vox_nav_planning'
[0.528s] INFO:colcon.colcon_core.package_selection:Skipping not selected package 'vox_nav_waypoint_nav_clients' in 'src/vox_nav/vox_nav_waypoint_nav_clients'
[0.528s] INFO:colcon.colcon_core.package_selection:Skipping not selected package 'vox_nav_bringup' in 'src/vox_nav/vox_nav_bringup'
[0.529s] Level 1:colcon.colcon_core.package_discovery:discover_packages(prefix_path) check parameters
[0.529s] Level 1:colcon.colcon_core.package_discovery:discover_packages(prefix_path) discover
[0.532s] DEBUG:colcon.colcon_installed_package_information.package_discovery:Found 4 installed packages in /home/manish/eiratech_ws/install
[0.536s] DEBUG:colcon.colcon_installed_package_information.package_discovery:Found 449 installed packages in /opt/ros/humble
[0.539s] Level 1:colcon.colcon_core.package_discovery:discover_packages(prefix_path) using defaults
[0.602s] Level 5:colcon.colcon_core.verb:set package 'cropmap_nav2' build argument 'cmake_args' from command line to 'None'
[0.602s] Level 5:colcon.colcon_core.verb:set package 'cropmap_nav2' build argument 'cmake_target' from command line to 'None'
[0.602s] Level 5:colcon.colcon_core.verb:set package 'cropmap_nav2' build argument 'cmake_target_skip_unavailable' from command line to 'False'
[0.602s] Level 5:colcon.colcon_core.verb:set package 'cropmap_nav2' build argument 'cmake_clean_cache' from command line to 'False'
[0.602s] Level 5:colcon.colcon_core.verb:set package 'cropmap_nav2' build argument 'cmake_clean_first' from command line to 'False'
[0.602s] Level 5:colcon.colcon_core.verb:set package 'cropmap_nav2' build argument 'cmake_force_configure' from command line to 'False'
[0.602s] Level 5:colcon.colcon_core.verb:set package 'cropmap_nav2' build argument 'ament_cmake_args' from command line to 'None'
[0.602s] Level 5:colcon.colcon_core.verb:set package 'cropmap_nav2' build argument 'catkin_cmake_args' from command line to 'None'
[0.602s] Level 5:colcon.colcon_core.verb:set package 'cropmap_nav2' build argument 'catkin_skip_building_tests' from command line to 'False'
[0.603s] DEBUG:colcon.colcon_core.verb:Building package 'cropmap_nav2' with the following arguments: {'ament_cmake_args': None, 'build_base': '/home/manish/eiratech_ws/build/cropmap_nav2', 'catkin_cmake_args': None, 'catkin_skip_building_tests': False, 'cmake_args': None, 'cmake_clean_cache': False, 'cmake_clean_first': False, 'cmake_force_configure': False, 'cmake_target': None, 'cmake_target_skip_unavailable': False, 'install_base': '/home/manish/eiratech_ws/install/cropmap_nav2', 'merge_install': False, 'path': '/home/manish/eiratech_ws/src/cropmap_nav2', 'symlink_install': False, 'test_result_base': None}
[0.604s] INFO:colcon.colcon_core.executor:Executing jobs using 'parallel' executor
[0.606s] DEBUG:colcon.colcon_parallel_executor.executor.parallel:run_until_complete
[0.607s] INFO:colcon.colcon_ros.task.ament_cmake.build:Building ROS package in '/home/manish/eiratech_ws/src/cropmap_nav2' with build type 'ament_cmake'
[0.608s] INFO:colcon.colcon_cmake.task.cmake.build:Building CMake package in '/home/manish/eiratech_ws/src/cropmap_nav2'
[0.611s] INFO:colcon.colcon_core.plugin_system:Skipping extension 'colcon_core.shell.bat': Not used on non-Windows systems
[0.611s] INFO:colcon.colcon_core.shell:Skip shell extension 'powershell' for command environment: Not usable outside of PowerShell
[0.611s] DEBUG:colcon.colcon_core.shell:Skip shell extension 'dsv' for command environment
[0.625s] DEBUG:colcon.colcon_core.event_handler.log_command:Invoking command in '/home/manish/eiratech_ws/build/cropmap_nav2': CMAKE_PREFIX_PATH=${CMAKE_PREFIX_PATH}:/opt/ros/humble /usr/bin/cmake --build /home/manish/eiratech_ws/build/cropmap_nav2 -- -j12 -l12
[0.680s] DEBUG:colcon.colcon_core.event_handler.log_command:Invoked command in '/home/manish/eiratech_ws/build/cropmap_nav2' returned '0': CMAKE_PREFIX_PATH=${CMAKE_PREFIX_PATH}:/opt/ros/humble /usr/bin/cmake --build /home/manish/eiratech_ws/build/cropmap_nav2 -- -j12 -l12
[0.699s] DEBUG:colcon.colcon_core.event_handler.log_command:Invoking command in '/home/manish/eiratech_ws/build/cropmap_nav2': CMAKE_PREFIX_PATH=${CMAKE_PREFIX_PATH}:/opt/ros/humble /usr/bin/cmake --install /home/manish/eiratech_ws/build/cropmap_nav2
[0.711s] Level 1:colcon.colcon_core.environment:create_environment_scripts_only(cropmap_nav2)
[0.712s] DEBUG:colcon.colcon_core.event_handler.log_command:Invoked command in '/home/manish/eiratech_ws/build/cropmap_nav2' returned '0': CMAKE_PREFIX_PATH=${CMAKE_PREFIX_PATH}:/opt/ros/humble /usr/bin/cmake --install /home/manish/eiratech_ws/build/cropmap_nav2
[0.714s] Level 1:colcon.colcon_core.environment:checking '/home/manish/eiratech_ws/install/cropmap_nav2' for CMake module files
[0.717s] Level 1:colcon.colcon_core.environment:checking '/home/manish/eiratech_ws/install/cropmap_nav2' for CMake config files
[0.718s] Level 1:colcon.colcon_core.shell:create_environment_hook('cropmap_nav2', 'cmake_prefix_path')
[0.718s] INFO:colcon.colcon_core.shell:Creating environment hook '/home/manish/eiratech_ws/install/cropmap_nav2/share/cropmap_nav2/hook/cmake_prefix_path.ps1'
[0.719s] INFO:colcon.colcon_core.shell:Creating environment descriptor '/home/manish/eiratech_ws/install/cropmap_nav2/share/cropmap_nav2/hook/cmake_prefix_path.dsv'
[0.720s] INFO:colcon.colcon_core.shell:Creating environment hook '/home/manish/eiratech_ws/install/cropmap_nav2/share/cropmap_nav2/hook/cmake_prefix_path.sh'
[0.721s] Level 1:colcon.colcon_core.environment:checking '/home/manish/eiratech_ws/install/cropmap_nav2/lib'
[0.721s] Level 1:colcon.colcon_core.environment:checking '/home/manish/eiratech_ws/install/cropmap_nav2/bin'
[0.722s] Level 1:colcon.colcon_core.environment:checking '/home/manish/eiratech_ws/install/cropmap_nav2/lib/pkgconfig/cropmap_nav2.pc'
[0.722s] Level 1:colcon.colcon_core.environment:checking '/home/manish/eiratech_ws/install/cropmap_nav2/lib/python3.10/site-packages'
[0.722s] Level 1:colcon.colcon_core.environment:checking '/home/manish/eiratech_ws/install/cropmap_nav2/bin'
[0.722s] INFO:colcon.colcon_core.shell:Creating package script '/home/manish/eiratech_ws/install/cropmap_nav2/share/cropmap_nav2/package.ps1'
[0.723s] INFO:colcon.colcon_core.shell:Creating package descriptor '/home/manish/eiratech_ws/install/cropmap_nav2/share/cropmap_nav2/package.dsv'
[0.724s] INFO:colcon.colcon_core.shell:Creating package script '/home/manish/eiratech_ws/install/cropmap_nav2/share/cropmap_nav2/package.sh'
[0.725s] INFO:colcon.colcon_core.shell:Creating package script '/home/manish/eiratech_ws/install/cropmap_nav2/share/cropmap_nav2/package.bash'
[0.726s] INFO:colcon.colcon_core.shell:Creating package script '/home/manish/eiratech_ws/install/cropmap_nav2/share/cropmap_nav2/package.zsh'
[0.727s] Level 1:colcon.colcon_core.environment:create_file_with_runtime_dependencies(/home/manish/eiratech_ws/install/cropmap_nav2/share/colcon-core/packages/cropmap_nav2)
[0.728s] Level 1:colcon.colcon_core.environment:create_environment_scripts_only(cropmap_nav2)
[0.728s] Level 1:colcon.colcon_core.environment:checking '/home/manish/eiratech_ws/install/cropmap_nav2' for CMake module files
[0.729s] Level 1:colcon.colcon_core.environment:checking '/home/manish/eiratech_ws/install/cropmap_nav2' for CMake config files
[0.729s] Level 1:colcon.colcon_core.shell:create_environment_hook('cropmap_nav2', 'cmake_prefix_path')
[0.729s] INFO:colcon.colcon_core.shell:Creating environment hook '/home/manish/eiratech_ws/install/cropmap_nav2/share/cropmap_nav2/hook/cmake_prefix_path.ps1'
[0.730s] INFO:colcon.colcon_core.shell:Creating environment descriptor '/home/manish/eiratech_ws/install/cropmap_nav2/share/cropmap_nav2/hook/cmake_prefix_path.dsv'
[0.732s] INFO:colcon.colcon_core.shell:Creating environment hook '/home/manish/eiratech_ws/install/cropmap_nav2/share/cropmap_nav2/hook/cmake_prefix_path.sh'
[0.733s] Level 1:colcon.colcon_core.environment:checking '/home/manish/eiratech_ws/install/cropmap_nav2/lib'
[0.733s] Level 1:colcon.colcon_core.environment:checking '/home/manish/eiratech_ws/install/cropmap_nav2/bin'
[0.733s] Level 1:colcon.colcon_core.environment:checking '/home/manish/eiratech_ws/install/cropmap_nav2/lib/pkgconfig/cropmap_nav2.pc'
[0.734s] Level 1:colcon.colcon_core.environment:checking '/home/manish/eiratech_ws/install/cropmap_nav2/lib/python3.10/site-packages'
[0.734s] Level 1:colcon.colcon_core.environment:checking '/home/manish/eiratech_ws/install/cropmap_nav2/bin'
[0.735s] INFO:colcon.colcon_core.shell:Creating package script '/home/manish/eiratech_ws/install/cropmap_nav2/share/cropmap_nav2/package.ps1'
[0.736s] INFO:colcon.colcon_core.shell:Creating package descriptor '/home/manish/eiratech_ws/install/cropmap_nav2/share/cropmap_nav2/package.dsv'
[0.737s] INFO:colcon.colcon_core.shell:Creating package script '/home/manish/eiratech_ws/install/cropmap_nav2/share/cropmap_nav2/package.sh'
[0.737s] INFO:colcon.colcon_core.shell:Creating package script '/home/manish/eiratech_ws/install/cropmap_nav2/share/cropmap_nav2/package.bash'
[0.738s] INFO:colcon.colcon_core.shell:Creating package script '/home/manish/eiratech_ws/install/cropmap_nav2/share/cropmap_nav2/package.zsh'
[0.739s] Level 1:colcon.colcon_core.environment:create_file_with_runtime_dependencies(/home/manish/eiratech_ws/install/cropmap_nav2/share/colcon-core/packages/cropmap_nav2)
[0.740s] DEBUG:colcon.colcon_parallel_executor.executor.parallel:closing loop
[0.740s] DEBUG:colcon.colcon_parallel_executor.executor.parallel:loop closed
[0.740s] DEBUG:colcon.colcon_parallel_executor.executor.parallel:run_until_complete finished with '0'
[0.740s] DEBUG:colcon.colcon_core.event_reactor:joining thread
[0.746s] INFO:colcon.colcon_core.plugin_system:Skipping extension 'colcon_notification.desktop_notification.terminal_notifier': Not used on non-Darwin systems
[0.747s] INFO:colcon.colcon_core.plugin_system:Skipping extension 'colcon_notification.desktop_notification.win32': Not used on non-Windows systems
[0.747s] INFO:colcon.colcon_notification.desktop_notification:Sending desktop notification using 'notify2'
[0.776s] DEBUG:colcon.colcon_core.event_reactor:joined thread
[0.777s] INFO:colcon.colcon_core.shell:Creating prefix script '/home/manish/eiratech_ws/install/local_setup.ps1'
[0.779s] INFO:colcon.colcon_core.shell:Creating prefix util module '/home/manish/eiratech_ws/install/_local_setup_util_ps1.py'
[0.784s] INFO:colcon.colcon_core.shell:Creating prefix chain script '/home/manish/eiratech_ws/install/setup.ps1'
[0.787s] INFO:colcon.colcon_core.shell:Creating prefix script '/home/manish/eiratech_ws/install/local_setup.sh'
[0.789s] INFO:colcon.colcon_core.shell:Creating prefix util module '/home/manish/eiratech_ws/install/_local_setup_util_sh.py'
[0.791s] INFO:colcon.colcon_core.shell:Creating prefix chain script '/home/manish/eiratech_ws/install/setup.sh'
[0.793s] INFO:colcon.colcon_core.shell:Creating prefix script '/home/manish/eiratech_ws/install/local_setup.bash'
[0.795s] INFO:colcon.colcon_core.shell:Creating prefix chain script '/home/manish/eiratech_ws/install/setup.bash'
[0.798s] INFO:colcon.colcon_core.shell:Creating prefix script '/home/manish/eiratech_ws/install/local_setup.zsh'
[0.799s] INFO:colcon.colcon_core.shell:Creating prefix chain script '/home/manish/eiratech_ws/install/setup.zsh'
