[0.009s] Invoking command in '/home/manish/eiratech_ws/build/cropmap_nav2': CMAKE_PREFIX_PATH=${CMAKE_PREFIX_PATH}:/opt/ros/humble /usr/bin/cmake /home/manish/eiratech_ws/src/cropmap_nav2 -DCMAKE_BUILD_TYPE=Release -DCMAKE_INSTALL_PREFIX=/home/manish/eiratech_ws/install/cropmap_nav2
[0.045s] -- The C compiler identification is GNU 11.4.0
[0.083s] -- The CXX compiler identification is GNU 11.4.0
[0.087s] -- Detecting C compiler ABI info
[0.135s] -- Detecting C compiler ABI info - done
[0.141s] -- Check for working C compiler: /usr/bin/cc - skipped
[0.141s] -- Detecting C compile features
[0.142s] -- Detecting C compile features - done
[0.144s] -- Detecting CXX compiler ABI info
[0.199s] -- Detecting CXX compiler ABI info - done
[0.205s] -- Check for working CXX compiler: /usr/bin/c++ - skipped
[0.205s] -- Detecting CXX compile features
[0.205s] -- Detecting CXX compile features - done
[0.207s] -- Found ament_cmake: 1.3.11 (/opt/ros/humble/share/ament_cmake/cmake)
[0.317s] -- Found Python3: /usr/bin/python3 (found version "3.10.12") found components: Interpreter 
[0.431s] -- Configuring done
[0.432s] -- Generating done
[0.433s] -- Build files have been written to: /home/manish/eiratech_ws/build/cropmap_nav2
[0.437s] Invoked command in '/home/manish/eiratech_ws/build/cropmap_nav2' returned '0': CMAKE_PREFIX_PATH=${CMAKE_PREFIX_PATH}:/opt/ros/humble /usr/bin/cmake /home/manish/eiratech_ws/src/cropmap_nav2 -DCMAKE_BUILD_TYPE=Release -DCMAKE_INSTALL_PREFIX=/home/manish/eiratech_ws/install/cropmap_nav2
[0.438s] Invoking command in '/home/manish/eiratech_ws/build/cropmap_nav2': CMAKE_PREFIX_PATH=${CMAKE_PREFIX_PATH}:/opt/ros/humble /usr/bin/cmake --build /home/manish/eiratech_ws/build/cropmap_nav2 -- -j12 -l12
[0.463s] Invoked command in '/home/manish/eiratech_ws/build/cropmap_nav2' returned '0': CMAKE_PREFIX_PATH=${CMAKE_PREFIX_PATH}:/opt/ros/humble /usr/bin/cmake --build /home/manish/eiratech_ws/build/cropmap_nav2 -- -j12 -l12
[0.470s] Invoking command in '/home/manish/eiratech_ws/build/cropmap_nav2': CMAKE_PREFIX_PATH=${CMAKE_PREFIX_PATH}:/opt/ros/humble /usr/bin/cmake --install /home/manish/eiratech_ws/build/cropmap_nav2
[0.474s] -- Install configuration: "Release"
[0.474s] -- Installing: /home/manish/eiratech_ws/install/cropmap_nav2/share/cropmap_nav2/launch
[0.474s] -- Installing: /home/manish/eiratech_ws/install/cropmap_nav2/share/cropmap_nav2/launch/cropmap_navigation.launch.py
[0.474s] -- Installing: /home/manish/eiratech_ws/install/cropmap_nav2/share/cropmap_nav2/launch/cropmap_navigation_slam.launch.py
[0.474s] -- Installing: /home/manish/eiratech_ws/install/cropmap_nav2/share/cropmap_nav2/launch/keepout_fliter.launch.py
[0.475s] -- Installing: /home/manish/eiratech_ws/install/cropmap_nav2/share/cropmap_nav2/config
[0.475s] -- Installing: /home/manish/eiratech_ws/install/cropmap_nav2/share/cropmap_nav2/config/nav2_params.yaml
[0.475s] -- Installing: /home/manish/eiratech_ws/install/cropmap_nav2/share/cropmap_nav2/config/nav2_slam_params.yaml
[0.475s] -- Installing: /home/manish/eiratech_ws/install/cropmap_nav2/share/cropmap_nav2/config/keepout_fliter_params.yaml
[0.475s] -- Installing: /home/manish/eiratech_ws/install/cropmap_nav2/share/cropmap_nav2/maps
[0.475s] -- Installing: /home/manish/eiratech_ws/install/cropmap_nav2/share/cropmap_nav2/maps/Walls.yaml
[0.475s] -- Installing: /home/manish/eiratech_ws/install/cropmap_nav2/share/cropmap_nav2/maps/cropmap_map_wth_keepout.png
[0.475s] -- Installing: /home/manish/eiratech_ws/install/cropmap_nav2/share/cropmap_nav2/maps/Nav2Testing.png
[0.475s] -- Installing: /home/manish/eiratech_ws/install/cropmap_nav2/share/cropmap_nav2/maps/single_layer_map.yaml
[0.475s] -- Installing: /home/manish/eiratech_ws/install/cropmap_nav2/share/cropmap_nav2/maps/Block_map.yaml
[0.475s] -- Installing: /home/manish/eiratech_ws/install/cropmap_nav2/share/cropmap_nav2/maps/Nav2Testing.yaml
[0.476s] -- Installing: /home/manish/eiratech_ws/install/cropmap_nav2/share/cropmap_nav2/maps/cropmap_map.yaml
[0.476s] -- Installing: /home/manish/eiratech_ws/install/cropmap_nav2/share/cropmap_nav2/maps/cropmap_map.png
[0.476s] -- Installing: /home/manish/eiratech_ws/install/cropmap_nav2/share/cropmap_nav2/maps/single_layer_map.png
[0.476s] -- Installing: /home/manish/eiratech_ws/install/cropmap_nav2/share/cropmap_nav2/maps/Block_map.png
[0.477s] -- Installing: /home/manish/eiratech_ws/install/cropmap_nav2/share/cropmap_nav2/maps/Walls.png
[0.477s] -- Installing: /home/manish/eiratech_ws/install/cropmap_nav2/share/cropmap_nav2/maps/cropmap_map_wth_keepout.yaml
[0.477s] -- Installing: /home/manish/eiratech_ws/install/cropmap_nav2/share/cropmap_nav2/rviz2
[0.477s] -- Installing: /home/manish/eiratech_ws/install/cropmap_nav2/share/cropmap_nav2/rviz2/carter_navigation.rviz
[0.477s] -- Installing: /home/manish/eiratech_ws/install/cropmap_nav2/share/cropmap_nav2/rviz2/carter_navigation_namespaced.rviz
[0.478s] -- Installing: /home/manish/eiratech_ws/install/cropmap_nav2/share/ament_index/resource_index/package_run_dependencies/cropmap_nav2
[0.478s] -- Installing: /home/manish/eiratech_ws/install/cropmap_nav2/share/ament_index/resource_index/parent_prefix_path/cropmap_nav2
[0.478s] -- Installing: /home/manish/eiratech_ws/install/cropmap_nav2/share/cropmap_nav2/environment/ament_prefix_path.sh
[0.478s] -- Installing: /home/manish/eiratech_ws/install/cropmap_nav2/share/cropmap_nav2/environment/ament_prefix_path.dsv
[0.478s] -- Installing: /home/manish/eiratech_ws/install/cropmap_nav2/share/cropmap_nav2/environment/path.sh
[0.478s] -- Installing: /home/manish/eiratech_ws/install/cropmap_nav2/share/cropmap_nav2/environment/path.dsv
[0.478s] -- Installing: /home/manish/eiratech_ws/install/cropmap_nav2/share/cropmap_nav2/local_setup.bash
[0.478s] -- Installing: /home/manish/eiratech_ws/install/cropmap_nav2/share/cropmap_nav2/local_setup.sh
[0.478s] -- Installing: /home/manish/eiratech_ws/install/cropmap_nav2/share/cropmap_nav2/local_setup.zsh
[0.478s] -- Installing: /home/manish/eiratech_ws/install/cropmap_nav2/share/cropmap_nav2/local_setup.dsv
[0.478s] -- Installing: /home/manish/eiratech_ws/install/cropmap_nav2/share/cropmap_nav2/package.dsv
[0.479s] -- Installing: /home/manish/eiratech_ws/install/cropmap_nav2/share/ament_index/resource_index/packages/cropmap_nav2
[0.479s] -- Installing: /home/manish/eiratech_ws/install/cropmap_nav2/share/cropmap_nav2/cmake/cropmap_nav2Config.cmake
[0.479s] -- Installing: /home/manish/eiratech_ws/install/cropmap_nav2/share/cropmap_nav2/cmake/cropmap_nav2Config-version.cmake
[0.479s] -- Installing: /home/manish/eiratech_ws/install/cropmap_nav2/share/cropmap_nav2/package.xml
[0.480s] Invoked command in '/home/manish/eiratech_ws/build/cropmap_nav2' returned '0': CMAKE_PREFIX_PATH=${CMAKE_PREFIX_PATH}:/opt/ros/humble /usr/bin/cmake --install /home/manish/eiratech_ws/build/cropmap_nav2
