-- Install configuration: ""
-- Up-to-date: /home/manish/eiratech_ws/install/vox_nav_bringup/share/vox_nav_bringup/launch
-- Up-to-date: /home/manish/eiratech_ws/install/vox_nav_bringup/share/vox_nav_bringup/launch/rviz.launch.py
-- Up-to-date: /home/manish/eiratech_ws/install/vox_nav_bringup/share/vox_nav_bringup/launch/vox_nav_core_nodes.launch.py
-- Installing: /home/manish/eiratech_ws/install/vox_nav_bringup/share/vox_nav_bringup/launch/bringup_vox_nav.launch.py
-- Up-to-date: /home/manish/eiratech_ws/install/vox_nav_bringup/share/vox_nav_bringup/launch/vox_nav.launch_backup.py
-- Up-to-date: /home/manish/eiratech_ws/install/vox_nav_bringup/share/vox_nav_bringup/launch/.bringup_vox_nav.launch.py.swo
-- Up-to-date: /home/manish/eiratech_ws/install/vox_nav_bringup/share/vox_nav_bringup/maps
-- Up-to-date: /home/manish/eiratech_ws/install/vox_nav_bringup/share/vox_nav_bringup/maps/empty.pcd
-- Up-to-date: /home/manish/eiratech_ws/install/vox_nav_bringup/share/vox_nav_bringup/maps/uneven_world.pcd
-- Up-to-date: /home/manish/eiratech_ws/install/vox_nav_bringup/share/vox_nav_bringup/maps/compare_pcd_denoising.py
-- Up-to-date: /home/manish/eiratech_ws/install/vox_nav_bringup/share/vox_nav_bringup/params
-- Up-to-date: /home/manish/eiratech_ws/install/vox_nav_bringup/share/vox_nav_bringup/params/vox_nav_astar_field_params.yaml
-- Up-to-date: /home/manish/eiratech_ws/install/vox_nav_bringup/share/vox_nav_bringup/params/vox_nav_default_params.yaml
-- Up-to-date: /home/manish/eiratech_ws/install/vox_nav_bringup/share/vox_nav_bringup/params/robot_localization_params.yaml
-- Up-to-date: /home/manish/eiratech_ws/install/vox_nav_bringup/share/vox_nav_bringup/params/vox_nav_container_office_params.yaml
-- Up-to-date: /home/manish/eiratech_ws/install/vox_nav_bringup/share/vox_nav_bringup/params/vox_nav_feedback_planner_params.yaml
-- Up-to-date: /home/manish/eiratech_ws/install/vox_nav_bringup/share/vox_nav_bringup/params/vox_nav_uneven_world_params.yaml
-- Up-to-date: /home/manish/eiratech_ws/install/vox_nav_bringup/share/vox_nav_bringup/params/.vox_nav_uneven_world_params.yaml.swp
-- Up-to-date: /home/manish/eiratech_ws/install/vox_nav_bringup/share/vox_nav_bringup/params/vox_nav_lqrrrt*_params.yaml
-- Up-to-date: /home/manish/eiratech_ws/install/vox_nav_bringup/share/vox_nav_bringup/rviz
-- Up-to-date: /home/manish/eiratech_ws/install/vox_nav_bringup/share/vox_nav_bringup/rviz/vox_nav_default_view.rviz
-- Up-to-date: /home/manish/eiratech_ws/install/vox_nav_bringup/share/vox_nav_bringup/rviz/mod.rviz
-- Up-to-date: /home/manish/eiratech_ws/install/vox_nav_bringup/share/ament_index/resource_index/package_run_dependencies/vox_nav_bringup
-- Up-to-date: /home/manish/eiratech_ws/install/vox_nav_bringup/share/ament_index/resource_index/parent_prefix_path/vox_nav_bringup
-- Up-to-date: /home/manish/eiratech_ws/install/vox_nav_bringup/share/vox_nav_bringup/environment/ament_prefix_path.sh
-- Up-to-date: /home/manish/eiratech_ws/install/vox_nav_bringup/share/vox_nav_bringup/environment/ament_prefix_path.dsv
-- Up-to-date: /home/manish/eiratech_ws/install/vox_nav_bringup/share/vox_nav_bringup/environment/path.sh
-- Up-to-date: /home/manish/eiratech_ws/install/vox_nav_bringup/share/vox_nav_bringup/environment/path.dsv
-- Up-to-date: /home/manish/eiratech_ws/install/vox_nav_bringup/share/vox_nav_bringup/local_setup.bash
-- Up-to-date: /home/manish/eiratech_ws/install/vox_nav_bringup/share/vox_nav_bringup/local_setup.sh
-- Up-to-date: /home/manish/eiratech_ws/install/vox_nav_bringup/share/vox_nav_bringup/local_setup.zsh
-- Up-to-date: /home/manish/eiratech_ws/install/vox_nav_bringup/share/vox_nav_bringup/local_setup.dsv
-- Installing: /home/manish/eiratech_ws/install/vox_nav_bringup/share/vox_nav_bringup/package.dsv
-- Up-to-date: /home/manish/eiratech_ws/install/vox_nav_bringup/share/ament_index/resource_index/packages/vox_nav_bringup
-- Up-to-date: /home/manish/eiratech_ws/install/vox_nav_bringup/share/vox_nav_bringup/cmake/vox_nav_bringupConfig.cmake
-- Up-to-date: /home/manish/eiratech_ws/install/vox_nav_bringup/share/vox_nav_bringup/cmake/vox_nav_bringupConfig-version.cmake
-- Up-to-date: /home/manish/eiratech_ws/install/vox_nav_bringup/share/vox_nav_bringup/package.xml
