[0.009s] Invoking command in '/home/manish/eiratech_ws/build/vox_nav_msgs': CMAKE_PREFIX_PATH=${CMAKE_PREFIX_PATH}:/opt/ros/humble /usr/bin/cmake /home/manish/eiratech_ws/src/vox_nav/vox_nav_msgs -DCMAKE_INSTALL_PREFIX=/home/manish/eiratech_ws/install/vox_nav_msgs
[0.084s] -- The C compiler identification is GNU 11.4.0
[0.152s] -- The CXX compiler identification is GNU 11.4.0
[0.158s] -- Detecting C compiler ABI info
[0.216s] -- Detecting C compiler ABI info - done
[0.224s] -- Check for working C compiler: /usr/bin/cc - skipped
[0.225s] -- Detecting C compile features
[0.225s] -- Detecting C compile features - done
[0.230s] -- Detecting CXX compiler ABI info
[0.298s] -- Detecting CXX compiler ABI info - done
[0.306s] -- Check for working CXX compiler: /usr/bin/c++ - skipped
[0.306s] -- Detecting CXX compile features
[0.307s] -- Detecting CXX compile features - done
[0.310s] -- Found ament_cmake: 1.3.11 (/opt/ros/humble/share/ament_cmake/cmake)
[0.442s] -- Found Python3: /usr/bin/python3 (found version "3.10.12") found components: Interpreter 
[0.523s] -- Found geometry_msgs: 4.9.0 (/opt/ros/humble/share/geometry_msgs/cmake)
[0.570s] -- Found rosidl_generator_c: 3.1.6 (/opt/ros/humble/share/rosidl_generator_c/cmake)
[0.576s] -- Found rosidl_adapter: 3.1.6 (/opt/ros/humble/share/rosidl_adapter/cmake)
[0.586s] -- Found rosidl_generator_cpp: 3.1.6 (/opt/ros/humble/share/rosidl_generator_cpp/cmake)
[0.602s] -- Using all available rosidl_typesupport_c: rosidl_typesupport_fastrtps_c;rosidl_typesupport_introspection_c
[0.622s] -- Using all available rosidl_typesupport_cpp: rosidl_typesupport_fastrtps_cpp;rosidl_typesupport_introspection_cpp
[0.669s] -- Found rosidl_default_generators: 1.2.0 (/opt/ros/humble/share/rosidl_default_generators/cmake)
[0.681s] -- Found sensor_msgs: 4.8.0 (/opt/ros/humble/share/sensor_msgs/cmake)
[0.701s] -- Found shape_msgs: 4.8.0 (/opt/ros/humble/share/shape_msgs/cmake)
[0.718s] -- Found nav_msgs: 4.9.0 (/opt/ros/humble/share/nav_msgs/cmake)
[0.739s] -- Found octomap_msgs: 2.0.1 (/opt/ros/humble/share/octomap_msgs/cmake)
[1.196s] -- Found ament_cmake_ros: 0.10.0 (/opt/ros/humble/share/ament_cmake_ros/cmake)
[1.667s] -- Using all available rosidl_typesupport_c: rosidl_typesupport_fastrtps_c;rosidl_typesupport_introspection_c
[1.849s] -- Using all available rosidl_typesupport_cpp: rosidl_typesupport_fastrtps_cpp;rosidl_typesupport_introspection_cpp
[1.869s] -- Found PythonInterp: /usr/bin/python3 (found suitable version "3.10.12", minimum required is "3.6") 
[1.871s] -- Found python_cmake_module: 0.10.0 (/opt/ros/humble/share/python_cmake_module/cmake)
[1.894s] -- Found PythonLibs: /usr/lib/x86_64-linux-gnu/libpython3.10.so (found suitable version "3.10.12", minimum required is "3.5") 
[1.894s] -- Using PYTHON_EXECUTABLE: /usr/bin/python3
[1.894s] -- Using PYTHON_INCLUDE_DIRS: /usr/include/python3.10
[1.895s] -- Using PYTHON_LIBRARIES: /usr/lib/x86_64-linux-gnu/libpython3.10.so
[1.912s] -- Found PythonExtra: .so  
[2.004s] -- Configuring done
[2.060s] -- Generating done
[2.076s] -- Build files have been written to: /home/manish/eiratech_ws/build/vox_nav_msgs
[2.083s] Invoked command in '/home/manish/eiratech_ws/build/vox_nav_msgs' returned '0': CMAKE_PREFIX_PATH=${CMAKE_PREFIX_PATH}:/opt/ros/humble /usr/bin/cmake /home/manish/eiratech_ws/src/vox_nav/vox_nav_msgs -DCMAKE_INSTALL_PREFIX=/home/manish/eiratech_ws/install/vox_nav_msgs
[2.085s] Invoking command in '/home/manish/eiratech_ws/build/vox_nav_msgs': CMAKE_PREFIX_PATH=${CMAKE_PREFIX_PATH}:/opt/ros/humble /usr/bin/cmake --build /home/manish/eiratech_ws/build/vox_nav_msgs -- -j12 -l12
[2.119s] [  1%] [34m[1mGenerating C code for ROS interfaces[0m
[2.127s] [  1%] [34m[1mGenerating C++ code for ROS interfaces[0m
[2.133s] [  1%] Built target ament_cmake_python_copy_vox_nav_msgs
[2.380s] running egg_info
[2.381s] creating vox_nav_msgs.egg-info
[2.381s] writing vox_nav_msgs.egg-info/PKG-INFO
[2.381s] writing dependency_links to vox_nav_msgs.egg-info/dependency_links.txt
[2.381s] writing top-level names to vox_nav_msgs.egg-info/top_level.txt
[2.381s] writing manifest file 'vox_nav_msgs.egg-info/SOURCES.txt'
[2.384s] reading manifest file 'vox_nav_msgs.egg-info/SOURCES.txt'
[2.384s] writing manifest file 'vox_nav_msgs.egg-info/SOURCES.txt'
[2.405s] [  1%] Built target ament_cmake_python_build_vox_nav_msgs_egg
[4.505s] [  3%] [32mBuilding C object CMakeFiles/vox_nav_msgs__rosidl_generator_c.dir/rosidl_generator_c/vox_nav_msgs/msg/detail/object_array__functions.c.o[0m
[4.505s] [  5%] [32mBuilding C object CMakeFiles/vox_nav_msgs__rosidl_generator_c.dir/rosidl_generator_c/vox_nav_msgs/srv/detail/get_octomap__functions.c.o[0m
[4.505s] [  5%] [32mBuilding C object CMakeFiles/vox_nav_msgs__rosidl_generator_c.dir/rosidl_generator_c/vox_nav_msgs/msg/detail/oriented_nav_sat_fix__functions.c.o[0m
[4.506s] [  5%] [32mBuilding C object CMakeFiles/vox_nav_msgs__rosidl_generator_c.dir/rosidl_generator_c/vox_nav_msgs/msg/detail/object__functions.c.o[0m
[4.506s] [  5%] [32mBuilding C object CMakeFiles/vox_nav_msgs__rosidl_generator_c.dir/rosidl_generator_c/vox_nav_msgs/msg/detail/semantic_road_label__functions.c.o[0m
[4.506s] [  6%] [32mBuilding C object CMakeFiles/vox_nav_msgs__rosidl_generator_c.dir/rosidl_generator_c/vox_nav_msgs/srv/detail/get_osm_road_topology_map__functions.c.o[0m
[4.506s] [  6%] [32mBuilding C object CMakeFiles/vox_nav_msgs__rosidl_generator_c.dir/rosidl_generator_c/vox_nav_msgs/srv/detail/get_point_cloud__functions.c.o[0m
[4.506s] [  7%] [32mBuilding C object CMakeFiles/vox_nav_msgs__rosidl_generator_c.dir/rosidl_generator_c/vox_nav_msgs/action/detail/compute_path_to_pose__functions.c.o[0m
[4.506s] [  8%] [32mBuilding C object CMakeFiles/vox_nav_msgs__rosidl_generator_c.dir/rosidl_generator_c/vox_nav_msgs/srv/detail/get_traversability_map__functions.c.o[0m
[4.506s] [  9%] [32mBuilding C object CMakeFiles/vox_nav_msgs__rosidl_generator_c.dir/rosidl_generator_c/vox_nav_msgs/action/detail/follow_path__functions.c.o[0m
[4.506s] [ 10%] [32mBuilding C object CMakeFiles/vox_nav_msgs__rosidl_generator_c.dir/rosidl_generator_c/vox_nav_msgs/action/detail/navigate_to_pose__functions.c.o[0m
[4.591s] [ 10%] [32mBuilding C object CMakeFiles/vox_nav_msgs__rosidl_generator_c.dir/rosidl_generator_c/vox_nav_msgs/action/detail/navigate_through_gps_poses__functions.c.o[0m
[4.596s] [ 11%] [32mBuilding C object CMakeFiles/vox_nav_msgs__rosidl_generator_c.dir/rosidl_generator_c/vox_nav_msgs/action/detail/navigate_through_poses__functions.c.o[0m
[4.691s] [ 11%] Built target vox_nav_msgs__cpp
[4.701s] [ 11%] [34m[1mGenerating C++ introspection for ROS interfaces[0m
[4.704s] [ 12%] [34m[1mGenerating C++ type support dispatch for ROS interfaces[0m
[4.704s] [ 13%] [34m[1mGenerating C++ type support for eProsima Fast-RTPS[0m
[4.763s] [ 14%] [32m[1mLinking C shared library libvox_nav_msgs__rosidl_generator_c.so[0m
[4.803s] [ 14%] Built target vox_nav_msgs__rosidl_generator_c
[4.812s] [ 17%] [34m[1mGenerating C type support dispatch for ROS interfaces[0m
[4.812s] [ 17%] [34m[1mGenerating C introspection for ROS interfaces[0m
[4.813s] [ 17%] [34m[1mGenerating C type support for eProsima Fast-RTPS[0m
[6.274s] [ 20%] [32mBuilding CXX object CMakeFiles/vox_nav_msgs__rosidl_typesupport_cpp.dir/rosidl_typesupport_cpp/vox_nav_msgs/msg/object__type_support.cpp.o[0m
[6.274s] [ 20%] [32mBuilding CXX object CMakeFiles/vox_nav_msgs__rosidl_typesupport_cpp.dir/rosidl_typesupport_cpp/vox_nav_msgs/msg/semantic_road_label__type_support.cpp.o[0m
[6.274s] [ 20%] [32mBuilding CXX object CMakeFiles/vox_nav_msgs__rosidl_typesupport_cpp.dir/rosidl_typesupport_cpp/vox_nav_msgs/msg/oriented_nav_sat_fix__type_support.cpp.o[0m
[6.274s] [ 20%] [32mBuilding CXX object CMakeFiles/vox_nav_msgs__rosidl_typesupport_cpp.dir/rosidl_typesupport_cpp/vox_nav_msgs/msg/object_array__type_support.cpp.o[0m
[6.274s] [ 21%] [32mBuilding CXX object CMakeFiles/vox_nav_msgs__rosidl_typesupport_cpp.dir/rosidl_typesupport_cpp/vox_nav_msgs/srv/get_octomap__type_support.cpp.o[0m
[6.274s] [ 22%] [32mBuilding CXX object CMakeFiles/vox_nav_msgs__rosidl_typesupport_cpp.dir/rosidl_typesupport_cpp/vox_nav_msgs/srv/get_point_cloud__type_support.cpp.o[0m
[6.274s] [ 23%] [32mBuilding CXX object CMakeFiles/vox_nav_msgs__rosidl_typesupport_cpp.dir/rosidl_typesupport_cpp/vox_nav_msgs/srv/get_osm_road_topology_map__type_support.cpp.o[0m
[6.458s] [ 23%] [32mBuilding CXX object CMakeFiles/vox_nav_msgs__rosidl_typesupport_c.dir/rosidl_typesupport_c/vox_nav_msgs/msg/object__type_support.cpp.o[0m
[6.508s] [ 24%] [32mBuilding CXX object CMakeFiles/vox_nav_msgs__rosidl_typesupport_c.dir/rosidl_typesupport_c/vox_nav_msgs/msg/object_array__type_support.cpp.o[0m
[6.559s] [ 25%] [32mBuilding CXX object CMakeFiles/vox_nav_msgs__rosidl_typesupport_c.dir/rosidl_typesupport_c/vox_nav_msgs/msg/oriented_nav_sat_fix__type_support.cpp.o[0m
[6.606s] [ 26%] [32mBuilding CXX object CMakeFiles/vox_nav_msgs__rosidl_typesupport_c.dir/rosidl_typesupport_c/vox_nav_msgs/msg/semantic_road_label__type_support.cpp.o[0m
[6.651s] [ 27%] [32mBuilding CXX object CMakeFiles/vox_nav_msgs__rosidl_typesupport_c.dir/rosidl_typesupport_c/vox_nav_msgs/srv/get_octomap__type_support.cpp.o[0m
[6.701s] [ 27%] [32mBuilding CXX object CMakeFiles/vox_nav_msgs__rosidl_typesupport_c.dir/rosidl_typesupport_c/vox_nav_msgs/srv/get_osm_road_topology_map__type_support.cpp.o[0m
[6.748s] [ 28%] [32mBuilding CXX object CMakeFiles/vox_nav_msgs__rosidl_typesupport_cpp.dir/rosidl_typesupport_cpp/vox_nav_msgs/srv/get_traversability_map__type_support.cpp.o[0m
[6.748s] [ 29%] [32mBuilding CXX object CMakeFiles/vox_nav_msgs__rosidl_typesupport_c.dir/rosidl_typesupport_c/vox_nav_msgs/srv/get_traversability_map__type_support.cpp.o[0m
[6.748s] [ 29%] [32mBuilding CXX object CMakeFiles/vox_nav_msgs__rosidl_typesupport_c.dir/rosidl_typesupport_c/vox_nav_msgs/srv/get_point_cloud__type_support.cpp.o[0m
[6.763s] [ 30%] [32mBuilding CXX object CMakeFiles/vox_nav_msgs__rosidl_typesupport_c.dir/rosidl_typesupport_c/vox_nav_msgs/action/compute_path_to_pose__type_support.cpp.o[0m
[6.763s] [ 31%] [32mBuilding CXX object CMakeFiles/vox_nav_msgs__rosidl_typesupport_c.dir/rosidl_typesupport_c/vox_nav_msgs/action/follow_path__type_support.cpp.o[0m
[6.763s] [ 32%] [32mBuilding CXX object CMakeFiles/vox_nav_msgs__rosidl_typesupport_cpp.dir/rosidl_typesupport_cpp/vox_nav_msgs/action/compute_path_to_pose__type_support.cpp.o[0m
[6.766s] [ 33%] [32mBuilding CXX object CMakeFiles/vox_nav_msgs__rosidl_typesupport_cpp.dir/rosidl_typesupport_cpp/vox_nav_msgs/action/follow_path__type_support.cpp.o[0m
[6.772s] [ 33%] [32mBuilding CXX object CMakeFiles/vox_nav_msgs__rosidl_typesupport_c.dir/rosidl_typesupport_c/vox_nav_msgs/action/navigate_to_pose__type_support.cpp.o[0m
[6.797s] [ 34%] [32mBuilding CXX object CMakeFiles/vox_nav_msgs__rosidl_typesupport_cpp.dir/rosidl_typesupport_cpp/vox_nav_msgs/action/navigate_to_pose__type_support.cpp.o[0m
[6.797s] [ 35%] [32mBuilding CXX object CMakeFiles/vox_nav_msgs__rosidl_typesupport_c.dir/rosidl_typesupport_c/vox_nav_msgs/action/navigate_through_gps_poses__type_support.cpp.o[0m
[6.850s] [ 36%] [32mBuilding CXX object CMakeFiles/vox_nav_msgs__rosidl_typesupport_cpp.dir/rosidl_typesupport_cpp/vox_nav_msgs/action/navigate_through_gps_poses__type_support.cpp.o[0m
[6.860s] [ 37%] [32mBuilding CXX object CMakeFiles/vox_nav_msgs__rosidl_typesupport_c.dir/rosidl_typesupport_c/vox_nav_msgs/action/navigate_through_poses__type_support.cpp.o[0m
[6.872s] [ 37%] [32mBuilding CXX object CMakeFiles/vox_nav_msgs__rosidl_typesupport_cpp.dir/rosidl_typesupport_cpp/vox_nav_msgs/action/navigate_through_poses__type_support.cpp.o[0m
[6.947s] [ 38%] [32m[1mLinking CXX shared library libvox_nav_msgs__rosidl_typesupport_c.so[0m
[6.977s] [ 40%] [32mBuilding CXX object CMakeFiles/vox_nav_msgs__rosidl_typesupport_introspection_cpp.dir/rosidl_typesupport_introspection_cpp/vox_nav_msgs/msg/detail/object__type_support.cpp.o[0m
[6.977s] [ 40%] [32mBuilding CXX object CMakeFiles/vox_nav_msgs__rosidl_typesupport_introspection_cpp.dir/rosidl_typesupport_introspection_cpp/vox_nav_msgs/msg/detail/object_array__type_support.cpp.o[0m
[7.025s] [ 40%] Built target vox_nav_msgs__rosidl_typesupport_c
[7.038s] [ 41%] [32mBuilding CXX object CMakeFiles/vox_nav_msgs__rosidl_typesupport_introspection_cpp.dir/rosidl_typesupport_introspection_cpp/vox_nav_msgs/msg/detail/oriented_nav_sat_fix__type_support.cpp.o[0m
[7.210s] [ 42%] [32mBuilding CXX object CMakeFiles/vox_nav_msgs__rosidl_typesupport_introspection_cpp.dir/rosidl_typesupport_introspection_cpp/vox_nav_msgs/msg/detail/semantic_road_label__type_support.cpp.o[0m
[7.534s] [ 42%] [32mBuilding CXX object CMakeFiles/vox_nav_msgs__rosidl_typesupport_introspection_cpp.dir/rosidl_typesupport_introspection_cpp/vox_nav_msgs/srv/detail/get_octomap__type_support.cpp.o[0m
[7.538s] [ 43%] [32mBuilding CXX object CMakeFiles/vox_nav_msgs__rosidl_typesupport_introspection_cpp.dir/rosidl_typesupport_introspection_cpp/vox_nav_msgs/srv/detail/get_osm_road_topology_map__type_support.cpp.o[0m
[7.574s] [ 44%] [32mBuilding CXX object CMakeFiles/vox_nav_msgs__rosidl_typesupport_introspection_cpp.dir/rosidl_typesupport_introspection_cpp/vox_nav_msgs/srv/detail/get_point_cloud__type_support.cpp.o[0m
[7.640s] [ 46%] [32mBuilding CXX object CMakeFiles/vox_nav_msgs__rosidl_typesupport_introspection_cpp.dir/rosidl_typesupport_introspection_cpp/vox_nav_msgs/srv/detail/get_traversability_map__type_support.cpp.o[0m
[7.640s] [ 46%] [32m[1mLinking CXX shared library libvox_nav_msgs__rosidl_typesupport_cpp.so[0m
[7.688s] [ 47%] [32mBuilding C object CMakeFiles/vox_nav_msgs__rosidl_typesupport_introspection_c.dir/rosidl_typesupport_introspection_c/vox_nav_msgs/msg/detail/object__type_support.c.o[0m
[7.697s] [ 48%] [32mBuilding CXX object CMakeFiles/vox_nav_msgs__rosidl_typesupport_introspection_cpp.dir/rosidl_typesupport_introspection_cpp/vox_nav_msgs/action/detail/compute_path_to_pose__type_support.cpp.o[0m
[7.704s] [ 48%] Built target vox_nav_msgs__rosidl_typesupport_cpp
[7.716s] [ 49%] [32mBuilding C object CMakeFiles/vox_nav_msgs__rosidl_typesupport_introspection_c.dir/rosidl_typesupport_introspection_c/vox_nav_msgs/msg/detail/object_array__type_support.c.o[0m
[7.758s] [ 49%] [32mBuilding C object CMakeFiles/vox_nav_msgs__rosidl_typesupport_introspection_c.dir/rosidl_typesupport_introspection_c/vox_nav_msgs/msg/detail/oriented_nav_sat_fix__type_support.c.o[0m
[7.786s] [ 49%] [32mBuilding CXX object CMakeFiles/vox_nav_msgs__rosidl_typesupport_introspection_cpp.dir/rosidl_typesupport_introspection_cpp/vox_nav_msgs/action/detail/follow_path__type_support.cpp.o[0m
[7.802s] [ 50%] [32mBuilding C object CMakeFiles/vox_nav_msgs__rosidl_typesupport_introspection_c.dir/rosidl_typesupport_introspection_c/vox_nav_msgs/msg/detail/semantic_road_label__type_support.c.o[0m
[7.816s] [ 51%] [32mBuilding C object CMakeFiles/vox_nav_msgs__rosidl_typesupport_introspection_c.dir/rosidl_typesupport_introspection_c/vox_nav_msgs/srv/detail/get_octomap__type_support.c.o[0m
[7.843s] [ 52%] [32mBuilding CXX object CMakeFiles/vox_nav_msgs__rosidl_typesupport_introspection_cpp.dir/rosidl_typesupport_introspection_cpp/vox_nav_msgs/action/detail/navigate_to_pose__type_support.cpp.o[0m
[7.868s] [ 53%] [32mBuilding C object CMakeFiles/vox_nav_msgs__rosidl_typesupport_introspection_c.dir/rosidl_typesupport_introspection_c/vox_nav_msgs/srv/detail/get_osm_road_topology_map__type_support.c.o[0m
[7.894s] [ 54%] [32mBuilding CXX object CMakeFiles/vox_nav_msgs__rosidl_typesupport_introspection_cpp.dir/rosidl_typesupport_introspection_cpp/vox_nav_msgs/action/detail/navigate_through_gps_poses__type_support.cpp.o[0m
[7.897s] [ 55%] [32mBuilding CXX object CMakeFiles/vox_nav_msgs__rosidl_typesupport_fastrtps_cpp.dir/rosidl_typesupport_fastrtps_cpp/vox_nav_msgs/msg/detail/dds_fastrtps/object__type_support.cpp.o[0m
[7.920s] [ 56%] [32mBuilding CXX object CMakeFiles/vox_nav_msgs__rosidl_typesupport_fastrtps_c.dir/rosidl_typesupport_fastrtps_c/vox_nav_msgs/msg/detail/object__type_support_c.cpp.o[0m
[7.932s] [ 57%] [32mBuilding C object CMakeFiles/vox_nav_msgs__rosidl_typesupport_introspection_c.dir/rosidl_typesupport_introspection_c/vox_nav_msgs/srv/detail/get_point_cloud__type_support.c.o[0m
[8.001s] [ 57%] [32mBuilding C object CMakeFiles/vox_nav_msgs__rosidl_typesupport_introspection_c.dir/rosidl_typesupport_introspection_c/vox_nav_msgs/srv/detail/get_traversability_map__type_support.c.o[0m
[8.052s] [ 57%] [32mBuilding CXX object CMakeFiles/vox_nav_msgs__rosidl_typesupport_fastrtps_c.dir/rosidl_typesupport_fastrtps_c/vox_nav_msgs/msg/detail/object_array__type_support_c.cpp.o[0m
[8.068s] [ 58%] [32mBuilding C object CMakeFiles/vox_nav_msgs__rosidl_typesupport_introspection_c.dir/rosidl_typesupport_introspection_c/vox_nav_msgs/action/detail/compute_path_to_pose__type_support.c.o[0m
[8.152s] [ 59%] [32mBuilding C object CMakeFiles/vox_nav_msgs__rosidl_typesupport_introspection_c.dir/rosidl_typesupport_introspection_c/vox_nav_msgs/action/detail/follow_path__type_support.c.o[0m
[8.204s] [ 60%] [32mBuilding C object CMakeFiles/vox_nav_msgs__rosidl_typesupport_introspection_c.dir/rosidl_typesupport_introspection_c/vox_nav_msgs/action/detail/navigate_to_pose__type_support.c.o[0m
[8.212s] [ 61%] [32mBuilding CXX object CMakeFiles/vox_nav_msgs__rosidl_typesupport_fastrtps_cpp.dir/rosidl_typesupport_fastrtps_cpp/vox_nav_msgs/msg/detail/dds_fastrtps/object_array__type_support.cpp.o[0m
[8.230s] [ 62%] [32mBuilding CXX object CMakeFiles/vox_nav_msgs__rosidl_typesupport_fastrtps_c.dir/rosidl_typesupport_fastrtps_c/vox_nav_msgs/msg/detail/oriented_nav_sat_fix__type_support_c.cpp.o[0m
[8.257s] [ 63%] [32mBuilding CXX object CMakeFiles/vox_nav_msgs__rosidl_typesupport_fastrtps_c.dir/rosidl_typesupport_fastrtps_c/vox_nav_msgs/msg/detail/semantic_road_label__type_support_c.cpp.o[0m
[8.286s] [ 64%] [32mBuilding C object CMakeFiles/vox_nav_msgs__rosidl_typesupport_introspection_c.dir/rosidl_typesupport_introspection_c/vox_nav_msgs/action/detail/navigate_through_gps_poses__type_support.c.o[0m
[8.374s] [ 64%] [32mBuilding C object CMakeFiles/vox_nav_msgs__rosidl_typesupport_introspection_c.dir/rosidl_typesupport_introspection_c/vox_nav_msgs/action/detail/navigate_through_poses__type_support.c.o[0m
[8.386s] [ 65%] [32mBuilding CXX object CMakeFiles/vox_nav_msgs__rosidl_typesupport_fastrtps_c.dir/rosidl_typesupport_fastrtps_c/vox_nav_msgs/srv/detail/get_octomap__type_support_c.cpp.o[0m
[8.465s] [ 66%] [32m[1mLinking C shared library libvox_nav_msgs__rosidl_typesupport_introspection_c.so[0m
[8.522s] [ 66%] Built target vox_nav_msgs__rosidl_typesupport_introspection_c
[8.532s] [ 67%] [32mBuilding CXX object CMakeFiles/vox_nav_msgs__rosidl_typesupport_fastrtps_cpp.dir/rosidl_typesupport_fastrtps_cpp/vox_nav_msgs/msg/detail/dds_fastrtps/oriented_nav_sat_fix__type_support.cpp.o[0m
[8.535s] [ 68%] [32mBuilding CXX object CMakeFiles/vox_nav_msgs__rosidl_typesupport_introspection_cpp.dir/rosidl_typesupport_introspection_cpp/vox_nav_msgs/action/detail/navigate_through_poses__type_support.cpp.o[0m
[8.596s] [ 69%] [32mBuilding CXX object CMakeFiles/vox_nav_msgs__rosidl_typesupport_fastrtps_c.dir/rosidl_typesupport_fastrtps_c/vox_nav_msgs/srv/detail/get_osm_road_topology_map__type_support_c.cpp.o[0m
[8.626s] [ 69%] [32mBuilding CXX object CMakeFiles/vox_nav_msgs__rosidl_typesupport_fastrtps_cpp.dir/rosidl_typesupport_fastrtps_cpp/vox_nav_msgs/msg/detail/dds_fastrtps/semantic_road_label__type_support.cpp.o[0m
[8.724s] [ 70%] [32mBuilding CXX object CMakeFiles/vox_nav_msgs__rosidl_typesupport_fastrtps_cpp.dir/rosidl_typesupport_fastrtps_cpp/vox_nav_msgs/srv/detail/dds_fastrtps/get_octomap__type_support.cpp.o[0m
[8.798s] [ 71%] [32mBuilding CXX object CMakeFiles/vox_nav_msgs__rosidl_typesupport_fastrtps_cpp.dir/rosidl_typesupport_fastrtps_cpp/vox_nav_msgs/srv/detail/dds_fastrtps/get_osm_road_topology_map__type_support.cpp.o[0m
[8.809s] [ 71%] [32mBuilding CXX object CMakeFiles/vox_nav_msgs__rosidl_typesupport_fastrtps_c.dir/rosidl_typesupport_fastrtps_c/vox_nav_msgs/srv/detail/get_point_cloud__type_support_c.cpp.o[0m
[8.817s] [ 72%] [32mBuilding CXX object CMakeFiles/vox_nav_msgs__rosidl_typesupport_fastrtps_cpp.dir/rosidl_typesupport_fastrtps_cpp/vox_nav_msgs/srv/detail/dds_fastrtps/get_point_cloud__type_support.cpp.o[0m
[8.857s] [ 73%] [32mBuilding CXX object CMakeFiles/vox_nav_msgs__rosidl_typesupport_fastrtps_c.dir/rosidl_typesupport_fastrtps_c/vox_nav_msgs/srv/detail/get_traversability_map__type_support_c.cpp.o[0m
[9.019s] [ 74%] [32mBuilding CXX object CMakeFiles/vox_nav_msgs__rosidl_typesupport_fastrtps_c.dir/rosidl_typesupport_fastrtps_c/vox_nav_msgs/action/detail/compute_path_to_pose__type_support_c.cpp.o[0m
[9.027s] [ 75%] [32mBuilding CXX object CMakeFiles/vox_nav_msgs__rosidl_typesupport_fastrtps_cpp.dir/rosidl_typesupport_fastrtps_cpp/vox_nav_msgs/srv/detail/dds_fastrtps/get_traversability_map__type_support.cpp.o[0m
[9.087s] [ 76%] [32mBuilding CXX object CMakeFiles/vox_nav_msgs__rosidl_typesupport_fastrtps_c.dir/rosidl_typesupport_fastrtps_c/vox_nav_msgs/action/detail/follow_path__type_support_c.cpp.o[0m
[9.177s] [ 76%] [32mBuilding CXX object CMakeFiles/vox_nav_msgs__rosidl_typesupport_fastrtps_cpp.dir/rosidl_typesupport_fastrtps_cpp/vox_nav_msgs/action/detail/dds_fastrtps/compute_path_to_pose__type_support.cpp.o[0m
[9.194s] [ 77%] [32mBuilding CXX object CMakeFiles/vox_nav_msgs__rosidl_typesupport_fastrtps_c.dir/rosidl_typesupport_fastrtps_c/vox_nav_msgs/action/detail/navigate_to_pose__type_support_c.cpp.o[0m
[9.284s] [ 77%] [32mBuilding CXX object CMakeFiles/vox_nav_msgs__rosidl_typesupport_fastrtps_c.dir/rosidl_typesupport_fastrtps_c/vox_nav_msgs/action/detail/navigate_through_gps_poses__type_support_c.cpp.o[0m
[9.418s] [ 78%] [32mBuilding CXX object CMakeFiles/vox_nav_msgs__rosidl_typesupport_fastrtps_cpp.dir/rosidl_typesupport_fastrtps_cpp/vox_nav_msgs/action/detail/dds_fastrtps/follow_path__type_support.cpp.o[0m
[9.430s] [ 79%] [32mBuilding CXX object CMakeFiles/vox_nav_msgs__rosidl_typesupport_fastrtps_c.dir/rosidl_typesupport_fastrtps_c/vox_nav_msgs/action/detail/navigate_through_poses__type_support_c.cpp.o[0m
[9.455s] [ 80%] [32mBuilding CXX object CMakeFiles/vox_nav_msgs__rosidl_typesupport_fastrtps_cpp.dir/rosidl_typesupport_fastrtps_cpp/vox_nav_msgs/action/detail/dds_fastrtps/navigate_to_pose__type_support.cpp.o[0m
[9.491s] [ 81%] [32mBuilding CXX object CMakeFiles/vox_nav_msgs__rosidl_typesupport_fastrtps_cpp.dir/rosidl_typesupport_fastrtps_cpp/vox_nav_msgs/action/detail/dds_fastrtps/navigate_through_gps_poses__type_support.cpp.o[0m
[9.540s] [ 82%] [32mBuilding CXX object CMakeFiles/vox_nav_msgs__rosidl_typesupport_fastrtps_cpp.dir/rosidl_typesupport_fastrtps_cpp/vox_nav_msgs/action/detail/dds_fastrtps/navigate_through_poses__type_support.cpp.o[0m
[9.604s] [ 83%] [32m[1mLinking CXX shared library libvox_nav_msgs__rosidl_typesupport_introspection_cpp.so[0m
[9.751s] [ 83%] Built target vox_nav_msgs__rosidl_typesupport_introspection_cpp
[10.006s] [ 84%] [32m[1mLinking CXX shared library libvox_nav_msgs__rosidl_typesupport_fastrtps_c.so[0m
[10.093s] [ 84%] Built target vox_nav_msgs__rosidl_typesupport_fastrtps_c
[10.304s] [ 84%] [32m[1mLinking CXX shared library libvox_nav_msgs__rosidl_typesupport_fastrtps_cpp.so[0m
[10.375s] [ 84%] Built target vox_nav_msgs__rosidl_typesupport_fastrtps_cpp
[10.391s] [ 84%] Built target vox_nav_msgs
[10.407s] [ 85%] [34m[1mGenerating Python code for ROS interfaces[0m
[15.158s] [ 85%] Built target vox_nav_msgs__py
[15.178s] [ 87%] [32mBuilding C object CMakeFiles/vox_nav_msgs__rosidl_generator_py.dir/rosidl_generator_py/vox_nav_msgs/msg/_oriented_nav_sat_fix_s.c.o[0m
[15.178s] [ 87%] [32mBuilding C object CMakeFiles/vox_nav_msgs__rosidl_generator_py.dir/rosidl_generator_py/vox_nav_msgs/msg/_object_array_s.c.o[0m
[15.180s] [ 87%] [32mBuilding C object CMakeFiles/vox_nav_msgs__rosidl_generator_py.dir/rosidl_generator_py/vox_nav_msgs/msg/_semantic_road_label_s.c.o[0m
[15.180s] [ 89%] [32mBuilding C object CMakeFiles/vox_nav_msgs__rosidl_generator_py.dir/rosidl_generator_py/vox_nav_msgs/msg/_object_s.c.o[0m
[15.180s] [ 90%] [32mBuilding C object CMakeFiles/vox_nav_msgs__rosidl_generator_py.dir/rosidl_generator_py/vox_nav_msgs/srv/_get_osm_road_topology_map_s.c.o[0m
[15.180s] [ 90%] [32mBuilding C object CMakeFiles/vox_nav_msgs__rosidl_generator_py.dir/rosidl_generator_py/vox_nav_msgs/srv/_get_point_cloud_s.c.o[0m
[15.181s] [ 89%] [32mBuilding C object CMakeFiles/vox_nav_msgs__rosidl_generator_py.dir/rosidl_generator_py/vox_nav_msgs/srv/_get_octomap_s.c.o[0m
[15.181s] [ 91%] [32mBuilding C object CMakeFiles/vox_nav_msgs__rosidl_generator_py.dir/rosidl_generator_py/vox_nav_msgs/action/_compute_path_to_pose_s.c.o[0m
[15.181s] [ 92%] [32mBuilding C object CMakeFiles/vox_nav_msgs__rosidl_generator_py.dir/rosidl_generator_py/vox_nav_msgs/srv/_get_traversability_map_s.c.o[0m
[15.181s] [ 93%] [32mBuilding C object CMakeFiles/vox_nav_msgs__rosidl_generator_py.dir/rosidl_generator_py/vox_nav_msgs/action/_follow_path_s.c.o[0m
[15.181s] [ 94%] [32mBuilding C object CMakeFiles/vox_nav_msgs__rosidl_generator_py.dir/rosidl_generator_py/vox_nav_msgs/action/_navigate_to_pose_s.c.o[0m
[15.181s] [ 94%] [32mBuilding C object CMakeFiles/vox_nav_msgs__rosidl_generator_py.dir/rosidl_generator_py/vox_nav_msgs/action/_navigate_through_gps_poses_s.c.o[0m
[15.392s] [ 95%] [32mBuilding C object CMakeFiles/vox_nav_msgs__rosidl_generator_py.dir/rosidl_generator_py/vox_nav_msgs/action/_navigate_through_poses_s.c.o[0m
[15.534s] [ 96%] [32m[1mLinking C shared library rosidl_generator_py/vox_nav_msgs/libvox_nav_msgs__rosidl_generator_py.so[0m
[15.578s] [ 96%] Built target vox_nav_msgs__rosidl_generator_py
[15.595s] [ 99%] [32mBuilding C object CMakeFiles/vox_nav_msgs__rosidl_typesupport_introspection_c__pyext.dir/rosidl_generator_py/vox_nav_msgs/_vox_nav_msgs_s.ep.rosidl_typesupport_introspection_c.c.o[0m
[15.595s] [ 99%] [32mBuilding C object CMakeFiles/vox_nav_msgs__rosidl_typesupport_fastrtps_c__pyext.dir/rosidl_generator_py/vox_nav_msgs/_vox_nav_msgs_s.ep.rosidl_typesupport_fastrtps_c.c.o[0m
[15.596s] [ 99%] [32mBuilding C object CMakeFiles/vox_nav_msgs__rosidl_typesupport_c__pyext.dir/rosidl_generator_py/vox_nav_msgs/_vox_nav_msgs_s.ep.rosidl_typesupport_c.c.o[0m
[15.839s] [100%] [32m[1mLinking C shared library rosidl_generator_py/vox_nav_msgs/vox_nav_msgs_s__rosidl_typesupport_c.cpython-310-x86_64-linux-gnu.so[0m
[15.839s] [100%] [32m[1mLinking C shared library rosidl_generator_py/vox_nav_msgs/vox_nav_msgs_s__rosidl_typesupport_fastrtps_c.cpython-310-x86_64-linux-gnu.so[0m
[15.839s] [100%] [32m[1mLinking C shared library rosidl_generator_py/vox_nav_msgs/vox_nav_msgs_s__rosidl_typesupport_introspection_c.cpython-310-x86_64-linux-gnu.so[0m
[15.890s] [100%] Built target vox_nav_msgs__rosidl_typesupport_c__pyext
[15.890s] [100%] Built target vox_nav_msgs__rosidl_typesupport_fastrtps_c__pyext
[15.891s] [100%] Built target vox_nav_msgs__rosidl_typesupport_introspection_c__pyext
[15.901s] Invoked command in '/home/manish/eiratech_ws/build/vox_nav_msgs' returned '0': CMAKE_PREFIX_PATH=${CMAKE_PREFIX_PATH}:/opt/ros/humble /usr/bin/cmake --build /home/manish/eiratech_ws/build/vox_nav_msgs -- -j12 -l12
[15.908s] Invoking command in '/home/manish/eiratech_ws/build/vox_nav_msgs': CMAKE_PREFIX_PATH=${CMAKE_PREFIX_PATH}:/opt/ros/humble /usr/bin/cmake --install /home/manish/eiratech_ws/build/vox_nav_msgs
[15.914s] -- Install configuration: ""
[15.914s] -- Installing: /home/manish/eiratech_ws/install/vox_nav_msgs/share/ament_index/resource_index/rosidl_interfaces/vox_nav_msgs
[15.914s] -- Installing: /home/manish/eiratech_ws/install/vox_nav_msgs/include/vox_nav_msgs/vox_nav_msgs
[15.914s] -- Installing: /home/manish/eiratech_ws/install/vox_nav_msgs/include/vox_nav_msgs/vox_nav_msgs/msg
[15.915s] -- Installing: /home/manish/eiratech_ws/install/vox_nav_msgs/include/vox_nav_msgs/vox_nav_msgs/msg/object.h
[15.915s] -- Installing: /home/manish/eiratech_ws/install/vox_nav_msgs/include/vox_nav_msgs/vox_nav_msgs/msg/semantic_road_label.h
[15.915s] -- Installing: /home/manish/eiratech_ws/install/vox_nav_msgs/include/vox_nav_msgs/vox_nav_msgs/msg/oriented_nav_sat_fix.h
[15.915s] -- Installing: /home/manish/eiratech_ws/install/vox_nav_msgs/include/vox_nav_msgs/vox_nav_msgs/msg/object_array.h
[15.915s] -- Installing: /home/manish/eiratech_ws/install/vox_nav_msgs/include/vox_nav_msgs/vox_nav_msgs/msg/rosidl_generator_c__visibility_control.h
[15.915s] -- Installing: /home/manish/eiratech_ws/install/vox_nav_msgs/include/vox_nav_msgs/vox_nav_msgs/msg/detail
[15.915s] -- Installing: /home/manish/eiratech_ws/install/vox_nav_msgs/include/vox_nav_msgs/vox_nav_msgs/msg/detail/object_array__type_support.h
[15.915s] -- Installing: /home/manish/eiratech_ws/install/vox_nav_msgs/include/vox_nav_msgs/vox_nav_msgs/msg/detail/object__functions.c
[15.915s] -- Installing: /home/manish/eiratech_ws/install/vox_nav_msgs/include/vox_nav_msgs/vox_nav_msgs/msg/detail/object__functions.h
[15.915s] -- Installing: /home/manish/eiratech_ws/install/vox_nav_msgs/include/vox_nav_msgs/vox_nav_msgs/msg/detail/oriented_nav_sat_fix__type_support.h
[15.915s] -- Installing: /home/manish/eiratech_ws/install/vox_nav_msgs/include/vox_nav_msgs/vox_nav_msgs/msg/detail/object_array__functions.c
[15.915s] -- Installing: /home/manish/eiratech_ws/install/vox_nav_msgs/include/vox_nav_msgs/vox_nav_msgs/msg/detail/semantic_road_label__type_support.h
[15.915s] -- Installing: /home/manish/eiratech_ws/install/vox_nav_msgs/include/vox_nav_msgs/vox_nav_msgs/msg/detail/object_array__struct.h
[15.916s] -- Installing: /home/manish/eiratech_ws/install/vox_nav_msgs/include/vox_nav_msgs/vox_nav_msgs/msg/detail/oriented_nav_sat_fix__functions.h
[15.916s] -- Installing: /home/manish/eiratech_ws/install/vox_nav_msgs/include/vox_nav_msgs/vox_nav_msgs/msg/detail/object_array__functions.h
[15.916s] -- Installing: /home/manish/eiratech_ws/install/vox_nav_msgs/include/vox_nav_msgs/vox_nav_msgs/msg/detail/object__struct.h
[15.916s] -- Installing: /home/manish/eiratech_ws/install/vox_nav_msgs/include/vox_nav_msgs/vox_nav_msgs/msg/detail/semantic_road_label__functions.c
[15.916s] -- Installing: /home/manish/eiratech_ws/install/vox_nav_msgs/include/vox_nav_msgs/vox_nav_msgs/msg/detail/oriented_nav_sat_fix__functions.c
[15.916s] -- Installing: /home/manish/eiratech_ws/install/vox_nav_msgs/include/vox_nav_msgs/vox_nav_msgs/msg/detail/object__type_support.h
[15.916s] -- Installing: /home/manish/eiratech_ws/install/vox_nav_msgs/include/vox_nav_msgs/vox_nav_msgs/msg/detail/semantic_road_label__struct.h
[15.916s] -- Installing: /home/manish/eiratech_ws/install/vox_nav_msgs/include/vox_nav_msgs/vox_nav_msgs/msg/detail/semantic_road_label__functions.h
[15.916s] -- Installing: /home/manish/eiratech_ws/install/vox_nav_msgs/include/vox_nav_msgs/vox_nav_msgs/msg/detail/oriented_nav_sat_fix__struct.h
[15.916s] -- Installing: /home/manish/eiratech_ws/install/vox_nav_msgs/include/vox_nav_msgs/vox_nav_msgs/action
[15.916s] -- Installing: /home/manish/eiratech_ws/install/vox_nav_msgs/include/vox_nav_msgs/vox_nav_msgs/action/follow_path.h
[15.916s] -- Installing: /home/manish/eiratech_ws/install/vox_nav_msgs/include/vox_nav_msgs/vox_nav_msgs/action/compute_path_to_pose.h
[15.916s] -- Installing: /home/manish/eiratech_ws/install/vox_nav_msgs/include/vox_nav_msgs/vox_nav_msgs/action/navigate_to_pose.h
[15.917s] -- Installing: /home/manish/eiratech_ws/install/vox_nav_msgs/include/vox_nav_msgs/vox_nav_msgs/action/navigate_through_poses.h
[15.917s] -- Installing: /home/manish/eiratech_ws/install/vox_nav_msgs/include/vox_nav_msgs/vox_nav_msgs/action/navigate_through_gps_poses.h
[15.917s] -- Installing: /home/manish/eiratech_ws/install/vox_nav_msgs/include/vox_nav_msgs/vox_nav_msgs/action/detail
[15.917s] -- Installing: /home/manish/eiratech_ws/install/vox_nav_msgs/include/vox_nav_msgs/vox_nav_msgs/action/detail/navigate_through_gps_poses__struct.h
[15.917s] -- Installing: /home/manish/eiratech_ws/install/vox_nav_msgs/include/vox_nav_msgs/vox_nav_msgs/action/detail/follow_path__type_support.h
[15.917s] -- Installing: /home/manish/eiratech_ws/install/vox_nav_msgs/include/vox_nav_msgs/vox_nav_msgs/action/detail/navigate_to_pose__functions.c
[15.917s] -- Installing: /home/manish/eiratech_ws/install/vox_nav_msgs/include/vox_nav_msgs/vox_nav_msgs/action/detail/follow_path__struct.h
[15.917s] -- Installing: /home/manish/eiratech_ws/install/vox_nav_msgs/include/vox_nav_msgs/vox_nav_msgs/action/detail/navigate_through_poses__functions.c
[15.917s] -- Installing: /home/manish/eiratech_ws/install/vox_nav_msgs/include/vox_nav_msgs/vox_nav_msgs/action/detail/navigate_through_gps_poses__functions.h
[15.917s] -- Installing: /home/manish/eiratech_ws/install/vox_nav_msgs/include/vox_nav_msgs/vox_nav_msgs/action/detail/navigate_through_gps_poses__type_support.h
[15.917s] -- Installing: /home/manish/eiratech_ws/install/vox_nav_msgs/include/vox_nav_msgs/vox_nav_msgs/action/detail/navigate_to_pose__functions.h
[15.917s] -- Installing: /home/manish/eiratech_ws/install/vox_nav_msgs/include/vox_nav_msgs/vox_nav_msgs/action/detail/navigate_through_gps_poses__functions.c
[15.918s] -- Installing: /home/manish/eiratech_ws/install/vox_nav_msgs/include/vox_nav_msgs/vox_nav_msgs/action/detail/compute_path_to_pose__type_support.h
[15.918s] -- Installing: /home/manish/eiratech_ws/install/vox_nav_msgs/include/vox_nav_msgs/vox_nav_msgs/action/detail/compute_path_to_pose__functions.h
[15.918s] -- Installing: /home/manish/eiratech_ws/install/vox_nav_msgs/include/vox_nav_msgs/vox_nav_msgs/action/detail/navigate_through_poses__functions.h
[15.918s] -- Installing: /home/manish/eiratech_ws/install/vox_nav_msgs/include/vox_nav_msgs/vox_nav_msgs/action/detail/compute_path_to_pose__struct.h
[15.918s] -- Installing: /home/manish/eiratech_ws/install/vox_nav_msgs/include/vox_nav_msgs/vox_nav_msgs/action/detail/follow_path__functions.h
[15.918s] -- Installing: /home/manish/eiratech_ws/install/vox_nav_msgs/include/vox_nav_msgs/vox_nav_msgs/action/detail/navigate_to_pose__type_support.h
[15.918s] -- Installing: /home/manish/eiratech_ws/install/vox_nav_msgs/include/vox_nav_msgs/vox_nav_msgs/action/detail/navigate_to_pose__struct.h
[15.918s] -- Installing: /home/manish/eiratech_ws/install/vox_nav_msgs/include/vox_nav_msgs/vox_nav_msgs/action/detail/compute_path_to_pose__functions.c
[15.918s] -- Installing: /home/manish/eiratech_ws/install/vox_nav_msgs/include/vox_nav_msgs/vox_nav_msgs/action/detail/navigate_through_poses__struct.h
[15.918s] -- Installing: /home/manish/eiratech_ws/install/vox_nav_msgs/include/vox_nav_msgs/vox_nav_msgs/action/detail/follow_path__functions.c
[15.918s] -- Installing: /home/manish/eiratech_ws/install/vox_nav_msgs/include/vox_nav_msgs/vox_nav_msgs/action/detail/navigate_through_poses__type_support.h
[15.919s] -- Installing: /home/manish/eiratech_ws/install/vox_nav_msgs/include/vox_nav_msgs/vox_nav_msgs/srv
[15.919s] -- Installing: /home/manish/eiratech_ws/install/vox_nav_msgs/include/vox_nav_msgs/vox_nav_msgs/srv/get_octomap.h
[15.919s] -- Installing: /home/manish/eiratech_ws/install/vox_nav_msgs/include/vox_nav_msgs/vox_nav_msgs/srv/get_point_cloud.h
[15.919s] -- Installing: /home/manish/eiratech_ws/install/vox_nav_msgs/include/vox_nav_msgs/vox_nav_msgs/srv/detail
[15.919s] -- Installing: /home/manish/eiratech_ws/install/vox_nav_msgs/include/vox_nav_msgs/vox_nav_msgs/srv/detail/get_osm_road_topology_map__functions.c
[15.919s] -- Installing: /home/manish/eiratech_ws/install/vox_nav_msgs/include/vox_nav_msgs/vox_nav_msgs/srv/detail/get_traversability_map__functions.c
[15.919s] -- Installing: /home/manish/eiratech_ws/install/vox_nav_msgs/include/vox_nav_msgs/vox_nav_msgs/srv/detail/get_octomap__functions.h
[15.919s] -- Installing: /home/manish/eiratech_ws/install/vox_nav_msgs/include/vox_nav_msgs/vox_nav_msgs/srv/detail/get_point_cloud__functions.h
[15.919s] -- Installing: /home/manish/eiratech_ws/install/vox_nav_msgs/include/vox_nav_msgs/vox_nav_msgs/srv/detail/get_point_cloud__type_support.h
[15.919s] -- Installing: /home/manish/eiratech_ws/install/vox_nav_msgs/include/vox_nav_msgs/vox_nav_msgs/srv/detail/get_point_cloud__functions.c
[15.919s] -- Installing: /home/manish/eiratech_ws/install/vox_nav_msgs/include/vox_nav_msgs/vox_nav_msgs/srv/detail/get_octomap__struct.h
[15.919s] -- Installing: /home/manish/eiratech_ws/install/vox_nav_msgs/include/vox_nav_msgs/vox_nav_msgs/srv/detail/get_point_cloud__struct.h
[15.919s] -- Installing: /home/manish/eiratech_ws/install/vox_nav_msgs/include/vox_nav_msgs/vox_nav_msgs/srv/detail/get_traversability_map__type_support.h
[15.920s] -- Installing: /home/manish/eiratech_ws/install/vox_nav_msgs/include/vox_nav_msgs/vox_nav_msgs/srv/detail/get_osm_road_topology_map__struct.h
[15.920s] -- Installing: /home/manish/eiratech_ws/install/vox_nav_msgs/include/vox_nav_msgs/vox_nav_msgs/srv/detail/get_osm_road_topology_map__type_support.h
[15.920s] -- Installing: /home/manish/eiratech_ws/install/vox_nav_msgs/include/vox_nav_msgs/vox_nav_msgs/srv/detail/get_octomap__type_support.h
[15.920s] -- Installing: /home/manish/eiratech_ws/install/vox_nav_msgs/include/vox_nav_msgs/vox_nav_msgs/srv/detail/get_traversability_map__struct.h
[15.920s] -- Installing: /home/manish/eiratech_ws/install/vox_nav_msgs/include/vox_nav_msgs/vox_nav_msgs/srv/detail/get_octomap__functions.c
[15.920s] -- Installing: /home/manish/eiratech_ws/install/vox_nav_msgs/include/vox_nav_msgs/vox_nav_msgs/srv/detail/get_osm_road_topology_map__functions.h
[15.920s] -- Installing: /home/manish/eiratech_ws/install/vox_nav_msgs/include/vox_nav_msgs/vox_nav_msgs/srv/detail/get_traversability_map__functions.h
[15.920s] -- Installing: /home/manish/eiratech_ws/install/vox_nav_msgs/include/vox_nav_msgs/vox_nav_msgs/srv/get_traversability_map.h
[15.920s] -- Installing: /home/manish/eiratech_ws/install/vox_nav_msgs/include/vox_nav_msgs/vox_nav_msgs/srv/get_osm_road_topology_map.h
[15.920s] -- Installing: /home/manish/eiratech_ws/install/vox_nav_msgs/share/vox_nav_msgs/environment/library_path.sh
[15.920s] -- Installing: /home/manish/eiratech_ws/install/vox_nav_msgs/share/vox_nav_msgs/environment/library_path.dsv
[15.921s] -- Installing: /home/manish/eiratech_ws/install/vox_nav_msgs/lib/libvox_nav_msgs__rosidl_generator_c.so
[15.921s] -- Set runtime path of "/home/manish/eiratech_ws/install/vox_nav_msgs/lib/libvox_nav_msgs__rosidl_generator_c.so" to ""
[15.921s] -- Up-to-date: /home/manish/eiratech_ws/install/vox_nav_msgs/include/vox_nav_msgs/vox_nav_msgs
[15.921s] -- Up-to-date: /home/manish/eiratech_ws/install/vox_nav_msgs/include/vox_nav_msgs/vox_nav_msgs/msg
[15.921s] -- Up-to-date: /home/manish/eiratech_ws/install/vox_nav_msgs/include/vox_nav_msgs/vox_nav_msgs/msg/detail
[15.921s] -- Installing: /home/manish/eiratech_ws/install/vox_nav_msgs/include/vox_nav_msgs/vox_nav_msgs/msg/detail/oriented_nav_sat_fix__rosidl_typesupport_fastrtps_c.h
[15.921s] -- Installing: /home/manish/eiratech_ws/install/vox_nav_msgs/include/vox_nav_msgs/vox_nav_msgs/msg/detail/semantic_road_label__rosidl_typesupport_fastrtps_c.h
[15.922s] -- Installing: /home/manish/eiratech_ws/install/vox_nav_msgs/include/vox_nav_msgs/vox_nav_msgs/msg/detail/object__rosidl_typesupport_fastrtps_c.h
[15.922s] -- Installing: /home/manish/eiratech_ws/install/vox_nav_msgs/include/vox_nav_msgs/vox_nav_msgs/msg/detail/object_array__rosidl_typesupport_fastrtps_c.h
[15.922s] -- Installing: /home/manish/eiratech_ws/install/vox_nav_msgs/include/vox_nav_msgs/vox_nav_msgs/msg/rosidl_typesupport_fastrtps_c__visibility_control.h
[15.922s] -- Up-to-date: /home/manish/eiratech_ws/install/vox_nav_msgs/include/vox_nav_msgs/vox_nav_msgs/action
[15.922s] -- Up-to-date: /home/manish/eiratech_ws/install/vox_nav_msgs/include/vox_nav_msgs/vox_nav_msgs/action/detail
[15.922s] -- Installing: /home/manish/eiratech_ws/install/vox_nav_msgs/include/vox_nav_msgs/vox_nav_msgs/action/detail/follow_path__rosidl_typesupport_fastrtps_c.h
[15.922s] -- Installing: /home/manish/eiratech_ws/install/vox_nav_msgs/include/vox_nav_msgs/vox_nav_msgs/action/detail/navigate_to_pose__rosidl_typesupport_fastrtps_c.h
[15.922s] -- Installing: /home/manish/eiratech_ws/install/vox_nav_msgs/include/vox_nav_msgs/vox_nav_msgs/action/detail/navigate_through_gps_poses__rosidl_typesupport_fastrtps_c.h
[15.922s] -- Installing: /home/manish/eiratech_ws/install/vox_nav_msgs/include/vox_nav_msgs/vox_nav_msgs/action/detail/compute_path_to_pose__rosidl_typesupport_fastrtps_c.h
[15.922s] -- Installing: /home/manish/eiratech_ws/install/vox_nav_msgs/include/vox_nav_msgs/vox_nav_msgs/action/detail/navigate_through_poses__rosidl_typesupport_fastrtps_c.h
[15.922s] -- Up-to-date: /home/manish/eiratech_ws/install/vox_nav_msgs/include/vox_nav_msgs/vox_nav_msgs/srv
[15.922s] -- Up-to-date: /home/manish/eiratech_ws/install/vox_nav_msgs/include/vox_nav_msgs/vox_nav_msgs/srv/detail
[15.922s] -- Installing: /home/manish/eiratech_ws/install/vox_nav_msgs/include/vox_nav_msgs/vox_nav_msgs/srv/detail/get_point_cloud__rosidl_typesupport_fastrtps_c.h
[15.922s] -- Installing: /home/manish/eiratech_ws/install/vox_nav_msgs/include/vox_nav_msgs/vox_nav_msgs/srv/detail/get_traversability_map__rosidl_typesupport_fastrtps_c.h
[15.923s] -- Installing: /home/manish/eiratech_ws/install/vox_nav_msgs/include/vox_nav_msgs/vox_nav_msgs/srv/detail/get_octomap__rosidl_typesupport_fastrtps_c.h
[15.923s] -- Installing: /home/manish/eiratech_ws/install/vox_nav_msgs/include/vox_nav_msgs/vox_nav_msgs/srv/detail/get_osm_road_topology_map__rosidl_typesupport_fastrtps_c.h
[15.923s] -- Installing: /home/manish/eiratech_ws/install/vox_nav_msgs/lib/libvox_nav_msgs__rosidl_typesupport_fastrtps_c.so
[15.923s] -- Set runtime path of "/home/manish/eiratech_ws/install/vox_nav_msgs/lib/libvox_nav_msgs__rosidl_typesupport_fastrtps_c.so" to ""
[15.923s] -- Up-to-date: /home/manish/eiratech_ws/install/vox_nav_msgs/include/vox_nav_msgs/vox_nav_msgs
[15.923s] -- Up-to-date: /home/manish/eiratech_ws/install/vox_nav_msgs/include/vox_nav_msgs/vox_nav_msgs/msg
[15.923s] -- Installing: /home/manish/eiratech_ws/install/vox_nav_msgs/include/vox_nav_msgs/vox_nav_msgs/msg/rosidl_generator_cpp__visibility_control.hpp
[15.923s] -- Installing: /home/manish/eiratech_ws/install/vox_nav_msgs/include/vox_nav_msgs/vox_nav_msgs/msg/object.hpp
[15.923s] -- Installing: /home/manish/eiratech_ws/install/vox_nav_msgs/include/vox_nav_msgs/vox_nav_msgs/msg/object_array.hpp
[15.923s] -- Installing: /home/manish/eiratech_ws/install/vox_nav_msgs/include/vox_nav_msgs/vox_nav_msgs/msg/semantic_road_label.hpp
[15.923s] -- Installing: /home/manish/eiratech_ws/install/vox_nav_msgs/include/vox_nav_msgs/vox_nav_msgs/msg/oriented_nav_sat_fix.hpp
[15.923s] -- Up-to-date: /home/manish/eiratech_ws/install/vox_nav_msgs/include/vox_nav_msgs/vox_nav_msgs/msg/detail
[15.924s] -- Installing: /home/manish/eiratech_ws/install/vox_nav_msgs/include/vox_nav_msgs/vox_nav_msgs/msg/detail/object_array__struct.hpp
[15.924s] -- Installing: /home/manish/eiratech_ws/install/vox_nav_msgs/include/vox_nav_msgs/vox_nav_msgs/msg/detail/object_array__builder.hpp
[15.924s] -- Installing: /home/manish/eiratech_ws/install/vox_nav_msgs/include/vox_nav_msgs/vox_nav_msgs/msg/detail/object_array__traits.hpp
[15.924s] -- Installing: /home/manish/eiratech_ws/install/vox_nav_msgs/include/vox_nav_msgs/vox_nav_msgs/msg/detail/object_array__type_support.hpp
[15.924s] -- Installing: /home/manish/eiratech_ws/install/vox_nav_msgs/include/vox_nav_msgs/vox_nav_msgs/msg/detail/object__builder.hpp
[15.924s] -- Installing: /home/manish/eiratech_ws/install/vox_nav_msgs/include/vox_nav_msgs/vox_nav_msgs/msg/detail/object__traits.hpp
[15.924s] -- Installing: /home/manish/eiratech_ws/install/vox_nav_msgs/include/vox_nav_msgs/vox_nav_msgs/msg/detail/object__type_support.hpp
[15.924s] -- Installing: /home/manish/eiratech_ws/install/vox_nav_msgs/include/vox_nav_msgs/vox_nav_msgs/msg/detail/oriented_nav_sat_fix__builder.hpp
[15.924s] -- Installing: /home/manish/eiratech_ws/install/vox_nav_msgs/include/vox_nav_msgs/vox_nav_msgs/msg/detail/semantic_road_label__type_support.hpp
[15.924s] -- Installing: /home/manish/eiratech_ws/install/vox_nav_msgs/include/vox_nav_msgs/vox_nav_msgs/msg/detail/semantic_road_label__struct.hpp
[15.924s] -- Installing: /home/manish/eiratech_ws/install/vox_nav_msgs/include/vox_nav_msgs/vox_nav_msgs/msg/detail/semantic_road_label__traits.hpp
[15.924s] -- Installing: /home/manish/eiratech_ws/install/vox_nav_msgs/include/vox_nav_msgs/vox_nav_msgs/msg/detail/object__struct.hpp
[15.924s] -- Installing: /home/manish/eiratech_ws/install/vox_nav_msgs/include/vox_nav_msgs/vox_nav_msgs/msg/detail/oriented_nav_sat_fix__traits.hpp
[15.925s] -- Installing: /home/manish/eiratech_ws/install/vox_nav_msgs/include/vox_nav_msgs/vox_nav_msgs/msg/detail/oriented_nav_sat_fix__struct.hpp
[15.925s] -- Installing: /home/manish/eiratech_ws/install/vox_nav_msgs/include/vox_nav_msgs/vox_nav_msgs/msg/detail/oriented_nav_sat_fix__type_support.hpp
[15.925s] -- Installing: /home/manish/eiratech_ws/install/vox_nav_msgs/include/vox_nav_msgs/vox_nav_msgs/msg/detail/semantic_road_label__builder.hpp
[15.925s] -- Up-to-date: /home/manish/eiratech_ws/install/vox_nav_msgs/include/vox_nav_msgs/vox_nav_msgs/action
[15.925s] -- Installing: /home/manish/eiratech_ws/install/vox_nav_msgs/include/vox_nav_msgs/vox_nav_msgs/action/follow_path.hpp
[15.925s] -- Installing: /home/manish/eiratech_ws/install/vox_nav_msgs/include/vox_nav_msgs/vox_nav_msgs/action/navigate_through_gps_poses.hpp
[15.925s] -- Installing: /home/manish/eiratech_ws/install/vox_nav_msgs/include/vox_nav_msgs/vox_nav_msgs/action/navigate_through_poses.hpp
[15.925s] -- Installing: /home/manish/eiratech_ws/install/vox_nav_msgs/include/vox_nav_msgs/vox_nav_msgs/action/navigate_to_pose.hpp
[15.925s] -- Installing: /home/manish/eiratech_ws/install/vox_nav_msgs/include/vox_nav_msgs/vox_nav_msgs/action/compute_path_to_pose.hpp
[15.925s] -- Up-to-date: /home/manish/eiratech_ws/install/vox_nav_msgs/include/vox_nav_msgs/vox_nav_msgs/action/detail
[15.925s] -- Installing: /home/manish/eiratech_ws/install/vox_nav_msgs/include/vox_nav_msgs/vox_nav_msgs/action/detail/follow_path__type_support.hpp
[15.925s] -- Installing: /home/manish/eiratech_ws/install/vox_nav_msgs/include/vox_nav_msgs/vox_nav_msgs/action/detail/follow_path__builder.hpp
[15.925s] -- Installing: /home/manish/eiratech_ws/install/vox_nav_msgs/include/vox_nav_msgs/vox_nav_msgs/action/detail/navigate_through_gps_poses__type_support.hpp
[15.925s] -- Installing: /home/manish/eiratech_ws/install/vox_nav_msgs/include/vox_nav_msgs/vox_nav_msgs/action/detail/navigate_to_pose__struct.hpp
[15.926s] -- Installing: /home/manish/eiratech_ws/install/vox_nav_msgs/include/vox_nav_msgs/vox_nav_msgs/action/detail/compute_path_to_pose__builder.hpp
[15.926s] -- Installing: /home/manish/eiratech_ws/install/vox_nav_msgs/include/vox_nav_msgs/vox_nav_msgs/action/detail/navigate_through_gps_poses__struct.hpp
[15.926s] -- Installing: /home/manish/eiratech_ws/install/vox_nav_msgs/include/vox_nav_msgs/vox_nav_msgs/action/detail/follow_path__struct.hpp
[15.926s] -- Installing: /home/manish/eiratech_ws/install/vox_nav_msgs/include/vox_nav_msgs/vox_nav_msgs/action/detail/navigate_through_poses__type_support.hpp
[15.926s] -- Installing: /home/manish/eiratech_ws/install/vox_nav_msgs/include/vox_nav_msgs/vox_nav_msgs/action/detail/compute_path_to_pose__type_support.hpp
[15.926s] -- Installing: /home/manish/eiratech_ws/install/vox_nav_msgs/include/vox_nav_msgs/vox_nav_msgs/action/detail/navigate_through_gps_poses__builder.hpp
[15.926s] -- Installing: /home/manish/eiratech_ws/install/vox_nav_msgs/include/vox_nav_msgs/vox_nav_msgs/action/detail/navigate_through_poses__struct.hpp
[15.926s] -- Installing: /home/manish/eiratech_ws/install/vox_nav_msgs/include/vox_nav_msgs/vox_nav_msgs/action/detail/navigate_to_pose__builder.hpp
[15.926s] -- Installing: /home/manish/eiratech_ws/install/vox_nav_msgs/include/vox_nav_msgs/vox_nav_msgs/action/detail/navigate_through_poses__builder.hpp
[15.926s] -- Installing: /home/manish/eiratech_ws/install/vox_nav_msgs/include/vox_nav_msgs/vox_nav_msgs/action/detail/navigate_through_gps_poses__traits.hpp
[15.926s] -- Installing: /home/manish/eiratech_ws/install/vox_nav_msgs/include/vox_nav_msgs/vox_nav_msgs/action/detail/compute_path_to_pose__struct.hpp
[15.926s] -- Installing: /home/manish/eiratech_ws/install/vox_nav_msgs/include/vox_nav_msgs/vox_nav_msgs/action/detail/navigate_to_pose__type_support.hpp
[15.926s] -- Installing: /home/manish/eiratech_ws/install/vox_nav_msgs/include/vox_nav_msgs/vox_nav_msgs/action/detail/navigate_through_poses__traits.hpp
[15.927s] -- Installing: /home/manish/eiratech_ws/install/vox_nav_msgs/include/vox_nav_msgs/vox_nav_msgs/action/detail/compute_path_to_pose__traits.hpp
[15.927s] -- Installing: /home/manish/eiratech_ws/install/vox_nav_msgs/include/vox_nav_msgs/vox_nav_msgs/action/detail/follow_path__traits.hpp
[15.927s] -- Installing: /home/manish/eiratech_ws/install/vox_nav_msgs/include/vox_nav_msgs/vox_nav_msgs/action/detail/navigate_to_pose__traits.hpp
[15.927s] -- Up-to-date: /home/manish/eiratech_ws/install/vox_nav_msgs/include/vox_nav_msgs/vox_nav_msgs/srv
[15.927s] -- Installing: /home/manish/eiratech_ws/install/vox_nav_msgs/include/vox_nav_msgs/vox_nav_msgs/srv/get_point_cloud.hpp
[15.927s] -- Installing: /home/manish/eiratech_ws/install/vox_nav_msgs/include/vox_nav_msgs/vox_nav_msgs/srv/get_osm_road_topology_map.hpp
[15.927s] -- Installing: /home/manish/eiratech_ws/install/vox_nav_msgs/include/vox_nav_msgs/vox_nav_msgs/srv/get_octomap.hpp
[15.927s] -- Up-to-date: /home/manish/eiratech_ws/install/vox_nav_msgs/include/vox_nav_msgs/vox_nav_msgs/srv/detail
[15.927s] -- Installing: /home/manish/eiratech_ws/install/vox_nav_msgs/include/vox_nav_msgs/vox_nav_msgs/srv/detail/get_osm_road_topology_map__type_support.hpp
[15.927s] -- Installing: /home/manish/eiratech_ws/install/vox_nav_msgs/include/vox_nav_msgs/vox_nav_msgs/srv/detail/get_traversability_map__builder.hpp
[15.927s] -- Installing: /home/manish/eiratech_ws/install/vox_nav_msgs/include/vox_nav_msgs/vox_nav_msgs/srv/detail/get_traversability_map__traits.hpp
[15.928s] -- Installing: /home/manish/eiratech_ws/install/vox_nav_msgs/include/vox_nav_msgs/vox_nav_msgs/srv/detail/get_traversability_map__type_support.hpp
[15.928s] -- Installing: /home/manish/eiratech_ws/install/vox_nav_msgs/include/vox_nav_msgs/vox_nav_msgs/srv/detail/get_traversability_map__struct.hpp
[15.928s] -- Installing: /home/manish/eiratech_ws/install/vox_nav_msgs/include/vox_nav_msgs/vox_nav_msgs/srv/detail/get_osm_road_topology_map__traits.hpp
[15.928s] -- Installing: /home/manish/eiratech_ws/install/vox_nav_msgs/include/vox_nav_msgs/vox_nav_msgs/srv/detail/get_octomap__traits.hpp
[15.928s] -- Installing: /home/manish/eiratech_ws/install/vox_nav_msgs/include/vox_nav_msgs/vox_nav_msgs/srv/detail/get_osm_road_topology_map__struct.hpp
[15.928s] -- Installing: /home/manish/eiratech_ws/install/vox_nav_msgs/include/vox_nav_msgs/vox_nav_msgs/srv/detail/get_octomap__struct.hpp
[15.928s] -- Installing: /home/manish/eiratech_ws/install/vox_nav_msgs/include/vox_nav_msgs/vox_nav_msgs/srv/detail/get_point_cloud__traits.hpp
[15.928s] -- Installing: /home/manish/eiratech_ws/install/vox_nav_msgs/include/vox_nav_msgs/vox_nav_msgs/srv/detail/get_octomap__type_support.hpp
[15.928s] -- Installing: /home/manish/eiratech_ws/install/vox_nav_msgs/include/vox_nav_msgs/vox_nav_msgs/srv/detail/get_octomap__builder.hpp
[15.928s] -- Installing: /home/manish/eiratech_ws/install/vox_nav_msgs/include/vox_nav_msgs/vox_nav_msgs/srv/detail/get_osm_road_topology_map__builder.hpp
[15.928s] -- Installing: /home/manish/eiratech_ws/install/vox_nav_msgs/include/vox_nav_msgs/vox_nav_msgs/srv/detail/get_point_cloud__struct.hpp
[15.928s] -- Installing: /home/manish/eiratech_ws/install/vox_nav_msgs/include/vox_nav_msgs/vox_nav_msgs/srv/detail/get_point_cloud__type_support.hpp
[15.928s] -- Installing: /home/manish/eiratech_ws/install/vox_nav_msgs/include/vox_nav_msgs/vox_nav_msgs/srv/detail/get_point_cloud__builder.hpp
[15.929s] -- Installing: /home/manish/eiratech_ws/install/vox_nav_msgs/include/vox_nav_msgs/vox_nav_msgs/srv/get_traversability_map.hpp
[15.929s] -- Up-to-date: /home/manish/eiratech_ws/install/vox_nav_msgs/include/vox_nav_msgs/vox_nav_msgs
[15.929s] -- Up-to-date: /home/manish/eiratech_ws/install/vox_nav_msgs/include/vox_nav_msgs/vox_nav_msgs/msg
[15.929s] -- Up-to-date: /home/manish/eiratech_ws/install/vox_nav_msgs/include/vox_nav_msgs/vox_nav_msgs/msg/detail
[15.929s] -- Installing: /home/manish/eiratech_ws/install/vox_nav_msgs/include/vox_nav_msgs/vox_nav_msgs/msg/detail/object__rosidl_typesupport_fastrtps_cpp.hpp
[15.929s] -- Installing: /home/manish/eiratech_ws/install/vox_nav_msgs/include/vox_nav_msgs/vox_nav_msgs/msg/detail/dds_fastrtps
[15.929s] -- Installing: /home/manish/eiratech_ws/install/vox_nav_msgs/include/vox_nav_msgs/vox_nav_msgs/msg/detail/semantic_road_label__rosidl_typesupport_fastrtps_cpp.hpp
[15.929s] -- Installing: /home/manish/eiratech_ws/install/vox_nav_msgs/include/vox_nav_msgs/vox_nav_msgs/msg/detail/object_array__rosidl_typesupport_fastrtps_cpp.hpp
[15.929s] -- Installing: /home/manish/eiratech_ws/install/vox_nav_msgs/include/vox_nav_msgs/vox_nav_msgs/msg/detail/oriented_nav_sat_fix__rosidl_typesupport_fastrtps_cpp.hpp
[15.929s] -- Installing: /home/manish/eiratech_ws/install/vox_nav_msgs/include/vox_nav_msgs/vox_nav_msgs/msg/rosidl_typesupport_fastrtps_cpp__visibility_control.h
[15.929s] -- Up-to-date: /home/manish/eiratech_ws/install/vox_nav_msgs/include/vox_nav_msgs/vox_nav_msgs/action
[15.929s] -- Up-to-date: /home/manish/eiratech_ws/install/vox_nav_msgs/include/vox_nav_msgs/vox_nav_msgs/action/detail
[15.929s] -- Installing: /home/manish/eiratech_ws/install/vox_nav_msgs/include/vox_nav_msgs/vox_nav_msgs/action/detail/navigate_to_pose__rosidl_typesupport_fastrtps_cpp.hpp
[15.930s] -- Installing: /home/manish/eiratech_ws/install/vox_nav_msgs/include/vox_nav_msgs/vox_nav_msgs/action/detail/dds_fastrtps
[15.930s] -- Installing: /home/manish/eiratech_ws/install/vox_nav_msgs/include/vox_nav_msgs/vox_nav_msgs/action/detail/navigate_through_gps_poses__rosidl_typesupport_fastrtps_cpp.hpp
[15.930s] -- Installing: /home/manish/eiratech_ws/install/vox_nav_msgs/include/vox_nav_msgs/vox_nav_msgs/action/detail/follow_path__rosidl_typesupport_fastrtps_cpp.hpp
[15.930s] -- Installing: /home/manish/eiratech_ws/install/vox_nav_msgs/include/vox_nav_msgs/vox_nav_msgs/action/detail/compute_path_to_pose__rosidl_typesupport_fastrtps_cpp.hpp
[15.930s] -- Installing: /home/manish/eiratech_ws/install/vox_nav_msgs/include/vox_nav_msgs/vox_nav_msgs/action/detail/navigate_through_poses__rosidl_typesupport_fastrtps_cpp.hpp
[15.930s] -- Up-to-date: /home/manish/eiratech_ws/install/vox_nav_msgs/include/vox_nav_msgs/vox_nav_msgs/srv
[15.930s] -- Up-to-date: /home/manish/eiratech_ws/install/vox_nav_msgs/include/vox_nav_msgs/vox_nav_msgs/srv/detail
[15.930s] -- Installing: /home/manish/eiratech_ws/install/vox_nav_msgs/include/vox_nav_msgs/vox_nav_msgs/srv/detail/get_traversability_map__rosidl_typesupport_fastrtps_cpp.hpp
[15.930s] -- Installing: /home/manish/eiratech_ws/install/vox_nav_msgs/include/vox_nav_msgs/vox_nav_msgs/srv/detail/get_point_cloud__rosidl_typesupport_fastrtps_cpp.hpp
[15.930s] -- Installing: /home/manish/eiratech_ws/install/vox_nav_msgs/include/vox_nav_msgs/vox_nav_msgs/srv/detail/dds_fastrtps
[15.930s] -- Installing: /home/manish/eiratech_ws/install/vox_nav_msgs/include/vox_nav_msgs/vox_nav_msgs/srv/detail/get_osm_road_topology_map__rosidl_typesupport_fastrtps_cpp.hpp
[15.930s] -- Installing: /home/manish/eiratech_ws/install/vox_nav_msgs/include/vox_nav_msgs/vox_nav_msgs/srv/detail/get_octomap__rosidl_typesupport_fastrtps_cpp.hpp
[15.930s] -- Installing: /home/manish/eiratech_ws/install/vox_nav_msgs/lib/libvox_nav_msgs__rosidl_typesupport_fastrtps_cpp.so
[15.931s] -- Set runtime path of "/home/manish/eiratech_ws/install/vox_nav_msgs/lib/libvox_nav_msgs__rosidl_typesupport_fastrtps_cpp.so" to ""
[15.931s] -- Up-to-date: /home/manish/eiratech_ws/install/vox_nav_msgs/include/vox_nav_msgs/vox_nav_msgs
[15.931s] -- Up-to-date: /home/manish/eiratech_ws/install/vox_nav_msgs/include/vox_nav_msgs/vox_nav_msgs/msg
[15.931s] -- Up-to-date: /home/manish/eiratech_ws/install/vox_nav_msgs/include/vox_nav_msgs/vox_nav_msgs/msg/detail
[15.931s] -- Installing: /home/manish/eiratech_ws/install/vox_nav_msgs/include/vox_nav_msgs/vox_nav_msgs/msg/detail/oriented_nav_sat_fix__type_support.c
[15.931s] -- Installing: /home/manish/eiratech_ws/install/vox_nav_msgs/include/vox_nav_msgs/vox_nav_msgs/msg/detail/object_array__rosidl_typesupport_introspection_c.h
[15.931s] -- Installing: /home/manish/eiratech_ws/install/vox_nav_msgs/include/vox_nav_msgs/vox_nav_msgs/msg/detail/object_array__type_support.c
[15.931s] -- Installing: /home/manish/eiratech_ws/install/vox_nav_msgs/include/vox_nav_msgs/vox_nav_msgs/msg/detail/object__type_support.c
[15.931s] -- Installing: /home/manish/eiratech_ws/install/vox_nav_msgs/include/vox_nav_msgs/vox_nav_msgs/msg/detail/object__rosidl_typesupport_introspection_c.h
[15.931s] -- Installing: /home/manish/eiratech_ws/install/vox_nav_msgs/include/vox_nav_msgs/vox_nav_msgs/msg/detail/oriented_nav_sat_fix__rosidl_typesupport_introspection_c.h
[15.931s] -- Installing: /home/manish/eiratech_ws/install/vox_nav_msgs/include/vox_nav_msgs/vox_nav_msgs/msg/detail/semantic_road_label__rosidl_typesupport_introspection_c.h
[15.932s] -- Installing: /home/manish/eiratech_ws/install/vox_nav_msgs/include/vox_nav_msgs/vox_nav_msgs/msg/detail/semantic_road_label__type_support.c
[15.932s] -- Installing: /home/manish/eiratech_ws/install/vox_nav_msgs/include/vox_nav_msgs/vox_nav_msgs/msg/rosidl_typesupport_introspection_c__visibility_control.h
[15.932s] -- Up-to-date: /home/manish/eiratech_ws/install/vox_nav_msgs/include/vox_nav_msgs/vox_nav_msgs/action
[15.932s] -- Up-to-date: /home/manish/eiratech_ws/install/vox_nav_msgs/include/vox_nav_msgs/vox_nav_msgs/action/detail
[15.932s] -- Installing: /home/manish/eiratech_ws/install/vox_nav_msgs/include/vox_nav_msgs/vox_nav_msgs/action/detail/compute_path_to_pose__type_support.c
[15.932s] -- Installing: /home/manish/eiratech_ws/install/vox_nav_msgs/include/vox_nav_msgs/vox_nav_msgs/action/detail/navigate_to_pose__rosidl_typesupport_introspection_c.h
[15.932s] -- Installing: /home/manish/eiratech_ws/install/vox_nav_msgs/include/vox_nav_msgs/vox_nav_msgs/action/detail/follow_path__type_support.c
[15.932s] -- Installing: /home/manish/eiratech_ws/install/vox_nav_msgs/include/vox_nav_msgs/vox_nav_msgs/action/detail/navigate_through_gps_poses__type_support.c
[15.932s] -- Installing: /home/manish/eiratech_ws/install/vox_nav_msgs/include/vox_nav_msgs/vox_nav_msgs/action/detail/compute_path_to_pose__rosidl_typesupport_introspection_c.h
[15.932s] -- Installing: /home/manish/eiratech_ws/install/vox_nav_msgs/include/vox_nav_msgs/vox_nav_msgs/action/detail/follow_path__rosidl_typesupport_introspection_c.h
[15.932s] -- Installing: /home/manish/eiratech_ws/install/vox_nav_msgs/include/vox_nav_msgs/vox_nav_msgs/action/detail/navigate_through_gps_poses__rosidl_typesupport_introspection_c.h
[15.932s] -- Installing: /home/manish/eiratech_ws/install/vox_nav_msgs/include/vox_nav_msgs/vox_nav_msgs/action/detail/navigate_through_poses__type_support.c
[15.932s] -- Installing: /home/manish/eiratech_ws/install/vox_nav_msgs/include/vox_nav_msgs/vox_nav_msgs/action/detail/navigate_to_pose__type_support.c
[15.933s] -- Installing: /home/manish/eiratech_ws/install/vox_nav_msgs/include/vox_nav_msgs/vox_nav_msgs/action/detail/navigate_through_poses__rosidl_typesupport_introspection_c.h
[15.933s] -- Up-to-date: /home/manish/eiratech_ws/install/vox_nav_msgs/include/vox_nav_msgs/vox_nav_msgs/srv
[15.933s] -- Up-to-date: /home/manish/eiratech_ws/install/vox_nav_msgs/include/vox_nav_msgs/vox_nav_msgs/srv/detail
[15.933s] -- Installing: /home/manish/eiratech_ws/install/vox_nav_msgs/include/vox_nav_msgs/vox_nav_msgs/srv/detail/get_octomap__rosidl_typesupport_introspection_c.h
[15.933s] -- Installing: /home/manish/eiratech_ws/install/vox_nav_msgs/include/vox_nav_msgs/vox_nav_msgs/srv/detail/get_osm_road_topology_map__type_support.c
[15.933s] -- Installing: /home/manish/eiratech_ws/install/vox_nav_msgs/include/vox_nav_msgs/vox_nav_msgs/srv/detail/get_traversability_map__type_support.c
[15.933s] -- Installing: /home/manish/eiratech_ws/install/vox_nav_msgs/include/vox_nav_msgs/vox_nav_msgs/srv/detail/get_traversability_map__rosidl_typesupport_introspection_c.h
[15.933s] -- Installing: /home/manish/eiratech_ws/install/vox_nav_msgs/include/vox_nav_msgs/vox_nav_msgs/srv/detail/get_osm_road_topology_map__rosidl_typesupport_introspection_c.h
[15.933s] -- Installing: /home/manish/eiratech_ws/install/vox_nav_msgs/include/vox_nav_msgs/vox_nav_msgs/srv/detail/get_point_cloud__type_support.c
[15.933s] -- Installing: /home/manish/eiratech_ws/install/vox_nav_msgs/include/vox_nav_msgs/vox_nav_msgs/srv/detail/get_octomap__type_support.c
[15.933s] -- Installing: /home/manish/eiratech_ws/install/vox_nav_msgs/include/vox_nav_msgs/vox_nav_msgs/srv/detail/get_point_cloud__rosidl_typesupport_introspection_c.h
[15.933s] -- Installing: /home/manish/eiratech_ws/install/vox_nav_msgs/lib/libvox_nav_msgs__rosidl_typesupport_introspection_c.so
[15.934s] -- Set runtime path of "/home/manish/eiratech_ws/install/vox_nav_msgs/lib/libvox_nav_msgs__rosidl_typesupport_introspection_c.so" to ""
[15.934s] -- Installing: /home/manish/eiratech_ws/install/vox_nav_msgs/lib/libvox_nav_msgs__rosidl_typesupport_c.so
[15.934s] -- Set runtime path of "/home/manish/eiratech_ws/install/vox_nav_msgs/lib/libvox_nav_msgs__rosidl_typesupport_c.so" to ""
[15.934s] -- Up-to-date: /home/manish/eiratech_ws/install/vox_nav_msgs/include/vox_nav_msgs/vox_nav_msgs
[15.934s] -- Up-to-date: /home/manish/eiratech_ws/install/vox_nav_msgs/include/vox_nav_msgs/vox_nav_msgs/msg
[15.934s] -- Up-to-date: /home/manish/eiratech_ws/install/vox_nav_msgs/include/vox_nav_msgs/vox_nav_msgs/msg/detail
[15.934s] -- Installing: /home/manish/eiratech_ws/install/vox_nav_msgs/include/vox_nav_msgs/vox_nav_msgs/msg/detail/oriented_nav_sat_fix__rosidl_typesupport_introspection_cpp.hpp
[15.934s] -- Installing: /home/manish/eiratech_ws/install/vox_nav_msgs/include/vox_nav_msgs/vox_nav_msgs/msg/detail/object_array__rosidl_typesupport_introspection_cpp.hpp
[15.935s] -- Installing: /home/manish/eiratech_ws/install/vox_nav_msgs/include/vox_nav_msgs/vox_nav_msgs/msg/detail/semantic_road_label__rosidl_typesupport_introspection_cpp.hpp
[15.935s] -- Installing: /home/manish/eiratech_ws/install/vox_nav_msgs/include/vox_nav_msgs/vox_nav_msgs/msg/detail/object__type_support.cpp
[15.935s] -- Installing: /home/manish/eiratech_ws/install/vox_nav_msgs/include/vox_nav_msgs/vox_nav_msgs/msg/detail/oriented_nav_sat_fix__type_support.cpp
[15.935s] -- Installing: /home/manish/eiratech_ws/install/vox_nav_msgs/include/vox_nav_msgs/vox_nav_msgs/msg/detail/semantic_road_label__type_support.cpp
[15.935s] -- Installing: /home/manish/eiratech_ws/install/vox_nav_msgs/include/vox_nav_msgs/vox_nav_msgs/msg/detail/object_array__type_support.cpp
[15.935s] -- Installing: /home/manish/eiratech_ws/install/vox_nav_msgs/include/vox_nav_msgs/vox_nav_msgs/msg/detail/object__rosidl_typesupport_introspection_cpp.hpp
[15.935s] -- Up-to-date: /home/manish/eiratech_ws/install/vox_nav_msgs/include/vox_nav_msgs/vox_nav_msgs/action
[15.935s] -- Up-to-date: /home/manish/eiratech_ws/install/vox_nav_msgs/include/vox_nav_msgs/vox_nav_msgs/action/detail
[15.935s] -- Installing: /home/manish/eiratech_ws/install/vox_nav_msgs/include/vox_nav_msgs/vox_nav_msgs/action/detail/follow_path__rosidl_typesupport_introspection_cpp.hpp
[15.935s] -- Installing: /home/manish/eiratech_ws/install/vox_nav_msgs/include/vox_nav_msgs/vox_nav_msgs/action/detail/navigate_through_poses__rosidl_typesupport_introspection_cpp.hpp
[15.935s] -- Installing: /home/manish/eiratech_ws/install/vox_nav_msgs/include/vox_nav_msgs/vox_nav_msgs/action/detail/navigate_to_pose__type_support.cpp
[15.935s] -- Installing: /home/manish/eiratech_ws/install/vox_nav_msgs/include/vox_nav_msgs/vox_nav_msgs/action/detail/navigate_through_gps_poses__type_support.cpp
[15.935s] -- Installing: /home/manish/eiratech_ws/install/vox_nav_msgs/include/vox_nav_msgs/vox_nav_msgs/action/detail/navigate_to_pose__rosidl_typesupport_introspection_cpp.hpp
[15.935s] -- Installing: /home/manish/eiratech_ws/install/vox_nav_msgs/include/vox_nav_msgs/vox_nav_msgs/action/detail/compute_path_to_pose__rosidl_typesupport_introspection_cpp.hpp
[15.936s] -- Installing: /home/manish/eiratech_ws/install/vox_nav_msgs/include/vox_nav_msgs/vox_nav_msgs/action/detail/navigate_through_gps_poses__rosidl_typesupport_introspection_cpp.hpp
[15.936s] -- Installing: /home/manish/eiratech_ws/install/vox_nav_msgs/include/vox_nav_msgs/vox_nav_msgs/action/detail/follow_path__type_support.cpp
[15.936s] -- Installing: /home/manish/eiratech_ws/install/vox_nav_msgs/include/vox_nav_msgs/vox_nav_msgs/action/detail/navigate_through_poses__type_support.cpp
[15.936s] -- Installing: /home/manish/eiratech_ws/install/vox_nav_msgs/include/vox_nav_msgs/vox_nav_msgs/action/detail/compute_path_to_pose__type_support.cpp
[15.936s] -- Up-to-date: /home/manish/eiratech_ws/install/vox_nav_msgs/include/vox_nav_msgs/vox_nav_msgs/srv
[15.936s] -- Up-to-date: /home/manish/eiratech_ws/install/vox_nav_msgs/include/vox_nav_msgs/vox_nav_msgs/srv/detail
[15.936s] -- Installing: /home/manish/eiratech_ws/install/vox_nav_msgs/include/vox_nav_msgs/vox_nav_msgs/srv/detail/get_point_cloud__type_support.cpp
[15.936s] -- Installing: /home/manish/eiratech_ws/install/vox_nav_msgs/include/vox_nav_msgs/vox_nav_msgs/srv/detail/get_octomap__rosidl_typesupport_introspection_cpp.hpp
[15.936s] -- Installing: /home/manish/eiratech_ws/install/vox_nav_msgs/include/vox_nav_msgs/vox_nav_msgs/srv/detail/get_traversability_map__rosidl_typesupport_introspection_cpp.hpp
[15.936s] -- Installing: /home/manish/eiratech_ws/install/vox_nav_msgs/include/vox_nav_msgs/vox_nav_msgs/srv/detail/get_point_cloud__rosidl_typesupport_introspection_cpp.hpp
[15.936s] -- Installing: /home/manish/eiratech_ws/install/vox_nav_msgs/include/vox_nav_msgs/vox_nav_msgs/srv/detail/get_osm_road_topology_map__rosidl_typesupport_introspection_cpp.hpp
[15.936s] -- Installing: /home/manish/eiratech_ws/install/vox_nav_msgs/include/vox_nav_msgs/vox_nav_msgs/srv/detail/get_octomap__type_support.cpp
[15.936s] -- Installing: /home/manish/eiratech_ws/install/vox_nav_msgs/include/vox_nav_msgs/vox_nav_msgs/srv/detail/get_traversability_map__type_support.cpp
[15.937s] -- Installing: /home/manish/eiratech_ws/install/vox_nav_msgs/include/vox_nav_msgs/vox_nav_msgs/srv/detail/get_osm_road_topology_map__type_support.cpp
[15.937s] -- Installing: /home/manish/eiratech_ws/install/vox_nav_msgs/lib/libvox_nav_msgs__rosidl_typesupport_introspection_cpp.so
[15.937s] -- Set runtime path of "/home/manish/eiratech_ws/install/vox_nav_msgs/lib/libvox_nav_msgs__rosidl_typesupport_introspection_cpp.so" to ""
[15.937s] -- Installing: /home/manish/eiratech_ws/install/vox_nav_msgs/lib/libvox_nav_msgs__rosidl_typesupport_cpp.so
[15.938s] -- Set runtime path of "/home/manish/eiratech_ws/install/vox_nav_msgs/lib/libvox_nav_msgs__rosidl_typesupport_cpp.so" to ""
[15.938s] -- Installing: /home/manish/eiratech_ws/install/vox_nav_msgs/share/vox_nav_msgs/environment/pythonpath.sh
[15.938s] -- Installing: /home/manish/eiratech_ws/install/vox_nav_msgs/share/vox_nav_msgs/environment/pythonpath.dsv
[15.938s] -- Installing: /home/manish/eiratech_ws/install/vox_nav_msgs/local/lib/python3.10/dist-packages/vox_nav_msgs-0.0.0-py3.10.egg-info
[15.938s] -- Installing: /home/manish/eiratech_ws/install/vox_nav_msgs/local/lib/python3.10/dist-packages/vox_nav_msgs-0.0.0-py3.10.egg-info/SOURCES.txt
[15.938s] -- Installing: /home/manish/eiratech_ws/install/vox_nav_msgs/local/lib/python3.10/dist-packages/vox_nav_msgs-0.0.0-py3.10.egg-info/dependency_links.txt
[15.938s] -- Installing: /home/manish/eiratech_ws/install/vox_nav_msgs/local/lib/python3.10/dist-packages/vox_nav_msgs-0.0.0-py3.10.egg-info/top_level.txt
[15.938s] -- Installing: /home/manish/eiratech_ws/install/vox_nav_msgs/local/lib/python3.10/dist-packages/vox_nav_msgs-0.0.0-py3.10.egg-info/PKG-INFO
[15.938s] -- Installing: /home/manish/eiratech_ws/install/vox_nav_msgs/local/lib/python3.10/dist-packages/vox_nav_msgs
[15.938s] -- Installing: /home/manish/eiratech_ws/install/vox_nav_msgs/local/lib/python3.10/dist-packages/vox_nav_msgs/msg
[15.938s] -- Installing: /home/manish/eiratech_ws/install/vox_nav_msgs/local/lib/python3.10/dist-packages/vox_nav_msgs/msg/__init__.py
[15.938s] -- Installing: /home/manish/eiratech_ws/install/vox_nav_msgs/local/lib/python3.10/dist-packages/vox_nav_msgs/msg/_object_array_s.c
[15.939s] -- Installing: /home/manish/eiratech_ws/install/vox_nav_msgs/local/lib/python3.10/dist-packages/vox_nav_msgs/msg/_object.py
[15.939s] -- Installing: /home/manish/eiratech_ws/install/vox_nav_msgs/local/lib/python3.10/dist-packages/vox_nav_msgs/msg/_semantic_road_label.py
[15.939s] -- Installing: /home/manish/eiratech_ws/install/vox_nav_msgs/local/lib/python3.10/dist-packages/vox_nav_msgs/msg/_oriented_nav_sat_fix.py
[15.939s] -- Installing: /home/manish/eiratech_ws/install/vox_nav_msgs/local/lib/python3.10/dist-packages/vox_nav_msgs/msg/_object_array.py
[15.939s] -- Installing: /home/manish/eiratech_ws/install/vox_nav_msgs/local/lib/python3.10/dist-packages/vox_nav_msgs/msg/_object_s.c
[15.939s] -- Installing: /home/manish/eiratech_ws/install/vox_nav_msgs/local/lib/python3.10/dist-packages/vox_nav_msgs/msg/_semantic_road_label_s.c
[15.939s] -- Installing: /home/manish/eiratech_ws/install/vox_nav_msgs/local/lib/python3.10/dist-packages/vox_nav_msgs/msg/_oriented_nav_sat_fix_s.c
[15.939s] -- Installing: /home/manish/eiratech_ws/install/vox_nav_msgs/local/lib/python3.10/dist-packages/vox_nav_msgs/__init__.py
[15.939s] -- Installing: /home/manish/eiratech_ws/install/vox_nav_msgs/local/lib/python3.10/dist-packages/vox_nav_msgs/action
[15.939s] -- Installing: /home/manish/eiratech_ws/install/vox_nav_msgs/local/lib/python3.10/dist-packages/vox_nav_msgs/action/__init__.py
[15.939s] -- Installing: /home/manish/eiratech_ws/install/vox_nav_msgs/local/lib/python3.10/dist-packages/vox_nav_msgs/action/_compute_path_to_pose.py
[15.939s] -- Installing: /home/manish/eiratech_ws/install/vox_nav_msgs/local/lib/python3.10/dist-packages/vox_nav_msgs/action/_follow_path.py
[15.939s] -- Installing: /home/manish/eiratech_ws/install/vox_nav_msgs/local/lib/python3.10/dist-packages/vox_nav_msgs/action/_navigate_to_pose_s.c
[15.940s] -- Installing: /home/manish/eiratech_ws/install/vox_nav_msgs/local/lib/python3.10/dist-packages/vox_nav_msgs/action/_navigate_to_pose.py
[15.940s] -- Installing: /home/manish/eiratech_ws/install/vox_nav_msgs/local/lib/python3.10/dist-packages/vox_nav_msgs/action/_navigate_through_poses.py
[15.940s] -- Installing: /home/manish/eiratech_ws/install/vox_nav_msgs/local/lib/python3.10/dist-packages/vox_nav_msgs/action/_follow_path_s.c
[15.940s] -- Installing: /home/manish/eiratech_ws/install/vox_nav_msgs/local/lib/python3.10/dist-packages/vox_nav_msgs/action/_compute_path_to_pose_s.c
[15.940s] -- Installing: /home/manish/eiratech_ws/install/vox_nav_msgs/local/lib/python3.10/dist-packages/vox_nav_msgs/action/_navigate_through_poses_s.c
[15.940s] -- Installing: /home/manish/eiratech_ws/install/vox_nav_msgs/local/lib/python3.10/dist-packages/vox_nav_msgs/action/_navigate_through_gps_poses_s.c
[15.940s] -- Installing: /home/manish/eiratech_ws/install/vox_nav_msgs/local/lib/python3.10/dist-packages/vox_nav_msgs/action/_navigate_through_gps_poses.py
[15.940s] -- Installing: /home/manish/eiratech_ws/install/vox_nav_msgs/local/lib/python3.10/dist-packages/vox_nav_msgs/_vox_nav_msgs_s.ep.rosidl_typesupport_introspection_c.c
[15.940s] -- Installing: /home/manish/eiratech_ws/install/vox_nav_msgs/local/lib/python3.10/dist-packages/vox_nav_msgs/_vox_nav_msgs_s.ep.rosidl_typesupport_fastrtps_c.c
[15.941s] -- Installing: /home/manish/eiratech_ws/install/vox_nav_msgs/local/lib/python3.10/dist-packages/vox_nav_msgs/_vox_nav_msgs_s.ep.rosidl_typesupport_c.c
[15.941s] -- Installing: /home/manish/eiratech_ws/install/vox_nav_msgs/local/lib/python3.10/dist-packages/vox_nav_msgs/vox_nav_msgs_s__rosidl_typesupport_introspection_c.cpython-310-x86_64-linux-gnu.so
[15.941s] -- Installing: /home/manish/eiratech_ws/install/vox_nav_msgs/local/lib/python3.10/dist-packages/vox_nav_msgs/vox_nav_msgs_s__rosidl_typesupport_fastrtps_c.cpython-310-x86_64-linux-gnu.so
[15.941s] -- Installing: /home/manish/eiratech_ws/install/vox_nav_msgs/local/lib/python3.10/dist-packages/vox_nav_msgs/vox_nav_msgs_s__rosidl_typesupport_c.cpython-310-x86_64-linux-gnu.so
[15.942s] -- Installing: /home/manish/eiratech_ws/install/vox_nav_msgs/local/lib/python3.10/dist-packages/vox_nav_msgs/libvox_nav_msgs__rosidl_generator_py.so
[15.942s] -- Installing: /home/manish/eiratech_ws/install/vox_nav_msgs/local/lib/python3.10/dist-packages/vox_nav_msgs/srv
[15.942s] -- Installing: /home/manish/eiratech_ws/install/vox_nav_msgs/local/lib/python3.10/dist-packages/vox_nav_msgs/srv/_get_point_cloud.py
[15.942s] -- Installing: /home/manish/eiratech_ws/install/vox_nav_msgs/local/lib/python3.10/dist-packages/vox_nav_msgs/srv/__init__.py
[15.942s] -- Installing: /home/manish/eiratech_ws/install/vox_nav_msgs/local/lib/python3.10/dist-packages/vox_nav_msgs/srv/_get_traversability_map_s.c
[15.942s] -- Installing: /home/manish/eiratech_ws/install/vox_nav_msgs/local/lib/python3.10/dist-packages/vox_nav_msgs/srv/_get_traversability_map.py
[15.942s] -- Installing: /home/manish/eiratech_ws/install/vox_nav_msgs/local/lib/python3.10/dist-packages/vox_nav_msgs/srv/_get_point_cloud_s.c
[15.942s] -- Installing: /home/manish/eiratech_ws/install/vox_nav_msgs/local/lib/python3.10/dist-packages/vox_nav_msgs/srv/_get_octomap.py
[15.942s] -- Installing: /home/manish/eiratech_ws/install/vox_nav_msgs/local/lib/python3.10/dist-packages/vox_nav_msgs/srv/_get_osm_road_topology_map.py
[15.942s] -- Installing: /home/manish/eiratech_ws/install/vox_nav_msgs/local/lib/python3.10/dist-packages/vox_nav_msgs/srv/_get_octomap_s.c
[15.942s] -- Installing: /home/manish/eiratech_ws/install/vox_nav_msgs/local/lib/python3.10/dist-packages/vox_nav_msgs/srv/_get_osm_road_topology_map_s.c
[16.009s] Listing '/home/manish/eiratech_ws/install/vox_nav_msgs/local/lib/python3.10/dist-packages/vox_nav_msgs'...
[16.009s] Compiling '/home/manish/eiratech_ws/install/vox_nav_msgs/local/lib/python3.10/dist-packages/vox_nav_msgs/__init__.py'...
[16.009s] Listing '/home/manish/eiratech_ws/install/vox_nav_msgs/local/lib/python3.10/dist-packages/vox_nav_msgs/action'...
[16.009s] Compiling '/home/manish/eiratech_ws/install/vox_nav_msgs/local/lib/python3.10/dist-packages/vox_nav_msgs/action/__init__.py'...
[16.009s] Compiling '/home/manish/eiratech_ws/install/vox_nav_msgs/local/lib/python3.10/dist-packages/vox_nav_msgs/action/_compute_path_to_pose.py'...
[16.009s] Compiling '/home/manish/eiratech_ws/install/vox_nav_msgs/local/lib/python3.10/dist-packages/vox_nav_msgs/action/_follow_path.py'...
[16.009s] Compiling '/home/manish/eiratech_ws/install/vox_nav_msgs/local/lib/python3.10/dist-packages/vox_nav_msgs/action/_navigate_through_gps_poses.py'...
[16.010s] Compiling '/home/manish/eiratech_ws/install/vox_nav_msgs/local/lib/python3.10/dist-packages/vox_nav_msgs/action/_navigate_through_poses.py'...
[16.010s] Compiling '/home/manish/eiratech_ws/install/vox_nav_msgs/local/lib/python3.10/dist-packages/vox_nav_msgs/action/_navigate_to_pose.py'...
[16.010s] Listing '/home/manish/eiratech_ws/install/vox_nav_msgs/local/lib/python3.10/dist-packages/vox_nav_msgs/msg'...
[16.010s] Compiling '/home/manish/eiratech_ws/install/vox_nav_msgs/local/lib/python3.10/dist-packages/vox_nav_msgs/msg/__init__.py'...
[16.010s] Compiling '/home/manish/eiratech_ws/install/vox_nav_msgs/local/lib/python3.10/dist-packages/vox_nav_msgs/msg/_object.py'...
[16.010s] Compiling '/home/manish/eiratech_ws/install/vox_nav_msgs/local/lib/python3.10/dist-packages/vox_nav_msgs/msg/_object_array.py'...
[16.010s] Compiling '/home/manish/eiratech_ws/install/vox_nav_msgs/local/lib/python3.10/dist-packages/vox_nav_msgs/msg/_oriented_nav_sat_fix.py'...
[16.010s] Compiling '/home/manish/eiratech_ws/install/vox_nav_msgs/local/lib/python3.10/dist-packages/vox_nav_msgs/msg/_semantic_road_label.py'...
[16.010s] Listing '/home/manish/eiratech_ws/install/vox_nav_msgs/local/lib/python3.10/dist-packages/vox_nav_msgs/srv'...
[16.010s] Compiling '/home/manish/eiratech_ws/install/vox_nav_msgs/local/lib/python3.10/dist-packages/vox_nav_msgs/srv/__init__.py'...
[16.010s] Compiling '/home/manish/eiratech_ws/install/vox_nav_msgs/local/lib/python3.10/dist-packages/vox_nav_msgs/srv/_get_octomap.py'...
[16.010s] Compiling '/home/manish/eiratech_ws/install/vox_nav_msgs/local/lib/python3.10/dist-packages/vox_nav_msgs/srv/_get_osm_road_topology_map.py'...
[16.010s] Compiling '/home/manish/eiratech_ws/install/vox_nav_msgs/local/lib/python3.10/dist-packages/vox_nav_msgs/srv/_get_point_cloud.py'...
[16.010s] Compiling '/home/manish/eiratech_ws/install/vox_nav_msgs/local/lib/python3.10/dist-packages/vox_nav_msgs/srv/_get_traversability_map.py'...
[16.013s] -- Installing: /home/manish/eiratech_ws/install/vox_nav_msgs/local/lib/python3.10/dist-packages/vox_nav_msgs/vox_nav_msgs_s__rosidl_typesupport_fastrtps_c.cpython-310-x86_64-linux-gnu.so
[16.014s] -- Set runtime path of "/home/manish/eiratech_ws/install/vox_nav_msgs/local/lib/python3.10/dist-packages/vox_nav_msgs/vox_nav_msgs_s__rosidl_typesupport_fastrtps_c.cpython-310-x86_64-linux-gnu.so" to ""
[16.014s] -- Installing: /home/manish/eiratech_ws/install/vox_nav_msgs/local/lib/python3.10/dist-packages/vox_nav_msgs/vox_nav_msgs_s__rosidl_typesupport_introspection_c.cpython-310-x86_64-linux-gnu.so
[16.014s] -- Set runtime path of "/home/manish/eiratech_ws/install/vox_nav_msgs/local/lib/python3.10/dist-packages/vox_nav_msgs/vox_nav_msgs_s__rosidl_typesupport_introspection_c.cpython-310-x86_64-linux-gnu.so" to ""
[16.014s] -- Installing: /home/manish/eiratech_ws/install/vox_nav_msgs/local/lib/python3.10/dist-packages/vox_nav_msgs/vox_nav_msgs_s__rosidl_typesupport_c.cpython-310-x86_64-linux-gnu.so
[16.015s] -- Set runtime path of "/home/manish/eiratech_ws/install/vox_nav_msgs/local/lib/python3.10/dist-packages/vox_nav_msgs/vox_nav_msgs_s__rosidl_typesupport_c.cpython-310-x86_64-linux-gnu.so" to ""
[16.015s] -- Installing: /home/manish/eiratech_ws/install/vox_nav_msgs/lib/libvox_nav_msgs__rosidl_generator_py.so
[16.015s] -- Set runtime path of "/home/manish/eiratech_ws/install/vox_nav_msgs/lib/libvox_nav_msgs__rosidl_generator_py.so" to ""
[16.015s] -- Installing: /home/manish/eiratech_ws/install/vox_nav_msgs/share/vox_nav_msgs/msg/Object.idl
[16.015s] -- Installing: /home/manish/eiratech_ws/install/vox_nav_msgs/share/vox_nav_msgs/msg/ObjectArray.idl
[16.015s] -- Installing: /home/manish/eiratech_ws/install/vox_nav_msgs/share/vox_nav_msgs/msg/OrientedNavSatFix.idl
[16.016s] -- Installing: /home/manish/eiratech_ws/install/vox_nav_msgs/share/vox_nav_msgs/msg/SemanticRoadLabel.idl
[16.016s] -- Installing: /home/manish/eiratech_ws/install/vox_nav_msgs/share/vox_nav_msgs/srv/GetOctomap.idl
[16.016s] -- Installing: /home/manish/eiratech_ws/install/vox_nav_msgs/share/vox_nav_msgs/srv/GetOSMRoadTopologyMap.idl
[16.016s] -- Installing: /home/manish/eiratech_ws/install/vox_nav_msgs/share/vox_nav_msgs/srv/GetPointCloud.idl
[16.016s] -- Installing: /home/manish/eiratech_ws/install/vox_nav_msgs/share/vox_nav_msgs/srv/GetTraversabilityMap.idl
[16.016s] -- Installing: /home/manish/eiratech_ws/install/vox_nav_msgs/share/vox_nav_msgs/action/ComputePathToPose.idl
[16.016s] -- Installing: /home/manish/eiratech_ws/install/vox_nav_msgs/share/vox_nav_msgs/action/FollowPath.idl
[16.016s] -- Installing: /home/manish/eiratech_ws/install/vox_nav_msgs/share/vox_nav_msgs/action/NavigateToPose.idl
[16.016s] -- Installing: /home/manish/eiratech_ws/install/vox_nav_msgs/share/vox_nav_msgs/action/NavigateThroughGPSPoses.idl
[16.016s] -- Installing: /home/manish/eiratech_ws/install/vox_nav_msgs/share/vox_nav_msgs/action/NavigateThroughPoses.idl
[16.017s] -- Installing: /home/manish/eiratech_ws/install/vox_nav_msgs/share/vox_nav_msgs/msg/Object.msg
[16.017s] -- Installing: /home/manish/eiratech_ws/install/vox_nav_msgs/share/vox_nav_msgs/msg/ObjectArray.msg
[16.017s] -- Installing: /home/manish/eiratech_ws/install/vox_nav_msgs/share/vox_nav_msgs/msg/OrientedNavSatFix.msg
[16.017s] -- Installing: /home/manish/eiratech_ws/install/vox_nav_msgs/share/vox_nav_msgs/msg/SemanticRoadLabel.msg
[16.017s] -- Installing: /home/manish/eiratech_ws/install/vox_nav_msgs/share/vox_nav_msgs/srv/GetOctomap.srv
[16.017s] -- Installing: /home/manish/eiratech_ws/install/vox_nav_msgs/share/vox_nav_msgs/srv/GetOctomap_Request.msg
[16.017s] -- Installing: /home/manish/eiratech_ws/install/vox_nav_msgs/share/vox_nav_msgs/srv/GetOctomap_Response.msg
[16.017s] -- Installing: /home/manish/eiratech_ws/install/vox_nav_msgs/share/vox_nav_msgs/srv/GetOSMRoadTopologyMap.srv
[16.017s] -- Installing: /home/manish/eiratech_ws/install/vox_nav_msgs/share/vox_nav_msgs/srv/GetOSMRoadTopologyMap_Request.msg
[16.018s] -- Installing: /home/manish/eiratech_ws/install/vox_nav_msgs/share/vox_nav_msgs/srv/GetOSMRoadTopologyMap_Response.msg
[16.018s] -- Installing: /home/manish/eiratech_ws/install/vox_nav_msgs/share/vox_nav_msgs/srv/GetPointCloud.srv
[16.018s] -- Installing: /home/manish/eiratech_ws/install/vox_nav_msgs/share/vox_nav_msgs/srv/GetPointCloud_Request.msg
[16.018s] -- Installing: /home/manish/eiratech_ws/install/vox_nav_msgs/share/vox_nav_msgs/srv/GetPointCloud_Response.msg
[16.018s] -- Installing: /home/manish/eiratech_ws/install/vox_nav_msgs/share/vox_nav_msgs/srv/GetTraversabilityMap.srv
[16.018s] -- Installing: /home/manish/eiratech_ws/install/vox_nav_msgs/share/vox_nav_msgs/srv/GetTraversabilityMap_Request.msg
[16.018s] -- Installing: /home/manish/eiratech_ws/install/vox_nav_msgs/share/vox_nav_msgs/srv/GetTraversabilityMap_Response.msg
[16.018s] -- Installing: /home/manish/eiratech_ws/install/vox_nav_msgs/share/vox_nav_msgs/action/ComputePathToPose.action
[16.018s] -- Installing: /home/manish/eiratech_ws/install/vox_nav_msgs/share/vox_nav_msgs/action/FollowPath.action
[16.019s] -- Installing: /home/manish/eiratech_ws/install/vox_nav_msgs/share/vox_nav_msgs/action/NavigateToPose.action
[16.019s] -- Installing: /home/manish/eiratech_ws/install/vox_nav_msgs/share/vox_nav_msgs/action/NavigateThroughGPSPoses.action
[16.019s] -- Installing: /home/manish/eiratech_ws/install/vox_nav_msgs/share/vox_nav_msgs/action/NavigateThroughPoses.action
[16.019s] -- Installing: /home/manish/eiratech_ws/install/vox_nav_msgs/share/ament_index/resource_index/package_run_dependencies/vox_nav_msgs
[16.019s] -- Installing: /home/manish/eiratech_ws/install/vox_nav_msgs/share/ament_index/resource_index/parent_prefix_path/vox_nav_msgs
[16.019s] -- Installing: /home/manish/eiratech_ws/install/vox_nav_msgs/share/vox_nav_msgs/environment/ament_prefix_path.sh
[16.019s] -- Installing: /home/manish/eiratech_ws/install/vox_nav_msgs/share/vox_nav_msgs/environment/ament_prefix_path.dsv
[16.019s] -- Installing: /home/manish/eiratech_ws/install/vox_nav_msgs/share/vox_nav_msgs/environment/path.sh
[16.019s] -- Installing: /home/manish/eiratech_ws/install/vox_nav_msgs/share/vox_nav_msgs/environment/path.dsv
[16.020s] -- Installing: /home/manish/eiratech_ws/install/vox_nav_msgs/share/vox_nav_msgs/local_setup.bash
[16.020s] -- Installing: /home/manish/eiratech_ws/install/vox_nav_msgs/share/vox_nav_msgs/local_setup.sh
[16.020s] -- Installing: /home/manish/eiratech_ws/install/vox_nav_msgs/share/vox_nav_msgs/local_setup.zsh
[16.020s] -- Installing: /home/manish/eiratech_ws/install/vox_nav_msgs/share/vox_nav_msgs/local_setup.dsv
[16.020s] -- Installing: /home/manish/eiratech_ws/install/vox_nav_msgs/share/vox_nav_msgs/package.dsv
[16.020s] -- Installing: /home/manish/eiratech_ws/install/vox_nav_msgs/share/ament_index/resource_index/packages/vox_nav_msgs
[16.020s] -- Installing: /home/manish/eiratech_ws/install/vox_nav_msgs/share/vox_nav_msgs/cmake/export_vox_nav_msgs__rosidl_generator_cExport.cmake
[16.020s] -- Installing: /home/manish/eiratech_ws/install/vox_nav_msgs/share/vox_nav_msgs/cmake/export_vox_nav_msgs__rosidl_generator_cExport-noconfig.cmake
[16.021s] -- Installing: /home/manish/eiratech_ws/install/vox_nav_msgs/share/vox_nav_msgs/cmake/export_vox_nav_msgs__rosidl_typesupport_fastrtps_cExport.cmake
[16.021s] -- Installing: /home/manish/eiratech_ws/install/vox_nav_msgs/share/vox_nav_msgs/cmake/export_vox_nav_msgs__rosidl_typesupport_fastrtps_cExport-noconfig.cmake
[16.021s] -- Installing: /home/manish/eiratech_ws/install/vox_nav_msgs/share/vox_nav_msgs/cmake/export_vox_nav_msgs__rosidl_generator_cppExport.cmake
[16.021s] -- Installing: /home/manish/eiratech_ws/install/vox_nav_msgs/share/vox_nav_msgs/cmake/export_vox_nav_msgs__rosidl_typesupport_fastrtps_cppExport.cmake
[16.021s] -- Installing: /home/manish/eiratech_ws/install/vox_nav_msgs/share/vox_nav_msgs/cmake/export_vox_nav_msgs__rosidl_typesupport_fastrtps_cppExport-noconfig.cmake
[16.021s] -- Installing: /home/manish/eiratech_ws/install/vox_nav_msgs/share/vox_nav_msgs/cmake/vox_nav_msgs__rosidl_typesupport_introspection_cExport.cmake
[16.021s] -- Installing: /home/manish/eiratech_ws/install/vox_nav_msgs/share/vox_nav_msgs/cmake/vox_nav_msgs__rosidl_typesupport_introspection_cExport-noconfig.cmake
[16.021s] -- Installing: /home/manish/eiratech_ws/install/vox_nav_msgs/share/vox_nav_msgs/cmake/vox_nav_msgs__rosidl_typesupport_cExport.cmake
[16.022s] -- Installing: /home/manish/eiratech_ws/install/vox_nav_msgs/share/vox_nav_msgs/cmake/vox_nav_msgs__rosidl_typesupport_cExport-noconfig.cmake
[16.022s] -- Installing: /home/manish/eiratech_ws/install/vox_nav_msgs/share/vox_nav_msgs/cmake/vox_nav_msgs__rosidl_typesupport_introspection_cppExport.cmake
[16.022s] -- Installing: /home/manish/eiratech_ws/install/vox_nav_msgs/share/vox_nav_msgs/cmake/vox_nav_msgs__rosidl_typesupport_introspection_cppExport-noconfig.cmake
[16.022s] -- Installing: /home/manish/eiratech_ws/install/vox_nav_msgs/share/vox_nav_msgs/cmake/vox_nav_msgs__rosidl_typesupport_cppExport.cmake
[16.022s] -- Installing: /home/manish/eiratech_ws/install/vox_nav_msgs/share/vox_nav_msgs/cmake/vox_nav_msgs__rosidl_typesupport_cppExport-noconfig.cmake
[16.022s] -- Installing: /home/manish/eiratech_ws/install/vox_nav_msgs/share/vox_nav_msgs/cmake/export_vox_nav_msgs__rosidl_generator_pyExport.cmake
[16.022s] -- Installing: /home/manish/eiratech_ws/install/vox_nav_msgs/share/vox_nav_msgs/cmake/export_vox_nav_msgs__rosidl_generator_pyExport-noconfig.cmake
[16.022s] -- Installing: /home/manish/eiratech_ws/install/vox_nav_msgs/share/vox_nav_msgs/cmake/rosidl_cmake-extras.cmake
[16.023s] -- Installing: /home/manish/eiratech_ws/install/vox_nav_msgs/share/vox_nav_msgs/cmake/ament_cmake_export_dependencies-extras.cmake
[16.023s] -- Installing: /home/manish/eiratech_ws/install/vox_nav_msgs/share/vox_nav_msgs/cmake/ament_cmake_export_include_directories-extras.cmake
[16.023s] -- Installing: /home/manish/eiratech_ws/install/vox_nav_msgs/share/vox_nav_msgs/cmake/ament_cmake_export_libraries-extras.cmake
[16.023s] -- Installing: /home/manish/eiratech_ws/install/vox_nav_msgs/share/vox_nav_msgs/cmake/ament_cmake_export_targets-extras.cmake
[16.023s] -- Installing: /home/manish/eiratech_ws/install/vox_nav_msgs/share/vox_nav_msgs/cmake/rosidl_cmake_export_typesupport_targets-extras.cmake
[16.023s] -- Installing: /home/manish/eiratech_ws/install/vox_nav_msgs/share/vox_nav_msgs/cmake/rosidl_cmake_export_typesupport_libraries-extras.cmake
[16.023s] -- Installing: /home/manish/eiratech_ws/install/vox_nav_msgs/share/vox_nav_msgs/cmake/vox_nav_msgsConfig.cmake
[16.023s] -- Installing: /home/manish/eiratech_ws/install/vox_nav_msgs/share/vox_nav_msgs/cmake/vox_nav_msgsConfig-version.cmake
[16.023s] -- Installing: /home/manish/eiratech_ws/install/vox_nav_msgs/share/vox_nav_msgs/package.xml
[16.025s] Invoked command in '/home/manish/eiratech_ws/build/vox_nav_msgs' returned '0': CMAKE_PREFIX_PATH=${CMAKE_PREFIX_PATH}:/opt/ros/humble /usr/bin/cmake --install /home/manish/eiratech_ws/build/vox_nav_msgs
