-- Install configuration: ""
-- Up-to-date: /home/student/eiratech_ws/install/cropmap_nav2/share/cropmap_nav2//launch
-- Up-to-date: /home/student/eiratech_ws/install/cropmap_nav2/share/cropmap_nav2//launch/slam.launch.py
-- Up-to-date: /home/student/eiratech_ws/install/cropmap_nav2/share/cropmap_nav2//config
-- Up-to-date: /home/student/eiratech_ws/install/cropmap_nav2/share/cropmap_nav2//config/mapper_params_online_async.yaml
-- Up-to-date: /home/student/eiratech_ws/install/cropmap_nav2/share/cropmap_nav2//config/controller_config.yaml
-- Up-to-date: /home/student/eiratech_ws/install/cropmap_nav2/share/cropmap_nav2//rviz
-- Up-to-date: /home/student/eiratech_ws/install/cropmap_nav2/share/cropmap_nav2//rviz/slam_config.rviz
-- Up-to-date: /home/student/eiratech_ws/install/cropmap_nav2/share/cropmap_nav2//maps
-- Up-to-date: /home/student/eiratech_ws/install/cropmap_nav2/share/ament_index/resource_index/package_run_dependencies/cropmap_nav2
-- Up-to-date: /home/student/eiratech_ws/install/cropmap_nav2/share/ament_index/resource_index/parent_prefix_path/cropmap_nav2
-- Up-to-date: /home/student/eiratech_ws/install/cropmap_nav2/share/cropmap_nav2/environment/ament_prefix_path.sh
-- Up-to-date: /home/student/eiratech_ws/install/cropmap_nav2/share/cropmap_nav2/environment/ament_prefix_path.dsv
-- Up-to-date: /home/student/eiratech_ws/install/cropmap_nav2/share/cropmap_nav2/environment/path.sh
-- Up-to-date: /home/student/eiratech_ws/install/cropmap_nav2/share/cropmap_nav2/environment/path.dsv
-- Up-to-date: /home/student/eiratech_ws/install/cropmap_nav2/share/cropmap_nav2/local_setup.bash
-- Up-to-date: /home/student/eiratech_ws/install/cropmap_nav2/share/cropmap_nav2/local_setup.sh
-- Up-to-date: /home/student/eiratech_ws/install/cropmap_nav2/share/cropmap_nav2/local_setup.zsh
-- Up-to-date: /home/student/eiratech_ws/install/cropmap_nav2/share/cropmap_nav2/local_setup.dsv
-- Installing: /home/student/eiratech_ws/install/cropmap_nav2/share/cropmap_nav2/package.dsv
-- Up-to-date: /home/student/eiratech_ws/install/cropmap_nav2/share/ament_index/resource_index/packages/cropmap_nav2
-- Up-to-date: /home/student/eiratech_ws/install/cropmap_nav2/share/cropmap_nav2/cmake/cropmap_nav2Config.cmake
-- Up-to-date: /home/student/eiratech_ws/install/cropmap_nav2/share/cropmap_nav2/cmake/cropmap_nav2Config-version.cmake
-- Up-to-date: /home/student/eiratech_ws/install/cropmap_nav2/share/cropmap_nav2/package.xml
