[0.012s] Invoking command in '/home/student/eiratech_ws/build/cropmap_nav2': CMAKE_PREFIX_PATH=/home/student/eiratech_ws/install/robot_bringup:/home/student/eiratech_ws/install/robot_description:/home/student/eiratech_ws/install/cropmap_nav2:/opt/ros/jazzy/opt/gz_sim_vendor:/opt/ros/jazzy/opt/gz_sensors_vendor:/opt/ros/jazzy/opt/gz_physics_vendor:/opt/ros/jazzy/opt/sdformat_vendor:/opt/ros/jazzy/opt/gz_gui_vendor:/opt/ros/jazzy/opt/gz_transport_vendor:/opt/ros/jazzy/opt/gz_rendering_vendor:/opt/ros/jazzy/opt/gz_plugin_vendor:/opt/ros/jazzy/opt/gz_fuel_tools_vendor:/opt/ros/jazzy/opt/gz_msgs_vendor:/opt/ros/jazzy/opt/gz_common_vendor:/opt/ros/jazzy/opt/gz_math_vendor:/opt/ros/jazzy/opt/gz_utils_vendor:/opt/ros/jazzy/opt/gz_tools_vendor:/opt/ros/jazzy/opt/gz_ogre_next_vendor:/opt/ros/jazzy/opt/gz_dartsim_vendor:/opt/ros/jazzy/opt/gz_cmake_vendor:/opt/ros/jazzy DEBUGINFOD_URLS=https://debuginfod.ubuntu.com /usr/bin/cmake --build /home/student/eiratech_ws/build/cropmap_nav2 -- -j28 -l28
[0.081s] Invoked command in '/home/student/eiratech_ws/build/cropmap_nav2' returned '0': CMAKE_PREFIX_PATH=/home/student/eiratech_ws/install/robot_bringup:/home/student/eiratech_ws/install/robot_description:/home/student/eiratech_ws/install/cropmap_nav2:/opt/ros/jazzy/opt/gz_sim_vendor:/opt/ros/jazzy/opt/gz_sensors_vendor:/opt/ros/jazzy/opt/gz_physics_vendor:/opt/ros/jazzy/opt/sdformat_vendor:/opt/ros/jazzy/opt/gz_gui_vendor:/opt/ros/jazzy/opt/gz_transport_vendor:/opt/ros/jazzy/opt/gz_rendering_vendor:/opt/ros/jazzy/opt/gz_plugin_vendor:/opt/ros/jazzy/opt/gz_fuel_tools_vendor:/opt/ros/jazzy/opt/gz_msgs_vendor:/opt/ros/jazzy/opt/gz_common_vendor:/opt/ros/jazzy/opt/gz_math_vendor:/opt/ros/jazzy/opt/gz_utils_vendor:/opt/ros/jazzy/opt/gz_tools_vendor:/opt/ros/jazzy/opt/gz_ogre_next_vendor:/opt/ros/jazzy/opt/gz_dartsim_vendor:/opt/ros/jazzy/opt/gz_cmake_vendor:/opt/ros/jazzy DEBUGINFOD_URLS=https://debuginfod.ubuntu.com /usr/bin/cmake --build /home/student/eiratech_ws/build/cropmap_nav2 -- -j28 -l28
[0.083s] Invoking command in '/home/student/eiratech_ws/build/cropmap_nav2': CMAKE_PREFIX_PATH=/home/student/eiratech_ws/install/robot_bringup:/home/student/eiratech_ws/install/robot_description:/home/student/eiratech_ws/install/cropmap_nav2:/opt/ros/jazzy/opt/gz_sim_vendor:/opt/ros/jazzy/opt/gz_sensors_vendor:/opt/ros/jazzy/opt/gz_physics_vendor:/opt/ros/jazzy/opt/sdformat_vendor:/opt/ros/jazzy/opt/gz_gui_vendor:/opt/ros/jazzy/opt/gz_transport_vendor:/opt/ros/jazzy/opt/gz_rendering_vendor:/opt/ros/jazzy/opt/gz_plugin_vendor:/opt/ros/jazzy/opt/gz_fuel_tools_vendor:/opt/ros/jazzy/opt/gz_msgs_vendor:/opt/ros/jazzy/opt/gz_common_vendor:/opt/ros/jazzy/opt/gz_math_vendor:/opt/ros/jazzy/opt/gz_utils_vendor:/opt/ros/jazzy/opt/gz_tools_vendor:/opt/ros/jazzy/opt/gz_ogre_next_vendor:/opt/ros/jazzy/opt/gz_dartsim_vendor:/opt/ros/jazzy/opt/gz_cmake_vendor:/opt/ros/jazzy DEBUGINFOD_URLS=https://debuginfod.ubuntu.com /usr/bin/cmake --install /home/student/eiratech_ws/build/cropmap_nav2
[0.097s] -- Install configuration: ""
[0.097s] -- Up-to-date: /home/student/eiratech_ws/install/cropmap_nav2/share/cropmap_nav2//launch
[0.097s] -- Up-to-date: /home/student/eiratech_ws/install/cropmap_nav2/share/cropmap_nav2//launch/slam.launch.py
[0.097s] -- Up-to-date: /home/student/eiratech_ws/install/cropmap_nav2/share/cropmap_nav2//config
[0.097s] -- Up-to-date: /home/student/eiratech_ws/install/cropmap_nav2/share/cropmap_nav2//config/mapper_params_online_async.yaml
[0.097s] -- Up-to-date: /home/student/eiratech_ws/install/cropmap_nav2/share/cropmap_nav2//config/controller_config.yaml
[0.098s] -- Up-to-date: /home/student/eiratech_ws/install/cropmap_nav2/share/cropmap_nav2//rviz
[0.098s] -- Up-to-date: /home/student/eiratech_ws/install/cropmap_nav2/share/cropmap_nav2//rviz/slam_config.rviz
[0.098s] -- Up-to-date: /home/student/eiratech_ws/install/cropmap_nav2/share/cropmap_nav2//maps
[0.098s] -- Up-to-date: /home/student/eiratech_ws/install/cropmap_nav2/share/ament_index/resource_index/package_run_dependencies/cropmap_nav2
[0.098s] -- Up-to-date: /home/student/eiratech_ws/install/cropmap_nav2/share/ament_index/resource_index/parent_prefix_path/cropmap_nav2
[0.098s] -- Up-to-date: /home/student/eiratech_ws/install/cropmap_nav2/share/cropmap_nav2/environment/ament_prefix_path.sh
[0.098s] -- Up-to-date: /home/student/eiratech_ws/install/cropmap_nav2/share/cropmap_nav2/environment/ament_prefix_path.dsv
[0.098s] -- Up-to-date: /home/student/eiratech_ws/install/cropmap_nav2/share/cropmap_nav2/environment/path.sh
[0.098s] -- Up-to-date: /home/student/eiratech_ws/install/cropmap_nav2/share/cropmap_nav2/environment/path.dsv
[0.098s] -- Up-to-date: /home/student/eiratech_ws/install/cropmap_nav2/share/cropmap_nav2/local_setup.bash
[0.098s] -- Up-to-date: /home/student/eiratech_ws/install/cropmap_nav2/share/cropmap_nav2/local_setup.sh
[0.098s] -- Up-to-date: /home/student/eiratech_ws/install/cropmap_nav2/share/cropmap_nav2/local_setup.zsh
[0.098s] -- Up-to-date: /home/student/eiratech_ws/install/cropmap_nav2/share/cropmap_nav2/local_setup.dsv
[0.098s] -- Installing: /home/student/eiratech_ws/install/cropmap_nav2/share/cropmap_nav2/package.dsv
[0.098s] -- Up-to-date: /home/student/eiratech_ws/install/cropmap_nav2/share/ament_index/resource_index/packages/cropmap_nav2
[0.098s] -- Up-to-date: /home/student/eiratech_ws/install/cropmap_nav2/share/cropmap_nav2/cmake/cropmap_nav2Config.cmake
[0.098s] -- Up-to-date: /home/student/eiratech_ws/install/cropmap_nav2/share/cropmap_nav2/cmake/cropmap_nav2Config-version.cmake
[0.098s] -- Up-to-date: /home/student/eiratech_ws/install/cropmap_nav2/share/cropmap_nav2/package.xml
[0.099s] Invoked command in '/home/student/eiratech_ws/build/cropmap_nav2' returned '0': CMAKE_PREFIX_PATH=/home/student/eiratech_ws/install/robot_bringup:/home/student/eiratech_ws/install/robot_description:/home/student/eiratech_ws/install/cropmap_nav2:/opt/ros/jazzy/opt/gz_sim_vendor:/opt/ros/jazzy/opt/gz_sensors_vendor:/opt/ros/jazzy/opt/gz_physics_vendor:/opt/ros/jazzy/opt/sdformat_vendor:/opt/ros/jazzy/opt/gz_gui_vendor:/opt/ros/jazzy/opt/gz_transport_vendor:/opt/ros/jazzy/opt/gz_rendering_vendor:/opt/ros/jazzy/opt/gz_plugin_vendor:/opt/ros/jazzy/opt/gz_fuel_tools_vendor:/opt/ros/jazzy/opt/gz_msgs_vendor:/opt/ros/jazzy/opt/gz_common_vendor:/opt/ros/jazzy/opt/gz_math_vendor:/opt/ros/jazzy/opt/gz_utils_vendor:/opt/ros/jazzy/opt/gz_tools_vendor:/opt/ros/jazzy/opt/gz_ogre_next_vendor:/opt/ros/jazzy/opt/gz_dartsim_vendor:/opt/ros/jazzy/opt/gz_cmake_vendor:/opt/ros/jazzy DEBUGINFOD_URLS=https://debuginfod.ubuntu.com /usr/bin/cmake --install /home/student/eiratech_ws/build/cropmap_nav2
