[ 10%] Built target planner_server
[ 21%] Built target se3_planner
[ 31%] Built target se2_planner
[ 57%] Built target vox_nav_ompl_planners
[ 68%] Built target elevation_planner
[ 78%] Built target polytunnel_planner
[ 89%] Built target elevation_control_planner
[100%] Built target osm_elevation_planner
-- Install configuration: ""
-- Up-to-date: /home/manish/eiratech_ws/install/vox_nav_planning/lib/libosm_elevation_planner.so
-- Up-to-date: /home/manish/eiratech_ws/install/vox_nav_planning/lib/libelevation_planner.so
-- Up-to-date: /home/manish/eiratech_ws/install/vox_nav_planning/lib/libelevation_control_planner.so
-- Up-to-date: /home/manish/eiratech_ws/install/vox_nav_planning/lib/libpolytunnel_planner.so
-- Up-to-date: /home/manish/eiratech_ws/install/vox_nav_planning/lib/libse2_planner.so
-- Up-to-date: /home/manish/eiratech_ws/install/vox_nav_planning/lib/libse3_planner.so
-- Up-to-date: /home/manish/eiratech_ws/install/vox_nav_planning/lib/libvox_nav_ompl_planners.so
-- Up-to-date: /home/manish/eiratech_ws/install/vox_nav_planning/lib/vox_nav_planning/planner_server
-- Up-to-date: /home/manish/eiratech_ws/install/vox_nav_planning/include/
-- Up-to-date: /home/manish/eiratech_ws/install/vox_nav_planning/include//vox_nav_planning
-- Up-to-date: /home/manish/eiratech_ws/install/vox_nav_planning/include//vox_nav_planning/plugins
-- Up-to-date: /home/manish/eiratech_ws/install/vox_nav_planning/include//vox_nav_planning/plugins/se2_planner.hpp
-- Up-to-date: /home/manish/eiratech_ws/install/vox_nav_planning/include//vox_nav_planning/plugins/elevation_planner.hpp
-- Up-to-date: /home/manish/eiratech_ws/install/vox_nav_planning/include//vox_nav_planning/plugins/osm_elevation_planner.hpp
-- Up-to-date: /home/manish/eiratech_ws/install/vox_nav_planning/include//vox_nav_planning/plugins/elevation_control_planner.hpp
-- Up-to-date: /home/manish/eiratech_ws/install/vox_nav_planning/include//vox_nav_planning/plugins/polytunnel_planner.hpp
-- Up-to-date: /home/manish/eiratech_ws/install/vox_nav_planning/include//vox_nav_planning/plugins/se3_planner.hpp
-- Up-to-date: /home/manish/eiratech_ws/install/vox_nav_planning/include//vox_nav_planning/plugins/optimal_elevation_planner.hpp
-- Up-to-date: /home/manish/eiratech_ws/install/vox_nav_planning/include//vox_nav_planning/native_planners
-- Up-to-date: /home/manish/eiratech_ws/install/vox_nav_planning/include//vox_nav_planning/native_planners/InformedSGCP.hpp
-- Up-to-date: /home/manish/eiratech_ws/install/vox_nav_planning/include//vox_nav_planning/native_planners/KinoPlanner.hpp
-- Up-to-date: /home/manish/eiratech_ws/install/vox_nav_planning/include//vox_nav_planning/native_planners/CostTrustKinoPlanner.hpp
-- Up-to-date: /home/manish/eiratech_ws/install/vox_nav_planning/include//vox_nav_planning/native_planners/LQRPlanner.hpp
-- Up-to-date: /home/manish/eiratech_ws/install/vox_nav_planning/include//vox_nav_planning/native_planners/RRTStarF.hpp
-- Up-to-date: /home/manish/eiratech_ws/install/vox_nav_planning/include//vox_nav_planning/native_planners/LQRRRTStar.hpp
-- Up-to-date: /home/manish/eiratech_ws/install/vox_nav_planning/include//vox_nav_planning/planner_server.hpp
-- Up-to-date: /home/manish/eiratech_ws/install/vox_nav_planning/include//vox_nav_planning/planner_core.hpp
-- Up-to-date: /home/manish/eiratech_ws/install/vox_nav_planning/share/vox_nav_planning
-- Up-to-date: /home/manish/eiratech_ws/install/vox_nav_planning/share/vox_nav_planning/config
-- Up-to-date: /home/manish/eiratech_ws/install/vox_nav_planning/share/vox_nav_planning/config/base_simplified.stl
-- Up-to-date: /home/manish/eiratech_ws/install/vox_nav_planning/share/vox_nav_planning/config/car_control_planner_benchmarking.yaml
-- Up-to-date: /home/manish/eiratech_ws/install/vox_nav_planning/share/vox_nav_planning/config/drone.stl
-- Up-to-date: /home/manish/eiratech_ws/install/vox_nav_planning/share/vox_nav_planning/config/quadrotor_control_planner_benchmarking.yaml
-- Up-to-date: /home/manish/eiratech_ws/install/vox_nav_planning/share/vox_nav_planning/launch
-- Up-to-date: /home/manish/eiratech_ws/install/vox_nav_planning/share/vox_nav_planning/launch/car_control_planner_benchmarking.launch.py
-- Up-to-date: /home/manish/eiratech_ws/install/vox_nav_planning/share/vox_nav_planning/launch/quadrotor_control_planner_benchmarking.launch.py
-- Up-to-date: /home/manish/eiratech_ws/install/vox_nav_planning/share/vox_nav_planning/environment/library_path.sh
-- Up-to-date: /home/manish/eiratech_ws/install/vox_nav_planning/share/vox_nav_planning/environment/library_path.dsv
-- Up-to-date: /home/manish/eiratech_ws/install/vox_nav_planning/share/vox_nav_planning/plugins.xml
-- Up-to-date: /home/manish/eiratech_ws/install/vox_nav_planning/share/ament_index/resource_index/package_run_dependencies/vox_nav_planning
-- Up-to-date: /home/manish/eiratech_ws/install/vox_nav_planning/share/ament_index/resource_index/parent_prefix_path/vox_nav_planning
-- Up-to-date: /home/manish/eiratech_ws/install/vox_nav_planning/share/vox_nav_planning/environment/ament_prefix_path.sh
-- Up-to-date: /home/manish/eiratech_ws/install/vox_nav_planning/share/vox_nav_planning/environment/ament_prefix_path.dsv
-- Up-to-date: /home/manish/eiratech_ws/install/vox_nav_planning/share/vox_nav_planning/environment/path.sh
-- Up-to-date: /home/manish/eiratech_ws/install/vox_nav_planning/share/vox_nav_planning/environment/path.dsv
-- Up-to-date: /home/manish/eiratech_ws/install/vox_nav_planning/share/vox_nav_planning/local_setup.bash
-- Up-to-date: /home/manish/eiratech_ws/install/vox_nav_planning/share/vox_nav_planning/local_setup.sh
-- Up-to-date: /home/manish/eiratech_ws/install/vox_nav_planning/share/vox_nav_planning/local_setup.zsh
-- Up-to-date: /home/manish/eiratech_ws/install/vox_nav_planning/share/vox_nav_planning/local_setup.dsv
-- Installing: /home/manish/eiratech_ws/install/vox_nav_planning/share/vox_nav_planning/package.dsv
-- Up-to-date: /home/manish/eiratech_ws/install/vox_nav_planning/share/ament_index/resource_index/packages/vox_nav_planning
-- Up-to-date: /home/manish/eiratech_ws/install/vox_nav_planning/share/ament_index/resource_index/vox_nav_planning__pluginlib__plugin/vox_nav_planning
-- Up-to-date: /home/manish/eiratech_ws/install/vox_nav_planning/share/vox_nav_planning/cmake/ament_cmake_export_include_directories-extras.cmake
-- Up-to-date: /home/manish/eiratech_ws/install/vox_nav_planning/share/vox_nav_planning/cmake/ament_cmake_export_libraries-extras.cmake
-- Up-to-date: /home/manish/eiratech_ws/install/vox_nav_planning/share/vox_nav_planning/cmake/vox_nav_planningConfig.cmake
-- Up-to-date: /home/manish/eiratech_ws/install/vox_nav_planning/share/vox_nav_planning/cmake/vox_nav_planningConfig-version.cmake
-- Up-to-date: /home/manish/eiratech_ws/install/vox_nav_planning/share/vox_nav_planning/package.xml
