[0.015s] Invoking command in '/home/manish/eiratech_ws/build/vox_nav_bringup': CMAKE_PREFIX_PATH=${CMAKE_PREFIX_PATH}:/opt/ros/humble /usr/bin/cmake /home/manish/eiratech_ws/src/vox_nav/vox_nav_bringup -DCMAKE_INSTALL_PREFIX=/home/manish/eiratech_ws/install/vox_nav_bringup
[0.073s] -- The C compiler identification is GNU 11.4.0
[0.111s] -- The CXX compiler identification is GNU 11.4.0
[0.118s] -- Detecting C compiler ABI info
[0.165s] -- Detecting C compiler ABI info - done
[0.172s] -- Check for working C compiler: /usr/bin/cc - skipped
[0.172s] -- Detecting C compile features
[0.172s] -- Detecting C compile features - done
[0.175s] -- Detecting CXX compiler ABI info
[0.232s] -- Detecting CXX compiler ABI info - done
[0.239s] -- Check for working CXX compiler: /usr/bin/c++ - skipped
[0.239s] -- Detecting CXX compile features
[0.240s] -- Detecting CXX compile features - done
[0.246s] -- Found ament_cmake: 1.3.11 (/opt/ros/humble/share/ament_cmake/cmake)
[0.350s] -- Found Python3: /usr/bin/python3 (found version "3.10.12") found components: Interpreter 
[0.470s] -- Configuring done
[0.471s] -- Generating done
[0.473s] -- Build files have been written to: /home/manish/eiratech_ws/build/vox_nav_bringup
[0.475s] Invoked command in '/home/manish/eiratech_ws/build/vox_nav_bringup' returned '0': CMAKE_PREFIX_PATH=${CMAKE_PREFIX_PATH}:/opt/ros/humble /usr/bin/cmake /home/manish/eiratech_ws/src/vox_nav/vox_nav_bringup -DCMAKE_INSTALL_PREFIX=/home/manish/eiratech_ws/install/vox_nav_bringup
[0.476s] Invoking command in '/home/manish/eiratech_ws/build/vox_nav_bringup': CMAKE_PREFIX_PATH=${CMAKE_PREFIX_PATH}:/opt/ros/humble /usr/bin/cmake --build /home/manish/eiratech_ws/build/vox_nav_bringup -- -j12 -l12
[0.500s] Invoked command in '/home/manish/eiratech_ws/build/vox_nav_bringup' returned '0': CMAKE_PREFIX_PATH=${CMAKE_PREFIX_PATH}:/opt/ros/humble /usr/bin/cmake --build /home/manish/eiratech_ws/build/vox_nav_bringup -- -j12 -l12
[0.506s] Invoking command in '/home/manish/eiratech_ws/build/vox_nav_bringup': CMAKE_PREFIX_PATH=${CMAKE_PREFIX_PATH}:/opt/ros/humble /usr/bin/cmake --install /home/manish/eiratech_ws/build/vox_nav_bringup
[0.512s] -- Install configuration: ""
[0.512s] -- Installing: /home/manish/eiratech_ws/install/vox_nav_bringup/share/vox_nav_bringup/launch
[0.512s] -- Installing: /home/manish/eiratech_ws/install/vox_nav_bringup/share/vox_nav_bringup/launch/rviz.launch.py
[0.512s] -- Installing: /home/manish/eiratech_ws/install/vox_nav_bringup/share/vox_nav_bringup/launch/vox_nav_core_nodes.launch.py
[0.512s] -- Installing: /home/manish/eiratech_ws/install/vox_nav_bringup/share/vox_nav_bringup/launch/bringup_vox_nav.launch.py
[0.512s] -- Installing: /home/manish/eiratech_ws/install/vox_nav_bringup/share/vox_nav_bringup/launch/vox_nav.launch_backup.py
[0.513s] -- Installing: /home/manish/eiratech_ws/install/vox_nav_bringup/share/vox_nav_bringup/launch/.bringup_vox_nav.launch.py.swo
[0.513s] -- Installing: /home/manish/eiratech_ws/install/vox_nav_bringup/share/vox_nav_bringup/maps
[0.513s] -- Installing: /home/manish/eiratech_ws/install/vox_nav_bringup/share/vox_nav_bringup/maps/empty.pcd
[0.513s] -- Installing: /home/manish/eiratech_ws/install/vox_nav_bringup/share/vox_nav_bringup/maps/uneven_world.pcd
[0.534s] -- Installing: /home/manish/eiratech_ws/install/vox_nav_bringup/share/vox_nav_bringup/params
[0.534s] -- Installing: /home/manish/eiratech_ws/install/vox_nav_bringup/share/vox_nav_bringup/params/vox_nav_astar_field_params.yaml
[0.534s] -- Installing: /home/manish/eiratech_ws/install/vox_nav_bringup/share/vox_nav_bringup/params/vox_nav_default_params.yaml
[0.534s] -- Installing: /home/manish/eiratech_ws/install/vox_nav_bringup/share/vox_nav_bringup/params/robot_localization_params.yaml
[0.534s] -- Installing: /home/manish/eiratech_ws/install/vox_nav_bringup/share/vox_nav_bringup/params/vox_nav_container_office_params.yaml
[0.534s] -- Installing: /home/manish/eiratech_ws/install/vox_nav_bringup/share/vox_nav_bringup/params/vox_nav_feedback_planner_params.yaml
[0.535s] -- Installing: /home/manish/eiratech_ws/install/vox_nav_bringup/share/vox_nav_bringup/params/vox_nav_uneven_world_params.yaml
[0.535s] -- Installing: /home/manish/eiratech_ws/install/vox_nav_bringup/share/vox_nav_bringup/params/vox_nav_lqrrrt*_params.yaml
[0.535s] -- Installing: /home/manish/eiratech_ws/install/vox_nav_bringup/share/vox_nav_bringup/rviz
[0.535s] -- Installing: /home/manish/eiratech_ws/install/vox_nav_bringup/share/vox_nav_bringup/rviz/vox_nav_default_view.rviz
[0.535s] -- Installing: /home/manish/eiratech_ws/install/vox_nav_bringup/share/vox_nav_bringup/rviz/mod.rviz
[0.536s] -- Installing: /home/manish/eiratech_ws/install/vox_nav_bringup/share/ament_index/resource_index/package_run_dependencies/vox_nav_bringup
[0.536s] -- Installing: /home/manish/eiratech_ws/install/vox_nav_bringup/share/ament_index/resource_index/parent_prefix_path/vox_nav_bringup
[0.536s] -- Installing: /home/manish/eiratech_ws/install/vox_nav_bringup/share/vox_nav_bringup/environment/ament_prefix_path.sh
[0.536s] -- Installing: /home/manish/eiratech_ws/install/vox_nav_bringup/share/vox_nav_bringup/environment/ament_prefix_path.dsv
[0.536s] -- Installing: /home/manish/eiratech_ws/install/vox_nav_bringup/share/vox_nav_bringup/environment/path.sh
[0.536s] -- Installing: /home/manish/eiratech_ws/install/vox_nav_bringup/share/vox_nav_bringup/environment/path.dsv
[0.536s] -- Installing: /home/manish/eiratech_ws/install/vox_nav_bringup/share/vox_nav_bringup/local_setup.bash
[0.536s] -- Installing: /home/manish/eiratech_ws/install/vox_nav_bringup/share/vox_nav_bringup/local_setup.sh
[0.537s] -- Installing: /home/manish/eiratech_ws/install/vox_nav_bringup/share/vox_nav_bringup/local_setup.zsh
[0.537s] -- Installing: /home/manish/eiratech_ws/install/vox_nav_bringup/share/vox_nav_bringup/local_setup.dsv
[0.537s] -- Installing: /home/manish/eiratech_ws/install/vox_nav_bringup/share/vox_nav_bringup/package.dsv
[0.537s] -- Installing: /home/manish/eiratech_ws/install/vox_nav_bringup/share/ament_index/resource_index/packages/vox_nav_bringup
[0.537s] -- Installing: /home/manish/eiratech_ws/install/vox_nav_bringup/share/vox_nav_bringup/cmake/vox_nav_bringupConfig.cmake
[0.537s] -- Installing: /home/manish/eiratech_ws/install/vox_nav_bringup/share/vox_nav_bringup/cmake/vox_nav_bringupConfig-version.cmake
[0.537s] -- Installing: /home/manish/eiratech_ws/install/vox_nav_bringup/share/vox_nav_bringup/package.xml
[0.538s] Invoked command in '/home/manish/eiratech_ws/build/vox_nav_bringup' returned '0': CMAKE_PREFIX_PATH=${CMAKE_PREFIX_PATH}:/opt/ros/humble /usr/bin/cmake --install /home/manish/eiratech_ws/build/vox_nav_bringup
