[0.022s] Invoking command in '/home/manish/eiratech_ws/build/robot_control': CMAKE_PREFIX_PATH=${CMAKE_PREFIX_PATH}:/opt/ros/humble /usr/bin/cmake /home/manish/eiratech_ws/src/robot_control -DCMAKE_INSTALL_PREFIX=/home/manish/eiratech_ws/install/robot_control
[0.036s] -- Found ament_cmake: 1.3.11 (/opt/ros/humble/share/ament_cmake/cmake)
[0.267s] -- Found rclcpp: 16.0.12 (/opt/ros/humble/share/rclcpp/cmake)
[0.327s] -- Found rosidl_generator_c: 3.1.6 (/opt/ros/humble/share/rosidl_generator_c/cmake)
[0.333s] -- Found rosidl_adapter: 3.1.6 (/opt/ros/humble/share/rosidl_adapter/cmake)
[0.343s] -- Found rosidl_generator_cpp: 3.1.6 (/opt/ros/humble/share/rosidl_generator_cpp/cmake)
[0.360s] -- Using all available rosidl_typesupport_c: rosidl_typesupport_fastrtps_c;rosidl_typesupport_introspection_c
[0.381s] -- Using all available rosidl_typesupport_cpp: rosidl_typesupport_fastrtps_cpp;rosidl_typesupport_introspection_cpp
[0.436s] -- Found rmw_implementation_cmake: 6.1.2 (/opt/ros/humble/share/rmw_implementation_cmake/cmake)
[0.439s] -- Found rmw_fastrtps_cpp: 6.2.7 (/opt/ros/humble/share/rmw_fastrtps_cpp/cmake)
[0.568s] -- Using RMW implementation 'rmw_fastrtps_cpp' as default
[0.640s] -- Found controller_manager: 2.50.0 (/opt/ros/humble/share/controller_manager/cmake)
[0.863s] -- Found diff_drive_controller: 2.45.0 (/opt/ros/humble/share/diff_drive_controller/cmake)
[0.943s] -- Found joint_state_broadcaster: 2.45.0 (/opt/ros/humble/share/joint_state_broadcaster/cmake)
[0.956s] -- Found robot_state_publisher: 3.0.3 (/opt/ros/humble/share/robot_state_publisher/cmake)
[0.961s] -- Found eigen3_cmake_module: 0.1.1 (/opt/ros/humble/share/eigen3_cmake_module/cmake)
[0.963s] -- Ensuring Eigen3 include directory is part of orocos-kdl CMake target
[1.013s] -- Found ament_lint_auto: 0.12.12 (/opt/ros/humble/share/ament_lint_auto/cmake)
[1.115s] -- Added test 'copyright' to check source files copyright and LICENSE
[1.117s] -- Added test 'flake8' to check Python code syntax and style conventions
[1.117s] -- Added test 'lint_cmake' to check CMake code style
[1.118s] -- Added test 'pep257' to check Python code against some of the docstring style conventions in PEP 257
[1.119s] -- Added test 'xmllint' to check XML markup files
[1.121s] -- Configuring done
[1.129s] -- Generating done
[1.133s] -- Build files have been written to: /home/manish/eiratech_ws/build/robot_control
[1.146s] Invoked command in '/home/manish/eiratech_ws/build/robot_control' returned '0': CMAKE_PREFIX_PATH=${CMAKE_PREFIX_PATH}:/opt/ros/humble /usr/bin/cmake /home/manish/eiratech_ws/src/robot_control -DCMAKE_INSTALL_PREFIX=/home/manish/eiratech_ws/install/robot_control
[1.148s] Invoking command in '/home/manish/eiratech_ws/build/robot_control': CMAKE_PREFIX_PATH=${CMAKE_PREFIX_PATH}:/opt/ros/humble /usr/bin/cmake --build /home/manish/eiratech_ws/build/robot_control -- -j12 -l12
[1.197s] Invoked command in '/home/manish/eiratech_ws/build/robot_control' returned '0': CMAKE_PREFIX_PATH=${CMAKE_PREFIX_PATH}:/opt/ros/humble /usr/bin/cmake --build /home/manish/eiratech_ws/build/robot_control -- -j12 -l12
[1.199s] Invoking command in '/home/manish/eiratech_ws/build/robot_control': CMAKE_PREFIX_PATH=${CMAKE_PREFIX_PATH}:/opt/ros/humble /usr/bin/cmake --install /home/manish/eiratech_ws/build/robot_control
[1.206s] -- Install configuration: "Release"
[1.207s] -- Up-to-date: /home/manish/eiratech_ws/install/robot_control/share/robot_control//launch
[1.207s] -- Up-to-date: /home/manish/eiratech_ws/install/robot_control/share/robot_control//launch/controller_manager.launch.py
[1.207s] -- Up-to-date: /home/manish/eiratech_ws/install/robot_control/share/robot_control//config
[1.207s] -- Up-to-date: /home/manish/eiratech_ws/install/robot_control/share/robot_control//config/controller_config.yaml
[1.207s] -- Up-to-date: /home/manish/eiratech_ws/install/robot_control/share/robot_control//config/teleop_config.yaml
[1.207s] -- Up-to-date: /home/manish/eiratech_ws/install/robot_control/share/ament_index/resource_index/package_run_dependencies/robot_control
[1.207s] -- Up-to-date: /home/manish/eiratech_ws/install/robot_control/share/ament_index/resource_index/parent_prefix_path/robot_control
[1.207s] -- Up-to-date: /home/manish/eiratech_ws/install/robot_control/share/robot_control/environment/ament_prefix_path.sh
[1.207s] -- Installing: /home/manish/eiratech_ws/install/robot_control/share/robot_control/environment/ament_prefix_path.dsv
[1.207s] -- Up-to-date: /home/manish/eiratech_ws/install/robot_control/share/robot_control/environment/path.sh
[1.207s] -- Installing: /home/manish/eiratech_ws/install/robot_control/share/robot_control/environment/path.dsv
[1.207s] -- Up-to-date: /home/manish/eiratech_ws/install/robot_control/share/robot_control/local_setup.bash
[1.207s] -- Up-to-date: /home/manish/eiratech_ws/install/robot_control/share/robot_control/local_setup.sh
[1.207s] -- Up-to-date: /home/manish/eiratech_ws/install/robot_control/share/robot_control/local_setup.zsh
[1.207s] -- Installing: /home/manish/eiratech_ws/install/robot_control/share/robot_control/local_setup.dsv
[1.208s] -- Installing: /home/manish/eiratech_ws/install/robot_control/share/robot_control/package.dsv
[1.208s] -- Up-to-date: /home/manish/eiratech_ws/install/robot_control/share/ament_index/resource_index/packages/robot_control
[1.208s] -- Up-to-date: /home/manish/eiratech_ws/install/robot_control/share/robot_control/cmake/robot_controlConfig.cmake
[1.208s] -- Up-to-date: /home/manish/eiratech_ws/install/robot_control/share/robot_control/cmake/robot_controlConfig-version.cmake
[1.208s] -- Up-to-date: /home/manish/eiratech_ws/install/robot_control/share/robot_control/package.xml
[1.210s] Invoked command in '/home/manish/eiratech_ws/build/robot_control' returned '0': CMAKE_PREFIX_PATH=${CMAKE_PREFIX_PATH}:/opt/ros/humble /usr/bin/cmake --install /home/manish/eiratech_ws/build/robot_control
