[0.132s] DEBUG:colcon:Command line arguments: ['/usr/bin/colcon', 'build']
[0.132s] DEBUG:colcon:Parsed command line arguments: Namespace(log_base=None, log_level=None, verb_name='build', build_base='build', install_base='install', merge_install=False, symlink_install=False, test_result_base=None, continue_on_error=False, executor='parallel', parallel_workers=12, event_handlers=None, ignore_user_meta=False, metas=['./colcon.meta'], base_paths=['.'], packages_ignore=None, packages_ignore_regex=None, paths=None, packages_up_to=None, packages_up_to_regex=None, packages_above=None, packages_above_and_dependencies=None, packages_above_depth=None, packages_select_by_dep=None, packages_skip_by_dep=None, packages_skip_up_to=None, packages_select_build_failed=False, packages_skip_build_finished=False, packages_select_test_failures=False, packages_skip_test_passed=False, packages_select=None, packages_skip=None, packages_select_regex=None, packages_skip_regex=None, packages_start=None, packages_end=None, allow_overriding=[], cmake_args=None, cmake_target=None, cmake_target_skip_unavailable=False, cmake_clean_cache=False, cmake_clean_first=False, cmake_force_configure=False, ament_cmake_args=None, catkin_cmake_args=None, catkin_skip_building_tests=False, mixin_files=None, mixin=None, verb_parser=<colcon_mixin.mixin.mixin_argument.MixinArgumentDecorator object at 0x7ef0fe455ed0>, verb_extension=<colcon_core.verb.build.BuildVerb object at 0x7ef0fe532e90>, main=<bound method BuildVerb.main of <colcon_core.verb.build.BuildVerb object at 0x7ef0fe532e90>>, mixin_verb=('build',))
[0.322s] Level 1:colcon.colcon_core.package_discovery:discover_packages(colcon_meta) check parameters
[0.322s] Level 1:colcon.colcon_core.package_discovery:discover_packages(recursive) check parameters
[0.322s] Level 1:colcon.colcon_core.package_discovery:discover_packages(ignore) check parameters
[0.322s] Level 1:colcon.colcon_core.package_discovery:discover_packages(path) check parameters
[0.322s] Level 1:colcon.colcon_core.package_discovery:discover_packages(colcon_meta) discover
[0.322s] Level 1:colcon.colcon_core.package_discovery:discover_packages(recursive) discover
[0.322s] INFO:colcon.colcon_core.package_discovery:Crawling recursively for packages in '/home/manish/eiratech_ws'
[0.322s] Level 1:colcon.colcon_core.package_identification:_identify(.) by extensions ['ignore', 'ignore_ament_install']
[0.322s] Level 1:colcon.colcon_core.package_identification:_identify(.) by extension 'ignore'
[0.322s] Level 1:colcon.colcon_core.package_identification:_identify(.) by extension 'ignore_ament_install'
[0.322s] Level 1:colcon.colcon_core.package_identification:_identify(.) by extensions ['colcon_pkg']
[0.322s] Level 1:colcon.colcon_core.package_identification:_identify(.) by extension 'colcon_pkg'
[0.322s] Level 1:colcon.colcon_core.package_identification:_identify(.) by extensions ['colcon_meta']
[0.322s] Level 1:colcon.colcon_core.package_identification:_identify(.) by extension 'colcon_meta'
[0.322s] Level 1:colcon.colcon_core.package_identification:_identify(.) by extensions ['ros']
[0.322s] Level 1:colcon.colcon_core.package_identification:_identify(.) by extension 'ros'
[0.335s] Level 1:colcon.colcon_core.package_identification:_identify(.) by extensions ['cmake', 'python']
[0.335s] Level 1:colcon.colcon_core.package_identification:_identify(.) by extension 'cmake'
[0.335s] Level 1:colcon.colcon_core.package_identification:_identify(.) by extension 'python'
[0.335s] Level 1:colcon.colcon_core.package_identification:_identify(.) by extensions ['python_setup_py']
[0.335s] Level 1:colcon.colcon_core.package_identification:_identify(.) by extension 'python_setup_py'
[0.335s] Level 1:colcon.colcon_core.package_identification:_identify(build) by extensions ['ignore', 'ignore_ament_install']
[0.335s] Level 1:colcon.colcon_core.package_identification:_identify(build) by extension 'ignore'
[0.336s] Level 1:colcon.colcon_core.package_identification:_identify(build) ignored
[0.336s] Level 1:colcon.colcon_core.package_identification:_identify(install) by extensions ['ignore', 'ignore_ament_install']
[0.336s] Level 1:colcon.colcon_core.package_identification:_identify(install) by extension 'ignore'
[0.336s] Level 1:colcon.colcon_core.package_identification:_identify(install) ignored
[0.336s] Level 1:colcon.colcon_core.package_identification:_identify(log) by extensions ['ignore', 'ignore_ament_install']
[0.336s] Level 1:colcon.colcon_core.package_identification:_identify(log) by extension 'ignore'
[0.336s] Level 1:colcon.colcon_core.package_identification:_identify(log) ignored
[0.336s] Level 1:colcon.colcon_core.package_identification:_identify(src) by extensions ['ignore', 'ignore_ament_install']
[0.336s] Level 1:colcon.colcon_core.package_identification:_identify(src) by extension 'ignore'
[0.336s] Level 1:colcon.colcon_core.package_identification:_identify(src) by extension 'ignore_ament_install'
[0.336s] Level 1:colcon.colcon_core.package_identification:_identify(src) by extensions ['colcon_pkg']
[0.336s] Level 1:colcon.colcon_core.package_identification:_identify(src) by extension 'colcon_pkg'
[0.336s] Level 1:colcon.colcon_core.package_identification:_identify(src) by extensions ['colcon_meta']
[0.336s] Level 1:colcon.colcon_core.package_identification:_identify(src) by extension 'colcon_meta'
[0.336s] Level 1:colcon.colcon_core.package_identification:_identify(src) by extensions ['ros']
[0.336s] Level 1:colcon.colcon_core.package_identification:_identify(src) by extension 'ros'
[0.336s] Level 1:colcon.colcon_core.package_identification:_identify(src) by extensions ['cmake', 'python']
[0.336s] Level 1:colcon.colcon_core.package_identification:_identify(src) by extension 'cmake'
[0.336s] Level 1:colcon.colcon_core.package_identification:_identify(src) by extension 'python'
[0.337s] Level 1:colcon.colcon_core.package_identification:_identify(src) by extensions ['python_setup_py']
[0.337s] Level 1:colcon.colcon_core.package_identification:_identify(src) by extension 'python_setup_py'
[0.337s] Level 1:colcon.colcon_core.package_identification:_identify(src/cropmap_nav2) by extensions ['ignore', 'ignore_ament_install']
[0.337s] Level 1:colcon.colcon_core.package_identification:_identify(src/cropmap_nav2) by extension 'ignore'
[0.337s] Level 1:colcon.colcon_core.package_identification:_identify(src/cropmap_nav2) by extension 'ignore_ament_install'
[0.337s] Level 1:colcon.colcon_core.package_identification:_identify(src/cropmap_nav2) by extensions ['colcon_pkg']
[0.337s] Level 1:colcon.colcon_core.package_identification:_identify(src/cropmap_nav2) by extension 'colcon_pkg'
[0.337s] Level 1:colcon.colcon_core.package_identification:_identify(src/cropmap_nav2) by extensions ['colcon_meta']
[0.337s] Level 1:colcon.colcon_core.package_identification:_identify(src/cropmap_nav2) by extension 'colcon_meta'
[0.337s] Level 1:colcon.colcon_core.package_identification:_identify(src/cropmap_nav2) by extensions ['ros']
[0.337s] Level 1:colcon.colcon_core.package_identification:_identify(src/cropmap_nav2) by extension 'ros'
[0.340s] DEBUG:colcon.colcon_core.package_identification:Package 'src/cropmap_nav2' with type 'ros.ament_cmake' and name 'cropmap_nav2'
[0.340s] Level 1:colcon.colcon_core.package_identification:_identify(src/robot_bringup) by extensions ['ignore', 'ignore_ament_install']
[0.340s] Level 1:colcon.colcon_core.package_identification:_identify(src/robot_bringup) by extension 'ignore'
[0.340s] Level 1:colcon.colcon_core.package_identification:_identify(src/robot_bringup) by extension 'ignore_ament_install'
[0.340s] Level 1:colcon.colcon_core.package_identification:_identify(src/robot_bringup) by extensions ['colcon_pkg']
[0.340s] Level 1:colcon.colcon_core.package_identification:_identify(src/robot_bringup) by extension 'colcon_pkg'
[0.340s] Level 1:colcon.colcon_core.package_identification:_identify(src/robot_bringup) by extensions ['colcon_meta']
[0.340s] Level 1:colcon.colcon_core.package_identification:_identify(src/robot_bringup) by extension 'colcon_meta'
[0.340s] Level 1:colcon.colcon_core.package_identification:_identify(src/robot_bringup) by extensions ['ros']
[0.340s] Level 1:colcon.colcon_core.package_identification:_identify(src/robot_bringup) by extension 'ros'
[0.344s] DEBUG:colcon.colcon_core.package_identification:Package 'src/robot_bringup' with type 'ros.ament_cmake' and name 'robot_bringup'
[0.344s] Level 1:colcon.colcon_core.package_identification:_identify(src/robot_control) by extensions ['ignore', 'ignore_ament_install']
[0.345s] Level 1:colcon.colcon_core.package_identification:_identify(src/robot_control) by extension 'ignore'
[0.345s] Level 1:colcon.colcon_core.package_identification:_identify(src/robot_control) by extension 'ignore_ament_install'
[0.345s] Level 1:colcon.colcon_core.package_identification:_identify(src/robot_control) by extensions ['colcon_pkg']
[0.345s] Level 1:colcon.colcon_core.package_identification:_identify(src/robot_control) by extension 'colcon_pkg'
[0.345s] Level 1:colcon.colcon_core.package_identification:_identify(src/robot_control) by extensions ['colcon_meta']
[0.345s] Level 1:colcon.colcon_core.package_identification:_identify(src/robot_control) by extension 'colcon_meta'
[0.345s] Level 1:colcon.colcon_core.package_identification:_identify(src/robot_control) by extensions ['ros']
[0.345s] Level 1:colcon.colcon_core.package_identification:_identify(src/robot_control) by extension 'ros'
[0.347s] DEBUG:colcon.colcon_core.package_identification:Package 'src/robot_control' with type 'ros.ament_cmake' and name 'robot_control'
[0.347s] Level 1:colcon.colcon_core.package_identification:_identify(src/robot_description) by extensions ['ignore', 'ignore_ament_install']
[0.347s] Level 1:colcon.colcon_core.package_identification:_identify(src/robot_description) by extension 'ignore'
[0.347s] Level 1:colcon.colcon_core.package_identification:_identify(src/robot_description) by extension 'ignore_ament_install'
[0.347s] Level 1:colcon.colcon_core.package_identification:_identify(src/robot_description) by extensions ['colcon_pkg']
[0.347s] Level 1:colcon.colcon_core.package_identification:_identify(src/robot_description) by extension 'colcon_pkg'
[0.347s] Level 1:colcon.colcon_core.package_identification:_identify(src/robot_description) by extensions ['colcon_meta']
[0.347s] Level 1:colcon.colcon_core.package_identification:_identify(src/robot_description) by extension 'colcon_meta'
[0.347s] Level 1:colcon.colcon_core.package_identification:_identify(src/robot_description) by extensions ['ros']
[0.347s] Level 1:colcon.colcon_core.package_identification:_identify(src/robot_description) by extension 'ros'
[0.348s] DEBUG:colcon.colcon_core.package_identification:Package 'src/robot_description' with type 'ros.ament_cmake' and name 'robot_description'
[0.348s] Level 1:colcon.colcon_core.package_discovery:discover_packages(recursive) using defaults
[0.348s] Level 1:colcon.colcon_core.package_discovery:discover_packages(ignore) discover
[0.348s] Level 1:colcon.colcon_core.package_discovery:discover_packages(ignore) using defaults
[0.348s] Level 1:colcon.colcon_core.package_discovery:discover_packages(path) discover
[0.348s] Level 1:colcon.colcon_core.package_discovery:discover_packages(path) using defaults
[0.391s] Level 1:colcon.colcon_core.package_discovery:discover_packages(prefix_path) check parameters
[0.392s] Level 1:colcon.colcon_core.package_discovery:discover_packages(prefix_path) discover
[0.394s] DEBUG:colcon.colcon_installed_package_information.package_discovery:Found 4 installed packages in /home/manish/eiratech_ws/install
[0.396s] DEBUG:colcon.colcon_installed_package_information.package_discovery:Found 417 installed packages in /opt/ros/humble
[0.398s] Level 1:colcon.colcon_core.package_discovery:discover_packages(prefix_path) using defaults
[0.450s] Level 5:colcon.colcon_core.verb:set package 'cropmap_nav2' build argument 'cmake_args' from command line to 'None'
[0.450s] Level 5:colcon.colcon_core.verb:set package 'cropmap_nav2' build argument 'cmake_target' from command line to 'None'
[0.450s] Level 5:colcon.colcon_core.verb:set package 'cropmap_nav2' build argument 'cmake_target_skip_unavailable' from command line to 'False'
[0.450s] Level 5:colcon.colcon_core.verb:set package 'cropmap_nav2' build argument 'cmake_clean_cache' from command line to 'False'
[0.450s] Level 5:colcon.colcon_core.verb:set package 'cropmap_nav2' build argument 'cmake_clean_first' from command line to 'False'
[0.451s] Level 5:colcon.colcon_core.verb:set package 'cropmap_nav2' build argument 'cmake_force_configure' from command line to 'False'
[0.451s] Level 5:colcon.colcon_core.verb:set package 'cropmap_nav2' build argument 'ament_cmake_args' from command line to 'None'
[0.451s] Level 5:colcon.colcon_core.verb:set package 'cropmap_nav2' build argument 'catkin_cmake_args' from command line to 'None'
[0.451s] Level 5:colcon.colcon_core.verb:set package 'cropmap_nav2' build argument 'catkin_skip_building_tests' from command line to 'False'
[0.451s] DEBUG:colcon.colcon_core.verb:Building package 'cropmap_nav2' with the following arguments: {'ament_cmake_args': None, 'build_base': '/home/manish/eiratech_ws/build/cropmap_nav2', 'catkin_cmake_args': None, 'catkin_skip_building_tests': False, 'cmake_args': None, 'cmake_clean_cache': False, 'cmake_clean_first': False, 'cmake_force_configure': False, 'cmake_target': None, 'cmake_target_skip_unavailable': False, 'install_base': '/home/manish/eiratech_ws/install/cropmap_nav2', 'merge_install': False, 'path': '/home/manish/eiratech_ws/src/cropmap_nav2', 'symlink_install': False, 'test_result_base': None}
[0.451s] Level 5:colcon.colcon_core.verb:set package 'robot_control' build argument 'cmake_args' from command line to 'None'
[0.451s] Level 5:colcon.colcon_core.verb:set package 'robot_control' build argument 'cmake_target' from command line to 'None'
[0.451s] Level 5:colcon.colcon_core.verb:set package 'robot_control' build argument 'cmake_target_skip_unavailable' from command line to 'False'
[0.451s] Level 5:colcon.colcon_core.verb:set package 'robot_control' build argument 'cmake_clean_cache' from command line to 'False'
[0.451s] Level 5:colcon.colcon_core.verb:set package 'robot_control' build argument 'cmake_clean_first' from command line to 'False'
[0.451s] Level 5:colcon.colcon_core.verb:set package 'robot_control' build argument 'cmake_force_configure' from command line to 'False'
[0.451s] Level 5:colcon.colcon_core.verb:set package 'robot_control' build argument 'ament_cmake_args' from command line to 'None'
[0.451s] Level 5:colcon.colcon_core.verb:set package 'robot_control' build argument 'catkin_cmake_args' from command line to 'None'
[0.451s] Level 5:colcon.colcon_core.verb:set package 'robot_control' build argument 'catkin_skip_building_tests' from command line to 'False'
[0.451s] DEBUG:colcon.colcon_core.verb:Building package 'robot_control' with the following arguments: {'ament_cmake_args': None, 'build_base': '/home/manish/eiratech_ws/build/robot_control', 'catkin_cmake_args': None, 'catkin_skip_building_tests': False, 'cmake_args': None, 'cmake_clean_cache': False, 'cmake_clean_first': False, 'cmake_force_configure': False, 'cmake_target': None, 'cmake_target_skip_unavailable': False, 'install_base': '/home/manish/eiratech_ws/install/robot_control', 'merge_install': False, 'path': '/home/manish/eiratech_ws/src/robot_control', 'symlink_install': False, 'test_result_base': None}
[0.452s] Level 5:colcon.colcon_core.verb:set package 'robot_description' build argument 'cmake_args' from command line to 'None'
[0.452s] Level 5:colcon.colcon_core.verb:set package 'robot_description' build argument 'cmake_target' from command line to 'None'
[0.452s] Level 5:colcon.colcon_core.verb:set package 'robot_description' build argument 'cmake_target_skip_unavailable' from command line to 'False'
[0.452s] Level 5:colcon.colcon_core.verb:set package 'robot_description' build argument 'cmake_clean_cache' from command line to 'False'
[0.452s] Level 5:colcon.colcon_core.verb:set package 'robot_description' build argument 'cmake_clean_first' from command line to 'False'
[0.452s] Level 5:colcon.colcon_core.verb:set package 'robot_description' build argument 'cmake_force_configure' from command line to 'False'
[0.452s] Level 5:colcon.colcon_core.verb:set package 'robot_description' build argument 'ament_cmake_args' from command line to 'None'
[0.452s] Level 5:colcon.colcon_core.verb:set package 'robot_description' build argument 'catkin_cmake_args' from command line to 'None'
[0.452s] Level 5:colcon.colcon_core.verb:set package 'robot_description' build argument 'catkin_skip_building_tests' from command line to 'False'
[0.452s] DEBUG:colcon.colcon_core.verb:Building package 'robot_description' with the following arguments: {'ament_cmake_args': None, 'build_base': '/home/manish/eiratech_ws/build/robot_description', 'catkin_cmake_args': None, 'catkin_skip_building_tests': False, 'cmake_args': None, 'cmake_clean_cache': False, 'cmake_clean_first': False, 'cmake_force_configure': False, 'cmake_target': None, 'cmake_target_skip_unavailable': False, 'install_base': '/home/manish/eiratech_ws/install/robot_description', 'merge_install': False, 'path': '/home/manish/eiratech_ws/src/robot_description', 'symlink_install': False, 'test_result_base': None}
[0.452s] Level 5:colcon.colcon_core.verb:set package 'robot_bringup' build argument 'cmake_args' from command line to 'None'
[0.452s] Level 5:colcon.colcon_core.verb:set package 'robot_bringup' build argument 'cmake_target' from command line to 'None'
[0.452s] Level 5:colcon.colcon_core.verb:set package 'robot_bringup' build argument 'cmake_target_skip_unavailable' from command line to 'False'
[0.452s] Level 5:colcon.colcon_core.verb:set package 'robot_bringup' build argument 'cmake_clean_cache' from command line to 'False'
[0.452s] Level 5:colcon.colcon_core.verb:set package 'robot_bringup' build argument 'cmake_clean_first' from command line to 'False'
[0.452s] Level 5:colcon.colcon_core.verb:set package 'robot_bringup' build argument 'cmake_force_configure' from command line to 'False'
[0.452s] Level 5:colcon.colcon_core.verb:set package 'robot_bringup' build argument 'ament_cmake_args' from command line to 'None'
[0.452s] Level 5:colcon.colcon_core.verb:set package 'robot_bringup' build argument 'catkin_cmake_args' from command line to 'None'
[0.452s] Level 5:colcon.colcon_core.verb:set package 'robot_bringup' build argument 'catkin_skip_building_tests' from command line to 'False'
[0.452s] DEBUG:colcon.colcon_core.verb:Building package 'robot_bringup' with the following arguments: {'ament_cmake_args': None, 'build_base': '/home/manish/eiratech_ws/build/robot_bringup', 'catkin_cmake_args': None, 'catkin_skip_building_tests': False, 'cmake_args': None, 'cmake_clean_cache': False, 'cmake_clean_first': False, 'cmake_force_configure': False, 'cmake_target': None, 'cmake_target_skip_unavailable': False, 'install_base': '/home/manish/eiratech_ws/install/robot_bringup', 'merge_install': False, 'path': '/home/manish/eiratech_ws/src/robot_bringup', 'symlink_install': False, 'test_result_base': None}
[0.452s] INFO:colcon.colcon_core.executor:Executing jobs using 'parallel' executor
[0.453s] DEBUG:colcon.colcon_parallel_executor.executor.parallel:run_until_complete
[0.454s] INFO:colcon.colcon_ros.task.ament_cmake.build:Building ROS package in '/home/manish/eiratech_ws/src/robot_description' with build type 'ament_cmake'
[0.454s] INFO:colcon.colcon_cmake.task.cmake.build:Building CMake package in '/home/manish/eiratech_ws/src/robot_description'
[0.455s] INFO:colcon.colcon_core.plugin_system:Skipping extension 'colcon_core.shell.bat': Not used on non-Windows systems
[0.456s] INFO:colcon.colcon_core.shell:Skip shell extension 'powershell' for command environment: Not usable outside of PowerShell
[0.456s] DEBUG:colcon.colcon_core.shell:Skip shell extension 'dsv' for command environment
[0.459s] INFO:colcon.colcon_ros.task.ament_cmake.build:Building ROS package in '/home/manish/eiratech_ws/src/cropmap_nav2' with build type 'ament_cmake'
[0.460s] INFO:colcon.colcon_cmake.task.cmake.build:Building CMake package in '/home/manish/eiratech_ws/src/cropmap_nav2'
[0.460s] INFO:colcon.colcon_core.shell:Skip shell extension 'powershell' for command environment: Not usable outside of PowerShell
[0.460s] DEBUG:colcon.colcon_core.shell:Skip shell extension 'dsv' for command environment
[0.464s] INFO:colcon.colcon_ros.task.ament_cmake.build:Building ROS package in '/home/manish/eiratech_ws/src/robot_control' with build type 'ament_cmake'
[0.464s] INFO:colcon.colcon_cmake.task.cmake.build:Building CMake package in '/home/manish/eiratech_ws/src/robot_control'
[0.465s] INFO:colcon.colcon_core.shell:Skip shell extension 'powershell' for command environment: Not usable outside of PowerShell
[0.465s] DEBUG:colcon.colcon_core.shell:Skip shell extension 'dsv' for command environment
[0.474s] DEBUG:colcon.colcon_core.event_handler.log_command:Invoking command in '/home/manish/eiratech_ws/build/robot_description': CMAKE_PREFIX_PATH=${CMAKE_PREFIX_PATH}:/opt/ros/humble /usr/bin/cmake --build /home/manish/eiratech_ws/build/robot_description -- -j12 -l12
[0.480s] DEBUG:colcon.colcon_core.event_handler.log_command:Invoking command in '/home/manish/eiratech_ws/build/cropmap_nav2': CMAKE_PREFIX_PATH=${CMAKE_PREFIX_PATH}:/opt/ros/humble /usr/bin/cmake /home/manish/eiratech_ws/src/cropmap_nav2 -DCMAKE_INSTALL_PREFIX=/home/manish/eiratech_ws/install/cropmap_nav2
[0.487s] DEBUG:colcon.colcon_core.event_handler.log_command:Invoking command in '/home/manish/eiratech_ws/build/robot_control': CMAKE_PREFIX_PATH=${CMAKE_PREFIX_PATH}:/opt/ros/humble /usr/bin/cmake /home/manish/eiratech_ws/src/robot_control -DCMAKE_INSTALL_PREFIX=/home/manish/eiratech_ws/install/robot_control
[0.525s] DEBUG:colcon.colcon_core.event_handler.log_command:Invoked command in '/home/manish/eiratech_ws/build/robot_description' returned '0': CMAKE_PREFIX_PATH=${CMAKE_PREFIX_PATH}:/opt/ros/humble /usr/bin/cmake --build /home/manish/eiratech_ws/build/robot_description -- -j12 -l12
[0.542s] DEBUG:colcon.colcon_core.event_handler.log_command:Invoking command in '/home/manish/eiratech_ws/build/robot_description': CMAKE_PREFIX_PATH=${CMAKE_PREFIX_PATH}:/opt/ros/humble /usr/bin/cmake --install /home/manish/eiratech_ws/build/robot_description
[0.575s] Level 1:colcon.colcon_core.environment:create_environment_scripts_only(robot_description)
[0.577s] DEBUG:colcon.colcon_core.event_handler.log_command:Invoked command in '/home/manish/eiratech_ws/build/robot_description' returned '0': CMAKE_PREFIX_PATH=${CMAKE_PREFIX_PATH}:/opt/ros/humble /usr/bin/cmake --install /home/manish/eiratech_ws/build/robot_description
[0.582s] Level 1:colcon.colcon_core.environment:checking '/home/manish/eiratech_ws/install/robot_description' for CMake module files
[0.583s] Level 1:colcon.colcon_core.environment:checking '/home/manish/eiratech_ws/install/robot_description' for CMake config files
[0.583s] Level 1:colcon.colcon_core.shell:create_environment_hook('robot_description', 'cmake_prefix_path')
[0.583s] INFO:colcon.colcon_core.shell:Creating environment hook '/home/manish/eiratech_ws/install/robot_description/share/robot_description/hook/cmake_prefix_path.ps1'
[0.584s] INFO:colcon.colcon_core.shell:Creating environment descriptor '/home/manish/eiratech_ws/install/robot_description/share/robot_description/hook/cmake_prefix_path.dsv'
[0.585s] INFO:colcon.colcon_core.shell:Creating environment hook '/home/manish/eiratech_ws/install/robot_description/share/robot_description/hook/cmake_prefix_path.sh'
[0.588s] Level 1:colcon.colcon_core.environment:checking '/home/manish/eiratech_ws/install/robot_description/bin'
[0.589s] Level 1:colcon.colcon_core.environment:checking '/home/manish/eiratech_ws/install/robot_description/lib/pkgconfig/robot_description.pc'
[0.589s] Level 1:colcon.colcon_core.environment:checking '/home/manish/eiratech_ws/install/robot_description/lib/python3.10/site-packages'
[0.590s] Level 1:colcon.colcon_core.environment:checking '/home/manish/eiratech_ws/install/robot_description/bin'
[0.590s] INFO:colcon.colcon_core.shell:Creating package script '/home/manish/eiratech_ws/install/robot_description/share/robot_description/package.ps1'
[0.592s] INFO:colcon.colcon_core.shell:Creating package descriptor '/home/manish/eiratech_ws/install/robot_description/share/robot_description/package.dsv'
[0.594s] INFO:colcon.colcon_core.shell:Creating package script '/home/manish/eiratech_ws/install/robot_description/share/robot_description/package.sh'
[0.596s] INFO:colcon.colcon_core.shell:Creating package script '/home/manish/eiratech_ws/install/robot_description/share/robot_description/package.bash'
[0.597s] INFO:colcon.colcon_core.shell:Creating package script '/home/manish/eiratech_ws/install/robot_description/share/robot_description/package.zsh'
[0.598s] Level 1:colcon.colcon_core.environment:create_file_with_runtime_dependencies(/home/manish/eiratech_ws/install/robot_description/share/colcon-core/packages/robot_description)
[0.599s] Level 1:colcon.colcon_core.environment:create_environment_scripts_only(robot_description)
[0.599s] Level 1:colcon.colcon_core.environment:checking '/home/manish/eiratech_ws/install/robot_description' for CMake module files
[0.600s] Level 1:colcon.colcon_core.environment:checking '/home/manish/eiratech_ws/install/robot_description' for CMake config files
[0.600s] Level 1:colcon.colcon_core.shell:create_environment_hook('robot_description', 'cmake_prefix_path')
[0.601s] INFO:colcon.colcon_core.shell:Creating environment hook '/home/manish/eiratech_ws/install/robot_description/share/robot_description/hook/cmake_prefix_path.ps1'
[0.603s] INFO:colcon.colcon_core.shell:Creating environment descriptor '/home/manish/eiratech_ws/install/robot_description/share/robot_description/hook/cmake_prefix_path.dsv'
[0.604s] INFO:colcon.colcon_core.shell:Creating environment hook '/home/manish/eiratech_ws/install/robot_description/share/robot_description/hook/cmake_prefix_path.sh'
[0.605s] Level 1:colcon.colcon_core.environment:checking '/home/manish/eiratech_ws/install/robot_description/bin'
[0.605s] Level 1:colcon.colcon_core.environment:checking '/home/manish/eiratech_ws/install/robot_description/lib/pkgconfig/robot_description.pc'
[0.606s] Level 1:colcon.colcon_core.environment:checking '/home/manish/eiratech_ws/install/robot_description/lib/python3.10/site-packages'
[0.606s] Level 1:colcon.colcon_core.environment:checking '/home/manish/eiratech_ws/install/robot_description/bin'
[0.606s] INFO:colcon.colcon_core.shell:Creating package script '/home/manish/eiratech_ws/install/robot_description/share/robot_description/package.ps1'
[0.607s] INFO:colcon.colcon_core.shell:Creating package descriptor '/home/manish/eiratech_ws/install/robot_description/share/robot_description/package.dsv'
[0.607s] INFO:colcon.colcon_core.shell:Creating package script '/home/manish/eiratech_ws/install/robot_description/share/robot_description/package.sh'
[0.608s] INFO:colcon.colcon_core.shell:Creating package script '/home/manish/eiratech_ws/install/robot_description/share/robot_description/package.bash'
[0.608s] INFO:colcon.colcon_core.shell:Creating package script '/home/manish/eiratech_ws/install/robot_description/share/robot_description/package.zsh'
[0.609s] Level 1:colcon.colcon_core.environment:create_file_with_runtime_dependencies(/home/manish/eiratech_ws/install/robot_description/share/colcon-core/packages/robot_description)
[0.609s] INFO:colcon.colcon_ros.task.ament_cmake.build:Building ROS package in '/home/manish/eiratech_ws/src/robot_bringup' with build type 'ament_cmake'
[0.609s] INFO:colcon.colcon_cmake.task.cmake.build:Building CMake package in '/home/manish/eiratech_ws/src/robot_bringup'
[0.609s] INFO:colcon.colcon_core.shell:Skip shell extension 'powershell' for command environment: Not usable outside of PowerShell
[0.609s] DEBUG:colcon.colcon_core.shell:Skip shell extension 'dsv' for command environment
[0.620s] DEBUG:colcon.colcon_core.event_handler.log_command:Invoking command in '/home/manish/eiratech_ws/build/robot_bringup': CMAKE_PREFIX_PATH=/home/manish/eiratech_ws/install/robot_description:/home/manish/eiratech_ws/install/robot_bringup:/home/manish/eiratech_ws/install/robot_control:/home/manish/eiratech_ws/install/cropmap_nav2:/opt/ros/humble /usr/bin/cmake --build /home/manish/eiratech_ws/build/robot_bringup -- -j12 -l12
[0.679s] DEBUG:colcon.colcon_core.event_handler.log_command:Invoked command in '/home/manish/eiratech_ws/build/robot_bringup' returned '0': CMAKE_PREFIX_PATH=/home/manish/eiratech_ws/install/robot_description:/home/manish/eiratech_ws/install/robot_bringup:/home/manish/eiratech_ws/install/robot_control:/home/manish/eiratech_ws/install/cropmap_nav2:/opt/ros/humble /usr/bin/cmake --build /home/manish/eiratech_ws/build/robot_bringup -- -j12 -l12
[0.681s] DEBUG:colcon.colcon_core.event_handler.log_command:Invoking command in '/home/manish/eiratech_ws/build/robot_bringup': CMAKE_PREFIX_PATH=/home/manish/eiratech_ws/install/robot_description:/home/manish/eiratech_ws/install/robot_bringup:/home/manish/eiratech_ws/install/robot_control:/home/manish/eiratech_ws/install/cropmap_nav2:/opt/ros/humble /usr/bin/cmake --install /home/manish/eiratech_ws/build/robot_bringup
[0.697s] Level 1:colcon.colcon_core.environment:create_environment_scripts_only(robot_bringup)
[0.697s] Level 1:colcon.colcon_core.environment:checking '/home/manish/eiratech_ws/install/robot_bringup' for CMake module files
[0.699s] DEBUG:colcon.colcon_core.event_handler.log_command:Invoked command in '/home/manish/eiratech_ws/build/robot_bringup' returned '0': CMAKE_PREFIX_PATH=/home/manish/eiratech_ws/install/robot_description:/home/manish/eiratech_ws/install/robot_bringup:/home/manish/eiratech_ws/install/robot_control:/home/manish/eiratech_ws/install/cropmap_nav2:/opt/ros/humble /usr/bin/cmake --install /home/manish/eiratech_ws/build/robot_bringup
[0.700s] Level 1:colcon.colcon_core.environment:checking '/home/manish/eiratech_ws/install/robot_bringup' for CMake config files
[0.701s] Level 1:colcon.colcon_core.shell:create_environment_hook('robot_bringup', 'cmake_prefix_path')
[0.702s] INFO:colcon.colcon_core.shell:Creating environment hook '/home/manish/eiratech_ws/install/robot_bringup/share/robot_bringup/hook/cmake_prefix_path.ps1'
[0.703s] INFO:colcon.colcon_core.shell:Creating environment descriptor '/home/manish/eiratech_ws/install/robot_bringup/share/robot_bringup/hook/cmake_prefix_path.dsv'
[0.704s] INFO:colcon.colcon_core.shell:Creating environment hook '/home/manish/eiratech_ws/install/robot_bringup/share/robot_bringup/hook/cmake_prefix_path.sh'
[0.705s] Level 1:colcon.colcon_core.environment:checking '/home/manish/eiratech_ws/install/robot_bringup/bin'
[0.705s] Level 1:colcon.colcon_core.environment:checking '/home/manish/eiratech_ws/install/robot_bringup/lib/pkgconfig/robot_bringup.pc'
[0.705s] Level 1:colcon.colcon_core.environment:checking '/home/manish/eiratech_ws/install/robot_bringup/lib/python3.10/site-packages'
[0.706s] Level 1:colcon.colcon_core.environment:checking '/home/manish/eiratech_ws/install/robot_bringup/bin'
[0.706s] INFO:colcon.colcon_core.shell:Creating package script '/home/manish/eiratech_ws/install/robot_bringup/share/robot_bringup/package.ps1'
[0.707s] INFO:colcon.colcon_core.shell:Creating package descriptor '/home/manish/eiratech_ws/install/robot_bringup/share/robot_bringup/package.dsv'
[0.708s] INFO:colcon.colcon_core.shell:Creating package script '/home/manish/eiratech_ws/install/robot_bringup/share/robot_bringup/package.sh'
[0.710s] INFO:colcon.colcon_core.shell:Creating package script '/home/manish/eiratech_ws/install/robot_bringup/share/robot_bringup/package.bash'
[0.710s] INFO:colcon.colcon_core.shell:Creating package script '/home/manish/eiratech_ws/install/robot_bringup/share/robot_bringup/package.zsh'
[0.711s] Level 1:colcon.colcon_core.environment:create_file_with_runtime_dependencies(/home/manish/eiratech_ws/install/robot_bringup/share/colcon-core/packages/robot_bringup)
[0.712s] Level 1:colcon.colcon_core.environment:create_environment_scripts_only(robot_bringup)
[0.713s] Level 1:colcon.colcon_core.environment:checking '/home/manish/eiratech_ws/install/robot_bringup' for CMake module files
[0.713s] Level 1:colcon.colcon_core.environment:checking '/home/manish/eiratech_ws/install/robot_bringup' for CMake config files
[0.714s] Level 1:colcon.colcon_core.shell:create_environment_hook('robot_bringup', 'cmake_prefix_path')
[0.714s] INFO:colcon.colcon_core.shell:Creating environment hook '/home/manish/eiratech_ws/install/robot_bringup/share/robot_bringup/hook/cmake_prefix_path.ps1'
[0.715s] INFO:colcon.colcon_core.shell:Creating environment descriptor '/home/manish/eiratech_ws/install/robot_bringup/share/robot_bringup/hook/cmake_prefix_path.dsv'
[0.715s] INFO:colcon.colcon_core.shell:Creating environment hook '/home/manish/eiratech_ws/install/robot_bringup/share/robot_bringup/hook/cmake_prefix_path.sh'
[0.716s] Level 1:colcon.colcon_core.environment:checking '/home/manish/eiratech_ws/install/robot_bringup/bin'
[0.716s] Level 1:colcon.colcon_core.environment:checking '/home/manish/eiratech_ws/install/robot_bringup/lib/pkgconfig/robot_bringup.pc'
[0.716s] Level 1:colcon.colcon_core.environment:checking '/home/manish/eiratech_ws/install/robot_bringup/lib/python3.10/site-packages'
[0.716s] Level 1:colcon.colcon_core.environment:checking '/home/manish/eiratech_ws/install/robot_bringup/bin'
[0.717s] INFO:colcon.colcon_core.shell:Creating package script '/home/manish/eiratech_ws/install/robot_bringup/share/robot_bringup/package.ps1'
[0.717s] INFO:colcon.colcon_core.shell:Creating package descriptor '/home/manish/eiratech_ws/install/robot_bringup/share/robot_bringup/package.dsv'
[0.718s] INFO:colcon.colcon_core.shell:Creating package script '/home/manish/eiratech_ws/install/robot_bringup/share/robot_bringup/package.sh'
[0.718s] INFO:colcon.colcon_core.shell:Creating package script '/home/manish/eiratech_ws/install/robot_bringup/share/robot_bringup/package.bash'
[0.719s] INFO:colcon.colcon_core.shell:Creating package script '/home/manish/eiratech_ws/install/robot_bringup/share/robot_bringup/package.zsh'
[0.721s] Level 1:colcon.colcon_core.environment:create_file_with_runtime_dependencies(/home/manish/eiratech_ws/install/robot_bringup/share/colcon-core/packages/robot_bringup)
[0.862s] DEBUG:colcon.colcon_core.event_handler.log_command:Invoked command in '/home/manish/eiratech_ws/build/cropmap_nav2' returned '0': CMAKE_PREFIX_PATH=${CMAKE_PREFIX_PATH}:/opt/ros/humble /usr/bin/cmake /home/manish/eiratech_ws/src/cropmap_nav2 -DCMAKE_INSTALL_PREFIX=/home/manish/eiratech_ws/install/cropmap_nav2
[0.863s] DEBUG:colcon.colcon_core.event_handler.log_command:Invoking command in '/home/manish/eiratech_ws/build/cropmap_nav2': CMAKE_PREFIX_PATH=${CMAKE_PREFIX_PATH}:/opt/ros/humble /usr/bin/cmake --build /home/manish/eiratech_ws/build/cropmap_nav2 -- -j12 -l12
[0.908s] DEBUG:colcon.colcon_core.event_handler.log_command:Invoked command in '/home/manish/eiratech_ws/build/cropmap_nav2' returned '0': CMAKE_PREFIX_PATH=${CMAKE_PREFIX_PATH}:/opt/ros/humble /usr/bin/cmake --build /home/manish/eiratech_ws/build/cropmap_nav2 -- -j12 -l12
[0.911s] DEBUG:colcon.colcon_core.event_handler.log_command:Invoking command in '/home/manish/eiratech_ws/build/cropmap_nav2': CMAKE_PREFIX_PATH=${CMAKE_PREFIX_PATH}:/opt/ros/humble /usr/bin/cmake --install /home/manish/eiratech_ws/build/cropmap_nav2
[0.924s] Level 1:colcon.colcon_core.environment:create_environment_scripts_only(cropmap_nav2)
[0.925s] Level 1:colcon.colcon_core.environment:checking '/home/manish/eiratech_ws/install/cropmap_nav2' for CMake module files
[0.925s] DEBUG:colcon.colcon_core.event_handler.log_command:Invoked command in '/home/manish/eiratech_ws/build/cropmap_nav2' returned '0': CMAKE_PREFIX_PATH=${CMAKE_PREFIX_PATH}:/opt/ros/humble /usr/bin/cmake --install /home/manish/eiratech_ws/build/cropmap_nav2
[0.926s] Level 1:colcon.colcon_core.environment:checking '/home/manish/eiratech_ws/install/cropmap_nav2' for CMake config files
[0.926s] Level 1:colcon.colcon_core.shell:create_environment_hook('cropmap_nav2', 'cmake_prefix_path')
[0.927s] INFO:colcon.colcon_core.shell:Creating environment hook '/home/manish/eiratech_ws/install/cropmap_nav2/share/cropmap_nav2/hook/cmake_prefix_path.ps1'
[0.928s] INFO:colcon.colcon_core.shell:Creating environment descriptor '/home/manish/eiratech_ws/install/cropmap_nav2/share/cropmap_nav2/hook/cmake_prefix_path.dsv'
[0.929s] INFO:colcon.colcon_core.shell:Creating environment hook '/home/manish/eiratech_ws/install/cropmap_nav2/share/cropmap_nav2/hook/cmake_prefix_path.sh'
[0.930s] Level 1:colcon.colcon_core.environment:checking '/home/manish/eiratech_ws/install/cropmap_nav2/bin'
[0.931s] Level 1:colcon.colcon_core.environment:checking '/home/manish/eiratech_ws/install/cropmap_nav2/lib/pkgconfig/cropmap_nav2.pc'
[0.931s] Level 1:colcon.colcon_core.environment:checking '/home/manish/eiratech_ws/install/cropmap_nav2/lib/python3.10/site-packages'
[0.931s] Level 1:colcon.colcon_core.environment:checking '/home/manish/eiratech_ws/install/cropmap_nav2/bin'
[0.931s] INFO:colcon.colcon_core.shell:Creating package script '/home/manish/eiratech_ws/install/cropmap_nav2/share/cropmap_nav2/package.ps1'
[0.932s] INFO:colcon.colcon_core.shell:Creating package descriptor '/home/manish/eiratech_ws/install/cropmap_nav2/share/cropmap_nav2/package.dsv'
[0.933s] INFO:colcon.colcon_core.shell:Creating package script '/home/manish/eiratech_ws/install/cropmap_nav2/share/cropmap_nav2/package.sh'
[0.933s] INFO:colcon.colcon_core.shell:Creating package script '/home/manish/eiratech_ws/install/cropmap_nav2/share/cropmap_nav2/package.bash'
[0.934s] INFO:colcon.colcon_core.shell:Creating package script '/home/manish/eiratech_ws/install/cropmap_nav2/share/cropmap_nav2/package.zsh'
[0.934s] Level 1:colcon.colcon_core.environment:create_file_with_runtime_dependencies(/home/manish/eiratech_ws/install/cropmap_nav2/share/colcon-core/packages/cropmap_nav2)
[0.935s] Level 1:colcon.colcon_core.environment:create_environment_scripts_only(cropmap_nav2)
[0.935s] Level 1:colcon.colcon_core.environment:checking '/home/manish/eiratech_ws/install/cropmap_nav2' for CMake module files
[0.936s] Level 1:colcon.colcon_core.environment:checking '/home/manish/eiratech_ws/install/cropmap_nav2' for CMake config files
[0.936s] Level 1:colcon.colcon_core.shell:create_environment_hook('cropmap_nav2', 'cmake_prefix_path')
[0.936s] INFO:colcon.colcon_core.shell:Creating environment hook '/home/manish/eiratech_ws/install/cropmap_nav2/share/cropmap_nav2/hook/cmake_prefix_path.ps1'
[0.937s] INFO:colcon.colcon_core.shell:Creating environment descriptor '/home/manish/eiratech_ws/install/cropmap_nav2/share/cropmap_nav2/hook/cmake_prefix_path.dsv'
[0.937s] INFO:colcon.colcon_core.shell:Creating environment hook '/home/manish/eiratech_ws/install/cropmap_nav2/share/cropmap_nav2/hook/cmake_prefix_path.sh'
[0.937s] Level 1:colcon.colcon_core.environment:checking '/home/manish/eiratech_ws/install/cropmap_nav2/bin'
[0.938s] Level 1:colcon.colcon_core.environment:checking '/home/manish/eiratech_ws/install/cropmap_nav2/lib/pkgconfig/cropmap_nav2.pc'
[0.938s] Level 1:colcon.colcon_core.environment:checking '/home/manish/eiratech_ws/install/cropmap_nav2/lib/python3.10/site-packages'
[0.938s] Level 1:colcon.colcon_core.environment:checking '/home/manish/eiratech_ws/install/cropmap_nav2/bin'
[0.938s] INFO:colcon.colcon_core.shell:Creating package script '/home/manish/eiratech_ws/install/cropmap_nav2/share/cropmap_nav2/package.ps1'
[0.939s] INFO:colcon.colcon_core.shell:Creating package descriptor '/home/manish/eiratech_ws/install/cropmap_nav2/share/cropmap_nav2/package.dsv'
[0.939s] INFO:colcon.colcon_core.shell:Creating package script '/home/manish/eiratech_ws/install/cropmap_nav2/share/cropmap_nav2/package.sh'
[0.940s] INFO:colcon.colcon_core.shell:Creating package script '/home/manish/eiratech_ws/install/cropmap_nav2/share/cropmap_nav2/package.bash'
[0.940s] INFO:colcon.colcon_core.shell:Creating package script '/home/manish/eiratech_ws/install/cropmap_nav2/share/cropmap_nav2/package.zsh'
[0.940s] Level 1:colcon.colcon_core.environment:create_file_with_runtime_dependencies(/home/manish/eiratech_ws/install/cropmap_nav2/share/colcon-core/packages/cropmap_nav2)
[1.611s] DEBUG:colcon.colcon_core.event_handler.log_command:Invoked command in '/home/manish/eiratech_ws/build/robot_control' returned '0': CMAKE_PREFIX_PATH=${CMAKE_PREFIX_PATH}:/opt/ros/humble /usr/bin/cmake /home/manish/eiratech_ws/src/robot_control -DCMAKE_INSTALL_PREFIX=/home/manish/eiratech_ws/install/robot_control
[1.613s] DEBUG:colcon.colcon_core.event_handler.log_command:Invoking command in '/home/manish/eiratech_ws/build/robot_control': CMAKE_PREFIX_PATH=${CMAKE_PREFIX_PATH}:/opt/ros/humble /usr/bin/cmake --build /home/manish/eiratech_ws/build/robot_control -- -j12 -l12
[1.662s] DEBUG:colcon.colcon_core.event_handler.log_command:Invoked command in '/home/manish/eiratech_ws/build/robot_control' returned '0': CMAKE_PREFIX_PATH=${CMAKE_PREFIX_PATH}:/opt/ros/humble /usr/bin/cmake --build /home/manish/eiratech_ws/build/robot_control -- -j12 -l12
[1.665s] DEBUG:colcon.colcon_core.event_handler.log_command:Invoking command in '/home/manish/eiratech_ws/build/robot_control': CMAKE_PREFIX_PATH=${CMAKE_PREFIX_PATH}:/opt/ros/humble /usr/bin/cmake --install /home/manish/eiratech_ws/build/robot_control
[1.674s] Level 1:colcon.colcon_core.environment:create_environment_scripts_only(robot_control)
[1.674s] Level 1:colcon.colcon_core.environment:checking '/home/manish/eiratech_ws/install/robot_control' for CMake module files
[1.675s] DEBUG:colcon.colcon_core.event_handler.log_command:Invoked command in '/home/manish/eiratech_ws/build/robot_control' returned '0': CMAKE_PREFIX_PATH=${CMAKE_PREFIX_PATH}:/opt/ros/humble /usr/bin/cmake --install /home/manish/eiratech_ws/build/robot_control
[1.676s] Level 1:colcon.colcon_core.environment:checking '/home/manish/eiratech_ws/install/robot_control' for CMake config files
[1.676s] Level 1:colcon.colcon_core.shell:create_environment_hook('robot_control', 'cmake_prefix_path')
[1.676s] INFO:colcon.colcon_core.shell:Creating environment hook '/home/manish/eiratech_ws/install/robot_control/share/robot_control/hook/cmake_prefix_path.ps1'
[1.677s] INFO:colcon.colcon_core.shell:Creating environment descriptor '/home/manish/eiratech_ws/install/robot_control/share/robot_control/hook/cmake_prefix_path.dsv'
[1.677s] INFO:colcon.colcon_core.shell:Creating environment hook '/home/manish/eiratech_ws/install/robot_control/share/robot_control/hook/cmake_prefix_path.sh'
[1.677s] Level 1:colcon.colcon_core.environment:checking '/home/manish/eiratech_ws/install/robot_control/bin'
[1.677s] Level 1:colcon.colcon_core.environment:checking '/home/manish/eiratech_ws/install/robot_control/lib/pkgconfig/robot_control.pc'
[1.678s] Level 1:colcon.colcon_core.environment:checking '/home/manish/eiratech_ws/install/robot_control/lib/python3.10/site-packages'
[1.678s] Level 1:colcon.colcon_core.environment:checking '/home/manish/eiratech_ws/install/robot_control/bin'
[1.678s] INFO:colcon.colcon_core.shell:Creating package script '/home/manish/eiratech_ws/install/robot_control/share/robot_control/package.ps1'
[1.679s] INFO:colcon.colcon_core.shell:Creating package descriptor '/home/manish/eiratech_ws/install/robot_control/share/robot_control/package.dsv'
[1.680s] INFO:colcon.colcon_core.shell:Creating package script '/home/manish/eiratech_ws/install/robot_control/share/robot_control/package.sh'
[1.680s] INFO:colcon.colcon_core.shell:Creating package script '/home/manish/eiratech_ws/install/robot_control/share/robot_control/package.bash'
[1.681s] INFO:colcon.colcon_core.shell:Creating package script '/home/manish/eiratech_ws/install/robot_control/share/robot_control/package.zsh'
[1.681s] Level 1:colcon.colcon_core.environment:create_file_with_runtime_dependencies(/home/manish/eiratech_ws/install/robot_control/share/colcon-core/packages/robot_control)
[1.682s] Level 1:colcon.colcon_core.environment:create_environment_scripts_only(robot_control)
[1.682s] Level 1:colcon.colcon_core.environment:checking '/home/manish/eiratech_ws/install/robot_control' for CMake module files
[1.683s] Level 1:colcon.colcon_core.environment:checking '/home/manish/eiratech_ws/install/robot_control' for CMake config files
[1.683s] Level 1:colcon.colcon_core.shell:create_environment_hook('robot_control', 'cmake_prefix_path')
[1.684s] INFO:colcon.colcon_core.shell:Creating environment hook '/home/manish/eiratech_ws/install/robot_control/share/robot_control/hook/cmake_prefix_path.ps1'
[1.684s] INFO:colcon.colcon_core.shell:Creating environment descriptor '/home/manish/eiratech_ws/install/robot_control/share/robot_control/hook/cmake_prefix_path.dsv'
[1.685s] INFO:colcon.colcon_core.shell:Creating environment hook '/home/manish/eiratech_ws/install/robot_control/share/robot_control/hook/cmake_prefix_path.sh'
[1.685s] Level 1:colcon.colcon_core.environment:checking '/home/manish/eiratech_ws/install/robot_control/bin'
[1.686s] Level 1:colcon.colcon_core.environment:checking '/home/manish/eiratech_ws/install/robot_control/lib/pkgconfig/robot_control.pc'
[1.686s] Level 1:colcon.colcon_core.environment:checking '/home/manish/eiratech_ws/install/robot_control/lib/python3.10/site-packages'
[1.686s] Level 1:colcon.colcon_core.environment:checking '/home/manish/eiratech_ws/install/robot_control/bin'
[1.686s] INFO:colcon.colcon_core.shell:Creating package script '/home/manish/eiratech_ws/install/robot_control/share/robot_control/package.ps1'
[1.687s] INFO:colcon.colcon_core.shell:Creating package descriptor '/home/manish/eiratech_ws/install/robot_control/share/robot_control/package.dsv'
[1.688s] INFO:colcon.colcon_core.shell:Creating package script '/home/manish/eiratech_ws/install/robot_control/share/robot_control/package.sh'
[1.688s] INFO:colcon.colcon_core.shell:Creating package script '/home/manish/eiratech_ws/install/robot_control/share/robot_control/package.bash'
[1.689s] INFO:colcon.colcon_core.shell:Creating package script '/home/manish/eiratech_ws/install/robot_control/share/robot_control/package.zsh'
[1.690s] Level 1:colcon.colcon_core.environment:create_file_with_runtime_dependencies(/home/manish/eiratech_ws/install/robot_control/share/colcon-core/packages/robot_control)
[1.691s] DEBUG:colcon.colcon_parallel_executor.executor.parallel:closing loop
[1.692s] DEBUG:colcon.colcon_parallel_executor.executor.parallel:loop closed
[1.692s] DEBUG:colcon.colcon_parallel_executor.executor.parallel:run_until_complete finished with '0'
[1.692s] DEBUG:colcon.colcon_core.event_reactor:joining thread
[1.699s] INFO:colcon.colcon_core.plugin_system:Skipping extension 'colcon_notification.desktop_notification.terminal_notifier': Not used on non-Darwin systems
[1.699s] INFO:colcon.colcon_core.plugin_system:Skipping extension 'colcon_notification.desktop_notification.win32': Not used on non-Windows systems
[1.700s] INFO:colcon.colcon_notification.desktop_notification:Sending desktop notification using 'notify2'
[1.731s] DEBUG:colcon.colcon_core.event_reactor:joined thread
[1.731s] INFO:colcon.colcon_core.shell:Creating prefix script '/home/manish/eiratech_ws/install/local_setup.ps1'
[1.733s] INFO:colcon.colcon_core.shell:Creating prefix util module '/home/manish/eiratech_ws/install/_local_setup_util_ps1.py'
[1.735s] INFO:colcon.colcon_core.shell:Creating prefix chain script '/home/manish/eiratech_ws/install/setup.ps1'
[1.736s] INFO:colcon.colcon_core.shell:Creating prefix script '/home/manish/eiratech_ws/install/local_setup.sh'
[1.737s] INFO:colcon.colcon_core.shell:Creating prefix util module '/home/manish/eiratech_ws/install/_local_setup_util_sh.py'
[1.737s] INFO:colcon.colcon_core.shell:Creating prefix chain script '/home/manish/eiratech_ws/install/setup.sh'
[1.739s] INFO:colcon.colcon_core.shell:Creating prefix script '/home/manish/eiratech_ws/install/local_setup.bash'
[1.739s] INFO:colcon.colcon_core.shell:Creating prefix chain script '/home/manish/eiratech_ws/install/setup.bash'
[1.741s] INFO:colcon.colcon_core.shell:Creating prefix script '/home/manish/eiratech_ws/install/local_setup.zsh'
[1.741s] INFO:colcon.colcon_core.shell:Creating prefix chain script '/home/manish/eiratech_ws/install/setup.zsh'
