[0.008s] Invoking command in '/home/manish/eiratech_ws/build/robot_description': CMAKE_PREFIX_PATH=${CMAKE_PREFIX_PATH}:/opt/ros/humble /usr/bin/cmake /home/manish/eiratech_ws/src/robot_description -DCMAKE_INSTALL_PREFIX=/home/manish/eiratech_ws/install/robot_description
[0.044s] -- The C compiler identification is GNU 11.4.0
[0.081s] -- The CXX compiler identification is GNU 11.4.0
[0.085s] -- Detecting C compiler ABI info
[0.129s] -- Detecting C compiler ABI info - done
[0.135s] -- Check for working C compiler: /usr/bin/cc - skipped
[0.135s] -- Detecting C compile features
[0.135s] -- Detecting C compile features - done
[0.137s] -- Detecting CXX compiler ABI info
[0.189s] -- Detecting CXX compiler ABI info - done
[0.195s] -- Check for working CXX compiler: /usr/bin/c++ - skipped
[0.195s] -- Detecting CXX compile features
[0.195s] -- Detecting CXX compile features - done
[0.198s] -- Found ament_cmake: 1.3.11 (/opt/ros/humble/share/ament_cmake/cmake)
[0.303s] -- Found Python3: /usr/bin/python3 (found version "3.10.12") found components: Interpreter 
[0.373s] -- Found ament_lint_auto: 0.12.12 (/opt/ros/humble/share/ament_lint_auto/cmake)
[0.436s] -- Added test 'copyright' to check source files copyright and LICENSE
[0.438s] -- Added test 'flake8' to check Python code syntax and style conventions
[0.438s] -- Added test 'lint_cmake' to check CMake code style
[0.439s] -- Added test 'pep257' to check Python code against some of the docstring style conventions in PEP 257
[0.440s] -- Added test 'xmllint' to check XML markup files
[0.441s] -- Configuring done
[0.442s] -- Generating done
[0.444s] -- Build files have been written to: /home/manish/eiratech_ws/build/robot_description
[0.446s] Invoked command in '/home/manish/eiratech_ws/build/robot_description' returned '0': CMAKE_PREFIX_PATH=${CMAKE_PREFIX_PATH}:/opt/ros/humble /usr/bin/cmake /home/manish/eiratech_ws/src/robot_description -DCMAKE_INSTALL_PREFIX=/home/manish/eiratech_ws/install/robot_description
[0.447s] Invoking command in '/home/manish/eiratech_ws/build/robot_description': CMAKE_PREFIX_PATH=${CMAKE_PREFIX_PATH}:/opt/ros/humble /usr/bin/cmake --build /home/manish/eiratech_ws/build/robot_description -- -j12 -l12
[0.472s] Invoked command in '/home/manish/eiratech_ws/build/robot_description' returned '0': CMAKE_PREFIX_PATH=${CMAKE_PREFIX_PATH}:/opt/ros/humble /usr/bin/cmake --build /home/manish/eiratech_ws/build/robot_description -- -j12 -l12
[0.478s] Invoking command in '/home/manish/eiratech_ws/build/robot_description': CMAKE_PREFIX_PATH=${CMAKE_PREFIX_PATH}:/opt/ros/humble /usr/bin/cmake --install /home/manish/eiratech_ws/build/robot_description
[0.483s] -- Install configuration: ""
[0.483s] -- Installing: /home/manish/eiratech_ws/install/robot_description/share/robot_description/urdf
[0.483s] -- Installing: /home/manish/eiratech_ws/install/robot_description/share/robot_description/urdf/robot.urdf.xacro
[0.483s] -- Installing: /home/manish/eiratech_ws/install/robot_description/share/robot_description/urdf/robot.urdf.xacro_backup
[0.483s] -- Installing: /home/manish/eiratech_ws/install/robot_description/share/robot_description/meshes
[0.483s] -- Installing: /home/manish/eiratech_ws/install/robot_description/share/robot_description/meshes/base_link.STL
[0.493s] -- Installing: /home/manish/eiratech_ws/install/robot_description/share/robot_description/meshes/back_camera.STL
[0.493s] -- Installing: /home/manish/eiratech_ws/install/robot_description/share/robot_description/meshes/TC_V0.STL
[0.494s] -- Installing: /home/manish/eiratech_ws/install/robot_description/share/robot_description/meshes/wheel_front_left.STL
[0.494s] -- Installing: /home/manish/eiratech_ws/install/robot_description/share/robot_description/meshes/front_camera.STL
[0.495s] -- Installing: /home/manish/eiratech_ws/install/robot_description/share/robot_description/meshes/wheel_back_right.STL
[0.496s] -- Installing: /home/manish/eiratech_ws/install/robot_description/share/robot_description/meshes/wheel_front_right.STL
[0.496s] -- Installing: /home/manish/eiratech_ws/install/robot_description/share/robot_description/meshes/wheel_back_left.STL
[0.497s] -- Installing: /home/manish/eiratech_ws/install/robot_description/share/robot_description/config/config
[0.497s] -- Installing: /home/manish/eiratech_ws/install/robot_description/share/robot_description/config/config/bridge.yaml
[0.497s] -- Installing: /home/manish/eiratech_ws/install/robot_description/share/robot_description/launch/launch
[0.497s] -- Installing: /home/manish/eiratech_ws/install/robot_description/share/robot_description/launch/launch/robot_state.launch.py
[0.497s] -- Installing: /home/manish/eiratech_ws/install/robot_description/share/robot_description/rviz
[0.497s] -- Installing: /home/manish/eiratech_ws/install/robot_description/share/robot_description/rviz/robot.rviz
[0.497s] -- Installing: /home/manish/eiratech_ws/install/robot_description/share/ament_index/resource_index/package_run_dependencies/robot_description
[0.497s] -- Installing: /home/manish/eiratech_ws/install/robot_description/share/ament_index/resource_index/parent_prefix_path/robot_description
[0.497s] -- Installing: /home/manish/eiratech_ws/install/robot_description/share/robot_description/environment/ament_prefix_path.sh
[0.497s] -- Installing: /home/manish/eiratech_ws/install/robot_description/share/robot_description/environment/ament_prefix_path.dsv
[0.497s] -- Installing: /home/manish/eiratech_ws/install/robot_description/share/robot_description/environment/path.sh
[0.497s] -- Installing: /home/manish/eiratech_ws/install/robot_description/share/robot_description/environment/path.dsv
[0.498s] -- Installing: /home/manish/eiratech_ws/install/robot_description/share/robot_description/local_setup.bash
[0.498s] -- Installing: /home/manish/eiratech_ws/install/robot_description/share/robot_description/local_setup.sh
[0.498s] -- Installing: /home/manish/eiratech_ws/install/robot_description/share/robot_description/local_setup.zsh
[0.498s] -- Installing: /home/manish/eiratech_ws/install/robot_description/share/robot_description/local_setup.dsv
[0.498s] -- Installing: /home/manish/eiratech_ws/install/robot_description/share/robot_description/package.dsv
[0.498s] -- Installing: /home/manish/eiratech_ws/install/robot_description/share/ament_index/resource_index/packages/robot_description
[0.498s] -- Installing: /home/manish/eiratech_ws/install/robot_description/share/robot_description/cmake/robot_descriptionConfig.cmake
[0.498s] -- Installing: /home/manish/eiratech_ws/install/robot_description/share/robot_description/cmake/robot_descriptionConfig-version.cmake
[0.498s] -- Installing: /home/manish/eiratech_ws/install/robot_description/share/robot_description/package.xml
[0.499s] Invoked command in '/home/manish/eiratech_ws/build/robot_description' returned '0': CMAKE_PREFIX_PATH=${CMAKE_PREFIX_PATH}:/opt/ros/humble /usr/bin/cmake --install /home/manish/eiratech_ws/build/robot_description
