[0.182s] DEBUG:colcon:Command line arguments: ['/usr/bin/colcon', 'build']
[0.182s] DEBUG:colcon:Parsed command line arguments: Namespace(log_base=None, log_level=None, verb_name='build', build_base='build', install_base='install', merge_install=False, symlink_install=False, test_result_base=None, continue_on_error=False, executor='parallel', parallel_workers=12, event_handlers=None, ignore_user_meta=False, metas=['./colcon.meta'], base_paths=['.'], packages_ignore=None, packages_ignore_regex=None, paths=None, packages_up_to=None, packages_up_to_regex=None, packages_above=None, packages_above_and_dependencies=None, packages_above_depth=None, packages_select_by_dep=None, packages_skip_by_dep=None, packages_skip_up_to=None, packages_select_build_failed=False, packages_skip_build_finished=False, packages_select_test_failures=False, packages_skip_test_passed=False, packages_select=None, packages_skip=None, packages_select_regex=None, packages_skip_regex=None, packages_start=None, packages_end=None, allow_overriding=[], cmake_args=None, cmake_target=None, cmake_target_skip_unavailable=False, cmake_clean_cache=False, cmake_clean_first=False, cmake_force_configure=False, ament_cmake_args=None, catkin_cmake_args=None, catkin_skip_building_tests=False, mixin_files=None, mixin=None, verb_parser=<colcon_mixin.mixin.mixin_argument.MixinArgumentDecorator object at 0x730bf2156050>, verb_extension=<colcon_core.verb.build.BuildVerb object at 0x730bf226f010>, main=<bound method BuildVerb.main of <colcon_core.verb.build.BuildVerb object at 0x730bf226f010>>, mixin_verb=('build',))
[0.366s] Level 1:colcon.colcon_core.package_discovery:discover_packages(colcon_meta) check parameters
[0.366s] Level 1:colcon.colcon_core.package_discovery:discover_packages(recursive) check parameters
[0.366s] Level 1:colcon.colcon_core.package_discovery:discover_packages(ignore) check parameters
[0.366s] Level 1:colcon.colcon_core.package_discovery:discover_packages(path) check parameters
[0.366s] Level 1:colcon.colcon_core.package_discovery:discover_packages(colcon_meta) discover
[0.366s] Level 1:colcon.colcon_core.package_discovery:discover_packages(recursive) discover
[0.366s] INFO:colcon.colcon_core.package_discovery:Crawling recursively for packages in '/home/manish/eiratech_ws'
[0.367s] Level 1:colcon.colcon_core.package_identification:_identify(.) by extensions ['ignore', 'ignore_ament_install']
[0.367s] Level 1:colcon.colcon_core.package_identification:_identify(.) by extension 'ignore'
[0.367s] Level 1:colcon.colcon_core.package_identification:_identify(.) by extension 'ignore_ament_install'
[0.367s] Level 1:colcon.colcon_core.package_identification:_identify(.) by extensions ['colcon_pkg']
[0.367s] Level 1:colcon.colcon_core.package_identification:_identify(.) by extension 'colcon_pkg'
[0.367s] Level 1:colcon.colcon_core.package_identification:_identify(.) by extensions ['colcon_meta']
[0.367s] Level 1:colcon.colcon_core.package_identification:_identify(.) by extension 'colcon_meta'
[0.367s] Level 1:colcon.colcon_core.package_identification:_identify(.) by extensions ['ros']
[0.367s] Level 1:colcon.colcon_core.package_identification:_identify(.) by extension 'ros'
[0.376s] Level 1:colcon.colcon_core.package_identification:_identify(.) by extensions ['cmake', 'python']
[0.376s] Level 1:colcon.colcon_core.package_identification:_identify(.) by extension 'cmake'
[0.376s] Level 1:colcon.colcon_core.package_identification:_identify(.) by extension 'python'
[0.376s] Level 1:colcon.colcon_core.package_identification:_identify(.) by extensions ['python_setup_py']
[0.376s] Level 1:colcon.colcon_core.package_identification:_identify(.) by extension 'python_setup_py'
[0.376s] Level 1:colcon.colcon_core.package_identification:_identify(build) by extensions ['ignore', 'ignore_ament_install']
[0.376s] Level 1:colcon.colcon_core.package_identification:_identify(build) by extension 'ignore'
[0.376s] Level 1:colcon.colcon_core.package_identification:_identify(build) ignored
[0.376s] Level 1:colcon.colcon_core.package_identification:_identify(install) by extensions ['ignore', 'ignore_ament_install']
[0.376s] Level 1:colcon.colcon_core.package_identification:_identify(install) by extension 'ignore'
[0.376s] Level 1:colcon.colcon_core.package_identification:_identify(install) ignored
[0.377s] Level 1:colcon.colcon_core.package_identification:_identify(log) by extensions ['ignore', 'ignore_ament_install']
[0.377s] Level 1:colcon.colcon_core.package_identification:_identify(log) by extension 'ignore'
[0.377s] Level 1:colcon.colcon_core.package_identification:_identify(log) ignored
[0.377s] Level 1:colcon.colcon_core.package_identification:_identify(src) by extensions ['ignore', 'ignore_ament_install']
[0.377s] Level 1:colcon.colcon_core.package_identification:_identify(src) by extension 'ignore'
[0.377s] Level 1:colcon.colcon_core.package_identification:_identify(src) by extension 'ignore_ament_install'
[0.377s] Level 1:colcon.colcon_core.package_identification:_identify(src) by extensions ['colcon_pkg']
[0.377s] Level 1:colcon.colcon_core.package_identification:_identify(src) by extension 'colcon_pkg'
[0.377s] Level 1:colcon.colcon_core.package_identification:_identify(src) by extensions ['colcon_meta']
[0.377s] Level 1:colcon.colcon_core.package_identification:_identify(src) by extension 'colcon_meta'
[0.377s] Level 1:colcon.colcon_core.package_identification:_identify(src) by extensions ['ros']
[0.377s] Level 1:colcon.colcon_core.package_identification:_identify(src) by extension 'ros'
[0.377s] Level 1:colcon.colcon_core.package_identification:_identify(src) by extensions ['cmake', 'python']
[0.377s] Level 1:colcon.colcon_core.package_identification:_identify(src) by extension 'cmake'
[0.377s] Level 1:colcon.colcon_core.package_identification:_identify(src) by extension 'python'
[0.377s] Level 1:colcon.colcon_core.package_identification:_identify(src) by extensions ['python_setup_py']
[0.377s] Level 1:colcon.colcon_core.package_identification:_identify(src) by extension 'python_setup_py'
[0.377s] Level 1:colcon.colcon_core.package_identification:_identify(src/cropmap_nav2) by extensions ['ignore', 'ignore_ament_install']
[0.378s] Level 1:colcon.colcon_core.package_identification:_identify(src/cropmap_nav2) by extension 'ignore'
[0.378s] Level 1:colcon.colcon_core.package_identification:_identify(src/cropmap_nav2) by extension 'ignore_ament_install'
[0.378s] Level 1:colcon.colcon_core.package_identification:_identify(src/cropmap_nav2) by extensions ['colcon_pkg']
[0.378s] Level 1:colcon.colcon_core.package_identification:_identify(src/cropmap_nav2) by extension 'colcon_pkg'
[0.378s] Level 1:colcon.colcon_core.package_identification:_identify(src/cropmap_nav2) by extensions ['colcon_meta']
[0.378s] Level 1:colcon.colcon_core.package_identification:_identify(src/cropmap_nav2) by extension 'colcon_meta'
[0.378s] Level 1:colcon.colcon_core.package_identification:_identify(src/cropmap_nav2) by extensions ['ros']
[0.378s] Level 1:colcon.colcon_core.package_identification:_identify(src/cropmap_nav2) by extension 'ros'
[0.380s] DEBUG:colcon.colcon_core.package_identification:Package 'src/cropmap_nav2' with type 'ros.ament_cmake' and name 'cropmap_nav2'
[0.380s] Level 1:colcon.colcon_core.package_identification:_identify(src/robot_bringup) by extensions ['ignore', 'ignore_ament_install']
[0.380s] Level 1:colcon.colcon_core.package_identification:_identify(src/robot_bringup) by extension 'ignore'
[0.380s] Level 1:colcon.colcon_core.package_identification:_identify(src/robot_bringup) by extension 'ignore_ament_install'
[0.380s] Level 1:colcon.colcon_core.package_identification:_identify(src/robot_bringup) by extensions ['colcon_pkg']
[0.380s] Level 1:colcon.colcon_core.package_identification:_identify(src/robot_bringup) by extension 'colcon_pkg'
[0.380s] Level 1:colcon.colcon_core.package_identification:_identify(src/robot_bringup) by extensions ['colcon_meta']
[0.380s] Level 1:colcon.colcon_core.package_identification:_identify(src/robot_bringup) by extension 'colcon_meta'
[0.380s] Level 1:colcon.colcon_core.package_identification:_identify(src/robot_bringup) by extensions ['ros']
[0.380s] Level 1:colcon.colcon_core.package_identification:_identify(src/robot_bringup) by extension 'ros'
[0.382s] DEBUG:colcon.colcon_core.package_identification:Package 'src/robot_bringup' with type 'ros.ament_cmake' and name 'robot_bringup'
[0.382s] Level 1:colcon.colcon_core.package_identification:_identify(src/robot_control) by extensions ['ignore', 'ignore_ament_install']
[0.382s] Level 1:colcon.colcon_core.package_identification:_identify(src/robot_control) by extension 'ignore'
[0.382s] Level 1:colcon.colcon_core.package_identification:_identify(src/robot_control) by extension 'ignore_ament_install'
[0.382s] Level 1:colcon.colcon_core.package_identification:_identify(src/robot_control) by extensions ['colcon_pkg']
[0.382s] Level 1:colcon.colcon_core.package_identification:_identify(src/robot_control) by extension 'colcon_pkg'
[0.382s] Level 1:colcon.colcon_core.package_identification:_identify(src/robot_control) by extensions ['colcon_meta']
[0.382s] Level 1:colcon.colcon_core.package_identification:_identify(src/robot_control) by extension 'colcon_meta'
[0.382s] Level 1:colcon.colcon_core.package_identification:_identify(src/robot_control) by extensions ['ros']
[0.382s] Level 1:colcon.colcon_core.package_identification:_identify(src/robot_control) by extension 'ros'
[0.383s] DEBUG:colcon.colcon_core.package_identification:Package 'src/robot_control' with type 'ros.ament_cmake' and name 'robot_control'
[0.383s] Level 1:colcon.colcon_core.package_identification:_identify(src/robot_description) by extensions ['ignore', 'ignore_ament_install']
[0.383s] Level 1:colcon.colcon_core.package_identification:_identify(src/robot_description) by extension 'ignore'
[0.383s] Level 1:colcon.colcon_core.package_identification:_identify(src/robot_description) by extension 'ignore_ament_install'
[0.383s] Level 1:colcon.colcon_core.package_identification:_identify(src/robot_description) by extensions ['colcon_pkg']
[0.383s] Level 1:colcon.colcon_core.package_identification:_identify(src/robot_description) by extension 'colcon_pkg'
[0.383s] Level 1:colcon.colcon_core.package_identification:_identify(src/robot_description) by extensions ['colcon_meta']
[0.383s] Level 1:colcon.colcon_core.package_identification:_identify(src/robot_description) by extension 'colcon_meta'
[0.383s] Level 1:colcon.colcon_core.package_identification:_identify(src/robot_description) by extensions ['ros']
[0.383s] Level 1:colcon.colcon_core.package_identification:_identify(src/robot_description) by extension 'ros'
[0.384s] DEBUG:colcon.colcon_core.package_identification:Package 'src/robot_description' with type 'ros.ament_cmake' and name 'robot_description'
[0.384s] Level 1:colcon.colcon_core.package_discovery:discover_packages(recursive) using defaults
[0.384s] Level 1:colcon.colcon_core.package_discovery:discover_packages(ignore) discover
[0.384s] Level 1:colcon.colcon_core.package_discovery:discover_packages(ignore) using defaults
[0.384s] Level 1:colcon.colcon_core.package_discovery:discover_packages(path) discover
[0.384s] Level 1:colcon.colcon_core.package_discovery:discover_packages(path) using defaults
[0.410s] Level 1:colcon.colcon_core.package_discovery:discover_packages(prefix_path) check parameters
[0.411s] Level 1:colcon.colcon_core.package_discovery:discover_packages(prefix_path) discover
[0.414s] DEBUG:colcon.colcon_installed_package_information.package_discovery:Found 4 installed packages in /home/manish/eiratech_ws/install
[0.416s] DEBUG:colcon.colcon_installed_package_information.package_discovery:Found 420 installed packages in /opt/ros/humble
[0.418s] Level 1:colcon.colcon_core.package_discovery:discover_packages(prefix_path) using defaults
[0.494s] Level 5:colcon.colcon_core.verb:set package 'cropmap_nav2' build argument 'cmake_args' from command line to 'None'
[0.494s] Level 5:colcon.colcon_core.verb:set package 'cropmap_nav2' build argument 'cmake_target' from command line to 'None'
[0.494s] Level 5:colcon.colcon_core.verb:set package 'cropmap_nav2' build argument 'cmake_target_skip_unavailable' from command line to 'False'
[0.494s] Level 5:colcon.colcon_core.verb:set package 'cropmap_nav2' build argument 'cmake_clean_cache' from command line to 'False'
[0.494s] Level 5:colcon.colcon_core.verb:set package 'cropmap_nav2' build argument 'cmake_clean_first' from command line to 'False'
[0.494s] Level 5:colcon.colcon_core.verb:set package 'cropmap_nav2' build argument 'cmake_force_configure' from command line to 'False'
[0.494s] Level 5:colcon.colcon_core.verb:set package 'cropmap_nav2' build argument 'ament_cmake_args' from command line to 'None'
[0.494s] Level 5:colcon.colcon_core.verb:set package 'cropmap_nav2' build argument 'catkin_cmake_args' from command line to 'None'
[0.494s] Level 5:colcon.colcon_core.verb:set package 'cropmap_nav2' build argument 'catkin_skip_building_tests' from command line to 'False'
[0.494s] DEBUG:colcon.colcon_core.verb:Building package 'cropmap_nav2' with the following arguments: {'ament_cmake_args': None, 'build_base': '/home/manish/eiratech_ws/build/cropmap_nav2', 'catkin_cmake_args': None, 'catkin_skip_building_tests': False, 'cmake_args': None, 'cmake_clean_cache': False, 'cmake_clean_first': False, 'cmake_force_configure': False, 'cmake_target': None, 'cmake_target_skip_unavailable': False, 'install_base': '/home/manish/eiratech_ws/install/cropmap_nav2', 'merge_install': False, 'path': '/home/manish/eiratech_ws/src/cropmap_nav2', 'symlink_install': False, 'test_result_base': None}
[0.495s] Level 5:colcon.colcon_core.verb:set package 'robot_control' build argument 'cmake_args' from command line to 'None'
[0.495s] Level 5:colcon.colcon_core.verb:set package 'robot_control' build argument 'cmake_target' from command line to 'None'
[0.495s] Level 5:colcon.colcon_core.verb:set package 'robot_control' build argument 'cmake_target_skip_unavailable' from command line to 'False'
[0.495s] Level 5:colcon.colcon_core.verb:set package 'robot_control' build argument 'cmake_clean_cache' from command line to 'False'
[0.495s] Level 5:colcon.colcon_core.verb:set package 'robot_control' build argument 'cmake_clean_first' from command line to 'False'
[0.495s] Level 5:colcon.colcon_core.verb:set package 'robot_control' build argument 'cmake_force_configure' from command line to 'False'
[0.495s] Level 5:colcon.colcon_core.verb:set package 'robot_control' build argument 'ament_cmake_args' from command line to 'None'
[0.495s] Level 5:colcon.colcon_core.verb:set package 'robot_control' build argument 'catkin_cmake_args' from command line to 'None'
[0.495s] Level 5:colcon.colcon_core.verb:set package 'robot_control' build argument 'catkin_skip_building_tests' from command line to 'False'
[0.495s] DEBUG:colcon.colcon_core.verb:Building package 'robot_control' with the following arguments: {'ament_cmake_args': None, 'build_base': '/home/manish/eiratech_ws/build/robot_control', 'catkin_cmake_args': None, 'catkin_skip_building_tests': False, 'cmake_args': None, 'cmake_clean_cache': False, 'cmake_clean_first': False, 'cmake_force_configure': False, 'cmake_target': None, 'cmake_target_skip_unavailable': False, 'install_base': '/home/manish/eiratech_ws/install/robot_control', 'merge_install': False, 'path': '/home/manish/eiratech_ws/src/robot_control', 'symlink_install': False, 'test_result_base': None}
[0.495s] Level 5:colcon.colcon_core.verb:set package 'robot_description' build argument 'cmake_args' from command line to 'None'
[0.495s] Level 5:colcon.colcon_core.verb:set package 'robot_description' build argument 'cmake_target' from command line to 'None'
[0.495s] Level 5:colcon.colcon_core.verb:set package 'robot_description' build argument 'cmake_target_skip_unavailable' from command line to 'False'
[0.495s] Level 5:colcon.colcon_core.verb:set package 'robot_description' build argument 'cmake_clean_cache' from command line to 'False'
[0.495s] Level 5:colcon.colcon_core.verb:set package 'robot_description' build argument 'cmake_clean_first' from command line to 'False'
[0.495s] Level 5:colcon.colcon_core.verb:set package 'robot_description' build argument 'cmake_force_configure' from command line to 'False'
[0.495s] Level 5:colcon.colcon_core.verb:set package 'robot_description' build argument 'ament_cmake_args' from command line to 'None'
[0.495s] Level 5:colcon.colcon_core.verb:set package 'robot_description' build argument 'catkin_cmake_args' from command line to 'None'
[0.495s] Level 5:colcon.colcon_core.verb:set package 'robot_description' build argument 'catkin_skip_building_tests' from command line to 'False'
[0.495s] DEBUG:colcon.colcon_core.verb:Building package 'robot_description' with the following arguments: {'ament_cmake_args': None, 'build_base': '/home/manish/eiratech_ws/build/robot_description', 'catkin_cmake_args': None, 'catkin_skip_building_tests': False, 'cmake_args': None, 'cmake_clean_cache': False, 'cmake_clean_first': False, 'cmake_force_configure': False, 'cmake_target': None, 'cmake_target_skip_unavailable': False, 'install_base': '/home/manish/eiratech_ws/install/robot_description', 'merge_install': False, 'path': '/home/manish/eiratech_ws/src/robot_description', 'symlink_install': False, 'test_result_base': None}
[0.496s] Level 5:colcon.colcon_core.verb:set package 'robot_bringup' build argument 'cmake_args' from command line to 'None'
[0.496s] Level 5:colcon.colcon_core.verb:set package 'robot_bringup' build argument 'cmake_target' from command line to 'None'
[0.496s] Level 5:colcon.colcon_core.verb:set package 'robot_bringup' build argument 'cmake_target_skip_unavailable' from command line to 'False'
[0.496s] Level 5:colcon.colcon_core.verb:set package 'robot_bringup' build argument 'cmake_clean_cache' from command line to 'False'
[0.496s] Level 5:colcon.colcon_core.verb:set package 'robot_bringup' build argument 'cmake_clean_first' from command line to 'False'
[0.496s] Level 5:colcon.colcon_core.verb:set package 'robot_bringup' build argument 'cmake_force_configure' from command line to 'False'
[0.496s] Level 5:colcon.colcon_core.verb:set package 'robot_bringup' build argument 'ament_cmake_args' from command line to 'None'
[0.496s] Level 5:colcon.colcon_core.verb:set package 'robot_bringup' build argument 'catkin_cmake_args' from command line to 'None'
[0.496s] Level 5:colcon.colcon_core.verb:set package 'robot_bringup' build argument 'catkin_skip_building_tests' from command line to 'False'
[0.496s] DEBUG:colcon.colcon_core.verb:Building package 'robot_bringup' with the following arguments: {'ament_cmake_args': None, 'build_base': '/home/manish/eiratech_ws/build/robot_bringup', 'catkin_cmake_args': None, 'catkin_skip_building_tests': False, 'cmake_args': None, 'cmake_clean_cache': False, 'cmake_clean_first': False, 'cmake_force_configure': False, 'cmake_target': None, 'cmake_target_skip_unavailable': False, 'install_base': '/home/manish/eiratech_ws/install/robot_bringup', 'merge_install': False, 'path': '/home/manish/eiratech_ws/src/robot_bringup', 'symlink_install': False, 'test_result_base': None}
[0.496s] INFO:colcon.colcon_core.executor:Executing jobs using 'parallel' executor
[0.497s] DEBUG:colcon.colcon_parallel_executor.executor.parallel:run_until_complete
[0.497s] INFO:colcon.colcon_ros.task.ament_cmake.build:Building ROS package in '/home/manish/eiratech_ws/src/robot_description' with build type 'ament_cmake'
[0.497s] INFO:colcon.colcon_cmake.task.cmake.build:Building CMake package in '/home/manish/eiratech_ws/src/robot_description'
[0.500s] INFO:colcon.colcon_core.plugin_system:Skipping extension 'colcon_core.shell.bat': Not used on non-Windows systems
[0.500s] INFO:colcon.colcon_core.shell:Skip shell extension 'powershell' for command environment: Not usable outside of PowerShell
[0.500s] DEBUG:colcon.colcon_core.shell:Skip shell extension 'dsv' for command environment
[0.503s] INFO:colcon.colcon_ros.task.ament_cmake.build:Building ROS package in '/home/manish/eiratech_ws/src/cropmap_nav2' with build type 'ament_cmake'
[0.503s] INFO:colcon.colcon_cmake.task.cmake.build:Building CMake package in '/home/manish/eiratech_ws/src/cropmap_nav2'
[0.504s] INFO:colcon.colcon_core.shell:Skip shell extension 'powershell' for command environment: Not usable outside of PowerShell
[0.504s] DEBUG:colcon.colcon_core.shell:Skip shell extension 'dsv' for command environment
[0.506s] INFO:colcon.colcon_ros.task.ament_cmake.build:Building ROS package in '/home/manish/eiratech_ws/src/robot_control' with build type 'ament_cmake'
[0.506s] INFO:colcon.colcon_cmake.task.cmake.build:Building CMake package in '/home/manish/eiratech_ws/src/robot_control'
[0.507s] INFO:colcon.colcon_core.shell:Skip shell extension 'powershell' for command environment: Not usable outside of PowerShell
[0.507s] DEBUG:colcon.colcon_core.shell:Skip shell extension 'dsv' for command environment
[0.513s] DEBUG:colcon.colcon_core.event_handler.log_command:Invoking command in '/home/manish/eiratech_ws/build/robot_description': CMAKE_PREFIX_PATH=${CMAKE_PREFIX_PATH}:/opt/ros/humble /usr/bin/cmake --build /home/manish/eiratech_ws/build/robot_description -- -j12 -l12
[0.517s] DEBUG:colcon.colcon_core.event_handler.log_command:Invoking command in '/home/manish/eiratech_ws/build/cropmap_nav2': CMAKE_PREFIX_PATH=${CMAKE_PREFIX_PATH}:/opt/ros/humble /usr/bin/cmake --build /home/manish/eiratech_ws/build/cropmap_nav2 -- -j12 -l12
[0.520s] DEBUG:colcon.colcon_core.event_handler.log_command:Invoking command in '/home/manish/eiratech_ws/build/robot_control': CMAKE_PREFIX_PATH=${CMAKE_PREFIX_PATH}:/opt/ros/humble /usr/bin/cmake --build /home/manish/eiratech_ws/build/robot_control -- -j12 -l12
[0.559s] DEBUG:colcon.colcon_core.event_handler.log_command:Invoked command in '/home/manish/eiratech_ws/build/robot_description' returned '0': CMAKE_PREFIX_PATH=${CMAKE_PREFIX_PATH}:/opt/ros/humble /usr/bin/cmake --build /home/manish/eiratech_ws/build/robot_description -- -j12 -l12
[0.567s] DEBUG:colcon.colcon_core.event_handler.log_command:Invoking command in '/home/manish/eiratech_ws/build/robot_description': CMAKE_PREFIX_PATH=${CMAKE_PREFIX_PATH}:/opt/ros/humble /usr/bin/cmake --install /home/manish/eiratech_ws/build/robot_description
[0.567s] DEBUG:colcon.colcon_core.event_handler.log_command:Invoked command in '/home/manish/eiratech_ws/build/cropmap_nav2' returned '0': CMAKE_PREFIX_PATH=${CMAKE_PREFIX_PATH}:/opt/ros/humble /usr/bin/cmake --build /home/manish/eiratech_ws/build/cropmap_nav2 -- -j12 -l12
[0.569s] DEBUG:colcon.colcon_core.event_handler.log_command:Invoking command in '/home/manish/eiratech_ws/build/cropmap_nav2': CMAKE_PREFIX_PATH=${CMAKE_PREFIX_PATH}:/opt/ros/humble /usr/bin/cmake --install /home/manish/eiratech_ws/build/cropmap_nav2
[0.579s] DEBUG:colcon.colcon_core.event_handler.log_command:Invoked command in '/home/manish/eiratech_ws/build/robot_control' returned '0': CMAKE_PREFIX_PATH=${CMAKE_PREFIX_PATH}:/opt/ros/humble /usr/bin/cmake --build /home/manish/eiratech_ws/build/robot_control -- -j12 -l12
[0.580s] DEBUG:colcon.colcon_core.event_handler.log_command:Invoking command in '/home/manish/eiratech_ws/build/robot_control': CMAKE_PREFIX_PATH=${CMAKE_PREFIX_PATH}:/opt/ros/humble /usr/bin/cmake --install /home/manish/eiratech_ws/build/robot_control
[0.581s] Level 1:colcon.colcon_core.environment:create_environment_scripts_only(cropmap_nav2)
[0.582s] DEBUG:colcon.colcon_core.event_handler.log_command:Invoked command in '/home/manish/eiratech_ws/build/cropmap_nav2' returned '0': CMAKE_PREFIX_PATH=${CMAKE_PREFIX_PATH}:/opt/ros/humble /usr/bin/cmake --install /home/manish/eiratech_ws/build/cropmap_nav2
[0.586s] Level 1:colcon.colcon_core.environment:checking '/home/manish/eiratech_ws/install/cropmap_nav2' for CMake module files
[0.588s] Level 1:colcon.colcon_core.environment:checking '/home/manish/eiratech_ws/install/cropmap_nav2' for CMake config files
[0.588s] Level 1:colcon.colcon_core.shell:create_environment_hook('cropmap_nav2', 'cmake_prefix_path')
[0.588s] INFO:colcon.colcon_core.shell:Creating environment hook '/home/manish/eiratech_ws/install/cropmap_nav2/share/cropmap_nav2/hook/cmake_prefix_path.ps1'
[0.589s] INFO:colcon.colcon_core.shell:Creating environment descriptor '/home/manish/eiratech_ws/install/cropmap_nav2/share/cropmap_nav2/hook/cmake_prefix_path.dsv'
[0.589s] INFO:colcon.colcon_core.shell:Creating environment hook '/home/manish/eiratech_ws/install/cropmap_nav2/share/cropmap_nav2/hook/cmake_prefix_path.sh'
[0.590s] Level 1:colcon.colcon_core.environment:checking '/home/manish/eiratech_ws/install/cropmap_nav2/bin'
[0.590s] Level 1:colcon.colcon_core.environment:checking '/home/manish/eiratech_ws/install/cropmap_nav2/lib/pkgconfig/cropmap_nav2.pc'
[0.591s] Level 1:colcon.colcon_core.environment:checking '/home/manish/eiratech_ws/install/cropmap_nav2/lib/python3.10/site-packages'
[0.591s] Level 1:colcon.colcon_core.environment:checking '/home/manish/eiratech_ws/install/cropmap_nav2/bin'
[0.591s] INFO:colcon.colcon_core.shell:Creating package script '/home/manish/eiratech_ws/install/cropmap_nav2/share/cropmap_nav2/package.ps1'
[0.592s] INFO:colcon.colcon_core.shell:Creating package descriptor '/home/manish/eiratech_ws/install/cropmap_nav2/share/cropmap_nav2/package.dsv'
[0.592s] INFO:colcon.colcon_core.shell:Creating package script '/home/manish/eiratech_ws/install/cropmap_nav2/share/cropmap_nav2/package.sh'
[0.593s] INFO:colcon.colcon_core.shell:Creating package script '/home/manish/eiratech_ws/install/cropmap_nav2/share/cropmap_nav2/package.bash'
[0.594s] INFO:colcon.colcon_core.shell:Creating package script '/home/manish/eiratech_ws/install/cropmap_nav2/share/cropmap_nav2/package.zsh'
[0.594s] Level 1:colcon.colcon_core.environment:create_file_with_runtime_dependencies(/home/manish/eiratech_ws/install/cropmap_nav2/share/colcon-core/packages/cropmap_nav2)
[0.595s] Level 1:colcon.colcon_core.environment:create_environment_scripts_only(cropmap_nav2)
[0.595s] Level 1:colcon.colcon_core.environment:checking '/home/manish/eiratech_ws/install/cropmap_nav2' for CMake module files
[0.595s] Level 1:colcon.colcon_core.environment:checking '/home/manish/eiratech_ws/install/cropmap_nav2' for CMake config files
[0.595s] Level 1:colcon.colcon_core.shell:create_environment_hook('cropmap_nav2', 'cmake_prefix_path')
[0.595s] INFO:colcon.colcon_core.shell:Creating environment hook '/home/manish/eiratech_ws/install/cropmap_nav2/share/cropmap_nav2/hook/cmake_prefix_path.ps1'
[0.596s] INFO:colcon.colcon_core.shell:Creating environment descriptor '/home/manish/eiratech_ws/install/cropmap_nav2/share/cropmap_nav2/hook/cmake_prefix_path.dsv'
[0.596s] INFO:colcon.colcon_core.shell:Creating environment hook '/home/manish/eiratech_ws/install/cropmap_nav2/share/cropmap_nav2/hook/cmake_prefix_path.sh'
[0.596s] Level 1:colcon.colcon_core.environment:checking '/home/manish/eiratech_ws/install/cropmap_nav2/bin'
[0.596s] Level 1:colcon.colcon_core.environment:checking '/home/manish/eiratech_ws/install/cropmap_nav2/lib/pkgconfig/cropmap_nav2.pc'
[0.596s] Level 1:colcon.colcon_core.environment:checking '/home/manish/eiratech_ws/install/cropmap_nav2/lib/python3.10/site-packages'
[0.597s] Level 1:colcon.colcon_core.environment:checking '/home/manish/eiratech_ws/install/cropmap_nav2/bin'
[0.597s] INFO:colcon.colcon_core.shell:Creating package script '/home/manish/eiratech_ws/install/cropmap_nav2/share/cropmap_nav2/package.ps1'
[0.597s] INFO:colcon.colcon_core.shell:Creating package descriptor '/home/manish/eiratech_ws/install/cropmap_nav2/share/cropmap_nav2/package.dsv'
[0.598s] INFO:colcon.colcon_core.shell:Creating package script '/home/manish/eiratech_ws/install/cropmap_nav2/share/cropmap_nav2/package.sh'
[0.598s] INFO:colcon.colcon_core.shell:Creating package script '/home/manish/eiratech_ws/install/cropmap_nav2/share/cropmap_nav2/package.bash'
[0.598s] INFO:colcon.colcon_core.shell:Creating package script '/home/manish/eiratech_ws/install/cropmap_nav2/share/cropmap_nav2/package.zsh'
[0.599s] Level 1:colcon.colcon_core.environment:create_file_with_runtime_dependencies(/home/manish/eiratech_ws/install/cropmap_nav2/share/colcon-core/packages/cropmap_nav2)
[0.599s] Level 1:colcon.colcon_core.environment:create_environment_scripts_only(robot_control)
[0.600s] Level 1:colcon.colcon_core.environment:checking '/home/manish/eiratech_ws/install/robot_control' for CMake module files
[0.600s] DEBUG:colcon.colcon_core.event_handler.log_command:Invoked command in '/home/manish/eiratech_ws/build/robot_control' returned '0': CMAKE_PREFIX_PATH=${CMAKE_PREFIX_PATH}:/opt/ros/humble /usr/bin/cmake --install /home/manish/eiratech_ws/build/robot_control
[0.600s] Level 1:colcon.colcon_core.environment:checking '/home/manish/eiratech_ws/install/robot_control' for CMake config files
[0.600s] Level 1:colcon.colcon_core.shell:create_environment_hook('robot_control', 'cmake_prefix_path')
[0.600s] INFO:colcon.colcon_core.shell:Creating environment hook '/home/manish/eiratech_ws/install/robot_control/share/robot_control/hook/cmake_prefix_path.ps1'
[0.601s] INFO:colcon.colcon_core.shell:Creating environment descriptor '/home/manish/eiratech_ws/install/robot_control/share/robot_control/hook/cmake_prefix_path.dsv'
[0.601s] INFO:colcon.colcon_core.shell:Creating environment hook '/home/manish/eiratech_ws/install/robot_control/share/robot_control/hook/cmake_prefix_path.sh'
[0.601s] Level 1:colcon.colcon_core.environment:checking '/home/manish/eiratech_ws/install/robot_control/bin'
[0.601s] Level 1:colcon.colcon_core.environment:checking '/home/manish/eiratech_ws/install/robot_control/lib/pkgconfig/robot_control.pc'
[0.602s] Level 1:colcon.colcon_core.environment:checking '/home/manish/eiratech_ws/install/robot_control/lib/python3.10/site-packages'
[0.602s] Level 1:colcon.colcon_core.environment:checking '/home/manish/eiratech_ws/install/robot_control/bin'
[0.602s] INFO:colcon.colcon_core.shell:Creating package script '/home/manish/eiratech_ws/install/robot_control/share/robot_control/package.ps1'
[0.602s] INFO:colcon.colcon_core.shell:Creating package descriptor '/home/manish/eiratech_ws/install/robot_control/share/robot_control/package.dsv'
[0.603s] INFO:colcon.colcon_core.shell:Creating package script '/home/manish/eiratech_ws/install/robot_control/share/robot_control/package.sh'
[0.603s] INFO:colcon.colcon_core.shell:Creating package script '/home/manish/eiratech_ws/install/robot_control/share/robot_control/package.bash'
[0.603s] INFO:colcon.colcon_core.shell:Creating package script '/home/manish/eiratech_ws/install/robot_control/share/robot_control/package.zsh'
[0.603s] Level 1:colcon.colcon_core.environment:create_file_with_runtime_dependencies(/home/manish/eiratech_ws/install/robot_control/share/colcon-core/packages/robot_control)
[0.604s] Level 1:colcon.colcon_core.environment:create_environment_scripts_only(robot_control)
[0.604s] Level 1:colcon.colcon_core.environment:checking '/home/manish/eiratech_ws/install/robot_control' for CMake module files
[0.604s] Level 1:colcon.colcon_core.environment:checking '/home/manish/eiratech_ws/install/robot_control' for CMake config files
[0.604s] Level 1:colcon.colcon_core.shell:create_environment_hook('robot_control', 'cmake_prefix_path')
[0.604s] INFO:colcon.colcon_core.shell:Creating environment hook '/home/manish/eiratech_ws/install/robot_control/share/robot_control/hook/cmake_prefix_path.ps1'
[0.605s] INFO:colcon.colcon_core.shell:Creating environment descriptor '/home/manish/eiratech_ws/install/robot_control/share/robot_control/hook/cmake_prefix_path.dsv'
[0.605s] INFO:colcon.colcon_core.shell:Creating environment hook '/home/manish/eiratech_ws/install/robot_control/share/robot_control/hook/cmake_prefix_path.sh'
[0.605s] Level 1:colcon.colcon_core.environment:checking '/home/manish/eiratech_ws/install/robot_control/bin'
[0.605s] Level 1:colcon.colcon_core.environment:checking '/home/manish/eiratech_ws/install/robot_control/lib/pkgconfig/robot_control.pc'
[0.606s] Level 1:colcon.colcon_core.environment:checking '/home/manish/eiratech_ws/install/robot_control/lib/python3.10/site-packages'
[0.606s] Level 1:colcon.colcon_core.environment:checking '/home/manish/eiratech_ws/install/robot_control/bin'
[0.606s] INFO:colcon.colcon_core.shell:Creating package script '/home/manish/eiratech_ws/install/robot_control/share/robot_control/package.ps1'
[0.606s] INFO:colcon.colcon_core.shell:Creating package descriptor '/home/manish/eiratech_ws/install/robot_control/share/robot_control/package.dsv'
[0.607s] INFO:colcon.colcon_core.shell:Creating package script '/home/manish/eiratech_ws/install/robot_control/share/robot_control/package.sh'
[0.607s] INFO:colcon.colcon_core.shell:Creating package script '/home/manish/eiratech_ws/install/robot_control/share/robot_control/package.bash'
[0.607s] INFO:colcon.colcon_core.shell:Creating package script '/home/manish/eiratech_ws/install/robot_control/share/robot_control/package.zsh'
[0.608s] Level 1:colcon.colcon_core.environment:create_file_with_runtime_dependencies(/home/manish/eiratech_ws/install/robot_control/share/colcon-core/packages/robot_control)
[0.608s] Level 1:colcon.colcon_core.environment:create_environment_scripts_only(robot_description)
[0.608s] Level 1:colcon.colcon_core.environment:checking '/home/manish/eiratech_ws/install/robot_description' for CMake module files
[0.609s] DEBUG:colcon.colcon_core.event_handler.log_command:Invoked command in '/home/manish/eiratech_ws/build/robot_description' returned '0': CMAKE_PREFIX_PATH=${CMAKE_PREFIX_PATH}:/opt/ros/humble /usr/bin/cmake --install /home/manish/eiratech_ws/build/robot_description
[0.609s] Level 1:colcon.colcon_core.environment:checking '/home/manish/eiratech_ws/install/robot_description' for CMake config files
[0.609s] Level 1:colcon.colcon_core.shell:create_environment_hook('robot_description', 'cmake_prefix_path')
[0.609s] INFO:colcon.colcon_core.shell:Creating environment hook '/home/manish/eiratech_ws/install/robot_description/share/robot_description/hook/cmake_prefix_path.ps1'
[0.609s] INFO:colcon.colcon_core.shell:Creating environment descriptor '/home/manish/eiratech_ws/install/robot_description/share/robot_description/hook/cmake_prefix_path.dsv'
[0.610s] INFO:colcon.colcon_core.shell:Creating environment hook '/home/manish/eiratech_ws/install/robot_description/share/robot_description/hook/cmake_prefix_path.sh'
[0.610s] Level 1:colcon.colcon_core.environment:checking '/home/manish/eiratech_ws/install/robot_description/bin'
[0.610s] Level 1:colcon.colcon_core.environment:checking '/home/manish/eiratech_ws/install/robot_description/lib/pkgconfig/robot_description.pc'
[0.610s] Level 1:colcon.colcon_core.environment:checking '/home/manish/eiratech_ws/install/robot_description/lib/python3.10/site-packages'
[0.610s] Level 1:colcon.colcon_core.environment:checking '/home/manish/eiratech_ws/install/robot_description/bin'
[0.610s] INFO:colcon.colcon_core.shell:Creating package script '/home/manish/eiratech_ws/install/robot_description/share/robot_description/package.ps1'
[0.611s] INFO:colcon.colcon_core.shell:Creating package descriptor '/home/manish/eiratech_ws/install/robot_description/share/robot_description/package.dsv'
[0.611s] INFO:colcon.colcon_core.shell:Creating package script '/home/manish/eiratech_ws/install/robot_description/share/robot_description/package.sh'
[0.611s] INFO:colcon.colcon_core.shell:Creating package script '/home/manish/eiratech_ws/install/robot_description/share/robot_description/package.bash'
[0.612s] INFO:colcon.colcon_core.shell:Creating package script '/home/manish/eiratech_ws/install/robot_description/share/robot_description/package.zsh'
[0.612s] Level 1:colcon.colcon_core.environment:create_file_with_runtime_dependencies(/home/manish/eiratech_ws/install/robot_description/share/colcon-core/packages/robot_description)
[0.612s] Level 1:colcon.colcon_core.environment:create_environment_scripts_only(robot_description)
[0.612s] Level 1:colcon.colcon_core.environment:checking '/home/manish/eiratech_ws/install/robot_description' for CMake module files
[0.613s] Level 1:colcon.colcon_core.environment:checking '/home/manish/eiratech_ws/install/robot_description' for CMake config files
[0.613s] Level 1:colcon.colcon_core.shell:create_environment_hook('robot_description', 'cmake_prefix_path')
[0.613s] INFO:colcon.colcon_core.shell:Creating environment hook '/home/manish/eiratech_ws/install/robot_description/share/robot_description/hook/cmake_prefix_path.ps1'
[0.613s] INFO:colcon.colcon_core.shell:Creating environment descriptor '/home/manish/eiratech_ws/install/robot_description/share/robot_description/hook/cmake_prefix_path.dsv'
[0.613s] INFO:colcon.colcon_core.shell:Creating environment hook '/home/manish/eiratech_ws/install/robot_description/share/robot_description/hook/cmake_prefix_path.sh'
[0.614s] Level 1:colcon.colcon_core.environment:checking '/home/manish/eiratech_ws/install/robot_description/bin'
[0.614s] Level 1:colcon.colcon_core.environment:checking '/home/manish/eiratech_ws/install/robot_description/lib/pkgconfig/robot_description.pc'
[0.614s] Level 1:colcon.colcon_core.environment:checking '/home/manish/eiratech_ws/install/robot_description/lib/python3.10/site-packages'
[0.614s] Level 1:colcon.colcon_core.environment:checking '/home/manish/eiratech_ws/install/robot_description/bin'
[0.614s] INFO:colcon.colcon_core.shell:Creating package script '/home/manish/eiratech_ws/install/robot_description/share/robot_description/package.ps1'
[0.615s] INFO:colcon.colcon_core.shell:Creating package descriptor '/home/manish/eiratech_ws/install/robot_description/share/robot_description/package.dsv'
[0.615s] INFO:colcon.colcon_core.shell:Creating package script '/home/manish/eiratech_ws/install/robot_description/share/robot_description/package.sh'
[0.615s] INFO:colcon.colcon_core.shell:Creating package script '/home/manish/eiratech_ws/install/robot_description/share/robot_description/package.bash'
[0.616s] INFO:colcon.colcon_core.shell:Creating package script '/home/manish/eiratech_ws/install/robot_description/share/robot_description/package.zsh'
[0.616s] Level 1:colcon.colcon_core.environment:create_file_with_runtime_dependencies(/home/manish/eiratech_ws/install/robot_description/share/colcon-core/packages/robot_description)
[0.616s] INFO:colcon.colcon_ros.task.ament_cmake.build:Building ROS package in '/home/manish/eiratech_ws/src/robot_bringup' with build type 'ament_cmake'
[0.616s] INFO:colcon.colcon_cmake.task.cmake.build:Building CMake package in '/home/manish/eiratech_ws/src/robot_bringup'
[0.616s] INFO:colcon.colcon_core.shell:Skip shell extension 'powershell' for command environment: Not usable outside of PowerShell
[0.616s] DEBUG:colcon.colcon_core.shell:Skip shell extension 'dsv' for command environment
[0.624s] DEBUG:colcon.colcon_core.event_handler.log_command:Invoking command in '/home/manish/eiratech_ws/build/robot_bringup': CMAKE_PREFIX_PATH=/home/manish/eiratech_ws/install/robot_description:/home/manish/eiratech_ws/install/robot_bringup:/home/manish/eiratech_ws/install/robot_control:/home/manish/eiratech_ws/install/cropmap_nav2:/opt/ros/humble /usr/bin/cmake --build /home/manish/eiratech_ws/build/robot_bringup -- -j12 -l12
[0.649s] DEBUG:colcon.colcon_core.event_handler.log_command:Invoked command in '/home/manish/eiratech_ws/build/robot_bringup' returned '0': CMAKE_PREFIX_PATH=/home/manish/eiratech_ws/install/robot_description:/home/manish/eiratech_ws/install/robot_bringup:/home/manish/eiratech_ws/install/robot_control:/home/manish/eiratech_ws/install/cropmap_nav2:/opt/ros/humble /usr/bin/cmake --build /home/manish/eiratech_ws/build/robot_bringup -- -j12 -l12
[0.651s] DEBUG:colcon.colcon_core.event_handler.log_command:Invoking command in '/home/manish/eiratech_ws/build/robot_bringup': CMAKE_PREFIX_PATH=/home/manish/eiratech_ws/install/robot_description:/home/manish/eiratech_ws/install/robot_bringup:/home/manish/eiratech_ws/install/robot_control:/home/manish/eiratech_ws/install/cropmap_nav2:/opt/ros/humble /usr/bin/cmake --install /home/manish/eiratech_ws/build/robot_bringup
[0.660s] Level 1:colcon.colcon_core.environment:create_environment_scripts_only(robot_bringup)
[0.661s] Level 1:colcon.colcon_core.environment:checking '/home/manish/eiratech_ws/install/robot_bringup' for CMake module files
[0.661s] DEBUG:colcon.colcon_core.event_handler.log_command:Invoked command in '/home/manish/eiratech_ws/build/robot_bringup' returned '0': CMAKE_PREFIX_PATH=/home/manish/eiratech_ws/install/robot_description:/home/manish/eiratech_ws/install/robot_bringup:/home/manish/eiratech_ws/install/robot_control:/home/manish/eiratech_ws/install/cropmap_nav2:/opt/ros/humble /usr/bin/cmake --install /home/manish/eiratech_ws/build/robot_bringup
[0.661s] Level 1:colcon.colcon_core.environment:checking '/home/manish/eiratech_ws/install/robot_bringup' for CMake config files
[0.661s] Level 1:colcon.colcon_core.shell:create_environment_hook('robot_bringup', 'cmake_prefix_path')
[0.661s] INFO:colcon.colcon_core.shell:Creating environment hook '/home/manish/eiratech_ws/install/robot_bringup/share/robot_bringup/hook/cmake_prefix_path.ps1'
[0.662s] INFO:colcon.colcon_core.shell:Creating environment descriptor '/home/manish/eiratech_ws/install/robot_bringup/share/robot_bringup/hook/cmake_prefix_path.dsv'
[0.662s] INFO:colcon.colcon_core.shell:Creating environment hook '/home/manish/eiratech_ws/install/robot_bringup/share/robot_bringup/hook/cmake_prefix_path.sh'
[0.662s] Level 1:colcon.colcon_core.environment:checking '/home/manish/eiratech_ws/install/robot_bringup/bin'
[0.663s] Level 1:colcon.colcon_core.environment:checking '/home/manish/eiratech_ws/install/robot_bringup/lib/pkgconfig/robot_bringup.pc'
[0.663s] Level 1:colcon.colcon_core.environment:checking '/home/manish/eiratech_ws/install/robot_bringup/lib/python3.10/site-packages'
[0.663s] Level 1:colcon.colcon_core.environment:checking '/home/manish/eiratech_ws/install/robot_bringup/bin'
[0.663s] INFO:colcon.colcon_core.shell:Creating package script '/home/manish/eiratech_ws/install/robot_bringup/share/robot_bringup/package.ps1'
[0.663s] INFO:colcon.colcon_core.shell:Creating package descriptor '/home/manish/eiratech_ws/install/robot_bringup/share/robot_bringup/package.dsv'
[0.664s] INFO:colcon.colcon_core.shell:Creating package script '/home/manish/eiratech_ws/install/robot_bringup/share/robot_bringup/package.sh'
[0.664s] INFO:colcon.colcon_core.shell:Creating package script '/home/manish/eiratech_ws/install/robot_bringup/share/robot_bringup/package.bash'
[0.664s] INFO:colcon.colcon_core.shell:Creating package script '/home/manish/eiratech_ws/install/robot_bringup/share/robot_bringup/package.zsh'
[0.664s] Level 1:colcon.colcon_core.environment:create_file_with_runtime_dependencies(/home/manish/eiratech_ws/install/robot_bringup/share/colcon-core/packages/robot_bringup)
[0.665s] Level 1:colcon.colcon_core.environment:create_environment_scripts_only(robot_bringup)
[0.665s] Level 1:colcon.colcon_core.environment:checking '/home/manish/eiratech_ws/install/robot_bringup' for CMake module files
[0.665s] Level 1:colcon.colcon_core.environment:checking '/home/manish/eiratech_ws/install/robot_bringup' for CMake config files
[0.665s] Level 1:colcon.colcon_core.shell:create_environment_hook('robot_bringup', 'cmake_prefix_path')
[0.665s] INFO:colcon.colcon_core.shell:Creating environment hook '/home/manish/eiratech_ws/install/robot_bringup/share/robot_bringup/hook/cmake_prefix_path.ps1'
[0.666s] INFO:colcon.colcon_core.shell:Creating environment descriptor '/home/manish/eiratech_ws/install/robot_bringup/share/robot_bringup/hook/cmake_prefix_path.dsv'
[0.666s] INFO:colcon.colcon_core.shell:Creating environment hook '/home/manish/eiratech_ws/install/robot_bringup/share/robot_bringup/hook/cmake_prefix_path.sh'
[0.666s] Level 1:colcon.colcon_core.environment:checking '/home/manish/eiratech_ws/install/robot_bringup/bin'
[0.666s] Level 1:colcon.colcon_core.environment:checking '/home/manish/eiratech_ws/install/robot_bringup/lib/pkgconfig/robot_bringup.pc'
[0.667s] Level 1:colcon.colcon_core.environment:checking '/home/manish/eiratech_ws/install/robot_bringup/lib/python3.10/site-packages'
[0.667s] Level 1:colcon.colcon_core.environment:checking '/home/manish/eiratech_ws/install/robot_bringup/bin'
[0.667s] INFO:colcon.colcon_core.shell:Creating package script '/home/manish/eiratech_ws/install/robot_bringup/share/robot_bringup/package.ps1'
[0.667s] INFO:colcon.colcon_core.shell:Creating package descriptor '/home/manish/eiratech_ws/install/robot_bringup/share/robot_bringup/package.dsv'
[0.668s] INFO:colcon.colcon_core.shell:Creating package script '/home/manish/eiratech_ws/install/robot_bringup/share/robot_bringup/package.sh'
[0.668s] INFO:colcon.colcon_core.shell:Creating package script '/home/manish/eiratech_ws/install/robot_bringup/share/robot_bringup/package.bash'
[0.668s] INFO:colcon.colcon_core.shell:Creating package script '/home/manish/eiratech_ws/install/robot_bringup/share/robot_bringup/package.zsh'
[0.668s] Level 1:colcon.colcon_core.environment:create_file_with_runtime_dependencies(/home/manish/eiratech_ws/install/robot_bringup/share/colcon-core/packages/robot_bringup)
[0.669s] DEBUG:colcon.colcon_parallel_executor.executor.parallel:closing loop
[0.669s] DEBUG:colcon.colcon_parallel_executor.executor.parallel:loop closed
[0.669s] DEBUG:colcon.colcon_parallel_executor.executor.parallel:run_until_complete finished with '0'
[0.669s] DEBUG:colcon.colcon_core.event_reactor:joining thread
[0.675s] INFO:colcon.colcon_core.plugin_system:Skipping extension 'colcon_notification.desktop_notification.terminal_notifier': Not used on non-Darwin systems
[0.675s] INFO:colcon.colcon_core.plugin_system:Skipping extension 'colcon_notification.desktop_notification.win32': Not used on non-Windows systems
[0.675s] INFO:colcon.colcon_notification.desktop_notification:Sending desktop notification using 'notify2'
[0.683s] DEBUG:colcon.colcon_core.event_reactor:joined thread
[0.683s] INFO:colcon.colcon_core.shell:Creating prefix script '/home/manish/eiratech_ws/install/local_setup.ps1'
[0.685s] INFO:colcon.colcon_core.shell:Creating prefix util module '/home/manish/eiratech_ws/install/_local_setup_util_ps1.py'
[0.686s] INFO:colcon.colcon_core.shell:Creating prefix chain script '/home/manish/eiratech_ws/install/setup.ps1'
[0.687s] INFO:colcon.colcon_core.shell:Creating prefix script '/home/manish/eiratech_ws/install/local_setup.sh'
[0.687s] INFO:colcon.colcon_core.shell:Creating prefix util module '/home/manish/eiratech_ws/install/_local_setup_util_sh.py'
[0.688s] INFO:colcon.colcon_core.shell:Creating prefix chain script '/home/manish/eiratech_ws/install/setup.sh'
[0.688s] INFO:colcon.colcon_core.shell:Creating prefix script '/home/manish/eiratech_ws/install/local_setup.bash'
[0.689s] INFO:colcon.colcon_core.shell:Creating prefix chain script '/home/manish/eiratech_ws/install/setup.bash'
[0.690s] INFO:colcon.colcon_core.shell:Creating prefix script '/home/manish/eiratech_ws/install/local_setup.zsh'
[0.690s] INFO:colcon.colcon_core.shell:Creating prefix chain script '/home/manish/eiratech_ws/install/setup.zsh'
