[0.011s] Invoking command in '/home/manish/eiratech_ws/build/robot_description': CMAKE_PREFIX_PATH=${CMAKE_PREFIX_PATH}:/opt/ros/humble /usr/bin/cmake /home/manish/eiratech_ws/src/robot_description -DCMAKE_BUILD_TYPE=Release -DCMAKE_INSTALL_PREFIX=/home/manish/eiratech_ws/install/robot_description
[0.048s] -- The C compiler identification is GNU 11.4.0
[0.087s] -- The CXX compiler identification is GNU 11.4.0
[0.092s] -- Detecting C compiler ABI info
[0.139s] -- Detecting C compiler ABI info - done
[0.146s] -- Check for working C compiler: /usr/bin/cc - skipped
[0.146s] -- Detecting C compile features
[0.146s] -- Detecting C compile features - done
[0.148s] -- Detecting CXX compiler ABI info
[0.203s] -- Detecting CXX compiler ABI info - done
[0.209s] -- Check for working CXX compiler: /usr/bin/c++ - skipped
[0.210s] -- Detecting CXX compile features
[0.210s] -- Detecting CXX compile features - done
[0.212s] -- Found ament_cmake: 1.3.11 (/opt/ros/humble/share/ament_cmake/cmake)
[0.322s] -- Found Python3: /usr/bin/python3 (found version "3.10.12") found components: Interpreter 
[0.397s] -- Found ament_lint_auto: 0.12.12 (/opt/ros/humble/share/ament_lint_auto/cmake)
[0.457s] -- Added test 'copyright' to check source files copyright and LICENSE
[0.459s] -- Added test 'lint_cmake' to check CMake code style
[0.460s] -- Added test 'xmllint' to check XML markup files
[0.461s] -- Configuring done
[0.463s] -- Generating done
[0.464s] -- Build files have been written to: /home/manish/eiratech_ws/build/robot_description
[0.475s] Invoked command in '/home/manish/eiratech_ws/build/robot_description' returned '0': CMAKE_PREFIX_PATH=${CMAKE_PREFIX_PATH}:/opt/ros/humble /usr/bin/cmake /home/manish/eiratech_ws/src/robot_description -DCMAKE_BUILD_TYPE=Release -DCMAKE_INSTALL_PREFIX=/home/manish/eiratech_ws/install/robot_description
[0.476s] Invoking command in '/home/manish/eiratech_ws/build/robot_description': CMAKE_PREFIX_PATH=${CMAKE_PREFIX_PATH}:/opt/ros/humble /usr/bin/cmake --build /home/manish/eiratech_ws/build/robot_description -- -j12 -l12
[0.499s] Invoked command in '/home/manish/eiratech_ws/build/robot_description' returned '0': CMAKE_PREFIX_PATH=${CMAKE_PREFIX_PATH}:/opt/ros/humble /usr/bin/cmake --build /home/manish/eiratech_ws/build/robot_description -- -j12 -l12
[0.500s] Invoking command in '/home/manish/eiratech_ws/build/robot_description': CMAKE_PREFIX_PATH=${CMAKE_PREFIX_PATH}:/opt/ros/humble /usr/bin/cmake --install /home/manish/eiratech_ws/build/robot_description
[0.505s] -- Install configuration: "Release"
[0.505s] -- Installing: /home/manish/eiratech_ws/install/robot_description/share/robot_description/urdf
[0.505s] -- Installing: /home/manish/eiratech_ws/install/robot_description/share/robot_description/urdf/robot.urdf.xacro
[0.505s] -- Installing: /home/manish/eiratech_ws/install/robot_description/share/robot_description/urdf/.cropMap_urdf.urdf.swp
[0.505s] -- Installing: /home/manish/eiratech_ws/install/robot_description/share/robot_description/urdf/dummy.urdf
[0.505s] -- Installing: /home/manish/eiratech_ws/install/robot_description/share/robot_description/urdf/cropMap_urdf.urdf
[0.505s] -- Installing: /home/manish/eiratech_ws/install/robot_description/share/robot_description/meshes
[0.506s] -- Installing: /home/manish/eiratech_ws/install/robot_description/share/robot_description/meshes/base_link.STL
[0.516s] -- Installing: /home/manish/eiratech_ws/install/robot_description/share/robot_description/meshes/back_camera.STL
[0.516s] -- Installing: /home/manish/eiratech_ws/install/robot_description/share/robot_description/meshes/TC_V0.STL
[0.517s] -- Installing: /home/manish/eiratech_ws/install/robot_description/share/robot_description/meshes/wheel_front_left.STL
[0.517s] -- Installing: /home/manish/eiratech_ws/install/robot_description/share/robot_description/meshes/front_camera.STL
[0.518s] -- Installing: /home/manish/eiratech_ws/install/robot_description/share/robot_description/meshes/wheel_back_right.STL
[0.519s] -- Installing: /home/manish/eiratech_ws/install/robot_description/share/robot_description/meshes/wheel_front_right.STL
[0.519s] -- Installing: /home/manish/eiratech_ws/install/robot_description/share/robot_description/meshes/wheel_back_left.STL
[0.520s] -- Installing: /home/manish/eiratech_ws/install/robot_description/share/robot_description/config
[0.520s] -- Installing: /home/manish/eiratech_ws/install/robot_description/share/robot_description/config/bridge.yaml
[0.520s] -- Installing: /home/manish/eiratech_ws/install/robot_description/share/robot_description/rviz
[0.520s] -- Installing: /home/manish/eiratech_ws/install/robot_description/share/robot_description/rviz/robot.rviz
[0.520s] -- Installing: /home/manish/eiratech_ws/install/robot_description/share/ament_index/resource_index/package_run_dependencies/robot_description
[0.520s] -- Installing: /home/manish/eiratech_ws/install/robot_description/share/ament_index/resource_index/parent_prefix_path/robot_description
[0.520s] -- Installing: /home/manish/eiratech_ws/install/robot_description/share/robot_description/environment/ament_prefix_path.sh
[0.520s] -- Installing: /home/manish/eiratech_ws/install/robot_description/share/robot_description/environment/ament_prefix_path.dsv
[0.521s] -- Installing: /home/manish/eiratech_ws/install/robot_description/share/robot_description/environment/path.sh
[0.521s] -- Installing: /home/manish/eiratech_ws/install/robot_description/share/robot_description/environment/path.dsv
[0.521s] -- Installing: /home/manish/eiratech_ws/install/robot_description/share/robot_description/local_setup.bash
[0.521s] -- Installing: /home/manish/eiratech_ws/install/robot_description/share/robot_description/local_setup.sh
[0.521s] -- Installing: /home/manish/eiratech_ws/install/robot_description/share/robot_description/local_setup.zsh
[0.521s] -- Installing: /home/manish/eiratech_ws/install/robot_description/share/robot_description/local_setup.dsv
[0.521s] -- Installing: /home/manish/eiratech_ws/install/robot_description/share/robot_description/package.dsv
[0.521s] -- Installing: /home/manish/eiratech_ws/install/robot_description/share/ament_index/resource_index/packages/robot_description
[0.521s] -- Installing: /home/manish/eiratech_ws/install/robot_description/share/robot_description/cmake/robot_descriptionConfig.cmake
[0.521s] -- Installing: /home/manish/eiratech_ws/install/robot_description/share/robot_description/cmake/robot_descriptionConfig-version.cmake
[0.521s] -- Installing: /home/manish/eiratech_ws/install/robot_description/share/robot_description/package.xml
[0.523s] Invoked command in '/home/manish/eiratech_ws/build/robot_description' returned '0': CMAKE_PREFIX_PATH=${CMAKE_PREFIX_PATH}:/opt/ros/humble /usr/bin/cmake --install /home/manish/eiratech_ws/build/robot_description
