[0.006s] Invoking command in '/home/student/eiratech_ws/build/robot_control': AMENT_PREFIX_PATH=/home/student/eiratech_ws/install/robot_description CMAKE_PREFIX_PATH=/home/student/eiratech_ws/install/robot_description DEBUGINFOD_URLS=https://debuginfod.ubuntu.com /usr/bin/cmake /home/student/eiratech_ws/src/robot_control -DCMAKE_INSTALL_PREFIX=/home/student/eiratech_ws/install/robot_control
[0.038s] -- The C compiler identification is GNU 13.3.0
[0.066s] -- The CXX compiler identification is GNU 13.3.0
[0.076s] -- Detecting C compiler ABI info
[0.128s] -- Detecting C compiler ABI info - done
[0.133s] -- Check for working C compiler: /usr/bin/cc - skipped
[0.133s] -- Detecting C compile features
[0.133s] -- Detecting C compile features - done
[0.138s] -- Detecting CXX compiler ABI info
[0.191s] -- Detecting CXX compiler ABI info - done
[0.196s] -- Check for working CXX compiler: /usr/bin/c++ - skipped
[0.196s] -- Detecting CXX compile features
[0.196s] -- Detecting CXX compile features - done
[0.202s] [31mCMake Error at CMakeLists.txt:9 (find_package):
[0.202s]   By not providing "Findament_cmake.cmake" in CMAKE_MODULE_PATH this project
[0.202s]   has asked CMake to find a package configuration file provided by
[0.202s]   "ament_cmake", but CMake did not find one.
[0.202s] 
[0.202s]   Could not find a package configuration file provided by "ament_cmake" with
[0.202s]   any of the following names:
[0.202s] 
[0.202s]     ament_cmakeConfig.cmake
[0.202s]     ament_cmake-config.cmake
[0.202s] 
[0.202s]   Add the installation prefix of "ament_cmake" to CMAKE_PREFIX_PATH or set
[0.202s]   "ament_cmake_DIR" to a directory containing one of the above files.  If
[0.202s]   "ament_cmake" provides a separate development package or SDK, be sure it
[0.202s]   has been installed.
[0.202s] 
[0.202s] [0m
[0.202s] -- Configuring incomplete, errors occurred!
[0.204s] Invoked command in '/home/student/eiratech_ws/build/robot_control' returned '1': AMENT_PREFIX_PATH=/home/student/eiratech_ws/install/robot_description CMAKE_PREFIX_PATH=/home/student/eiratech_ws/install/robot_description DEBUGINFOD_URLS=https://debuginfod.ubuntu.com /usr/bin/cmake /home/student/eiratech_ws/src/robot_control -DCMAKE_INSTALL_PREFIX=/home/student/eiratech_ws/install/robot_control
