[0.005s] Invoking command in '/home/manish/eiratech_ws/build/robot_bringup': CMAKE_PREFIX_PATH=/home/manish/eiratech_ws/install/robot_description:/home/manish/eiratech_ws/install/robot_bringup:/home/manish/eiratech_ws/install/robot_control:/home/manish/eiratech_ws/install/cropmap_nav2:/opt/ros/humble /usr/bin/cmake /home/manish/eiratech_ws/src/robot_bringup -DCMAKE_BUILD_TYPE=Release -DCMAKE_INSTALL_PREFIX=/home/manish/eiratech_ws/install/robot_bringup
[0.041s] -- The C compiler identification is GNU 11.4.0
[0.080s] -- The CXX compiler identification is GNU 11.4.0
[0.085s] -- Detecting C compiler ABI info
[0.131s] -- Detecting C compiler ABI info - done
[0.137s] -- Check for working C compiler: /usr/bin/cc - skipped
[0.137s] -- Detecting C compile features
[0.137s] -- Detecting C compile features - done
[0.139s] -- Detecting CXX compiler ABI info
[0.192s] -- Detecting CXX compiler ABI info - done
[0.198s] -- Check for working CXX compiler: /usr/bin/c++ - skipped
[0.198s] -- Detecting CXX compile features
[0.199s] -- Detecting CXX compile features - done
[0.200s] -- Found ament_cmake: 1.3.11 (/opt/ros/humble/share/ament_cmake/cmake)
[0.303s] -- Found Python3: /usr/bin/python3 (found version "3.10.12") found components: Interpreter 
[0.365s] -- Found ament_lint_auto: 0.12.12 (/opt/ros/humble/share/ament_lint_auto/cmake)
[0.423s] -- Added test 'copyright' to check source files copyright and LICENSE
[0.425s] -- Added test 'flake8' to check Python code syntax and style conventions
[0.425s] -- Added test 'lint_cmake' to check CMake code style
[0.426s] -- Added test 'pep257' to check Python code against some of the docstring style conventions in PEP 257
[0.427s] -- Added test 'xmllint' to check XML markup files
[0.428s] -- Configuring done
[0.429s] -- Generating done
[0.431s] -- Build files have been written to: /home/manish/eiratech_ws/build/robot_bringup
[0.434s] Invoked command in '/home/manish/eiratech_ws/build/robot_bringup' returned '0': CMAKE_PREFIX_PATH=/home/manish/eiratech_ws/install/robot_description:/home/manish/eiratech_ws/install/robot_bringup:/home/manish/eiratech_ws/install/robot_control:/home/manish/eiratech_ws/install/cropmap_nav2:/opt/ros/humble /usr/bin/cmake /home/manish/eiratech_ws/src/robot_bringup -DCMAKE_BUILD_TYPE=Release -DCMAKE_INSTALL_PREFIX=/home/manish/eiratech_ws/install/robot_bringup
[0.435s] Invoking command in '/home/manish/eiratech_ws/build/robot_bringup': CMAKE_PREFIX_PATH=/home/manish/eiratech_ws/install/robot_description:/home/manish/eiratech_ws/install/robot_bringup:/home/manish/eiratech_ws/install/robot_control:/home/manish/eiratech_ws/install/cropmap_nav2:/opt/ros/humble /usr/bin/cmake --build /home/manish/eiratech_ws/build/robot_bringup -- -j12 -l12
[0.458s] Invoked command in '/home/manish/eiratech_ws/build/robot_bringup' returned '0': CMAKE_PREFIX_PATH=/home/manish/eiratech_ws/install/robot_description:/home/manish/eiratech_ws/install/robot_bringup:/home/manish/eiratech_ws/install/robot_control:/home/manish/eiratech_ws/install/cropmap_nav2:/opt/ros/humble /usr/bin/cmake --build /home/manish/eiratech_ws/build/robot_bringup -- -j12 -l12
[0.460s] Invoking command in '/home/manish/eiratech_ws/build/robot_bringup': CMAKE_PREFIX_PATH=/home/manish/eiratech_ws/install/robot_description:/home/manish/eiratech_ws/install/robot_bringup:/home/manish/eiratech_ws/install/robot_control:/home/manish/eiratech_ws/install/cropmap_nav2:/opt/ros/humble /usr/bin/cmake --install /home/manish/eiratech_ws/build/robot_bringup
[0.464s] -- Install configuration: "Release"
[0.464s] -- Installing: /home/manish/eiratech_ws/install/robot_bringup/share/robot_bringup/launch
[0.464s] -- Installing: /home/manish/eiratech_ws/install/robot_bringup/share/robot_bringup/launch/teleop.launch.py
[0.464s] -- Installing: /home/manish/eiratech_ws/install/robot_bringup/share/robot_bringup/launch/bridge.launch.py
[0.464s] -- Installing: /home/manish/eiratech_ws/install/robot_bringup/share/robot_bringup/launch/safety.launch.py
[0.464s] -- Installing: /home/manish/eiratech_ws/install/robot_bringup/share/robot_bringup/launch/gazebo_sim.launch.py
[0.464s] -- Installing: /home/manish/eiratech_ws/install/robot_bringup/share/robot_bringup/worlds
[0.465s] -- Installing: /home/manish/eiratech_ws/install/robot_bringup/share/robot_bringup/worlds/farm_world.world
[0.465s] -- Installing: /home/manish/eiratech_ws/install/robot_bringup/share/ament_index/resource_index/package_run_dependencies/robot_bringup
[0.465s] -- Installing: /home/manish/eiratech_ws/install/robot_bringup/share/ament_index/resource_index/parent_prefix_path/robot_bringup
[0.465s] -- Installing: /home/manish/eiratech_ws/install/robot_bringup/share/robot_bringup/environment/ament_prefix_path.sh
[0.465s] -- Installing: /home/manish/eiratech_ws/install/robot_bringup/share/robot_bringup/environment/ament_prefix_path.dsv
[0.465s] -- Installing: /home/manish/eiratech_ws/install/robot_bringup/share/robot_bringup/environment/path.sh
[0.465s] -- Installing: /home/manish/eiratech_ws/install/robot_bringup/share/robot_bringup/environment/path.dsv
[0.465s] -- Installing: /home/manish/eiratech_ws/install/robot_bringup/share/robot_bringup/local_setup.bash
[0.465s] -- Installing: /home/manish/eiratech_ws/install/robot_bringup/share/robot_bringup/local_setup.sh
[0.465s] -- Installing: /home/manish/eiratech_ws/install/robot_bringup/share/robot_bringup/local_setup.zsh
[0.465s] -- Installing: /home/manish/eiratech_ws/install/robot_bringup/share/robot_bringup/local_setup.dsv
[0.465s] -- Installing: /home/manish/eiratech_ws/install/robot_bringup/share/robot_bringup/package.dsv
[0.465s] -- Installing: /home/manish/eiratech_ws/install/robot_bringup/share/ament_index/resource_index/packages/robot_bringup
[0.466s] -- Installing: /home/manish/eiratech_ws/install/robot_bringup/share/robot_bringup/cmake/robot_bringupConfig.cmake
[0.466s] -- Installing: /home/manish/eiratech_ws/install/robot_bringup/share/robot_bringup/cmake/robot_bringupConfig-version.cmake
[0.466s] -- Installing: /home/manish/eiratech_ws/install/robot_bringup/share/robot_bringup/package.xml
[0.467s] Invoked command in '/home/manish/eiratech_ws/build/robot_bringup' returned '0': CMAKE_PREFIX_PATH=/home/manish/eiratech_ws/install/robot_description:/home/manish/eiratech_ws/install/robot_bringup:/home/manish/eiratech_ws/install/robot_control:/home/manish/eiratech_ws/install/cropmap_nav2:/opt/ros/humble /usr/bin/cmake --install /home/manish/eiratech_ws/build/robot_bringup
