[0.014s] Invoking command in '/home/manish/eiratech_ws/build/vox_nav_map_server': CMAKE_PREFIX_PATH=/home/manish/eiratech_ws/install/vox_nav_utilities:/home/manish/eiratech_ws/install/vox_nav_msgs:/home/manish/eiratech_ws/install/vox_nav_waypoint_nav_clients:/home/manish/eiratech_ws/install/vox_nav_bringup:/home/manish/eiratech_ws/install/vox_nav_planning:/home/manish/eiratech_ws/install/vox_nav_navigators:/home/manish/eiratech_ws/install/vox_nav_map_server:/home/manish/eiratech_ws/install/vox_nav_control:/home/manish/eiratech_ws/install/robot_bringup:/home/manish/eiratech_ws/install/robot_description:/home/manish/eiratech_ws/install/robot_control:/home/manish/eiratech_ws/install/cropmap_nav2:/opt/ros/humble LD_LIBRARY_PATH=/home/manish/eiratech_ws/install/vox_nav_utilities/lib:/home/manish/eiratech_ws/install/vox_nav_msgs/lib:/home/manish/eiratech_ws/install/vox_nav_planning/lib:/home/manish/eiratech_ws/install/vox_nav_navigators/lib:/home/manish/eiratech_ws/install/vox_nav_control/lib:/usr/lib/x86_64-linux-gnu/gazebo-11/plugins:/opt/ros/humble/opt/rviz_ogre_vendor/lib:/opt/ros/humble/lib/x86_64-linux-gnu:/opt/ros/humble/lib /usr/bin/cmake --build /home/manish/eiratech_ws/build/vox_nav_map_server -- -j12 -l12
[0.160s] [ 66%] Built target map_manager_no_gps
[0.160s] [ 66%] Built target map_manager
[0.160s] [100%] Built target osm_map_manager
[0.168s] Invoked command in '/home/manish/eiratech_ws/build/vox_nav_map_server' returned '0': CMAKE_PREFIX_PATH=/home/manish/eiratech_ws/install/vox_nav_utilities:/home/manish/eiratech_ws/install/vox_nav_msgs:/home/manish/eiratech_ws/install/vox_nav_waypoint_nav_clients:/home/manish/eiratech_ws/install/vox_nav_bringup:/home/manish/eiratech_ws/install/vox_nav_planning:/home/manish/eiratech_ws/install/vox_nav_navigators:/home/manish/eiratech_ws/install/vox_nav_map_server:/home/manish/eiratech_ws/install/vox_nav_control:/home/manish/eiratech_ws/install/robot_bringup:/home/manish/eiratech_ws/install/robot_description:/home/manish/eiratech_ws/install/robot_control:/home/manish/eiratech_ws/install/cropmap_nav2:/opt/ros/humble LD_LIBRARY_PATH=/home/manish/eiratech_ws/install/vox_nav_utilities/lib:/home/manish/eiratech_ws/install/vox_nav_msgs/lib:/home/manish/eiratech_ws/install/vox_nav_planning/lib:/home/manish/eiratech_ws/install/vox_nav_navigators/lib:/home/manish/eiratech_ws/install/vox_nav_control/lib:/usr/lib/x86_64-linux-gnu/gazebo-11/plugins:/opt/ros/humble/opt/rviz_ogre_vendor/lib:/opt/ros/humble/lib/x86_64-linux-gnu:/opt/ros/humble/lib /usr/bin/cmake --build /home/manish/eiratech_ws/build/vox_nav_map_server -- -j12 -l12
[0.176s] Invoking command in '/home/manish/eiratech_ws/build/vox_nav_map_server': CMAKE_PREFIX_PATH=/home/manish/eiratech_ws/install/vox_nav_utilities:/home/manish/eiratech_ws/install/vox_nav_msgs:/home/manish/eiratech_ws/install/vox_nav_waypoint_nav_clients:/home/manish/eiratech_ws/install/vox_nav_bringup:/home/manish/eiratech_ws/install/vox_nav_planning:/home/manish/eiratech_ws/install/vox_nav_navigators:/home/manish/eiratech_ws/install/vox_nav_map_server:/home/manish/eiratech_ws/install/vox_nav_control:/home/manish/eiratech_ws/install/robot_bringup:/home/manish/eiratech_ws/install/robot_description:/home/manish/eiratech_ws/install/robot_control:/home/manish/eiratech_ws/install/cropmap_nav2:/opt/ros/humble LD_LIBRARY_PATH=/home/manish/eiratech_ws/install/vox_nav_utilities/lib:/home/manish/eiratech_ws/install/vox_nav_msgs/lib:/home/manish/eiratech_ws/install/vox_nav_planning/lib:/home/manish/eiratech_ws/install/vox_nav_navigators/lib:/home/manish/eiratech_ws/install/vox_nav_control/lib:/usr/lib/x86_64-linux-gnu/gazebo-11/plugins:/opt/ros/humble/opt/rviz_ogre_vendor/lib:/opt/ros/humble/lib/x86_64-linux-gnu:/opt/ros/humble/lib /usr/bin/cmake --install /home/manish/eiratech_ws/build/vox_nav_map_server
[0.181s] -- Install configuration: ""
[0.182s] -- Up-to-date: /home/manish/eiratech_ws/install/vox_nav_map_server/lib/vox_nav_map_server/map_manager
[0.182s] -- Up-to-date: /home/manish/eiratech_ws/install/vox_nav_map_server/lib/vox_nav_map_server/map_manager_no_gps
[0.182s] -- Up-to-date: /home/manish/eiratech_ws/install/vox_nav_map_server/lib/vox_nav_map_server/osm_map_manager
[0.183s] -- Up-to-date: /home/manish/eiratech_ws/install/vox_nav_map_server/include/
[0.183s] -- Up-to-date: /home/manish/eiratech_ws/install/vox_nav_map_server/include//vox_nav_map_server
[0.183s] -- Up-to-date: /home/manish/eiratech_ws/install/vox_nav_map_server/include//vox_nav_map_server/map_manager.hpp
[0.183s] -- Up-to-date: /home/manish/eiratech_ws/install/vox_nav_map_server/include//vox_nav_map_server/map_manager_no_gps.hpp
[0.183s] -- Up-to-date: /home/manish/eiratech_ws/install/vox_nav_map_server/include//vox_nav_map_server/osm_map_manager.hpp
[0.183s] -- Up-to-date: /home/manish/eiratech_ws/install/vox_nav_map_server/share/vox_nav_map_server/config
[0.183s] -- Up-to-date: /home/manish/eiratech_ws/install/vox_nav_map_server/share/vox_nav_map_server/config/osm.rviz
[0.183s] -- Up-to-date: /home/manish/eiratech_ws/install/vox_nav_map_server/share/vox_nav_map_server/config/rl_sim.yaml
[0.183s] -- Up-to-date: /home/manish/eiratech_ws/install/vox_nav_map_server/share/vox_nav_map_server/config/vox_nav_empty_map.yaml
[0.183s] -- Up-to-date: /home/manish/eiratech_ws/install/vox_nav_map_server/share/vox_nav_map_server/config/osm_map.yaml
[0.184s] -- Up-to-date: /home/manish/eiratech_ws/install/vox_nav_map_server/share/vox_nav_map_server/config/rl_sim_no_map.yaml
[0.184s] -- Up-to-date: /home/manish/eiratech_ws/install/vox_nav_map_server/share/vox_nav_map_server/launch
[0.184s] -- Up-to-date: /home/manish/eiratech_ws/install/vox_nav_map_server/share/vox_nav_map_server/launch/test.launch.py
[0.184s] -- Up-to-date: /home/manish/eiratech_ws/install/vox_nav_map_server/share/vox_nav_map_server/launch/test_no_map.launch.py
[0.184s] -- Up-to-date: /home/manish/eiratech_ws/install/vox_nav_map_server/share/vox_nav_map_server/urdf
[0.184s] -- Up-to-date: /home/manish/eiratech_ws/install/vox_nav_map_server/share/vox_nav_map_server/urdf/Materials.meta
[0.184s] -- Up-to-date: /home/manish/eiratech_ws/install/vox_nav_map_server/share/vox_nav_map_server/urdf/Materials
[0.184s] -- Up-to-date: /home/manish/eiratech_ws/install/vox_nav_map_server/share/vox_nav_map_server/urdf/Materials/rubber.001.mat
[0.184s] -- Up-to-date: /home/manish/eiratech_ws/install/vox_nav_map_server/share/vox_nav_map_server/urdf/Materials/rim.002.mat.meta
[0.185s] -- Up-to-date: /home/manish/eiratech_ws/install/vox_nav_map_server/share/vox_nav_map_server/urdf/Materials/rubber.001.mat.meta
[0.185s] -- Up-to-date: /home/manish/eiratech_ws/install/vox_nav_map_server/share/vox_nav_map_server/urdf/Materials/Default.mat
[0.185s] -- Up-to-date: /home/manish/eiratech_ws/install/vox_nav_map_server/share/vox_nav_map_server/urdf/Materials/Default.mat.meta
[0.185s] -- Up-to-date: /home/manish/eiratech_ws/install/vox_nav_map_server/share/vox_nav_map_server/urdf/Materials/rim.002.mat
[0.185s] -- Up-to-date: /home/manish/eiratech_ws/install/vox_nav_map_server/share/vox_nav_map_server/urdf/dobbie.urdf.meta
[0.185s] -- Up-to-date: /home/manish/eiratech_ws/install/vox_nav_map_server/share/vox_nav_map_server/urdf/dobbie.urdf
[0.185s] -- Up-to-date: /home/manish/eiratech_ws/install/vox_nav_map_server/share/vox_nav_map_server/meshes
[0.185s] -- Up-to-date: /home/manish/eiratech_ws/install/vox_nav_map_server/share/vox_nav_map_server/meshes/Cylinder.asset
[0.185s] -- Up-to-date: /home/manish/eiratech_ws/install/vox_nav_map_server/share/vox_nav_map_server/meshes/dae
[0.186s] -- Up-to-date: /home/manish/eiratech_ws/install/vox_nav_map_server/share/vox_nav_map_server/meshes/dae/Circle.004.dae
[0.186s] -- Up-to-date: /home/manish/eiratech_ws/install/vox_nav_map_server/share/vox_nav_map_server/meshes/dae/Cube.004.dae
[0.186s] -- Up-to-date: /home/manish/eiratech_ws/install/vox_nav_map_server/share/vox_nav_map_server/meshes/dae/Circle.005.dae.meta
[0.187s] -- Up-to-date: /home/manish/eiratech_ws/install/vox_nav_map_server/share/vox_nav_map_server/meshes/dae/Circle.001.dae
[0.187s] -- Up-to-date: /home/manish/eiratech_ws/install/vox_nav_map_server/share/vox_nav_map_server/meshes/dae/Cube.114_2.asset
[0.187s] -- Up-to-date: /home/manish/eiratech_ws/install/vox_nav_map_server/share/vox_nav_map_server/meshes/dae/Cube.091.dae.meta
[0.187s] -- Up-to-date: /home/manish/eiratech_ws/install/vox_nav_map_server/share/vox_nav_map_server/meshes/dae/Cube.004.dae.meta
[0.187s] -- Up-to-date: /home/manish/eiratech_ws/install/vox_nav_map_server/share/vox_nav_map_server/meshes/dae/Cube.114.dae.meta
[0.187s] -- Up-to-date: /home/manish/eiratech_ws/install/vox_nav_map_server/share/vox_nav_map_server/meshes/dae/Circle.005.dae
[0.187s] -- Up-to-date: /home/manish/eiratech_ws/install/vox_nav_map_server/share/vox_nav_map_server/meshes/dae/Circle.002.dae
[0.187s] -- Up-to-date: /home/manish/eiratech_ws/install/vox_nav_map_server/share/vox_nav_map_server/meshes/dae/Circle.002.dae.meta
[0.187s] -- Up-to-date: /home/manish/eiratech_ws/install/vox_nav_map_server/share/vox_nav_map_server/meshes/dae/Cube.114_1.asset
[0.187s] -- Up-to-date: /home/manish/eiratech_ws/install/vox_nav_map_server/share/vox_nav_map_server/meshes/dae/Circle.003.dae
[0.187s] -- Up-to-date: /home/manish/eiratech_ws/install/vox_nav_map_server/share/vox_nav_map_server/meshes/dae/Circle.006.dae
[0.187s] -- Up-to-date: /home/manish/eiratech_ws/install/vox_nav_map_server/share/vox_nav_map_server/meshes/dae/Circle.004.dae.meta
[0.188s] -- Up-to-date: /home/manish/eiratech_ws/install/vox_nav_map_server/share/vox_nav_map_server/meshes/dae/Circle.007.dae
[0.188s] -- Up-to-date: /home/manish/eiratech_ws/install/vox_nav_map_server/share/vox_nav_map_server/meshes/dae/Circle.023.dae
[0.188s] -- Up-to-date: /home/manish/eiratech_ws/install/vox_nav_map_server/share/vox_nav_map_server/meshes/dae/Cube.114.dae
[0.188s] -- Up-to-date: /home/manish/eiratech_ws/install/vox_nav_map_server/share/vox_nav_map_server/meshes/dae/Circle.006.dae.meta
[0.188s] -- Up-to-date: /home/manish/eiratech_ws/install/vox_nav_map_server/share/vox_nav_map_server/meshes/dae/Circle.003.dae.meta
[0.188s] -- Up-to-date: /home/manish/eiratech_ws/install/vox_nav_map_server/share/vox_nav_map_server/meshes/dae/Circle.007.dae.meta
[0.188s] -- Up-to-date: /home/manish/eiratech_ws/install/vox_nav_map_server/share/vox_nav_map_server/meshes/dae/Circle.023.dae.meta
[0.188s] -- Up-to-date: /home/manish/eiratech_ws/install/vox_nav_map_server/share/vox_nav_map_server/meshes/dae/Cube.114_1.asset.meta
[0.188s] -- Up-to-date: /home/manish/eiratech_ws/install/vox_nav_map_server/share/vox_nav_map_server/meshes/dae/Circle.001.dae.meta
[0.188s] -- Up-to-date: /home/manish/eiratech_ws/install/vox_nav_map_server/share/vox_nav_map_server/meshes/dae/Cube.091.dae
[0.188s] -- Up-to-date: /home/manish/eiratech_ws/install/vox_nav_map_server/share/vox_nav_map_server/meshes/dae/Cube.114_2.asset.meta
[0.188s] -- Up-to-date: /home/manish/eiratech_ws/install/vox_nav_map_server/share/vox_nav_map_server/meshes/Cylinder.asset.meta
[0.189s] -- Up-to-date: /home/manish/eiratech_ws/install/vox_nav_map_server/share/vox_nav_map_server/meshes/dae.meta
[0.189s] -- Up-to-date: /home/manish/eiratech_ws/install/vox_nav_map_server/share/ament_index/resource_index/package_run_dependencies/vox_nav_map_server
[0.189s] -- Up-to-date: /home/manish/eiratech_ws/install/vox_nav_map_server/share/ament_index/resource_index/parent_prefix_path/vox_nav_map_server
[0.189s] -- Up-to-date: /home/manish/eiratech_ws/install/vox_nav_map_server/share/vox_nav_map_server/environment/ament_prefix_path.sh
[0.189s] -- Up-to-date: /home/manish/eiratech_ws/install/vox_nav_map_server/share/vox_nav_map_server/environment/ament_prefix_path.dsv
[0.189s] -- Up-to-date: /home/manish/eiratech_ws/install/vox_nav_map_server/share/vox_nav_map_server/environment/path.sh
[0.189s] -- Up-to-date: /home/manish/eiratech_ws/install/vox_nav_map_server/share/vox_nav_map_server/environment/path.dsv
[0.189s] -- Up-to-date: /home/manish/eiratech_ws/install/vox_nav_map_server/share/vox_nav_map_server/local_setup.bash
[0.189s] -- Up-to-date: /home/manish/eiratech_ws/install/vox_nav_map_server/share/vox_nav_map_server/local_setup.sh
[0.189s] -- Up-to-date: /home/manish/eiratech_ws/install/vox_nav_map_server/share/vox_nav_map_server/local_setup.zsh
[0.189s] -- Up-to-date: /home/manish/eiratech_ws/install/vox_nav_map_server/share/vox_nav_map_server/local_setup.dsv
[0.189s] -- Installing: /home/manish/eiratech_ws/install/vox_nav_map_server/share/vox_nav_map_server/package.dsv
[0.189s] -- Up-to-date: /home/manish/eiratech_ws/install/vox_nav_map_server/share/ament_index/resource_index/packages/vox_nav_map_server
[0.189s] -- Up-to-date: /home/manish/eiratech_ws/install/vox_nav_map_server/share/vox_nav_map_server/cmake/ament_cmake_export_include_directories-extras.cmake
[0.189s] -- Up-to-date: /home/manish/eiratech_ws/install/vox_nav_map_server/share/vox_nav_map_server/cmake/vox_nav_map_serverConfig.cmake
[0.190s] -- Up-to-date: /home/manish/eiratech_ws/install/vox_nav_map_server/share/vox_nav_map_server/cmake/vox_nav_map_serverConfig-version.cmake
[0.190s] -- Up-to-date: /home/manish/eiratech_ws/install/vox_nav_map_server/share/vox_nav_map_server/package.xml
[0.190s] Invoked command in '/home/manish/eiratech_ws/build/vox_nav_map_server' returned '0': CMAKE_PREFIX_PATH=/home/manish/eiratech_ws/install/vox_nav_utilities:/home/manish/eiratech_ws/install/vox_nav_msgs:/home/manish/eiratech_ws/install/vox_nav_waypoint_nav_clients:/home/manish/eiratech_ws/install/vox_nav_bringup:/home/manish/eiratech_ws/install/vox_nav_planning:/home/manish/eiratech_ws/install/vox_nav_navigators:/home/manish/eiratech_ws/install/vox_nav_map_server:/home/manish/eiratech_ws/install/vox_nav_control:/home/manish/eiratech_ws/install/robot_bringup:/home/manish/eiratech_ws/install/robot_description:/home/manish/eiratech_ws/install/robot_control:/home/manish/eiratech_ws/install/cropmap_nav2:/opt/ros/humble LD_LIBRARY_PATH=/home/manish/eiratech_ws/install/vox_nav_utilities/lib:/home/manish/eiratech_ws/install/vox_nav_msgs/lib:/home/manish/eiratech_ws/install/vox_nav_planning/lib:/home/manish/eiratech_ws/install/vox_nav_navigators/lib:/home/manish/eiratech_ws/install/vox_nav_control/lib:/usr/lib/x86_64-linux-gnu/gazebo-11/plugins:/opt/ros/humble/opt/rviz_ogre_vendor/lib:/opt/ros/humble/lib/x86_64-linux-gnu:/opt/ros/humble/lib /usr/bin/cmake --install /home/manish/eiratech_ws/build/vox_nav_map_server
