[0.005s] Invoking command in '/home/manish/eiratech_ws/build/robot_bringup': CMAKE_PREFIX_PATH=/home/manish/eiratech_ws/install/robot_description:/home/manish/eiratech_ws/install/robot_bringup:/home/manish/eiratech_ws/install/robot_control:/home/manish/eiratech_ws/install/cropmap_nav2:/opt/ros/humble /usr/bin/cmake --build /home/manish/eiratech_ws/build/robot_bringup -- -j12 -l12
[0.021s] -- Found ament_cmake: 1.3.11 (/opt/ros/humble/share/ament_cmake/cmake)
[0.105s] -- Found ament_lint_auto: 0.12.12 (/opt/ros/humble/share/ament_lint_auto/cmake)
[0.154s] -- Added test 'copyright' to check source files copyright and LICENSE
[0.155s] -- Added test 'flake8' to check Python code syntax and style conventions
[0.156s] -- Added test 'lint_cmake' to check CMake code style
[0.156s] -- Added test 'pep257' to check Python code against some of the docstring style conventions in PEP 257
[0.157s] -- Added test 'xmllint' to check XML markup files
[0.158s] -- Configuring done
[0.160s] -- Generating done
[0.161s] -- Build files have been written to: /home/manish/eiratech_ws/build/robot_bringup
[0.174s] Invoked command in '/home/manish/eiratech_ws/build/robot_bringup' returned '0': CMAKE_PREFIX_PATH=/home/manish/eiratech_ws/install/robot_description:/home/manish/eiratech_ws/install/robot_bringup:/home/manish/eiratech_ws/install/robot_control:/home/manish/eiratech_ws/install/cropmap_nav2:/opt/ros/humble /usr/bin/cmake --build /home/manish/eiratech_ws/build/robot_bringup -- -j12 -l12
[0.175s] Invoking command in '/home/manish/eiratech_ws/build/robot_bringup': CMAKE_PREFIX_PATH=/home/manish/eiratech_ws/install/robot_description:/home/manish/eiratech_ws/install/robot_bringup:/home/manish/eiratech_ws/install/robot_control:/home/manish/eiratech_ws/install/cropmap_nav2:/opt/ros/humble /usr/bin/cmake --install /home/manish/eiratech_ws/build/robot_bringup
[0.179s] -- Install configuration: "Release"
[0.180s] -- Up-to-date: /home/manish/eiratech_ws/install/robot_bringup/share/robot_bringup/launch
[0.180s] -- Up-to-date: /home/manish/eiratech_ws/install/robot_bringup/share/robot_bringup/launch/gz_sim.launch.py
[0.180s] -- Installing: /home/manish/eiratech_ws/install/robot_bringup/share/robot_bringup/launch/.gazebo_sim.launch.py.swp
[0.180s] -- Up-to-date: /home/manish/eiratech_ws/install/robot_bringup/share/robot_bringup/launch/teleop.launch.py
[0.180s] -- Up-to-date: /home/manish/eiratech_ws/install/robot_bringup/share/robot_bringup/launch/bridge.launch.py
[0.180s] -- Up-to-date: /home/manish/eiratech_ws/install/robot_bringup/share/robot_bringup/launch/safety.launch.py
[0.180s] -- Up-to-date: /home/manish/eiratech_ws/install/robot_bringup/share/robot_bringup/launch/gazebo_sim.launch.py
[0.180s] -- Installing: /home/manish/eiratech_ws/install/robot_bringup/share/robot_bringup/rviz
[0.180s] -- Installing: /home/manish/eiratech_ws/install/robot_bringup/share/robot_bringup/rviz/robot_gazebo.rviz
[0.180s] -- Up-to-date: /home/manish/eiratech_ws/install/robot_bringup/share/robot_bringup/worlds
[0.180s] -- Up-to-date: /home/manish/eiratech_ws/install/robot_bringup/share/robot_bringup/worlds/farm_world.world
[0.180s] -- Up-to-date: /home/manish/eiratech_ws/install/robot_bringup/share/ament_index/resource_index/package_run_dependencies/robot_bringup
[0.180s] -- Up-to-date: /home/manish/eiratech_ws/install/robot_bringup/share/ament_index/resource_index/parent_prefix_path/robot_bringup
[0.180s] -- Up-to-date: /home/manish/eiratech_ws/install/robot_bringup/share/robot_bringup/environment/ament_prefix_path.sh
[0.181s] -- Installing: /home/manish/eiratech_ws/install/robot_bringup/share/robot_bringup/environment/ament_prefix_path.dsv
[0.181s] -- Up-to-date: /home/manish/eiratech_ws/install/robot_bringup/share/robot_bringup/environment/path.sh
[0.181s] -- Installing: /home/manish/eiratech_ws/install/robot_bringup/share/robot_bringup/environment/path.dsv
[0.181s] -- Up-to-date: /home/manish/eiratech_ws/install/robot_bringup/share/robot_bringup/local_setup.bash
[0.181s] -- Up-to-date: /home/manish/eiratech_ws/install/robot_bringup/share/robot_bringup/local_setup.sh
[0.181s] -- Up-to-date: /home/manish/eiratech_ws/install/robot_bringup/share/robot_bringup/local_setup.zsh
[0.181s] -- Installing: /home/manish/eiratech_ws/install/robot_bringup/share/robot_bringup/local_setup.dsv
[0.181s] -- Installing: /home/manish/eiratech_ws/install/robot_bringup/share/robot_bringup/package.dsv
[0.181s] -- Up-to-date: /home/manish/eiratech_ws/install/robot_bringup/share/ament_index/resource_index/packages/robot_bringup
[0.181s] -- Up-to-date: /home/manish/eiratech_ws/install/robot_bringup/share/robot_bringup/cmake/robot_bringupConfig.cmake
[0.181s] -- Up-to-date: /home/manish/eiratech_ws/install/robot_bringup/share/robot_bringup/cmake/robot_bringupConfig-version.cmake
[0.181s] -- Up-to-date: /home/manish/eiratech_ws/install/robot_bringup/share/robot_bringup/package.xml
[0.182s] Invoked command in '/home/manish/eiratech_ws/build/robot_bringup' returned '0': CMAKE_PREFIX_PATH=/home/manish/eiratech_ws/install/robot_description:/home/manish/eiratech_ws/install/robot_bringup:/home/manish/eiratech_ws/install/robot_control:/home/manish/eiratech_ws/install/cropmap_nav2:/opt/ros/humble /usr/bin/cmake --install /home/manish/eiratech_ws/build/robot_bringup
