[0.018s] Invoking command in '/home/manish/eiratech_ws/build/robot_control': CMAKE_PREFIX_PATH=/opt/ros/humble /usr/bin/cmake /home/manish/eiratech_ws/src/robot_control -DCMAKE_INSTALL_PREFIX=/home/manish/eiratech_ws/install/robot_control
[0.085s] -- The C compiler identification is GNU 11.4.0
[0.140s] -- The CXX compiler identification is GNU 11.4.0
[0.147s] -- Detecting C compiler ABI info
[0.194s] -- Detecting C compiler ABI info - done
[0.202s] -- Check for working C compiler: /usr/bin/cc - skipped
[0.202s] -- Detecting C compile features
[0.203s] -- Detecting C compile features - done
[0.206s] -- Detecting CXX compiler ABI info
[0.263s] -- Detecting CXX compiler ABI info - done
[0.268s] -- Check for working CXX compiler: /usr/bin/c++ - skipped
[0.268s] -- Detecting CXX compile features
[0.269s] -- Detecting CXX compile features - done
[0.273s] -- Found ament_cmake: 1.3.11 (/opt/ros/humble/share/ament_cmake/cmake)
[0.375s] -- Found Python3: /usr/bin/python3 (found version "3.10.12") found components: Interpreter 
[0.445s] -- Found rclcpp: 16.0.12 (/opt/ros/humble/share/rclcpp/cmake)
[0.484s] -- Found rosidl_generator_c: 3.1.6 (/opt/ros/humble/share/rosidl_generator_c/cmake)
[0.488s] -- Found rosidl_adapter: 3.1.6 (/opt/ros/humble/share/rosidl_adapter/cmake)
[0.496s] -- Found rosidl_generator_cpp: 3.1.6 (/opt/ros/humble/share/rosidl_generator_cpp/cmake)
[0.508s] -- Using all available rosidl_typesupport_c: rosidl_typesupport_fastrtps_c;rosidl_typesupport_introspection_c
[0.523s] -- Using all available rosidl_typesupport_cpp: rosidl_typesupport_fastrtps_cpp;rosidl_typesupport_introspection_cpp
[0.566s] -- Found rmw_implementation_cmake: 6.1.2 (/opt/ros/humble/share/rmw_implementation_cmake/cmake)
[0.568s] -- Found rmw_fastrtps_cpp: 6.2.7 (/opt/ros/humble/share/rmw_fastrtps_cpp/cmake)
[0.630s] -- Found OpenSSL: /usr/lib/x86_64-linux-gnu/libcrypto.so (found version "3.0.2")  
[0.650s] -- Found FastRTPS: /opt/ros/humble/include  
[0.677s] -- Using RMW implementation 'rmw_fastrtps_cpp' as default
[0.685s] -- Looking for pthread.h
[0.735s] -- Looking for pthread.h - found
[0.736s] -- Performing Test CMAKE_HAVE_LIBC_PTHREAD
[0.791s] -- Performing Test CMAKE_HAVE_LIBC_PTHREAD - Success
[0.792s] -- Found Threads: TRUE  
[0.845s] -- Found controller_manager: 2.50.0 (/opt/ros/humble/share/controller_manager/cmake)
[1.020s] -- Found diff_drive_controller: 2.45.0 (/opt/ros/humble/share/diff_drive_controller/cmake)
[1.088s] -- Found joint_state_broadcaster: 2.45.0 (/opt/ros/humble/share/joint_state_broadcaster/cmake)
[1.099s] -- Found robot_state_publisher: 3.0.3 (/opt/ros/humble/share/robot_state_publisher/cmake)
[1.108s] -- Found eigen3_cmake_module: 0.1.1 (/opt/ros/humble/share/eigen3_cmake_module/cmake)
[1.109s] -- Found Eigen3: TRUE (found version "3.4.0") 
[1.109s] -- Ensuring Eigen3 include directory is part of orocos-kdl CMake target
[1.151s] -- Found ament_lint_auto: 0.12.12 (/opt/ros/humble/share/ament_lint_auto/cmake)
[1.210s] -- Added test 'copyright' to check source files copyright and LICENSE
[1.212s] -- Added test 'flake8' to check Python code syntax and style conventions
[1.212s] -- Added test 'lint_cmake' to check CMake code style
[1.212s] -- Added test 'pep257' to check Python code against some of the docstring style conventions in PEP 257
[1.213s] -- Added test 'xmllint' to check XML markup files
[1.214s] -- Configuring done
[1.217s] -- Generating done
[1.219s] -- Build files have been written to: /home/manish/eiratech_ws/build/robot_control
[1.226s] Invoked command in '/home/manish/eiratech_ws/build/robot_control' returned '0': CMAKE_PREFIX_PATH=/opt/ros/humble /usr/bin/cmake /home/manish/eiratech_ws/src/robot_control -DCMAKE_INSTALL_PREFIX=/home/manish/eiratech_ws/install/robot_control
[1.228s] Invoking command in '/home/manish/eiratech_ws/build/robot_control': CMAKE_PREFIX_PATH=/opt/ros/humble /usr/bin/cmake --build /home/manish/eiratech_ws/build/robot_control -- -j12 -l12
[1.255s] Invoked command in '/home/manish/eiratech_ws/build/robot_control' returned '0': CMAKE_PREFIX_PATH=/opt/ros/humble /usr/bin/cmake --build /home/manish/eiratech_ws/build/robot_control -- -j12 -l12
[1.261s] Invoking command in '/home/manish/eiratech_ws/build/robot_control': CMAKE_PREFIX_PATH=/opt/ros/humble /usr/bin/cmake --install /home/manish/eiratech_ws/build/robot_control
[1.265s] -- Install configuration: ""
[1.265s] -- Installing: /home/manish/eiratech_ws/install/robot_control/share/robot_control//launch
[1.265s] -- Installing: /home/manish/eiratech_ws/install/robot_control/share/robot_control//launch/controller_manager.launch.py
[1.265s] -- Installing: /home/manish/eiratech_ws/install/robot_control/share/robot_control//config
[1.265s] -- Installing: /home/manish/eiratech_ws/install/robot_control/share/robot_control//config/controller_config.yaml
[1.265s] -- Installing: /home/manish/eiratech_ws/install/robot_control/share/robot_control//config/teleop_config.yaml
[1.266s] -- Installing: /home/manish/eiratech_ws/install/robot_control/share/ament_index/resource_index/package_run_dependencies/robot_control
[1.266s] -- Installing: /home/manish/eiratech_ws/install/robot_control/share/ament_index/resource_index/parent_prefix_path/robot_control
[1.266s] -- Installing: /home/manish/eiratech_ws/install/robot_control/share/robot_control/environment/ament_prefix_path.sh
[1.266s] -- Installing: /home/manish/eiratech_ws/install/robot_control/share/robot_control/environment/ament_prefix_path.dsv
[1.266s] -- Installing: /home/manish/eiratech_ws/install/robot_control/share/robot_control/environment/path.sh
[1.266s] -- Installing: /home/manish/eiratech_ws/install/robot_control/share/robot_control/environment/path.dsv
[1.266s] -- Installing: /home/manish/eiratech_ws/install/robot_control/share/robot_control/local_setup.bash
[1.266s] -- Installing: /home/manish/eiratech_ws/install/robot_control/share/robot_control/local_setup.sh
[1.266s] -- Installing: /home/manish/eiratech_ws/install/robot_control/share/robot_control/local_setup.zsh
[1.266s] -- Installing: /home/manish/eiratech_ws/install/robot_control/share/robot_control/local_setup.dsv
[1.266s] -- Installing: /home/manish/eiratech_ws/install/robot_control/share/robot_control/package.dsv
[1.267s] -- Installing: /home/manish/eiratech_ws/install/robot_control/share/ament_index/resource_index/packages/robot_control
[1.267s] -- Installing: /home/manish/eiratech_ws/install/robot_control/share/robot_control/cmake/robot_controlConfig.cmake
[1.267s] -- Installing: /home/manish/eiratech_ws/install/robot_control/share/robot_control/cmake/robot_controlConfig-version.cmake
[1.267s] -- Installing: /home/manish/eiratech_ws/install/robot_control/share/robot_control/package.xml
[1.268s] Invoked command in '/home/manish/eiratech_ws/build/robot_control' returned '0': CMAKE_PREFIX_PATH=/opt/ros/humble /usr/bin/cmake --install /home/manish/eiratech_ws/build/robot_control
