[0.014s] Invoking command in '/home/manish/eiratech_ws/build/vox_nav_bringup': CMAKE_PREFIX_PATH=/home/manish/eiratech_ws/install/vox_nav_planning:/home/manish/eiratech_ws/install/vox_nav_control:/home/manish/eiratech_ws/install/vox_nav_utilities:/home/manish/eiratech_ws/install/vox_nav_msgs:/home/manish/eiratech_ws/install/vox_nav_waypoint_nav_clients:/home/manish/eiratech_ws/install/vox_nav_bringup:/home/manish/eiratech_ws/install/vox_nav_navigators:/home/manish/eiratech_ws/install/vox_nav_map_server:/home/manish/eiratech_ws/install/robot_bringup:/home/manish/eiratech_ws/install/robot_description:/home/manish/eiratech_ws/install/robot_control:/home/manish/eiratech_ws/install/cropmap_nav2:/opt/ros/humble LD_LIBRARY_PATH=/home/manish/eiratech_ws/install/vox_nav_planning/lib:/home/manish/eiratech_ws/install/vox_nav_control/lib:/home/manish/eiratech_ws/install/vox_nav_utilities/lib:/home/manish/eiratech_ws/install/vox_nav_msgs/lib:/home/manish/eiratech_ws/install/vox_nav_navigators/lib:/usr/lib/x86_64-linux-gnu/gazebo-11/plugins:/opt/ros/humble/opt/rviz_ogre_vendor/lib:/opt/ros/humble/lib/x86_64-linux-gnu:/opt/ros/humble/lib /usr/bin/cmake --build /home/manish/eiratech_ws/build/vox_nav_bringup -- -j12 -l12
[0.040s] Invoked command in '/home/manish/eiratech_ws/build/vox_nav_bringup' returned '0': CMAKE_PREFIX_PATH=/home/manish/eiratech_ws/install/vox_nav_planning:/home/manish/eiratech_ws/install/vox_nav_control:/home/manish/eiratech_ws/install/vox_nav_utilities:/home/manish/eiratech_ws/install/vox_nav_msgs:/home/manish/eiratech_ws/install/vox_nav_waypoint_nav_clients:/home/manish/eiratech_ws/install/vox_nav_bringup:/home/manish/eiratech_ws/install/vox_nav_navigators:/home/manish/eiratech_ws/install/vox_nav_map_server:/home/manish/eiratech_ws/install/robot_bringup:/home/manish/eiratech_ws/install/robot_description:/home/manish/eiratech_ws/install/robot_control:/home/manish/eiratech_ws/install/cropmap_nav2:/opt/ros/humble LD_LIBRARY_PATH=/home/manish/eiratech_ws/install/vox_nav_planning/lib:/home/manish/eiratech_ws/install/vox_nav_control/lib:/home/manish/eiratech_ws/install/vox_nav_utilities/lib:/home/manish/eiratech_ws/install/vox_nav_msgs/lib:/home/manish/eiratech_ws/install/vox_nav_navigators/lib:/usr/lib/x86_64-linux-gnu/gazebo-11/plugins:/opt/ros/humble/opt/rviz_ogre_vendor/lib:/opt/ros/humble/lib/x86_64-linux-gnu:/opt/ros/humble/lib /usr/bin/cmake --build /home/manish/eiratech_ws/build/vox_nav_bringup -- -j12 -l12
[0.047s] Invoking command in '/home/manish/eiratech_ws/build/vox_nav_bringup': CMAKE_PREFIX_PATH=/home/manish/eiratech_ws/install/vox_nav_planning:/home/manish/eiratech_ws/install/vox_nav_control:/home/manish/eiratech_ws/install/vox_nav_utilities:/home/manish/eiratech_ws/install/vox_nav_msgs:/home/manish/eiratech_ws/install/vox_nav_waypoint_nav_clients:/home/manish/eiratech_ws/install/vox_nav_bringup:/home/manish/eiratech_ws/install/vox_nav_navigators:/home/manish/eiratech_ws/install/vox_nav_map_server:/home/manish/eiratech_ws/install/robot_bringup:/home/manish/eiratech_ws/install/robot_description:/home/manish/eiratech_ws/install/robot_control:/home/manish/eiratech_ws/install/cropmap_nav2:/opt/ros/humble LD_LIBRARY_PATH=/home/manish/eiratech_ws/install/vox_nav_planning/lib:/home/manish/eiratech_ws/install/vox_nav_control/lib:/home/manish/eiratech_ws/install/vox_nav_utilities/lib:/home/manish/eiratech_ws/install/vox_nav_msgs/lib:/home/manish/eiratech_ws/install/vox_nav_navigators/lib:/usr/lib/x86_64-linux-gnu/gazebo-11/plugins:/opt/ros/humble/opt/rviz_ogre_vendor/lib:/opt/ros/humble/lib/x86_64-linux-gnu:/opt/ros/humble/lib /usr/bin/cmake --install /home/manish/eiratech_ws/build/vox_nav_bringup
[0.052s] -- Install configuration: ""
[0.052s] -- Up-to-date: /home/manish/eiratech_ws/install/vox_nav_bringup/share/vox_nav_bringup/launch
[0.052s] -- Up-to-date: /home/manish/eiratech_ws/install/vox_nav_bringup/share/vox_nav_bringup/launch/rviz.launch.py
[0.052s] -- Up-to-date: /home/manish/eiratech_ws/install/vox_nav_bringup/share/vox_nav_bringup/launch/vox_nav_core_nodes.launch.py
[0.052s] -- Up-to-date: /home/manish/eiratech_ws/install/vox_nav_bringup/share/vox_nav_bringup/launch/bringup_vox_nav.launch.py
[0.053s] -- Up-to-date: /home/manish/eiratech_ws/install/vox_nav_bringup/share/vox_nav_bringup/launch/.bringup_vox_nav.launch.py.swp
[0.053s] -- Up-to-date: /home/manish/eiratech_ws/install/vox_nav_bringup/share/vox_nav_bringup/launch/vox_nav.launch_backup.py
[0.053s] -- Up-to-date: /home/manish/eiratech_ws/install/vox_nav_bringup/share/vox_nav_bringup/launch/.bringup_vox_nav.launch.py.swo
[0.053s] -- Up-to-date: /home/manish/eiratech_ws/install/vox_nav_bringup/share/vox_nav_bringup/maps
[0.053s] -- Up-to-date: /home/manish/eiratech_ws/install/vox_nav_bringup/share/vox_nav_bringup/maps/empty.pcd
[0.053s] -- Up-to-date: /home/manish/eiratech_ws/install/vox_nav_bringup/share/vox_nav_bringup/maps/uneven_world.pcd
[0.053s] -- Up-to-date: /home/manish/eiratech_ws/install/vox_nav_bringup/share/vox_nav_bringup/maps/compare_pcd_denoising.py
[0.053s] -- Up-to-date: /home/manish/eiratech_ws/install/vox_nav_bringup/share/vox_nav_bringup/params
[0.053s] -- Up-to-date: /home/manish/eiratech_ws/install/vox_nav_bringup/share/vox_nav_bringup/params/vox_nav_astar_field_params.yaml
[0.053s] -- Up-to-date: /home/manish/eiratech_ws/install/vox_nav_bringup/share/vox_nav_bringup/params/vox_nav_default_params.yaml
[0.053s] -- Up-to-date: /home/manish/eiratech_ws/install/vox_nav_bringup/share/vox_nav_bringup/params/robot_localization_params.yaml
[0.053s] -- Up-to-date: /home/manish/eiratech_ws/install/vox_nav_bringup/share/vox_nav_bringup/params/vox_nav_container_office_params.yaml
[0.053s] -- Up-to-date: /home/manish/eiratech_ws/install/vox_nav_bringup/share/vox_nav_bringup/params/vox_nav_feedback_planner_params.yaml
[0.053s] -- Installing: /home/manish/eiratech_ws/install/vox_nav_bringup/share/vox_nav_bringup/params/vox_nav_uneven_world_params.yaml
[0.053s] -- Installing: /home/manish/eiratech_ws/install/vox_nav_bringup/share/vox_nav_bringup/params/.vox_nav_uneven_world_params.yaml.swp
[0.053s] -- Up-to-date: /home/manish/eiratech_ws/install/vox_nav_bringup/share/vox_nav_bringup/params/vox_nav_lqrrrt*_params.yaml
[0.053s] -- Up-to-date: /home/manish/eiratech_ws/install/vox_nav_bringup/share/vox_nav_bringup/rviz
[0.053s] -- Up-to-date: /home/manish/eiratech_ws/install/vox_nav_bringup/share/vox_nav_bringup/rviz/vox_nav_default_view.rviz
[0.053s] -- Up-to-date: /home/manish/eiratech_ws/install/vox_nav_bringup/share/vox_nav_bringup/rviz/mod.rviz
[0.053s] -- Up-to-date: /home/manish/eiratech_ws/install/vox_nav_bringup/share/ament_index/resource_index/package_run_dependencies/vox_nav_bringup
[0.053s] -- Up-to-date: /home/manish/eiratech_ws/install/vox_nav_bringup/share/ament_index/resource_index/parent_prefix_path/vox_nav_bringup
[0.054s] -- Up-to-date: /home/manish/eiratech_ws/install/vox_nav_bringup/share/vox_nav_bringup/environment/ament_prefix_path.sh
[0.054s] -- Up-to-date: /home/manish/eiratech_ws/install/vox_nav_bringup/share/vox_nav_bringup/environment/ament_prefix_path.dsv
[0.054s] -- Up-to-date: /home/manish/eiratech_ws/install/vox_nav_bringup/share/vox_nav_bringup/environment/path.sh
[0.054s] -- Up-to-date: /home/manish/eiratech_ws/install/vox_nav_bringup/share/vox_nav_bringup/environment/path.dsv
[0.054s] -- Up-to-date: /home/manish/eiratech_ws/install/vox_nav_bringup/share/vox_nav_bringup/local_setup.bash
[0.054s] -- Up-to-date: /home/manish/eiratech_ws/install/vox_nav_bringup/share/vox_nav_bringup/local_setup.sh
[0.054s] -- Up-to-date: /home/manish/eiratech_ws/install/vox_nav_bringup/share/vox_nav_bringup/local_setup.zsh
[0.054s] -- Up-to-date: /home/manish/eiratech_ws/install/vox_nav_bringup/share/vox_nav_bringup/local_setup.dsv
[0.054s] -- Installing: /home/manish/eiratech_ws/install/vox_nav_bringup/share/vox_nav_bringup/package.dsv
[0.054s] -- Up-to-date: /home/manish/eiratech_ws/install/vox_nav_bringup/share/ament_index/resource_index/packages/vox_nav_bringup
[0.054s] -- Up-to-date: /home/manish/eiratech_ws/install/vox_nav_bringup/share/vox_nav_bringup/cmake/vox_nav_bringupConfig.cmake
[0.054s] -- Up-to-date: /home/manish/eiratech_ws/install/vox_nav_bringup/share/vox_nav_bringup/cmake/vox_nav_bringupConfig-version.cmake
[0.054s] -- Up-to-date: /home/manish/eiratech_ws/install/vox_nav_bringup/share/vox_nav_bringup/package.xml
[0.055s] Invoked command in '/home/manish/eiratech_ws/build/vox_nav_bringup' returned '0': CMAKE_PREFIX_PATH=/home/manish/eiratech_ws/install/vox_nav_planning:/home/manish/eiratech_ws/install/vox_nav_control:/home/manish/eiratech_ws/install/vox_nav_utilities:/home/manish/eiratech_ws/install/vox_nav_msgs:/home/manish/eiratech_ws/install/vox_nav_waypoint_nav_clients:/home/manish/eiratech_ws/install/vox_nav_bringup:/home/manish/eiratech_ws/install/vox_nav_navigators:/home/manish/eiratech_ws/install/vox_nav_map_server:/home/manish/eiratech_ws/install/robot_bringup:/home/manish/eiratech_ws/install/robot_description:/home/manish/eiratech_ws/install/robot_control:/home/manish/eiratech_ws/install/cropmap_nav2:/opt/ros/humble LD_LIBRARY_PATH=/home/manish/eiratech_ws/install/vox_nav_planning/lib:/home/manish/eiratech_ws/install/vox_nav_control/lib:/home/manish/eiratech_ws/install/vox_nav_utilities/lib:/home/manish/eiratech_ws/install/vox_nav_msgs/lib:/home/manish/eiratech_ws/install/vox_nav_navigators/lib:/usr/lib/x86_64-linux-gnu/gazebo-11/plugins:/opt/ros/humble/opt/rviz_ogre_vendor/lib:/opt/ros/humble/lib/x86_64-linux-gnu:/opt/ros/humble/lib /usr/bin/cmake --install /home/manish/eiratech_ws/build/vox_nav_bringup
