[0.006s] Invoking command in '/home/student/eiratech_ws/build/robot_description': CMAKE_PREFIX_PATH=${CMAKE_PREFIX_PATH}:/opt/ros/jazzy DEBUGINFOD_URLS=https://debuginfod.ubuntu.com /usr/bin/cmake /home/student/eiratech_ws/src/robot_description -DCMAKE_INSTALL_PREFIX=/home/student/eiratech_ws/install/robot_description
[0.015s] -- Found ament_cmake: 2.5.4 (/opt/ros/jazzy/share/ament_cmake/cmake)
[0.176s] -- Found ament_lint_auto: 0.17.2 (/opt/ros/jazzy/share/ament_lint_auto/cmake)
[0.222s] -- Added test 'copyright' to check source files copyright and LICENSE
[0.223s] -- Added test 'lint_cmake' to check CMake code style
[0.223s] -- Added test 'xmllint' to check XML markup files
[0.224s] -- Configuring done (0.2s)
[0.225s] -- Generating done (0.0s)
[0.226s] -- Build files have been written to: /home/student/eiratech_ws/build/robot_description
[0.228s] Invoked command in '/home/student/eiratech_ws/build/robot_description' returned '0': CMAKE_PREFIX_PATH=${CMAKE_PREFIX_PATH}:/opt/ros/jazzy DEBUGINFOD_URLS=https://debuginfod.ubuntu.com /usr/bin/cmake /home/student/eiratech_ws/src/robot_description -DCMAKE_INSTALL_PREFIX=/home/student/eiratech_ws/install/robot_description
[0.229s] Invoking command in '/home/student/eiratech_ws/build/robot_description': CMAKE_PREFIX_PATH=${CMAKE_PREFIX_PATH}:/opt/ros/jazzy DEBUGINFOD_URLS=https://debuginfod.ubuntu.com /usr/bin/cmake --build /home/student/eiratech_ws/build/robot_description -- -j28 -l28
[0.268s] Invoked command in '/home/student/eiratech_ws/build/robot_description' returned '0': CMAKE_PREFIX_PATH=${CMAKE_PREFIX_PATH}:/opt/ros/jazzy DEBUGINFOD_URLS=https://debuginfod.ubuntu.com /usr/bin/cmake --build /home/student/eiratech_ws/build/robot_description -- -j28 -l28
[0.286s] Invoking command in '/home/student/eiratech_ws/build/robot_description': CMAKE_PREFIX_PATH=${CMAKE_PREFIX_PATH}:/opt/ros/jazzy DEBUGINFOD_URLS=https://debuginfod.ubuntu.com /usr/bin/cmake --install /home/student/eiratech_ws/build/robot_description
[0.295s] -- Install configuration: "Release"
[0.295s] -- Up-to-date: /home/student/eiratech_ws/install/robot_description/share/robot_description/urdf
[0.295s] -- Up-to-date: /home/student/eiratech_ws/install/robot_description/share/robot_description/urdf/robot.urdf.xacro
[0.295s] -- Up-to-date: /home/student/eiratech_ws/install/robot_description/share/robot_description/urdf/dummy.urdf
[0.295s] -- Up-to-date: /home/student/eiratech_ws/install/robot_description/share/robot_description/urdf/cropMap_urdf.urdf
[0.296s] -- Up-to-date: /home/student/eiratech_ws/install/robot_description/share/robot_description/meshes
[0.296s] -- Up-to-date: /home/student/eiratech_ws/install/robot_description/share/robot_description/meshes/base_link.STL
[0.296s] -- Up-to-date: /home/student/eiratech_ws/install/robot_description/share/robot_description/meshes/wheel_back_left.STL
[0.296s] -- Up-to-date: /home/student/eiratech_ws/install/robot_description/share/robot_description/meshes/wheel_front_right.STL
[0.296s] -- Up-to-date: /home/student/eiratech_ws/install/robot_description/share/robot_description/meshes/wheel_back_right.STL
[0.296s] -- Up-to-date: /home/student/eiratech_ws/install/robot_description/share/robot_description/meshes/wheel_front_left.STL
[0.296s] -- Up-to-date: /home/student/eiratech_ws/install/robot_description/share/robot_description/meshes/back_camera.STL
[0.296s] -- Up-to-date: /home/student/eiratech_ws/install/robot_description/share/robot_description/meshes/TC_V0.STL
[0.296s] -- Up-to-date: /home/student/eiratech_ws/install/robot_description/share/robot_description/meshes/front_camera.STL
[0.296s] -- Installing: /home/student/eiratech_ws/install/robot_description/share/robot_description/config
[0.296s] -- Installing: /home/student/eiratech_ws/install/robot_description/share/robot_description/config/bridge.yaml
[0.296s] -- Up-to-date: /home/student/eiratech_ws/install/robot_description/share/robot_description/rviz
[0.297s] -- Up-to-date: /home/student/eiratech_ws/install/robot_description/share/robot_description/rviz/robot.rviz
[0.297s] -- Up-to-date: /home/student/eiratech_ws/install/robot_description/share/ament_index/resource_index/package_run_dependencies/robot_description
[0.297s] -- Installing: /home/student/eiratech_ws/install/robot_description/share/ament_index/resource_index/parent_prefix_path/robot_description
[0.297s] -- Up-to-date: /home/student/eiratech_ws/install/robot_description/share/robot_description/environment/ament_prefix_path.sh
[0.297s] -- Up-to-date: /home/student/eiratech_ws/install/robot_description/share/robot_description/environment/ament_prefix_path.dsv
[0.297s] -- Up-to-date: /home/student/eiratech_ws/install/robot_description/share/robot_description/environment/path.sh
[0.297s] -- Up-to-date: /home/student/eiratech_ws/install/robot_description/share/robot_description/environment/path.dsv
[0.297s] -- Up-to-date: /home/student/eiratech_ws/install/robot_description/share/robot_description/local_setup.bash
[0.297s] -- Up-to-date: /home/student/eiratech_ws/install/robot_description/share/robot_description/local_setup.sh
[0.297s] -- Up-to-date: /home/student/eiratech_ws/install/robot_description/share/robot_description/local_setup.zsh
[0.297s] -- Up-to-date: /home/student/eiratech_ws/install/robot_description/share/robot_description/local_setup.dsv
[0.297s] -- Up-to-date: /home/student/eiratech_ws/install/robot_description/share/robot_description/package.dsv
[0.297s] -- Up-to-date: /home/student/eiratech_ws/install/robot_description/share/ament_index/resource_index/packages/robot_description
[0.297s] -- Up-to-date: /home/student/eiratech_ws/install/robot_description/share/robot_description/cmake/robot_descriptionConfig.cmake
[0.297s] -- Up-to-date: /home/student/eiratech_ws/install/robot_description/share/robot_description/cmake/robot_descriptionConfig-version.cmake
[0.297s] -- Up-to-date: /home/student/eiratech_ws/install/robot_description/share/robot_description/package.xml
[0.297s] Invoked command in '/home/student/eiratech_ws/build/robot_description' returned '0': CMAKE_PREFIX_PATH=${CMAKE_PREFIX_PATH}:/opt/ros/jazzy DEBUGINFOD_URLS=https://debuginfod.ubuntu.com /usr/bin/cmake --install /home/student/eiratech_ws/build/robot_description
