[0.114s] DEBUG:colcon:Command line arguments: ['/usr/bin/colcon', 'build', '--packages-select', 'vox_nav_control', '--cmake-clean-cache']
[0.114s] DEBUG:colcon:Parsed command line arguments: Namespace(log_base=None, log_level=None, verb_name='build', build_base='build', install_base='install', merge_install=False, symlink_install=False, test_result_base=None, continue_on_error=False, executor='parallel', parallel_workers=12, event_handlers=None, ignore_user_meta=False, metas=['./colcon.meta'], base_paths=['.'], packages_ignore=None, packages_ignore_regex=None, paths=None, packages_up_to=None, packages_up_to_regex=None, packages_above=None, packages_above_and_dependencies=None, packages_above_depth=None, packages_select_by_dep=None, packages_skip_by_dep=None, packages_skip_up_to=None, packages_select_build_failed=False, packages_skip_build_finished=False, packages_select_test_failures=False, packages_skip_test_passed=False, packages_select=['vox_nav_control'], packages_skip=None, packages_select_regex=None, packages_skip_regex=None, packages_start=None, packages_end=None, allow_overriding=[], cmake_args=None, cmake_target=None, cmake_target_skip_unavailable=False, cmake_clean_cache=True, cmake_clean_first=False, cmake_force_configure=False, ament_cmake_args=None, catkin_cmake_args=None, catkin_skip_building_tests=False, mixin_files=None, mixin=None, verb_parser=<colcon_mixin.mixin.mixin_argument.MixinArgumentDecorator object at 0x7e8f96f7dbd0>, verb_extension=<colcon_core.verb.build.BuildVerb object at 0x7e8f96f7d2a0>, main=<bound method BuildVerb.main of <colcon_core.verb.build.BuildVerb object at 0x7e8f96f7d2a0>>, mixin_verb=('build',))
[0.258s] Level 1:colcon.colcon_core.package_discovery:discover_packages(colcon_meta) check parameters
[0.258s] Level 1:colcon.colcon_core.package_discovery:discover_packages(recursive) check parameters
[0.258s] Level 1:colcon.colcon_core.package_discovery:discover_packages(ignore) check parameters
[0.258s] Level 1:colcon.colcon_core.package_discovery:discover_packages(path) check parameters
[0.258s] Level 1:colcon.colcon_core.package_discovery:discover_packages(colcon_meta) discover
[0.258s] Level 1:colcon.colcon_core.package_discovery:discover_packages(recursive) discover
[0.258s] INFO:colcon.colcon_core.package_discovery:Crawling recursively for packages in '/home/manish/eiratech_ws'
[0.258s] Level 1:colcon.colcon_core.package_identification:_identify(.) by extensions ['ignore', 'ignore_ament_install']
[0.258s] Level 1:colcon.colcon_core.package_identification:_identify(.) by extension 'ignore'
[0.258s] Level 1:colcon.colcon_core.package_identification:_identify(.) by extension 'ignore_ament_install'
[0.259s] Level 1:colcon.colcon_core.package_identification:_identify(.) by extensions ['colcon_pkg']
[0.259s] Level 1:colcon.colcon_core.package_identification:_identify(.) by extension 'colcon_pkg'
[0.259s] Level 1:colcon.colcon_core.package_identification:_identify(.) by extensions ['colcon_meta']
[0.259s] Level 1:colcon.colcon_core.package_identification:_identify(.) by extension 'colcon_meta'
[0.259s] Level 1:colcon.colcon_core.package_identification:_identify(.) by extensions ['ros']
[0.259s] Level 1:colcon.colcon_core.package_identification:_identify(.) by extension 'ros'
[0.266s] Level 1:colcon.colcon_core.package_identification:_identify(.) by extensions ['cmake', 'python']
[0.266s] Level 1:colcon.colcon_core.package_identification:_identify(.) by extension 'cmake'
[0.266s] Level 1:colcon.colcon_core.package_identification:_identify(.) by extension 'python'
[0.266s] Level 1:colcon.colcon_core.package_identification:_identify(.) by extensions ['python_setup_py']
[0.266s] Level 1:colcon.colcon_core.package_identification:_identify(.) by extension 'python_setup_py'
[0.266s] Level 1:colcon.colcon_core.package_identification:_identify(build) by extensions ['ignore', 'ignore_ament_install']
[0.266s] Level 1:colcon.colcon_core.package_identification:_identify(build) by extension 'ignore'
[0.266s] Level 1:colcon.colcon_core.package_identification:_identify(build) ignored
[0.266s] Level 1:colcon.colcon_core.package_identification:_identify(install) by extensions ['ignore', 'ignore_ament_install']
[0.267s] Level 1:colcon.colcon_core.package_identification:_identify(install) by extension 'ignore'
[0.267s] Level 1:colcon.colcon_core.package_identification:_identify(install) ignored
[0.267s] Level 1:colcon.colcon_core.package_identification:_identify(log) by extensions ['ignore', 'ignore_ament_install']
[0.267s] Level 1:colcon.colcon_core.package_identification:_identify(log) by extension 'ignore'
[0.267s] Level 1:colcon.colcon_core.package_identification:_identify(log) ignored
[0.267s] Level 1:colcon.colcon_core.package_identification:_identify(src) by extensions ['ignore', 'ignore_ament_install']
[0.267s] Level 1:colcon.colcon_core.package_identification:_identify(src) by extension 'ignore'
[0.267s] Level 1:colcon.colcon_core.package_identification:_identify(src) by extension 'ignore_ament_install'
[0.267s] Level 1:colcon.colcon_core.package_identification:_identify(src) by extensions ['colcon_pkg']
[0.267s] Level 1:colcon.colcon_core.package_identification:_identify(src) by extension 'colcon_pkg'
[0.267s] Level 1:colcon.colcon_core.package_identification:_identify(src) by extensions ['colcon_meta']
[0.267s] Level 1:colcon.colcon_core.package_identification:_identify(src) by extension 'colcon_meta'
[0.267s] Level 1:colcon.colcon_core.package_identification:_identify(src) by extensions ['ros']
[0.267s] Level 1:colcon.colcon_core.package_identification:_identify(src) by extension 'ros'
[0.267s] Level 1:colcon.colcon_core.package_identification:_identify(src) by extensions ['cmake', 'python']
[0.267s] Level 1:colcon.colcon_core.package_identification:_identify(src) by extension 'cmake'
[0.267s] Level 1:colcon.colcon_core.package_identification:_identify(src) by extension 'python'
[0.267s] Level 1:colcon.colcon_core.package_identification:_identify(src) by extensions ['python_setup_py']
[0.267s] Level 1:colcon.colcon_core.package_identification:_identify(src) by extension 'python_setup_py'
[0.267s] Level 1:colcon.colcon_core.package_identification:_identify(src/cropmap_nav2) by extensions ['ignore', 'ignore_ament_install']
[0.268s] Level 1:colcon.colcon_core.package_identification:_identify(src/cropmap_nav2) by extension 'ignore'
[0.268s] Level 1:colcon.colcon_core.package_identification:_identify(src/cropmap_nav2) by extension 'ignore_ament_install'
[0.268s] Level 1:colcon.colcon_core.package_identification:_identify(src/cropmap_nav2) by extensions ['colcon_pkg']
[0.268s] Level 1:colcon.colcon_core.package_identification:_identify(src/cropmap_nav2) by extension 'colcon_pkg'
[0.268s] Level 1:colcon.colcon_core.package_identification:_identify(src/cropmap_nav2) by extensions ['colcon_meta']
[0.268s] Level 1:colcon.colcon_core.package_identification:_identify(src/cropmap_nav2) by extension 'colcon_meta'
[0.268s] Level 1:colcon.colcon_core.package_identification:_identify(src/cropmap_nav2) by extensions ['ros']
[0.268s] Level 1:colcon.colcon_core.package_identification:_identify(src/cropmap_nav2) by extension 'ros'
[0.271s] DEBUG:colcon.colcon_core.package_identification:Package 'src/cropmap_nav2' with type 'ros.ament_cmake' and name 'cropmap_nav2'
[0.271s] Level 1:colcon.colcon_core.package_identification:_identify(src/robot_bringup) by extensions ['ignore', 'ignore_ament_install']
[0.271s] Level 1:colcon.colcon_core.package_identification:_identify(src/robot_bringup) by extension 'ignore'
[0.271s] Level 1:colcon.colcon_core.package_identification:_identify(src/robot_bringup) by extension 'ignore_ament_install'
[0.271s] Level 1:colcon.colcon_core.package_identification:_identify(src/robot_bringup) by extensions ['colcon_pkg']
[0.271s] Level 1:colcon.colcon_core.package_identification:_identify(src/robot_bringup) by extension 'colcon_pkg'
[0.271s] Level 1:colcon.colcon_core.package_identification:_identify(src/robot_bringup) by extensions ['colcon_meta']
[0.271s] Level 1:colcon.colcon_core.package_identification:_identify(src/robot_bringup) by extension 'colcon_meta'
[0.271s] Level 1:colcon.colcon_core.package_identification:_identify(src/robot_bringup) by extensions ['ros']
[0.271s] Level 1:colcon.colcon_core.package_identification:_identify(src/robot_bringup) by extension 'ros'
[0.273s] DEBUG:colcon.colcon_core.package_identification:Package 'src/robot_bringup' with type 'ros.ament_cmake' and name 'robot_bringup'
[0.273s] Level 1:colcon.colcon_core.package_identification:_identify(src/robot_control) by extensions ['ignore', 'ignore_ament_install']
[0.273s] Level 1:colcon.colcon_core.package_identification:_identify(src/robot_control) by extension 'ignore'
[0.273s] Level 1:colcon.colcon_core.package_identification:_identify(src/robot_control) by extension 'ignore_ament_install'
[0.273s] Level 1:colcon.colcon_core.package_identification:_identify(src/robot_control) by extensions ['colcon_pkg']
[0.273s] Level 1:colcon.colcon_core.package_identification:_identify(src/robot_control) by extension 'colcon_pkg'
[0.274s] Level 1:colcon.colcon_core.package_identification:_identify(src/robot_control) by extensions ['colcon_meta']
[0.274s] Level 1:colcon.colcon_core.package_identification:_identify(src/robot_control) by extension 'colcon_meta'
[0.274s] Level 1:colcon.colcon_core.package_identification:_identify(src/robot_control) by extensions ['ros']
[0.274s] Level 1:colcon.colcon_core.package_identification:_identify(src/robot_control) by extension 'ros'
[0.274s] DEBUG:colcon.colcon_core.package_identification:Package 'src/robot_control' with type 'ros.ament_cmake' and name 'robot_control'
[0.274s] Level 1:colcon.colcon_core.package_identification:_identify(src/robot_description) by extensions ['ignore', 'ignore_ament_install']
[0.274s] Level 1:colcon.colcon_core.package_identification:_identify(src/robot_description) by extension 'ignore'
[0.274s] Level 1:colcon.colcon_core.package_identification:_identify(src/robot_description) by extension 'ignore_ament_install'
[0.274s] Level 1:colcon.colcon_core.package_identification:_identify(src/robot_description) by extensions ['colcon_pkg']
[0.274s] Level 1:colcon.colcon_core.package_identification:_identify(src/robot_description) by extension 'colcon_pkg'
[0.274s] Level 1:colcon.colcon_core.package_identification:_identify(src/robot_description) by extensions ['colcon_meta']
[0.274s] Level 1:colcon.colcon_core.package_identification:_identify(src/robot_description) by extension 'colcon_meta'
[0.274s] Level 1:colcon.colcon_core.package_identification:_identify(src/robot_description) by extensions ['ros']
[0.275s] Level 1:colcon.colcon_core.package_identification:_identify(src/robot_description) by extension 'ros'
[0.275s] DEBUG:colcon.colcon_core.package_identification:Package 'src/robot_description' with type 'ros.ament_cmake' and name 'robot_description'
[0.275s] Level 1:colcon.colcon_core.package_identification:_identify(src/vox_nav) by extensions ['ignore', 'ignore_ament_install']
[0.275s] Level 1:colcon.colcon_core.package_identification:_identify(src/vox_nav) by extension 'ignore'
[0.275s] Level 1:colcon.colcon_core.package_identification:_identify(src/vox_nav) by extension 'ignore_ament_install'
[0.275s] Level 1:colcon.colcon_core.package_identification:_identify(src/vox_nav) by extensions ['colcon_pkg']
[0.275s] Level 1:colcon.colcon_core.package_identification:_identify(src/vox_nav) by extension 'colcon_pkg'
[0.275s] Level 1:colcon.colcon_core.package_identification:_identify(src/vox_nav) by extensions ['colcon_meta']
[0.275s] Level 1:colcon.colcon_core.package_identification:_identify(src/vox_nav) by extension 'colcon_meta'
[0.275s] Level 1:colcon.colcon_core.package_identification:_identify(src/vox_nav) by extensions ['ros']
[0.275s] Level 1:colcon.colcon_core.package_identification:_identify(src/vox_nav) by extension 'ros'
[0.275s] Level 1:colcon.colcon_core.package_identification:_identify(src/vox_nav) by extensions ['cmake', 'python']
[0.275s] Level 1:colcon.colcon_core.package_identification:_identify(src/vox_nav) by extension 'cmake'
[0.275s] Level 1:colcon.colcon_core.package_identification:_identify(src/vox_nav) by extension 'python'
[0.275s] Level 1:colcon.colcon_core.package_identification:_identify(src/vox_nav) by extensions ['python_setup_py']
[0.275s] Level 1:colcon.colcon_core.package_identification:_identify(src/vox_nav) by extension 'python_setup_py'
[0.276s] Level 1:colcon.colcon_core.package_identification:_identify(src/vox_nav/scripts) by extensions ['ignore', 'ignore_ament_install']
[0.276s] Level 1:colcon.colcon_core.package_identification:_identify(src/vox_nav/scripts) by extension 'ignore'
[0.276s] Level 1:colcon.colcon_core.package_identification:_identify(src/vox_nav/scripts) by extension 'ignore_ament_install'
[0.276s] Level 1:colcon.colcon_core.package_identification:_identify(src/vox_nav/scripts) by extensions ['colcon_pkg']
[0.276s] Level 1:colcon.colcon_core.package_identification:_identify(src/vox_nav/scripts) by extension 'colcon_pkg'
[0.276s] Level 1:colcon.colcon_core.package_identification:_identify(src/vox_nav/scripts) by extensions ['colcon_meta']
[0.276s] Level 1:colcon.colcon_core.package_identification:_identify(src/vox_nav/scripts) by extension 'colcon_meta'
[0.276s] Level 1:colcon.colcon_core.package_identification:_identify(src/vox_nav/scripts) by extensions ['ros']
[0.276s] Level 1:colcon.colcon_core.package_identification:_identify(src/vox_nav/scripts) by extension 'ros'
[0.276s] Level 1:colcon.colcon_core.package_identification:_identify(src/vox_nav/scripts) by extensions ['cmake', 'python']
[0.276s] Level 1:colcon.colcon_core.package_identification:_identify(src/vox_nav/scripts) by extension 'cmake'
[0.276s] Level 1:colcon.colcon_core.package_identification:_identify(src/vox_nav/scripts) by extension 'python'
[0.276s] Level 1:colcon.colcon_core.package_identification:_identify(src/vox_nav/scripts) by extensions ['python_setup_py']
[0.276s] Level 1:colcon.colcon_core.package_identification:_identify(src/vox_nav/scripts) by extension 'python_setup_py'
[0.276s] Level 1:colcon.colcon_core.package_identification:_identify(src/vox_nav/vox_nav_bringup) by extensions ['ignore', 'ignore_ament_install']
[0.276s] Level 1:colcon.colcon_core.package_identification:_identify(src/vox_nav/vox_nav_bringup) by extension 'ignore'
[0.276s] Level 1:colcon.colcon_core.package_identification:_identify(src/vox_nav/vox_nav_bringup) by extension 'ignore_ament_install'
[0.276s] Level 1:colcon.colcon_core.package_identification:_identify(src/vox_nav/vox_nav_bringup) by extensions ['colcon_pkg']
[0.276s] Level 1:colcon.colcon_core.package_identification:_identify(src/vox_nav/vox_nav_bringup) by extension 'colcon_pkg'
[0.276s] Level 1:colcon.colcon_core.package_identification:_identify(src/vox_nav/vox_nav_bringup) by extensions ['colcon_meta']
[0.276s] Level 1:colcon.colcon_core.package_identification:_identify(src/vox_nav/vox_nav_bringup) by extension 'colcon_meta'
[0.276s] Level 1:colcon.colcon_core.package_identification:_identify(src/vox_nav/vox_nav_bringup) by extensions ['ros']
[0.276s] Level 1:colcon.colcon_core.package_identification:_identify(src/vox_nav/vox_nav_bringup) by extension 'ros'
[0.277s] DEBUG:colcon.colcon_core.package_identification:Package 'src/vox_nav/vox_nav_bringup' with type 'ros.ament_cmake' and name 'vox_nav_bringup'
[0.277s] Level 1:colcon.colcon_core.package_identification:_identify(src/vox_nav/vox_nav_control) by extensions ['ignore', 'ignore_ament_install']
[0.277s] Level 1:colcon.colcon_core.package_identification:_identify(src/vox_nav/vox_nav_control) by extension 'ignore'
[0.277s] Level 1:colcon.colcon_core.package_identification:_identify(src/vox_nav/vox_nav_control) by extension 'ignore_ament_install'
[0.277s] Level 1:colcon.colcon_core.package_identification:_identify(src/vox_nav/vox_nav_control) by extensions ['colcon_pkg']
[0.277s] Level 1:colcon.colcon_core.package_identification:_identify(src/vox_nav/vox_nav_control) by extension 'colcon_pkg'
[0.277s] Level 1:colcon.colcon_core.package_identification:_identify(src/vox_nav/vox_nav_control) by extensions ['colcon_meta']
[0.277s] Level 1:colcon.colcon_core.package_identification:_identify(src/vox_nav/vox_nav_control) by extension 'colcon_meta'
[0.277s] Level 1:colcon.colcon_core.package_identification:_identify(src/vox_nav/vox_nav_control) by extensions ['ros']
[0.277s] Level 1:colcon.colcon_core.package_identification:_identify(src/vox_nav/vox_nav_control) by extension 'ros'
[0.284s] DEBUG:colcon.colcon_core.package_identification:Package 'src/vox_nav/vox_nav_control' with type 'ros.ament_cmake' and name 'vox_nav_control'
[0.285s] Level 1:colcon.colcon_core.package_identification:_identify(src/vox_nav/vox_nav_map_server) by extensions ['ignore', 'ignore_ament_install']
[0.285s] Level 1:colcon.colcon_core.package_identification:_identify(src/vox_nav/vox_nav_map_server) by extension 'ignore'
[0.285s] Level 1:colcon.colcon_core.package_identification:_identify(src/vox_nav/vox_nav_map_server) by extension 'ignore_ament_install'
[0.285s] Level 1:colcon.colcon_core.package_identification:_identify(src/vox_nav/vox_nav_map_server) by extensions ['colcon_pkg']
[0.285s] Level 1:colcon.colcon_core.package_identification:_identify(src/vox_nav/vox_nav_map_server) by extension 'colcon_pkg'
[0.285s] Level 1:colcon.colcon_core.package_identification:_identify(src/vox_nav/vox_nav_map_server) by extensions ['colcon_meta']
[0.285s] Level 1:colcon.colcon_core.package_identification:_identify(src/vox_nav/vox_nav_map_server) by extension 'colcon_meta'
[0.285s] Level 1:colcon.colcon_core.package_identification:_identify(src/vox_nav/vox_nav_map_server) by extensions ['ros']
[0.285s] Level 1:colcon.colcon_core.package_identification:_identify(src/vox_nav/vox_nav_map_server) by extension 'ros'
[0.286s] DEBUG:colcon.colcon_core.package_identification:Package 'src/vox_nav/vox_nav_map_server' with type 'ros.ament_cmake' and name 'vox_nav_map_server'
[0.286s] Level 1:colcon.colcon_core.package_identification:_identify(src/vox_nav/vox_nav_msgs) by extensions ['ignore', 'ignore_ament_install']
[0.287s] Level 1:colcon.colcon_core.package_identification:_identify(src/vox_nav/vox_nav_msgs) by extension 'ignore'
[0.287s] Level 1:colcon.colcon_core.package_identification:_identify(src/vox_nav/vox_nav_msgs) by extension 'ignore_ament_install'
[0.287s] Level 1:colcon.colcon_core.package_identification:_identify(src/vox_nav/vox_nav_msgs) by extensions ['colcon_pkg']
[0.287s] Level 1:colcon.colcon_core.package_identification:_identify(src/vox_nav/vox_nav_msgs) by extension 'colcon_pkg'
[0.287s] Level 1:colcon.colcon_core.package_identification:_identify(src/vox_nav/vox_nav_msgs) by extensions ['colcon_meta']
[0.287s] Level 1:colcon.colcon_core.package_identification:_identify(src/vox_nav/vox_nav_msgs) by extension 'colcon_meta'
[0.287s] Level 1:colcon.colcon_core.package_identification:_identify(src/vox_nav/vox_nav_msgs) by extensions ['ros']
[0.287s] Level 1:colcon.colcon_core.package_identification:_identify(src/vox_nav/vox_nav_msgs) by extension 'ros'
[0.287s] DEBUG:colcon.colcon_core.package_identification:Package 'src/vox_nav/vox_nav_msgs' with type 'ros.ament_cmake' and name 'vox_nav_msgs'
[0.287s] Level 1:colcon.colcon_core.package_identification:_identify(src/vox_nav/vox_nav_navigators) by extensions ['ignore', 'ignore_ament_install']
[0.288s] Level 1:colcon.colcon_core.package_identification:_identify(src/vox_nav/vox_nav_navigators) by extension 'ignore'
[0.288s] Level 1:colcon.colcon_core.package_identification:_identify(src/vox_nav/vox_nav_navigators) by extension 'ignore_ament_install'
[0.288s] Level 1:colcon.colcon_core.package_identification:_identify(src/vox_nav/vox_nav_navigators) by extensions ['colcon_pkg']
[0.288s] Level 1:colcon.colcon_core.package_identification:_identify(src/vox_nav/vox_nav_navigators) by extension 'colcon_pkg'
[0.288s] Level 1:colcon.colcon_core.package_identification:_identify(src/vox_nav/vox_nav_navigators) by extensions ['colcon_meta']
[0.288s] Level 1:colcon.colcon_core.package_identification:_identify(src/vox_nav/vox_nav_navigators) by extension 'colcon_meta'
[0.288s] Level 1:colcon.colcon_core.package_identification:_identify(src/vox_nav/vox_nav_navigators) by extensions ['ros']
[0.288s] Level 1:colcon.colcon_core.package_identification:_identify(src/vox_nav/vox_nav_navigators) by extension 'ros'
[0.289s] DEBUG:colcon.colcon_core.package_identification:Package 'src/vox_nav/vox_nav_navigators' with type 'ros.ament_cmake' and name 'vox_nav_navigators'
[0.289s] Level 1:colcon.colcon_core.package_identification:_identify(src/vox_nav/vox_nav_planning) by extensions ['ignore', 'ignore_ament_install']
[0.289s] Level 1:colcon.colcon_core.package_identification:_identify(src/vox_nav/vox_nav_planning) by extension 'ignore'
[0.289s] Level 1:colcon.colcon_core.package_identification:_identify(src/vox_nav/vox_nav_planning) by extension 'ignore_ament_install'
[0.289s] Level 1:colcon.colcon_core.package_identification:_identify(src/vox_nav/vox_nav_planning) by extensions ['colcon_pkg']
[0.289s] Level 1:colcon.colcon_core.package_identification:_identify(src/vox_nav/vox_nav_planning) by extension 'colcon_pkg'
[0.289s] Level 1:colcon.colcon_core.package_identification:_identify(src/vox_nav/vox_nav_planning) by extensions ['colcon_meta']
[0.289s] Level 1:colcon.colcon_core.package_identification:_identify(src/vox_nav/vox_nav_planning) by extension 'colcon_meta'
[0.289s] Level 1:colcon.colcon_core.package_identification:_identify(src/vox_nav/vox_nav_planning) by extensions ['ros']
[0.289s] Level 1:colcon.colcon_core.package_identification:_identify(src/vox_nav/vox_nav_planning) by extension 'ros'
[0.290s] DEBUG:colcon.colcon_core.package_identification:Package 'src/vox_nav/vox_nav_planning' with type 'ros.ament_cmake' and name 'vox_nav_planning'
[0.290s] Level 1:colcon.colcon_core.package_identification:_identify(src/vox_nav/vox_nav_utilities) by extensions ['ignore', 'ignore_ament_install']
[0.291s] Level 1:colcon.colcon_core.package_identification:_identify(src/vox_nav/vox_nav_utilities) by extension 'ignore'
[0.291s] Level 1:colcon.colcon_core.package_identification:_identify(src/vox_nav/vox_nav_utilities) by extension 'ignore_ament_install'
[0.291s] Level 1:colcon.colcon_core.package_identification:_identify(src/vox_nav/vox_nav_utilities) by extensions ['colcon_pkg']
[0.291s] Level 1:colcon.colcon_core.package_identification:_identify(src/vox_nav/vox_nav_utilities) by extension 'colcon_pkg'
[0.291s] Level 1:colcon.colcon_core.package_identification:_identify(src/vox_nav/vox_nav_utilities) by extensions ['colcon_meta']
[0.291s] Level 1:colcon.colcon_core.package_identification:_identify(src/vox_nav/vox_nav_utilities) by extension 'colcon_meta'
[0.291s] Level 1:colcon.colcon_core.package_identification:_identify(src/vox_nav/vox_nav_utilities) by extensions ['ros']
[0.291s] Level 1:colcon.colcon_core.package_identification:_identify(src/vox_nav/vox_nav_utilities) by extension 'ros'
[0.292s] DEBUG:colcon.colcon_core.package_identification:Package 'src/vox_nav/vox_nav_utilities' with type 'ros.ament_cmake' and name 'vox_nav_utilities'
[0.292s] Level 1:colcon.colcon_core.package_identification:_identify(src/vox_nav/vox_nav_waypoint_nav_clients) by extensions ['ignore', 'ignore_ament_install']
[0.292s] Level 1:colcon.colcon_core.package_identification:_identify(src/vox_nav/vox_nav_waypoint_nav_clients) by extension 'ignore'
[0.292s] Level 1:colcon.colcon_core.package_identification:_identify(src/vox_nav/vox_nav_waypoint_nav_clients) by extension 'ignore_ament_install'
[0.292s] Level 1:colcon.colcon_core.package_identification:_identify(src/vox_nav/vox_nav_waypoint_nav_clients) by extensions ['colcon_pkg']
[0.292s] Level 1:colcon.colcon_core.package_identification:_identify(src/vox_nav/vox_nav_waypoint_nav_clients) by extension 'colcon_pkg'
[0.292s] Level 1:colcon.colcon_core.package_identification:_identify(src/vox_nav/vox_nav_waypoint_nav_clients) by extensions ['colcon_meta']
[0.292s] Level 1:colcon.colcon_core.package_identification:_identify(src/vox_nav/vox_nav_waypoint_nav_clients) by extension 'colcon_meta'
[0.292s] Level 1:colcon.colcon_core.package_identification:_identify(src/vox_nav/vox_nav_waypoint_nav_clients) by extensions ['ros']
[0.292s] Level 1:colcon.colcon_core.package_identification:_identify(src/vox_nav/vox_nav_waypoint_nav_clients) by extension 'ros'
[0.293s] DEBUG:colcon.colcon_core.package_identification:Package 'src/vox_nav/vox_nav_waypoint_nav_clients' with type 'ros.ament_cmake' and name 'vox_nav_waypoint_nav_clients'
[0.293s] Level 1:colcon.colcon_core.package_discovery:discover_packages(recursive) using defaults
[0.293s] Level 1:colcon.colcon_core.package_discovery:discover_packages(ignore) discover
[0.293s] Level 1:colcon.colcon_core.package_discovery:discover_packages(ignore) using defaults
[0.293s] Level 1:colcon.colcon_core.package_discovery:discover_packages(path) discover
[0.293s] Level 1:colcon.colcon_core.package_discovery:discover_packages(path) using defaults
[0.311s] INFO:colcon.colcon_core.package_selection:Skipping not selected package 'cropmap_nav2' in 'src/cropmap_nav2'
[0.311s] INFO:colcon.colcon_core.package_selection:Skipping not selected package 'robot_control' in 'src/robot_control'
[0.311s] INFO:colcon.colcon_core.package_selection:Skipping not selected package 'robot_description' in 'src/robot_description'
[0.311s] INFO:colcon.colcon_core.package_selection:Skipping not selected package 'vox_nav_msgs' in 'src/vox_nav/vox_nav_msgs'
[0.311s] INFO:colcon.colcon_core.package_selection:Skipping not selected package 'robot_bringup' in 'src/robot_bringup'
[0.311s] INFO:colcon.colcon_core.package_selection:Skipping not selected package 'vox_nav_utilities' in 'src/vox_nav/vox_nav_utilities'
[0.311s] INFO:colcon.colcon_core.package_selection:Skipping not selected package 'vox_nav_map_server' in 'src/vox_nav/vox_nav_map_server'
[0.311s] INFO:colcon.colcon_core.package_selection:Skipping not selected package 'vox_nav_navigators' in 'src/vox_nav/vox_nav_navigators'
[0.311s] INFO:colcon.colcon_core.package_selection:Skipping not selected package 'vox_nav_planning' in 'src/vox_nav/vox_nav_planning'
[0.311s] INFO:colcon.colcon_core.package_selection:Skipping not selected package 'vox_nav_waypoint_nav_clients' in 'src/vox_nav/vox_nav_waypoint_nav_clients'
[0.311s] INFO:colcon.colcon_core.package_selection:Skipping not selected package 'vox_nav_bringup' in 'src/vox_nav/vox_nav_bringup'
[0.312s] Level 1:colcon.colcon_core.package_discovery:discover_packages(prefix_path) check parameters
[0.312s] Level 1:colcon.colcon_core.package_discovery:discover_packages(prefix_path) discover
[0.314s] DEBUG:colcon.colcon_installed_package_information.package_discovery:Found 12 installed packages in /home/manish/eiratech_ws/install
[0.315s] DEBUG:colcon.colcon_installed_package_information.package_discovery:Found 449 installed packages in /opt/ros/humble
[0.317s] Level 1:colcon.colcon_core.package_discovery:discover_packages(prefix_path) using defaults
[0.357s] WARNING:colcon.colcon_core.package_selection:Some selected packages are already built in one or more underlay workspaces:
	'vox_nav_control' is in: /home/manish/eiratech_ws/install/vox_nav_control
If a package in a merged underlay workspace is overridden and it installs headers, then all packages in the overlay must sort their include directories by workspace order. Failure to do so may result in build failures or undefined behavior at run time.
If the overridden package is used by another package in any underlay, then the overriding package in the overlay must be API and ABI compatible or undefined behavior at run time may occur.

If you understand the risks and want to override a package anyways, add the following to the command line:
	--allow-overriding vox_nav_control

This may be promoted to an error in a future release of colcon-override-check.
[0.358s] Level 5:colcon.colcon_core.verb:set package 'vox_nav_control' build argument 'cmake_args' from command line to 'None'
[0.358s] Level 5:colcon.colcon_core.verb:set package 'vox_nav_control' build argument 'cmake_target' from command line to 'None'
[0.358s] Level 5:colcon.colcon_core.verb:set package 'vox_nav_control' build argument 'cmake_target_skip_unavailable' from command line to 'False'
[0.358s] Level 5:colcon.colcon_core.verb:set package 'vox_nav_control' build argument 'cmake_clean_cache' from command line to 'True'
[0.358s] Level 5:colcon.colcon_core.verb:set package 'vox_nav_control' build argument 'cmake_clean_first' from command line to 'False'
[0.358s] Level 5:colcon.colcon_core.verb:set package 'vox_nav_control' build argument 'cmake_force_configure' from command line to 'False'
[0.358s] Level 5:colcon.colcon_core.verb:set package 'vox_nav_control' build argument 'ament_cmake_args' from command line to 'None'
[0.358s] Level 5:colcon.colcon_core.verb:set package 'vox_nav_control' build argument 'catkin_cmake_args' from command line to 'None'
[0.358s] Level 5:colcon.colcon_core.verb:set package 'vox_nav_control' build argument 'catkin_skip_building_tests' from command line to 'False'
[0.358s] DEBUG:colcon.colcon_core.verb:Building package 'vox_nav_control' with the following arguments: {'ament_cmake_args': None, 'build_base': '/home/manish/eiratech_ws/build/vox_nav_control', 'catkin_cmake_args': None, 'catkin_skip_building_tests': False, 'cmake_args': None, 'cmake_clean_cache': True, 'cmake_clean_first': False, 'cmake_force_configure': False, 'cmake_target': None, 'cmake_target_skip_unavailable': False, 'install_base': '/home/manish/eiratech_ws/install/vox_nav_control', 'merge_install': False, 'path': '/home/manish/eiratech_ws/src/vox_nav/vox_nav_control', 'symlink_install': False, 'test_result_base': None}
[0.359s] INFO:colcon.colcon_core.executor:Executing jobs using 'parallel' executor
[0.359s] DEBUG:colcon.colcon_parallel_executor.executor.parallel:run_until_complete
[0.360s] INFO:colcon.colcon_ros.task.ament_cmake.build:Building ROS package in '/home/manish/eiratech_ws/src/vox_nav/vox_nav_control' with build type 'ament_cmake'
[0.360s] INFO:colcon.colcon_cmake.task.cmake.build:Building CMake package in '/home/manish/eiratech_ws/src/vox_nav/vox_nav_control'
[0.363s] INFO:colcon.colcon_core.plugin_system:Skipping extension 'colcon_core.shell.bat': Not used on non-Windows systems
[0.363s] INFO:colcon.colcon_core.shell:Skip shell extension 'powershell' for command environment: Not usable outside of PowerShell
[0.363s] DEBUG:colcon.colcon_core.shell:Skip shell extension 'dsv' for command environment
[0.379s] DEBUG:colcon.colcon_core.event_handler.log_command:Invoking command in '/home/manish/eiratech_ws/build/vox_nav_control': CMAKE_PREFIX_PATH=/home/manish/eiratech_ws/install/vox_nav_utilities:/home/manish/eiratech_ws/install/vox_nav_msgs:/home/manish/eiratech_ws/install/vox_nav_waypoint_nav_clients:/home/manish/eiratech_ws/install/vox_nav_bringup:/home/manish/eiratech_ws/install/vox_nav_planning:/home/manish/eiratech_ws/install/vox_nav_navigators:/home/manish/eiratech_ws/install/vox_nav_map_server:/home/manish/eiratech_ws/install/vox_nav_control:/home/manish/eiratech_ws/install/robot_bringup:/home/manish/eiratech_ws/install/robot_description:/home/manish/eiratech_ws/install/robot_control:/home/manish/eiratech_ws/install/cropmap_nav2:/opt/ros/humble LD_LIBRARY_PATH=/home/manish/eiratech_ws/install/vox_nav_utilities/lib:/home/manish/eiratech_ws/install/vox_nav_msgs/lib:/home/manish/eiratech_ws/install/vox_nav_planning/lib:/home/manish/eiratech_ws/install/vox_nav_navigators/lib:/home/manish/eiratech_ws/install/vox_nav_control/lib:/usr/lib/x86_64-linux-gnu/gazebo-11/plugins:/opt/ros/humble/opt/rviz_ogre_vendor/lib:/opt/ros/humble/lib/x86_64-linux-gnu:/opt/ros/humble/lib /usr/bin/cmake /home/manish/eiratech_ws/src/vox_nav/vox_nav_control -DCMAKE_INSTALL_PREFIX=/home/manish/eiratech_ws/install/vox_nav_control
[3.102s] DEBUG:colcon.colcon_core.event_handler.log_command:Invoked command in '/home/manish/eiratech_ws/build/vox_nav_control' returned '0': CMAKE_PREFIX_PATH=/home/manish/eiratech_ws/install/vox_nav_utilities:/home/manish/eiratech_ws/install/vox_nav_msgs:/home/manish/eiratech_ws/install/vox_nav_waypoint_nav_clients:/home/manish/eiratech_ws/install/vox_nav_bringup:/home/manish/eiratech_ws/install/vox_nav_planning:/home/manish/eiratech_ws/install/vox_nav_navigators:/home/manish/eiratech_ws/install/vox_nav_map_server:/home/manish/eiratech_ws/install/vox_nav_control:/home/manish/eiratech_ws/install/robot_bringup:/home/manish/eiratech_ws/install/robot_description:/home/manish/eiratech_ws/install/robot_control:/home/manish/eiratech_ws/install/cropmap_nav2:/opt/ros/humble LD_LIBRARY_PATH=/home/manish/eiratech_ws/install/vox_nav_utilities/lib:/home/manish/eiratech_ws/install/vox_nav_msgs/lib:/home/manish/eiratech_ws/install/vox_nav_planning/lib:/home/manish/eiratech_ws/install/vox_nav_navigators/lib:/home/manish/eiratech_ws/install/vox_nav_control/lib:/usr/lib/x86_64-linux-gnu/gazebo-11/plugins:/opt/ros/humble/opt/rviz_ogre_vendor/lib:/opt/ros/humble/lib/x86_64-linux-gnu:/opt/ros/humble/lib /usr/bin/cmake /home/manish/eiratech_ws/src/vox_nav/vox_nav_control -DCMAKE_INSTALL_PREFIX=/home/manish/eiratech_ws/install/vox_nav_control
[3.105s] DEBUG:colcon.colcon_core.event_handler.log_command:Invoking command in '/home/manish/eiratech_ws/build/vox_nav_control': CMAKE_PREFIX_PATH=/home/manish/eiratech_ws/install/vox_nav_utilities:/home/manish/eiratech_ws/install/vox_nav_msgs:/home/manish/eiratech_ws/install/vox_nav_waypoint_nav_clients:/home/manish/eiratech_ws/install/vox_nav_bringup:/home/manish/eiratech_ws/install/vox_nav_planning:/home/manish/eiratech_ws/install/vox_nav_navigators:/home/manish/eiratech_ws/install/vox_nav_map_server:/home/manish/eiratech_ws/install/vox_nav_control:/home/manish/eiratech_ws/install/robot_bringup:/home/manish/eiratech_ws/install/robot_description:/home/manish/eiratech_ws/install/robot_control:/home/manish/eiratech_ws/install/cropmap_nav2:/opt/ros/humble LD_LIBRARY_PATH=/home/manish/eiratech_ws/install/vox_nav_utilities/lib:/home/manish/eiratech_ws/install/vox_nav_msgs/lib:/home/manish/eiratech_ws/install/vox_nav_planning/lib:/home/manish/eiratech_ws/install/vox_nav_navigators/lib:/home/manish/eiratech_ws/install/vox_nav_control/lib:/usr/lib/x86_64-linux-gnu/gazebo-11/plugins:/opt/ros/humble/opt/rviz_ogre_vendor/lib:/opt/ros/humble/lib/x86_64-linux-gnu:/opt/ros/humble/lib /usr/bin/cmake --build /home/manish/eiratech_ws/build/vox_nav_control -- -j12 -l12
[3.176s] DEBUG:colcon.colcon_core.event_handler.log_command:Invoked command in '/home/manish/eiratech_ws/build/vox_nav_control' returned '0': CMAKE_PREFIX_PATH=/home/manish/eiratech_ws/install/vox_nav_utilities:/home/manish/eiratech_ws/install/vox_nav_msgs:/home/manish/eiratech_ws/install/vox_nav_waypoint_nav_clients:/home/manish/eiratech_ws/install/vox_nav_bringup:/home/manish/eiratech_ws/install/vox_nav_planning:/home/manish/eiratech_ws/install/vox_nav_navigators:/home/manish/eiratech_ws/install/vox_nav_map_server:/home/manish/eiratech_ws/install/vox_nav_control:/home/manish/eiratech_ws/install/robot_bringup:/home/manish/eiratech_ws/install/robot_description:/home/manish/eiratech_ws/install/robot_control:/home/manish/eiratech_ws/install/cropmap_nav2:/opt/ros/humble LD_LIBRARY_PATH=/home/manish/eiratech_ws/install/vox_nav_utilities/lib:/home/manish/eiratech_ws/install/vox_nav_msgs/lib:/home/manish/eiratech_ws/install/vox_nav_planning/lib:/home/manish/eiratech_ws/install/vox_nav_navigators/lib:/home/manish/eiratech_ws/install/vox_nav_control/lib:/usr/lib/x86_64-linux-gnu/gazebo-11/plugins:/opt/ros/humble/opt/rviz_ogre_vendor/lib:/opt/ros/humble/lib/x86_64-linux-gnu:/opt/ros/humble/lib /usr/bin/cmake --build /home/manish/eiratech_ws/build/vox_nav_control -- -j12 -l12
[3.183s] DEBUG:colcon.colcon_core.event_handler.log_command:Invoking command in '/home/manish/eiratech_ws/build/vox_nav_control': CMAKE_PREFIX_PATH=/home/manish/eiratech_ws/install/vox_nav_utilities:/home/manish/eiratech_ws/install/vox_nav_msgs:/home/manish/eiratech_ws/install/vox_nav_waypoint_nav_clients:/home/manish/eiratech_ws/install/vox_nav_bringup:/home/manish/eiratech_ws/install/vox_nav_planning:/home/manish/eiratech_ws/install/vox_nav_navigators:/home/manish/eiratech_ws/install/vox_nav_map_server:/home/manish/eiratech_ws/install/vox_nav_control:/home/manish/eiratech_ws/install/robot_bringup:/home/manish/eiratech_ws/install/robot_description:/home/manish/eiratech_ws/install/robot_control:/home/manish/eiratech_ws/install/cropmap_nav2:/opt/ros/humble LD_LIBRARY_PATH=/home/manish/eiratech_ws/install/vox_nav_utilities/lib:/home/manish/eiratech_ws/install/vox_nav_msgs/lib:/home/manish/eiratech_ws/install/vox_nav_planning/lib:/home/manish/eiratech_ws/install/vox_nav_navigators/lib:/home/manish/eiratech_ws/install/vox_nav_control/lib:/usr/lib/x86_64-linux-gnu/gazebo-11/plugins:/opt/ros/humble/opt/rviz_ogre_vendor/lib:/opt/ros/humble/lib/x86_64-linux-gnu:/opt/ros/humble/lib /usr/bin/cmake --install /home/manish/eiratech_ws/build/vox_nav_control
[3.191s] Level 1:colcon.colcon_core.environment:create_environment_scripts_only(vox_nav_control)
[3.192s] DEBUG:colcon.colcon_core.event_handler.log_command:Invoked command in '/home/manish/eiratech_ws/build/vox_nav_control' returned '0': CMAKE_PREFIX_PATH=/home/manish/eiratech_ws/install/vox_nav_utilities:/home/manish/eiratech_ws/install/vox_nav_msgs:/home/manish/eiratech_ws/install/vox_nav_waypoint_nav_clients:/home/manish/eiratech_ws/install/vox_nav_bringup:/home/manish/eiratech_ws/install/vox_nav_planning:/home/manish/eiratech_ws/install/vox_nav_navigators:/home/manish/eiratech_ws/install/vox_nav_map_server:/home/manish/eiratech_ws/install/vox_nav_control:/home/manish/eiratech_ws/install/robot_bringup:/home/manish/eiratech_ws/install/robot_description:/home/manish/eiratech_ws/install/robot_control:/home/manish/eiratech_ws/install/cropmap_nav2:/opt/ros/humble LD_LIBRARY_PATH=/home/manish/eiratech_ws/install/vox_nav_utilities/lib:/home/manish/eiratech_ws/install/vox_nav_msgs/lib:/home/manish/eiratech_ws/install/vox_nav_planning/lib:/home/manish/eiratech_ws/install/vox_nav_navigators/lib:/home/manish/eiratech_ws/install/vox_nav_control/lib:/usr/lib/x86_64-linux-gnu/gazebo-11/plugins:/opt/ros/humble/opt/rviz_ogre_vendor/lib:/opt/ros/humble/lib/x86_64-linux-gnu:/opt/ros/humble/lib /usr/bin/cmake --install /home/manish/eiratech_ws/build/vox_nav_control
[3.194s] Level 1:colcon.colcon_core.environment:checking '/home/manish/eiratech_ws/install/vox_nav_control' for CMake module files
[3.194s] Level 1:colcon.colcon_core.environment:checking '/home/manish/eiratech_ws/install/vox_nav_control' for CMake config files
[3.194s] Level 1:colcon.colcon_core.shell:create_environment_hook('vox_nav_control', 'cmake_prefix_path')
[3.195s] INFO:colcon.colcon_core.shell:Creating environment hook '/home/manish/eiratech_ws/install/vox_nav_control/share/vox_nav_control/hook/cmake_prefix_path.ps1'
[3.195s] INFO:colcon.colcon_core.shell:Creating environment descriptor '/home/manish/eiratech_ws/install/vox_nav_control/share/vox_nav_control/hook/cmake_prefix_path.dsv'
[3.195s] INFO:colcon.colcon_core.shell:Creating environment hook '/home/manish/eiratech_ws/install/vox_nav_control/share/vox_nav_control/hook/cmake_prefix_path.sh'
[3.196s] Level 1:colcon.colcon_core.environment:checking '/home/manish/eiratech_ws/install/vox_nav_control/lib'
[3.196s] Level 1:colcon.colcon_core.shell:create_environment_hook('vox_nav_control', 'ld_library_path_lib')
[3.196s] INFO:colcon.colcon_core.shell:Creating environment hook '/home/manish/eiratech_ws/install/vox_nav_control/share/vox_nav_control/hook/ld_library_path_lib.ps1'
[3.197s] INFO:colcon.colcon_core.shell:Creating environment descriptor '/home/manish/eiratech_ws/install/vox_nav_control/share/vox_nav_control/hook/ld_library_path_lib.dsv'
[3.197s] INFO:colcon.colcon_core.shell:Creating environment hook '/home/manish/eiratech_ws/install/vox_nav_control/share/vox_nav_control/hook/ld_library_path_lib.sh'
[3.197s] Level 1:colcon.colcon_core.environment:checking '/home/manish/eiratech_ws/install/vox_nav_control/bin'
[3.197s] Level 1:colcon.colcon_core.environment:checking '/home/manish/eiratech_ws/install/vox_nav_control/lib/pkgconfig/vox_nav_control.pc'
[3.197s] Level 1:colcon.colcon_core.environment:checking '/home/manish/eiratech_ws/install/vox_nav_control/lib/python3.10/site-packages'
[3.197s] Level 1:colcon.colcon_core.environment:checking '/home/manish/eiratech_ws/install/vox_nav_control/bin'
[3.198s] INFO:colcon.colcon_core.shell:Creating package script '/home/manish/eiratech_ws/install/vox_nav_control/share/vox_nav_control/package.ps1'
[3.198s] INFO:colcon.colcon_core.shell:Creating package descriptor '/home/manish/eiratech_ws/install/vox_nav_control/share/vox_nav_control/package.dsv'
[3.199s] INFO:colcon.colcon_core.shell:Creating package script '/home/manish/eiratech_ws/install/vox_nav_control/share/vox_nav_control/package.sh'
[3.199s] INFO:colcon.colcon_core.shell:Creating package script '/home/manish/eiratech_ws/install/vox_nav_control/share/vox_nav_control/package.bash'
[3.200s] INFO:colcon.colcon_core.shell:Creating package script '/home/manish/eiratech_ws/install/vox_nav_control/share/vox_nav_control/package.zsh'
[3.200s] Level 1:colcon.colcon_core.environment:create_file_with_runtime_dependencies(/home/manish/eiratech_ws/install/vox_nav_control/share/colcon-core/packages/vox_nav_control)
[3.200s] Level 1:colcon.colcon_core.environment:create_environment_scripts_only(vox_nav_control)
[3.201s] Level 1:colcon.colcon_core.environment:checking '/home/manish/eiratech_ws/install/vox_nav_control' for CMake module files
[3.201s] Level 1:colcon.colcon_core.environment:checking '/home/manish/eiratech_ws/install/vox_nav_control' for CMake config files
[3.201s] Level 1:colcon.colcon_core.shell:create_environment_hook('vox_nav_control', 'cmake_prefix_path')
[3.201s] INFO:colcon.colcon_core.shell:Creating environment hook '/home/manish/eiratech_ws/install/vox_nav_control/share/vox_nav_control/hook/cmake_prefix_path.ps1'
[3.202s] INFO:colcon.colcon_core.shell:Creating environment descriptor '/home/manish/eiratech_ws/install/vox_nav_control/share/vox_nav_control/hook/cmake_prefix_path.dsv'
[3.202s] INFO:colcon.colcon_core.shell:Creating environment hook '/home/manish/eiratech_ws/install/vox_nav_control/share/vox_nav_control/hook/cmake_prefix_path.sh'
[3.202s] Level 1:colcon.colcon_core.environment:checking '/home/manish/eiratech_ws/install/vox_nav_control/lib'
[3.202s] Level 1:colcon.colcon_core.shell:create_environment_hook('vox_nav_control', 'ld_library_path_lib')
[3.203s] INFO:colcon.colcon_core.shell:Creating environment hook '/home/manish/eiratech_ws/install/vox_nav_control/share/vox_nav_control/hook/ld_library_path_lib.ps1'
[3.203s] INFO:colcon.colcon_core.shell:Creating environment descriptor '/home/manish/eiratech_ws/install/vox_nav_control/share/vox_nav_control/hook/ld_library_path_lib.dsv'
[3.203s] INFO:colcon.colcon_core.shell:Creating environment hook '/home/manish/eiratech_ws/install/vox_nav_control/share/vox_nav_control/hook/ld_library_path_lib.sh'
[3.203s] Level 1:colcon.colcon_core.environment:checking '/home/manish/eiratech_ws/install/vox_nav_control/bin'
[3.203s] Level 1:colcon.colcon_core.environment:checking '/home/manish/eiratech_ws/install/vox_nav_control/lib/pkgconfig/vox_nav_control.pc'
[3.204s] Level 1:colcon.colcon_core.environment:checking '/home/manish/eiratech_ws/install/vox_nav_control/lib/python3.10/site-packages'
[3.204s] Level 1:colcon.colcon_core.environment:checking '/home/manish/eiratech_ws/install/vox_nav_control/bin'
[3.204s] INFO:colcon.colcon_core.shell:Creating package script '/home/manish/eiratech_ws/install/vox_nav_control/share/vox_nav_control/package.ps1'
[3.204s] INFO:colcon.colcon_core.shell:Creating package descriptor '/home/manish/eiratech_ws/install/vox_nav_control/share/vox_nav_control/package.dsv'
[3.205s] INFO:colcon.colcon_core.shell:Creating package script '/home/manish/eiratech_ws/install/vox_nav_control/share/vox_nav_control/package.sh'
[3.205s] INFO:colcon.colcon_core.shell:Creating package script '/home/manish/eiratech_ws/install/vox_nav_control/share/vox_nav_control/package.bash'
[3.205s] INFO:colcon.colcon_core.shell:Creating package script '/home/manish/eiratech_ws/install/vox_nav_control/share/vox_nav_control/package.zsh'
[3.206s] Level 1:colcon.colcon_core.environment:create_file_with_runtime_dependencies(/home/manish/eiratech_ws/install/vox_nav_control/share/colcon-core/packages/vox_nav_control)
[3.206s] DEBUG:colcon.colcon_parallel_executor.executor.parallel:closing loop
[3.206s] DEBUG:colcon.colcon_parallel_executor.executor.parallel:loop closed
[3.206s] DEBUG:colcon.colcon_parallel_executor.executor.parallel:run_until_complete finished with '0'
[3.206s] DEBUG:colcon.colcon_core.event_reactor:joining thread
[3.210s] INFO:colcon.colcon_core.plugin_system:Skipping extension 'colcon_notification.desktop_notification.terminal_notifier': Not used on non-Darwin systems
[3.210s] INFO:colcon.colcon_core.plugin_system:Skipping extension 'colcon_notification.desktop_notification.win32': Not used on non-Windows systems
[3.210s] INFO:colcon.colcon_notification.desktop_notification:Sending desktop notification using 'notify2'
[3.220s] DEBUG:colcon.colcon_core.event_reactor:joined thread
[3.220s] INFO:colcon.colcon_core.shell:Creating prefix script '/home/manish/eiratech_ws/install/local_setup.ps1'
[3.221s] INFO:colcon.colcon_core.shell:Creating prefix util module '/home/manish/eiratech_ws/install/_local_setup_util_ps1.py'
[3.222s] INFO:colcon.colcon_core.shell:Creating prefix chain script '/home/manish/eiratech_ws/install/setup.ps1'
[3.224s] INFO:colcon.colcon_core.shell:Creating prefix script '/home/manish/eiratech_ws/install/local_setup.sh'
[3.225s] INFO:colcon.colcon_core.shell:Creating prefix util module '/home/manish/eiratech_ws/install/_local_setup_util_sh.py'
[3.225s] INFO:colcon.colcon_core.shell:Creating prefix chain script '/home/manish/eiratech_ws/install/setup.sh'
[3.226s] INFO:colcon.colcon_core.shell:Creating prefix script '/home/manish/eiratech_ws/install/local_setup.bash'
[3.226s] INFO:colcon.colcon_core.shell:Creating prefix chain script '/home/manish/eiratech_ws/install/setup.bash'
[3.227s] INFO:colcon.colcon_core.shell:Creating prefix script '/home/manish/eiratech_ws/install/local_setup.zsh'
[3.228s] INFO:colcon.colcon_core.shell:Creating prefix chain script '/home/manish/eiratech_ws/install/setup.zsh'
